============================= test session starts =============================
collecting ... collected 4933 items

tests/test_agent_heartbeat.py::TestRecordHeartbeat::test_record_heartbeat_stores_record PASSED [  0%]
tests/test_agent_heartbeat.py::TestRecordHeartbeat::test_record_multiple_heartbeats PASSED [  0%]
tests/test_agent_heartbeat.py::TestRecordHeartbeat::test_history_capped_at_max_history PASSED [  0%]
tests/test_agent_heartbeat.py::TestCheckStatus::test_check_status_returns_alive_for_recent_heartbeat PASSED [  0%]
tests/test_agent_heartbeat.py::TestCheckStatus::test_check_status_returns_dead_after_threshold PASSED [  0%]
tests/test_agent_heartbeat.py::TestCheckStatus::test_check_status_returns_dead_for_explicitly_dead PASSED [  0%]
tests/test_agent_heartbeat.py::TestCheckStatus::test_check_status_returns_degraded PASSED [  0%]
tests/test_agent_heartbeat.py::TestCheckStatus::test_check_status_unknown_agent_returns_dead PASSED [  0%]
tests/test_agent_heartbeat.py::TestGetConfidence::test_get_confidence_with_recent_clean_agent PASSED [  0%]
tests/test_agent_heartbeat.py::TestGetConfidence::test_get_confidence_penalizes_errors PASSED [  0%]
tests/test_agent_heartbeat.py::TestGetConfidence::test_get_confidence_unknown_agent_returns_zero PASSED [  0%]
tests/test_agent_heartbeat.py::TestGetConfidence::test_get_confidence_bounded_0_to_1 PASSED [  0%]
tests/test_agent_heartbeat.py::TestRouteByConfidence::test_route_by_confidence_picks_highest PASSED [  0%]
tests/test_agent_heartbeat.py::TestRouteByConfidence::test_route_by_confidence_excludes_dead PASSED [  0%]
tests/test_agent_heartbeat.py::TestRouteByConfidence::test_route_by_confidence_no_match_returns_none PASSED [  0%]
tests/test_agent_heartbeat.py::TestDeadAgents::test_dead_agents_returns_only_dead PASSED [  0%]
tests/test_agent_heartbeat.py::TestDeadAgents::test_dead_agents_empty_when_all_alive PASSED [  0%]
tests/test_agent_heartbeat.py::TestAggregateReport::test_aggregate_report_has_correct_structure PASSED [  0%]
tests/test_agent_heartbeat.py::TestAggregateReport::test_aggregate_report_counts_correctly PASSED [  0%]
tests/test_agent_identity.py::TestKeyGeneration::test_generate_produces_valid_keypair PASSED [  0%]
tests/test_agent_identity.py::TestKeyGeneration::test_generate_is_random PASSED [  0%]
tests/test_agent_identity.py::TestKeyGeneration::test_generate_respects_tier PASSED [  0%]
tests/test_agent_identity.py::TestKeyGeneration::test_generate_defaults_to_hearth PASSED [  0%]
tests/test_agent_identity.py::TestKeyGeneration::test_from_private_bytes_roundtrip PASSED [  0%]
tests/test_agent_identity.py::TestKeyGeneration::test_from_private_bytes_rejects_short_seed PASSED [  0%]
tests/test_agent_identity.py::TestKeyGeneration::test_from_private_bytes_rejects_long_seed PASSED [  0%]
tests/test_agent_identity.py::TestSignVerify::test_sign_verify_roundtrip PASSED [  0%]
tests/test_agent_identity.py::TestSignVerify::test_sign_text_convenience PASSED [  0%]
tests/test_agent_identity.py::TestSignVerify::test_verify_rejects_tampered_payload PASSED [  0%]
tests/test_agent_identity.py::TestSignVerify::test_verify_rejects_wrong_public_key PASSED [  0%]
tests/test_agent_identity.py::TestSignVerify::test_verify_rejects_expired_proof PASSED [  0%]
tests/test_agent_identity.py::TestSignVerify::test_verify_accepts_fresh_proof PASSED [  0%]
tests/test_agent_identity.py::TestSignVerify::test_verify_accepts_without_max_age PASSED [  0%]
tests/test_agent_identity.py::TestSignVerify::test_verify_rejects_altered_token PASSED [  0%]
tests/test_agent_identity.py::TestSerialization::test_raw_bytes_roundtrip PASSED [  0%]
tests/test_agent_identity.py::TestSerialization::test_public_bytes_consistency PASSED [  0%]
tests/test_agent_identity.py::TestSerialization::test_pem_roundtrip PASSED [  0%]
tests/test_agent_identity.py::TestSerialization::test_public_pem_format PASSED [  0%]
tests/test_agent_identity.py::TestSerialization::test_pem_load_rejects_malformed PASSED [  0%]
tests/test_agent_identity.py::TestSerialization::test_pem_load_rejects_non_utf8 PASSED [  0%]
tests/test_agent_identity.py::TestAgentProofSerialization::test_to_json_from_json_roundtrip PASSED [  0%]
tests/test_agent_identity.py::TestAgentProofSerialization::test_to_dict_returns_serializable PASSED [  0%]
tests/test_agent_identity.py::TestPublicOnlyIdentity::test_from_public_bytes_creates_verify_only_identity PASSED [  0%]
tests/test_agent_identity.py::TestPublicOnlyIdentity::test_public_only_cannot_sign PASSED [  0%]
tests/test_agent_identity.py::TestPublicOnlyIdentity::test_public_only_cannot_export_private_bytes PASSED [  0%]
tests/test_agent_identity.py::TestPublicOnlyIdentity::test_public_only_can_verify_original_signatures PASSED [  0%]
tests/test_agent_identity.py::TestIdentityComparison::test_same_keys_equal PASSED [  0%]
tests/test_agent_identity.py::TestIdentityComparison::test_different_keys_not_equal PASSED [  0%]
tests/test_agent_identity.py::TestIdentityComparison::test_not_equal_to_none PASSED [  0%]
tests/test_agent_identity.py::TestAgentIdentityAuth::test_register_and_verify PASSED [  1%]
tests/test_agent_identity.py::TestAgentIdentityAuth::test_verify_proof_succeeds_for_registered_agent PASSED [  1%]
tests/test_agent_identity.py::TestAgentIdentityAuth::test_verify_proof_fails_for_unregistered_agent PASSED [  1%]
tests/test_agent_identity.py::TestAgentIdentityAuth::test_verify_proof_fails_for_tampered_proof PASSED [  1%]
tests/test_agent_identity.py::TestAgentIdentityAuth::test_unregister_removes_agent PASSED [  1%]
tests/test_agent_identity.py::TestAgentIdentityAuth::test_register_rejects_invalid_key_length PASSED [  1%]
tests/test_agent_identity.py::TestAgentIdentityAuth::test_auth_header_roundtrip PASSED [  1%]
tests/test_agent_identity.py::TestAgentIdentityAuth::test_authenticate_token_ignores_non_ed25519 PASSED [  1%]
tests/test_agent_identity.py::TestAgentIdentityAuth::test_authenticate_token_rejects_expired PASSED [  1%]
tests/test_agent_identity.py::TestAgentIdentityAuth::test_authenticate_token_malformed_base64 PASSED [  1%]
tests/test_agent_identity.py::TestAgentIdentityAuth::test_authenticate_token_valid_json_but_not_proof PASSED [  1%]
tests/test_agent_identity.py::TestAgentTier::test_tier_values PASSED     [  1%]
tests/test_ascii_surface.py::test_is_ascii_hlf_detects_ascii_source PASSED [  1%]
tests/test_ascii_surface.py::test_is_ascii_hlf_detects_glyph_source PASSED [  1%]
tests/test_ascii_surface.py::test_is_ascii_hlf_empty_returns_false PASSED [  1%]
tests/test_ascii_surface.py::test_is_ascii_hlf_only_header_returns_true PASSED [  1%]
tests/test_ascii_surface.py::test_is_ascii_hlf_if_condition PASSED       [  1%]
tests/test_ascii_surface.py::test_analyze_to_glyph PASSED                [  1%]
tests/test_ascii_surface.py::test_analyze_to_glyph_roundtrip PASSED      [  1%]
tests/test_ascii_surface.py::test_execute_to_glyph PASSED                [  1%]
tests/test_ascii_surface.py::test_execute_to_glyph_roundtrip PASSED      [  1%]
tests/test_ascii_surface.py::test_if_then_to_glyph PASSED                [  1%]
tests/test_ascii_surface.py::test_if_then_roundtrip PASSED               [  1%]
tests/test_ascii_surface.py::test_if_else_to_glyph PASSED                [  1%]
tests/test_ascii_surface.py::test_if_elif_to_glyph PASSED                [  1%]
tests/test_ascii_surface.py::test_if_endif_to_glyph PASSED               [  1%]
tests/test_ascii_surface.py::test_set_to_glyph PASSED                    [  1%]
tests/test_ascii_surface.py::test_let_to_glyph PASSED                    [  1%]
tests/test_ascii_surface.py::test_set_roundtrip PASSED                   [  1%]
tests/test_ascii_surface.py::test_define_to_glyph PASSED                 [  1%]
tests/test_ascii_surface.py::test_define_roundtrip PASSED                [  1%]
tests/test_ascii_surface.py::test_return_to_glyph PASSED                 [  1%]
tests/test_ascii_surface.py::test_return_roundtrip PASSED                [  1%]
tests/test_ascii_surface.py::test_log_to_glyph PASSED                    [  1%]
tests/test_ascii_surface.py::test_log_roundtrip PASSED                   [  1%]
tests/test_ascii_surface.py::test_parallel_to_glyph PASSED               [  1%]
tests/test_ascii_surface.py::test_parallel_roundtrip PASSED              [  1%]
tests/test_ascii_surface.py::test_constraint_to_glyph PASSED             [  1%]
tests/test_ascii_surface.py::test_constraint_roundtrip PASSED            [  1%]
tests/test_ascii_surface.py::test_assert_to_glyph PASSED                 [  1%]
tests/test_ascii_surface.py::test_assert_roundtrip PASSED                [  1%]
tests/test_ascii_surface.py::test_for_each_to_glyph PASSED               [  1%]
tests/test_ascii_surface.py::test_for_each_roundtrip PASSED              [  1%]
tests/test_ascii_surface.py::test_spec_gate_to_glyph PASSED              [  1%]
tests/test_ascii_surface.py::test_spec_gate_roundtrip PASSED             [  1%]
tests/test_ascii_surface.py::test_ascii_roundtrip_simple PASSED          [  1%]
tests/test_ascii_surface.py::test_ascii_roundtrip_multi_line PASSED      [  1%]
tests/test_ascii_surface.py::test_ascii_roundtrip_if_condition PASSED    [  1%]
tests/test_ascii_surface.py::test_ascii_compiles_through_glyph_compiler PASSED [  1%]
tests/test_ascii_surface.py::test_ascii_if_compiles_through_glyph_compiler PASSED [  2%]
tests/test_ascii_surface.py::test_ascii_set_compiles_through_glyph_compiler PASSED [  2%]
tests/test_ascii_surface.py::test_ascii_parallel_compiles_through_glyph_compiler PASSED [  2%]
tests/test_ascii_surface.py::test_ascii_define_compiles_through_glyph_compiler PASSED [  2%]
tests/test_ascii_surface.py::test_glyph_to_ascii_analyze PASSED          [  2%]
tests/test_ascii_surface.py::test_glyph_to_ascii_enforce PASSED          [  2%]
tests/test_ascii_surface.py::test_glyph_to_ascii_constraint PASSED       [  2%]
tests/test_ascii_surface.py::test_glyph_to_ascii_set PASSED              [  2%]
tests/test_ascii_surface.py::test_glyph_to_ascii_return PASSED           [  2%]
tests/test_ascii_surface.py::test_glyph_to_ascii_log PASSED              [  2%]
tests/test_ascii_surface.py::test_glyph_to_ascii_define PASSED           [  2%]
tests/test_ascii_surface.py::test_glyph_to_ascii_parallel PASSED         [  2%]
tests/test_ascii_surface.py::test_glyph_to_ascii_assert PASSED           [  2%]
tests/test_ascii_surface.py::test_ascii_with_comments PASSED             [  2%]
tests/test_ascii_surface.py::test_ascii_preserves_header PASSED          [  2%]
tests/test_ascii_surface.py::test_ascii_empty_is_handled PASSED          [  2%]
tests/test_ascii_surface.py::test_already_glyph_passes_through PASSED    [  2%]
tests/test_audit_trust_layer.py::test_audit_event_creation PASSED        [  2%]
tests/test_audit_trust_layer.py::test_audit_event_serialization PASSED   [  2%]
tests/test_audit_trust_layer.py::test_audit_event_from_dict_with_missing_keys PASSED [  2%]
tests/test_audit_trust_layer.py::test_audit_event_one_line PASSED        [  2%]
tests/test_audit_trust_layer.py::test_audit_trail_empty PASSED           [  2%]
tests/test_audit_trust_layer.py::test_audit_trail_add_event PASSED       [  2%]
tests/test_audit_trust_layer.py::test_audit_trail_chronological_ordering PASSED [  2%]
tests/test_audit_trust_layer.py::test_audit_trail_add_gate_decision_proceed PASSED [  2%]
tests/test_audit_trust_layer.py::test_audit_trail_add_gate_decision_block PASSED [  2%]
tests/test_audit_trust_layer.py::test_audit_trail_add_gate_decision_warn PASSED [  2%]
tests/test_audit_trust_layer.py::test_audit_trail_add_provenance_event PASSED [  2%]
tests/test_audit_trust_layer.py::test_audit_trail_add_provenance_trust_boundary PASSED [  2%]
tests/test_audit_trust_layer.py::test_audit_trail_events_by_persona PASSED [  2%]
tests/test_audit_trust_layer.py::test_audit_trail_events_by_type PASSED  [  2%]
tests/test_audit_trust_layer.py::test_audit_trail_to_markdown PASSED     [  2%]
tests/test_audit_trust_layer.py::test_audit_trail_to_html PASSED         [  2%]
tests/test_audit_trust_layer.py::test_summarize_audit PASSED             [  2%]
tests/test_audit_trust_layer.py::test_summarize_audit_empty PASSED       [  2%]
tests/test_audit_trust_layer.py::test_audit_to_html_wrapper PASSED       [  2%]
tests/test_audit_trust_layer.py::test_generate_execution_audit_with_provenance PASSED [  2%]
tests/test_audit_trust_layer.py::test_generate_execution_audit_with_verification PASSED [  2%]
tests/test_audit_trust_layer.py::test_generate_execution_audit_empty_inputs PASSED [  2%]
tests/test_audit_trust_layer.py::test_generate_execution_audit_trust_degradation PASSED [  2%]
tests/test_audit_trust_layer.py::test_generate_execution_audit_boundary_crossing PASSED [  2%]
tests/test_audit_trust_layer.py::test_generate_execution_audit_verification_failures PASSED [  2%]
tests/test_audit_trust_layer.py::test_trust_edge_creation PASSED         [  2%]
tests/test_audit_trust_layer.py::test_trust_edge_invalid_level PASSED    [  2%]
tests/test_audit_trust_layer.py::test_trust_edge_serialization PASSED    [  2%]
tests/test_audit_trust_layer.py::test_trust_edge_from_dict_defaults PASSED [  2%]
tests/test_audit_trust_layer.py::test_trust_surface_add_remove_edge PASSED [  2%]
tests/test_audit_trust_layer.py::test_trust_surface_remove_nonexistent_edge PASSED [  2%]
tests/test_audit_trust_layer.py::test_trust_surface_get_edges_from PASSED [  2%]
tests/test_audit_trust_layer.py::test_trust_surface_get_edges_to PASSED  [  3%]
tests/test_audit_trust_layer.py::test_validate_trust_chain_valid PASSED  [  3%]
tests/test_audit_trust_layer.py::test_validate_trust_chain_invalid PASSED [  3%]
tests/test_audit_trust_layer.py::test_validate_trust_chain_same_component PASSED [  3%]
tests/test_audit_trust_layer.py::test_validate_trust_chain_insufficient_level PASSED [  3%]
tests/test_audit_trust_layer.py::test_validate_trust_chain_weakest_link PASSED [  3%]
tests/test_audit_trust_layer.py::test_compute_trust_surface PASSED       [  3%]
tests/test_audit_trust_layer.py::test_find_trust_violations_high_trust_boundary PASSED [  3%]
tests/test_audit_trust_layer.py::test_find_trust_violations_no_evidence PASSED [  3%]
tests/test_audit_trust_layer.py::test_find_trust_violations_conditional_no_conditions PASSED [  3%]
tests/test_audit_trust_layer.py::test_find_trust_violations_circular PASSED [  3%]
tests/test_audit_trust_layer.py::test_trust_surface_to_dot PASSED        [  3%]
tests/test_audit_trust_layer.py::test_trust_surface_serialization PASSED [  3%]
tests/test_audit_trust_layer.py::test_build_default_trust_surface PASSED [  3%]
tests/test_audit_trust_layer.py::test_build_default_trust_surface_validates_chain PASSED [  3%]
tests/test_audit_trust_layer.py::test_validate_trust_against_constitution PASSED [  3%]
tests/test_audit_trust_layer.py::test_review_record_creation PASSED      [  3%]
tests/test_audit_trust_layer.py::test_review_record_is_well_formed PASSED [  3%]
tests/test_audit_trust_layer.py::test_review_record_serialization PASSED [  3%]
tests/test_audit_trust_layer.py::test_prove_review_completeness_complete PASSED [  3%]
tests/test_audit_trust_layer.py::test_prove_review_completeness_incomplete PASSED [  3%]
tests/test_audit_trust_layer.py::test_prove_review_completeness_empty_checks PASSED [  3%]
tests/test_audit_trust_layer.py::test_generate_review_checklist_known_types PASSED [  3%]
tests/test_audit_trust_layer.py::test_generate_review_checklist_unknown_type PASSED [  3%]
tests/test_audit_trust_layer.py::test_audit_review_gaps_no_records PASSED [  3%]
tests/test_audit_trust_layer.py::test_audit_review_gaps_rejected_and_incomplete PASSED [  3%]
tests/test_audit_trust_layer.py::test_review_proof_to_markdown PASSED    [  3%]
tests/test_audit_trust_layer.py::test_generate_review_proof_markdown_wrapper PASSED [  3%]
tests/test_audit_trust_layer.py::test_review_proof_serialization PASSED  [  3%]
tests/test_audit_trust_layer.py::test_audit_diff_basic PASSED            [  3%]
tests/test_audit_trust_layer.py::test_audit_diff_modified PASSED         [  3%]
tests/test_audit_trust_layer.py::test_audit_diff_empty_trails PASSED     [  3%]
tests/test_audit_trust_layer.py::test_audit_diff_sequence PASSED         [  3%]
tests/test_audit_trust_layer.py::test_audit_diff_summary PASSED          [  3%]
tests/test_audit_trust_layer.py::test_audit_diff_render_markdown PASSED  [  3%]
tests/test_audit_trust_layer.py::test_audit_diff_render_html PASSED      [  3%]
tests/test_audit_trust_layer.py::test_audit_diff_anomalies_trust_degradation PASSED [  3%]
tests/test_audit_trust_layer.py::test_audit_diff_anomalies_mass_removal PASSED [  3%]
tests/test_audit_trust_layer.py::test_trust_debt_assess_violations PASSED [  3%]
tests/test_audit_trust_layer.py::test_trust_debt_calculate_current_debt PASSED [  3%]
tests/test_audit_trust_layer.py::test_trust_debt_aging_report PASSED     [  3%]
tests/test_audit_trust_layer.py::test_trust_debt_paydown_priorities PASSED [  3%]
tests/test_audit_trust_layer.py::test_trust_debt_timeline PASSED         [  3%]
tests/test_audit_trust_layer.py::test_trust_debt_resolve PASSED          [  3%]
tests/test_audit_trust_layer.py::test_trust_debt_compound_interest_math PASSED [  3%]
tests/test_audit_trust_layer.py::test_trust_debt_empty_items PASSED      [  3%]
tests/test_audit_trust_layer.py::test_remediation_generate_plan PASSED   [  3%]
tests/test_audit_trust_layer.py::test_remediation_topological_sort PASSED [  3%]
tests/test_audit_trust_layer.py::test_remediation_critical_path PASSED   [  3%]
tests/test_audit_trust_layer.py::test_remediation_progress_report PASSED [  3%]
tests/test_audit_trust_layer.py::test_remediation_merge_plans PASSED     [  4%]
tests/test_audit_trust_layer.py::test_remediation_estimate_completion PASSED [  4%]
tests/test_audit_trust_layer.py::test_remediation_cycle_handling PASSED  [  4%]
tests/test_audit_trust_layer.py::test_remediation_task_serialization PASSED [  4%]
tests/test_audit_trust_layer.py::test_remediation_empty_gaps PASSED      [  4%]
tests/test_audit_trust_layer.py::test_trust_trending_add_snapshot PASSED [  4%]
tests/test_audit_trust_layer.py::test_trust_trending_analyze_improving PASSED [  4%]
tests/test_audit_trust_layer.py::test_trust_trending_analyze_degrading PASSED [  4%]
tests/test_audit_trust_layer.py::test_trust_trending_analyze_stable PASSED [  4%]
tests/test_audit_trust_layer.py::test_trust_trending_check_alerts_degradation PASSED [  4%]
tests/test_audit_trust_layer.py::test_trust_trending_check_alerts_spike PASSED [  4%]
tests/test_audit_trust_layer.py::test_trust_trending_forecast PASSED     [  4%]
tests/test_audit_trust_layer.py::test_trust_trending_compare_periods PASSED [  4%]
tests/test_audit_trust_layer.py::test_trust_trending_export_dashboard PASSED [  4%]
tests/test_audit_trust_layer.py::test_two_channel_executor_with_audit_trail PASSED [  4%]
tests/test_audit_trust_layer.py::test_end_to_end_audit_pipeline PASSED   [  4%]
tests/test_audit_trust_layer.py::test_end_to_end_with_trust_degradation_and_boundary PASSED [  4%]
tests/test_audit_trust_layer.py::test_audit_trail_summarize_verdict_blocked PASSED [  4%]
tests/test_audit_trust_layer.py::test_audit_trail_summarize_verdict_warning PASSED [  4%]
tests/test_audit_trust_layer.py::test_audit_trail_summarize_no_gate PASSED [  4%]
tests/test_audit_trust_layer.py::test_trust_surface_bidirectional_edge PASSED [  4%]
tests/test_audit_trust_layer.py::test_audit_review_gaps_stale_reviews PASSED [  4%]
tests/test_audit_trust_layer.py::test_prove_review_completeness_counterexample_structure PASSED [  4%]
tests/test_authority_surface.py::test_authority_matrix_distinguishes_all_required_lanes PASSED [  4%]
tests/test_authority_surface.py::test_authority_surface_uses_repo_relative_authorities PASSED [  4%]
tests/test_authority_surface.py::test_downstream_guidance_names_restore_and_internal_hlf_constraints PASSED [  4%]
tests/test_backend_benchmark.py::TestWilsonScoreInterval::test_perfect_correct PASSED [  4%]
tests/test_backend_benchmark.py::TestWilsonScoreInterval::test_perfect_wrong PASSED [  4%]
tests/test_backend_benchmark.py::TestWilsonScoreInterval::test_half_correct PASSED [  4%]
tests/test_backend_benchmark.py::TestWilsonScoreInterval::test_zero_trials PASSED [  4%]
tests/test_backend_benchmark.py::TestWilsonScoreInterval::test_single_trial_success PASSED [  4%]
tests/test_backend_benchmark.py::TestWilsonScoreInterval::test_large_sample PASSED [  4%]
tests/test_backend_benchmark.py::TestCohensD::test_identical_samples PASSED [  4%]
tests/test_backend_benchmark.py::TestCohensD::test_large_effect PASSED   [  4%]
tests/test_backend_benchmark.py::TestCohensD::test_small_effect PASSED   [  4%]
tests/test_backend_benchmark.py::TestCohensD::test_empty_samples PASSED  [  4%]
tests/test_backend_benchmark.py::TestCohensD::test_single_element PASSED [  4%]
tests/test_backend_benchmark.py::TestCohensD::test_b_beats_a PASSED      [  4%]
tests/test_backend_benchmark.py::TestPairedTTest::test_identical_scores PASSED [  4%]
tests/test_backend_benchmark.py::TestPairedTTest::test_very_different_scores PASSED [  4%]
tests/test_backend_benchmark.py::TestPairedTTest::test_unequal_lengths PASSED [  4%]
tests/test_backend_benchmark.py::TestPairedTTest::test_insufficient_data PASSED [  4%]
tests/test_backend_benchmark.py::TestNormalCDF::test_zero PASSED         [  4%]
tests/test_backend_benchmark.py::TestNormalCDF::test_positive PASSED     [  4%]
tests/test_backend_benchmark.py::TestNormalCDF::test_negative PASSED     [  4%]
tests/test_backend_benchmark.py::TestNormalCDF::test_monotonic PASSED    [  4%]
tests/test_backend_benchmark.py::TestScoring::test_perfect_keyword_match PASSED [  4%]
tests/test_backend_benchmark.py::TestScoring::test_partial_keyword_match PASSED [  4%]
tests/test_backend_benchmark.py::TestScoring::test_no_keyword_match PASSED [  4%]
tests/test_backend_benchmark.py::TestScoring::test_hallucination_detected PASSED [  5%]
tests/test_backend_benchmark.py::TestScoring::test_case_insensitive_keywords PASSED [  5%]
tests/test_backend_benchmark.py::TestScoring::test_empty_reference_keywords PASSED [  5%]
tests/test_backend_benchmark.py::TestCompareBackends::test_clear_winner PASSED [  5%]
tests/test_backend_benchmark.py::TestCompareBackends::test_tie PASSED    [  5%]
tests/test_backend_benchmark.py::TestCompareBackends::test_effect_size_reported PASSED [  5%]
tests/test_backend_benchmark.py::TestCompareBackends::test_confidence_intervals PASSED [  5%]
tests/test_backend_benchmark.py::TestCompareBackends::test_all_correct_both PASSED [  5%]
tests/test_backend_benchmark.py::TestCompareBackends::test_all_wrong_both PASSED [  5%]
tests/test_backend_benchmark.py::TestBackendBenchmark::test_run_with_mock_backends PASSED [  5%]
tests/test_backend_benchmark.py::TestBackendBenchmark::test_ranking_perfect_wins PASSED [  5%]
tests/test_backend_benchmark.py::TestBackendBenchmark::test_ranking_ties PASSED [  5%]
tests/test_backend_benchmark.py::TestBackendBenchmark::test_hallucinating_backend_ranks_low PASSED [  5%]
tests/test_backend_benchmark.py::TestBackendBenchmark::test_multiple_domains PASSED [  5%]
tests/test_backend_benchmark.py::TestBackendBenchmark::test_promote_winner_writes_hks PASSED [  5%]
tests/test_backend_benchmark.py::TestBackendBenchmark::test_export_results PASSED [  5%]
tests/test_backend_benchmark.py::TestEdgeCases::test_empty_prompts PASSED [  5%]
tests/test_backend_benchmark.py::TestEdgeCases::test_single_backend PASSED [  5%]
tests/test_backend_benchmark.py::TestEdgeCases::test_backend_error_handling PASSED [  5%]
tests/test_backend_benchmark.py::TestEdgeCases::test_empty_hallucination_keywords PASSED [  5%]
tests/test_backend_benchmark.py::TestEdgeCases::test_ranking_empty_domain PASSED [  5%]
tests/test_backend_benchmark.py::TestEdgeCases::test_promote_winner_no_hks_path PASSED [  5%]
tests/test_backend_benchmark.py::TestThreeWayMedicalBenchmark::test_three_backend_medical_comparison PASSED [  5%]
tests/test_benchmark.py::test_scale_curve_returns_crossover PASSED       [  5%]
tests/test_benchmark.py::test_benchmark_suite_includes_all_categories PASSED [  5%]
tests/test_benchmark.py::test_benchmark_suite_with_live_translator PASSED [  5%]
tests/test_benchmark.py::test_real_workflow_benchmark PASSED             [  5%]
tests/test_benchmark.py::test_complex_workflow_hlf_governance_first PASSED [  5%]
tests/test_benchmark_multilingual.py::test_multilingual_matrix_defaults_include_chinese_with_full_domain_coverage PASSED [  5%]
tests/test_benchmark_multilingual.py::test_language_comparison_summary_ranks_only_measured_languages PASSED [  5%]
tests/test_benchmark_multilingual.py::test_multilingual_matrix_rejects_unimplemented_language_lanes PASSED [  5%]
tests/test_benchmark_multilingual.py::test_translation_memory_retrieval_matrix_reports_chinese_quality PASSED [  5%]
tests/test_bytecode_roundtrip.py::test_bytecode_roundtrip_preserves_multi_operand_and_wide_instructions PASSED [  5%]
tests/test_capability_manifest.py::TestCapabilityManifestCreation::test_empty_manifest PASSED [  5%]
tests/test_capability_manifest.py::TestCapabilityManifestCreation::test_manifest_with_effects PASSED [  5%]
tests/test_capability_manifest.py::TestCapabilityManifestCreation::test_compiled_at_defaults_to_iso PASSED [  5%]
tests/test_capability_manifest.py::TestCapabilityManifestCreation::test_compiled_at_custom PASSED [  5%]
tests/test_capability_manifest.py::TestManifestCheck::test_empty_manifest_passes_any PASSED [  5%]
tests/test_capability_manifest.py::TestManifestCheck::test_check_subset_passes PASSED [  5%]
tests/test_capability_manifest.py::TestManifestCheck::test_check_exact_match_passes PASSED [  5%]
tests/test_capability_manifest.py::TestManifestCheck::test_check_missing_capability_fails PASSED [  5%]
tests/test_capability_manifest.py::TestManifestCheck::test_check_no_capabilities_fails PASSED [  5%]
tests/test_capability_manifest.py::TestManifestCheck::test_check_empty_manifest_with_any_caps PASSED [  5%]
tests/test_capability_manifest.py::TestTrustTierCheck::test_check_tier[advisory-sovereign-False] PASSED [  5%]
tests/test_capability_manifest.py::TestTrustTierCheck::test_check_tier[advisory-untrusted-False] PASSED [  5%]
tests/test_capability_manifest.py::TestTrustTierCheck::test_check_tier[advisory-advisory-True] PASSED [  5%]
tests/test_capability_manifest.py::TestTrustTierCheck::test_check_tier[advisory-forge-True] PASSED [  5%]
tests/test_capability_manifest.py::TestTrustTierCheck::test_check_tier[advisory-approved-True] PASSED [  5%]
tests/test_capability_manifest.py::TestTrustTierCheck::test_check_tier[advisory-hearth-True] PASSED [  5%]
tests/test_capability_manifest.py::TestTrustTierCheck::test_check_tier[approved-advisory-False] PASSED [  6%]
tests/test_capability_manifest.py::TestTrustTierCheck::test_check_tier[approved-watched-False] PASSED [  6%]
tests/test_capability_manifest.py::TestTrustTierCheck::test_check_tier[approved-approved-True] PASSED [  6%]
tests/test_capability_manifest.py::TestTrustTierCheck::test_check_tier[approved-trusted-True] PASSED [  6%]
tests/test_capability_manifest.py::TestTrustTierCheck::test_check_tier[approved-hearth-True] PASSED [  6%]
tests/test_capability_manifest.py::TestTrustTierCheck::test_check_tier[trusted-approved-False] PASSED [  6%]
tests/test_capability_manifest.py::TestTrustTierCheck::test_check_tier[trusted-trusted-True] PASSED [  6%]
tests/test_capability_manifest.py::TestTrustTierCheck::test_check_tier[trusted-hearth-True] PASSED [  6%]
tests/test_capability_manifest.py::TestTrustTierCheck::test_check_tier[hearth-hearth-True] PASSED [  6%]
tests/test_capability_manifest.py::TestTrustTierCheck::test_check_tier[hearth-trusted-False] PASSED [  6%]
tests/test_capability_manifest.py::TestTrustTierCheck::test_check_tier[hearth-sovereign-False] PASSED [  6%]
tests/test_capability_manifest.py::TestTrustTierCheck::test_check_tier[forge-advisory-False] PASSED [  6%]
tests/test_capability_manifest.py::TestTrustTierCheck::test_check_tier[forge-forge-True] PASSED [  6%]
tests/test_capability_manifest.py::TestTrustTierCheck::test_check_tier[forge-watched-True] PASSED [  6%]
tests/test_capability_manifest.py::TestTrustTierCheck::test_check_tier[watched-forge-False] PASSED [  6%]
tests/test_capability_manifest.py::TestTrustTierCheck::test_check_tier[watched-watched-True] PASSED [  6%]
tests/test_capability_manifest.py::TestTrustTierCheck::test_check_tier[watched-approved-True] PASSED [  6%]
tests/test_capability_manifest.py::TestTrustTierCheck::test_unknown_program_tier_defaults_low PASSED [  6%]
tests/test_capability_manifest.py::TestTrustTierCheck::test_unknown_session_tier_defaults_low PASSED [  6%]
tests/test_capability_manifest.py::TestFullCheck::test_full_check_all_pass PASSED [  6%]
tests/test_capability_manifest.py::TestFullCheck::test_full_check_capability_fail PASSED [  6%]
tests/test_capability_manifest.py::TestFullCheck::test_full_check_tier_fail PASSED [  6%]
tests/test_capability_manifest.py::TestFullCheck::test_full_check_both_fail PASSED [  6%]
tests/test_capability_manifest.py::TestManifestSerialization::test_to_dict_empty PASSED [  6%]
tests/test_capability_manifest.py::TestManifestSerialization::test_to_dict_with_effects PASSED [  6%]
tests/test_capability_manifest.py::TestManifestSerialization::test_json_round_trip_empty PASSED [  6%]
tests/test_capability_manifest.py::TestManifestSerialization::test_json_round_trip_with_effects PASSED [  6%]
tests/test_capability_manifest.py::TestManifestSerialization::test_json_round_trip_with_contracts PASSED [  6%]
tests/test_capability_manifest.py::TestManifestSerialization::test_json_round_trip_with_proof_surfaces PASSED [  6%]
tests/test_capability_manifest.py::TestManifestSerialization::test_from_dict_handles_malformed_effects PASSED [  6%]
tests/test_capability_manifest.py::TestManifestSigning::test_sign_produces_consistent_hash PASSED [  6%]
tests/test_capability_manifest.py::TestManifestSigning::test_sign_with_key_produces_different_hash PASSED [  6%]
tests/test_capability_manifest.py::TestManifestSigning::test_sign_with_same_key_is_consistent PASSED [  6%]
tests/test_capability_manifest.py::TestManifestSigning::test_sign_with_different_keys_differ PASSED [  6%]
tests/test_capability_manifest.py::TestManifestSigning::test_verify_signature PASSED [  6%]
tests/test_capability_manifest.py::TestManifestSigning::test_verify_signature_wrong_key_fails PASSED [  6%]
tests/test_capability_manifest.py::TestManifestSigning::test_verify_signature_tampered_manifest_fails PASSED [  6%]
tests/test_capability_manifest.py::TestManifestSigning::test_sign_changes_when_manifest_changes PASSED [  6%]
tests/test_capability_manifest.py::TestManifestSigning::test_canonical_json_is_deterministic PASSED [  6%]
tests/test_capability_manifest.py::TestEffectExtraction::test_simple_program_produces_manifest PASSED [  6%]
tests/test_capability_manifest.py::TestEffectExtraction::test_program_id_from_source PASSED [  6%]
tests/test_capability_manifest.py::TestEffectExtraction::test_program_id_without_source PASSED [  6%]
tests/test_capability_manifest.py::TestEffectExtraction::test_tool_stmt_extracts_effect PASSED [  6%]
tests/test_capability_manifest.py::TestEffectExtraction::test_tool_web_search_requires_network PASSED [  6%]
tests/test_capability_manifest.py::TestEffectExtraction::test_tool_file_read_requires_filesystem PASSED [  6%]
tests/test_capability_manifest.py::TestEffectExtraction::test_tool_file_write_requires_filesystem PASSED [  6%]
tests/test_capability_manifest.py::TestEffectExtraction::test_multi_effect_program PASSED [  6%]
tests/test_capability_manifest.py::TestEffectExtraction::test_glyph_tag_mapping PASSED [  6%]
tests/test_capability_manifest.py::TestEffectExtraction::test_block_body_extraction PASSED [  6%]
tests/test_capability_manifest.py::TestEffectExtraction::test_manifest_has_compiled_at PASSED [  6%]
tests/test_capability_manifest.py::TestEffectExtraction::test_manifest_has_compiler_version PASSED [  7%]
tests/test_capability_manifest.py::TestEffectExtraction::test_trust_tier_local_analysis PASSED [  7%]
tests/test_capability_manifest.py::TestEffectExtraction::test_trust_tier_web_search PASSED [  7%]
tests/test_capability_manifest.py::TestEffectExtraction::test_trust_tier_exec PASSED [  7%]
tests/test_capability_manifest.py::TestEffectExtraction::test_extract_input_contracts PASSED [  7%]
tests/test_capability_manifest.py::TestEffectExtraction::test_extract_proof_surfaces PASSED [  7%]
tests/test_capability_manifest.py::TestEffectExtraction::test_empty_program PASSED [  7%]
tests/test_capability_manifest.py::TestCompilerIntegration::test_compile_and_manifest PASSED [  7%]
tests/test_capability_manifest.py::TestCompilerIntegration::test_extract_manifest_without_compile_raises PASSED [  7%]
tests/test_capability_manifest.py::TestCompilerIntegration::test_compile_and_manifest_returns_consistent_program_id PASSED [  7%]
tests/test_capability_manifest.py::TestCompilerIntegration::test_compile_and_manifest_different_programs PASSED [  7%]
tests/test_capability_manifest.py::TestCompilerIntegration::test_compile_then_extract_manifest PASSED [  7%]
tests/test_capability_manifest.py::TestCapabilityGating::test_program_needing_network_fails_without_network PASSED [  7%]
tests/test_capability_manifest.py::TestCapabilityGating::test_program_needing_network_passes_with_network PASSED [  7%]
tests/test_capability_manifest.py::TestCapabilityGating::test_program_needing_exec_fails_without_exec PASSED [  7%]
tests/test_capability_manifest.py::TestCapabilityGating::test_program_needing_exec_passes_with_exec PASSED [  7%]
tests/test_capability_manifest.py::TestCapabilityGating::test_multi_capability_all_required PASSED [  7%]
tests/test_capability_manifest.py::TestVerificationGateIntegration::test_manifest_informs_gate_decision PASSED [  7%]
tests/test_capability_manifest.py::TestVerificationGateIntegration::test_manifest_check_with_verification_gate PASSED [  7%]
tests/test_capability_manifest.py::TestVerificationGateIntegration::test_manifest_blocks_when_verification_passes PASSED [  7%]
tests/test_capability_manifest.py::TestHelperFunctions::test_determine_trust_tier_empty PASSED [  7%]
tests/test_capability_manifest.py::TestHelperFunctions::test_determine_trust_tier_local PASSED [  7%]
tests/test_capability_manifest.py::TestHelperFunctions::test_determine_trust_tier_mixed PASSED [  7%]
tests/test_capability_manifest.py::TestHelperFunctions::test_determine_trust_tier_hearth PASSED [  7%]
tests/test_capability_manifest.py::TestHelperFunctions::test_collect_capabilities_empty PASSED [  7%]
tests/test_capability_manifest.py::TestHelperFunctions::test_collect_capabilities_filters_local PASSED [  7%]
tests/test_capability_manifest.py::TestHelperFunctions::test_collect_capabilities_multiple PASSED [  7%]
tests/test_capability_manifest.py::TestHelperFunctions::test_trust_tier_order_hearth_is_strictest PASSED [  7%]
tests/test_capability_manifest.py::TestHelperFunctions::test_trust_tier_order_sovereign_is_lowest PASSED [  7%]
tests/test_capability_manifest.py::TestEffectToCapabilityMapping::test_all_effect_classes_have_capability PASSED [  7%]
tests/test_capability_manifest.py::TestEffectToCapabilityMapping::test_all_effect_classes_have_trust_tier PASSED [  7%]
tests/test_capability_manifest.py::TestExhaustiveASTWalk::test_glyph_stmt_extracted PASSED [  7%]
tests/test_capability_manifest.py::TestExhaustiveASTWalk::test_tool_stmt_extracted PASSED [  7%]
tests/test_capability_manifest.py::TestExhaustiveASTWalk::test_call_stmt_extracted PASSED [  7%]
tests/test_capability_manifest.py::TestExhaustiveASTWalk::test_set_stmt_no_false_effect PASSED [  7%]
tests/test_capability_manifest.py::TestExhaustiveASTWalk::test_for_loop_body_extracted PASSED [  7%]
tests/test_capability_manifest.py::TestExhaustiveASTWalk::test_parallel_block_extracted PASSED [  7%]
tests/test_capability_manifest.py::TestExhaustiveASTWalk::test_func_block_body_extracted PASSED [  7%]
tests/test_capability_manifest.py::TestEdgeCases::test_none_ast_handled PASSED [  7%]
tests/test_capability_manifest.py::TestEdgeCases::test_deeply_nested_ast PASSED [  7%]
tests/test_capability_manifest.py::TestEdgeCases::test_manifest_is_always_produced PASSED [  7%]
tests/test_capability_manifest.py::TestEdgeCases::test_manifest_check_with_none_capabilities PASSED [  7%]
tests/test_capsule_pointer_trust.py::test_pointer_helper_round_trip_with_content_binding PASSED [  7%]
tests/test_capsule_pointer_trust.py::test_capsule_validate_ast_blocks_untrusted_pointer_literal PASSED [  7%]
tests/test_capsule_pointer_trust.py::test_runtime_analyze_rejects_untrusted_pointer_when_enforced PASSED [  7%]
tests/test_capsule_pointer_trust.py::test_runtime_analyze_accepts_registered_pointer_and_uses_content PASSED [  7%]
tests/test_capsule_pointer_trust.py::test_runtime_analyze_rejects_pointer_for_routing_evidence_without_provenance PASSED [  7%]
tests/test_capsule_pointer_trust.py::test_memory_store_returns_pointer_contract PASSED [  7%]
tests/test_capsule_pointer_trust.py::test_pointer_validate_tool_reports_hash_mismatch PASSED [  7%]
tests/test_capsule_pointer_trust.py::test_capsule_validate_requires_approval_for_tier_escalation PASSED [  8%]
tests/test_capsule_pointer_trust.py::test_capsule_validate_accepts_matching_approval_for_tier_escalation PASSED [  8%]
tests/test_capsule_pointer_trust.py::test_capsule_run_returns_structured_approval_required_status PASSED [  8%]
tests/test_capsule_pointer_trust.py::test_capsule_review_queue_persists_and_approves_request PASSED [  8%]
tests/test_capsule_pointer_trust.py::test_capsule_review_decide_rejects_bad_token PASSED [  8%]
tests/test_capsule_pointer_trust.py::test_host_call_requires_and_accepts_tier_escalation_approval PASSED [  8%]
tests/test_capsule_pointer_trust.py::test_runtime_execution_returns_audit_chain_entries PASSED [  8%]
tests/test_capsule_pointer_trust.py::test_persist_execution_admission_records_pointer_trust_failure PASSED [  8%]
tests/test_capsule_pointer_trust.py::test_capsule_run_persists_execution_admission_into_governed_route PASSED [  8%]
tests/test_capsule_pointer_trust.py::test_capsule_run_denies_elevated_execution_without_admitted_hks_contract PASSED [  8%]
tests/test_capsule_pointer_trust.py::test_capsule_run_persists_delegation_and_handoff_lineage PASSED [  8%]
tests/test_capsule_pointer_trust.py::test_capsule_run_denies_when_verifier_finds_counterexample PASSED [  8%]
tests/test_capsule_pointer_trust.py::test_capsule_run_allows_when_verifier_proves_packaged_constraints PASSED [  8%]
tests/test_capsule_pointer_trust.py::test_capsule_run_routes_verifier_review_into_approval_and_witness_status PASSED [  8%]
tests/test_capsule_pointer_trust.py::test_capsule_run_denies_when_restricted_witness_state_blocks_routing PASSED [  8%]
tests/test_capsule_pointer_trust.py::test_memory_store_returns_audit_chain_entry PASSED [  8%]
tests/test_capsule_pointer_trust.py::test_governed_recall_pointer_resolution_and_capsule_trust_interact_deterministically PASSED [  8%]
tests/test_chaos.py::TestOOMResilience::test_oom_during_recursive_infer_returns_aborted FAILED [  8%]
tests/test_chaos.py::TestOOMResilience::test_oom_produces_partial_merkle_chain FAILED [  8%]
tests/test_chaos.py::TestOOMResilience::test_oom_rounds_completed_is_zero FAILED [  8%]
tests/test_chaos.py::TestOOMResilience::test_oom_session_unload_is_called FAILED [  8%]
tests/test_chaos.py::TestOOMResilience::test_oom_final_text_contains_aborted_marker FAILED [  8%]
tests/test_chaos.py::TestOOMResilience::test_oom_details_contain_traceback FAILED [  8%]
tests/test_chaos.py::TestGenericCUDAResilience::test_runtime_error_with_oom_string_is_aborted FAILED [  8%]
tests/test_chaos.py::TestGenericCUDAResilience::test_cuda_assertion_error_is_aborted FAILED [  8%]
tests/test_chaos.py::TestGenericCUDAResilience::test_non_cuda_exception_is_not_marked_oom FAILED [  8%]
tests/test_chaos.py::TestGenericCUDAResilience::test_session_unload_called_on_generic_error FAILED [  8%]
tests/test_chaos.py::TestNormalPathRegression::test_normal_inference_still_succeeds FAILED [  8%]
tests/test_chaos.py::TestNormalPathRegression::test_normal_inference_attestations_present FAILED [  8%]
tests/test_chaos.py::TestChaosMemoryManagement::test_load_all_not_called_if_oom_before_inference FAILED [  8%]
tests/test_chaos.py::TestOOMWithHITL::test_oom_with_human_approval_required_returns_aborted_not_awaiting FAILED [  8%]
tests/test_code_bearing_execution.py::test_function_block_executes_in_hlf_vm_sandbox PASSED [  8%]
tests/test_code_bearing_execution.py::test_hlf_code_glyph_body_executes_when_language_is_hlf PASSED [  8%]
tests/test_code_bearing_execution.py::test_non_hlf_code_payload_is_compile_only_not_faked PASSED [  8%]
tests/test_code_bearing_execution.py::test_code_bearing_dry_run_returns_governed_result_without_execution PASSED [  8%]
tests/test_codegen.py::test_codegen_builds_packaged_v3_source PASSED     [  8%]
tests/test_codegen.py::test_codegen_build_and_compile_returns_ast PASSED [  8%]
tests/test_codegen.py::test_codegen_build_target_artifact_returns_runtime_ready_bytecode_contract PASSED [  8%]
tests/test_codegen.py::test_codegen_build_target_artifact_rejects_unknown_target PASSED [  8%]
tests/test_compatibility_matrix.py::TestCompatibilityMatrixEntry::test_default_all_false PASSED [  8%]
tests/test_compatibility_matrix.py::TestCompatibilityMatrixEntry::test_full_entry_all_true PASSED [  8%]
tests/test_compatibility_matrix.py::TestCompatibilityMatrixEntry::test_to_dict PASSED [  8%]
tests/test_compatibility_matrix.py::TestCompatibilityMatrixEntry::test_from_dict_roundtrip PASSED [  8%]
tests/test_compatibility_matrix.py::TestCompatibilityMatrixEntry::test_minimal_entry PASSED [  8%]
tests/test_compatibility_matrix.py::TestCompatibilityMatrix::test_matrix_has_five_languages PASSED [  8%]
tests/test_compatibility_matrix.py::TestCompatibilityMatrix::test_get_supported_languages PASSED [  8%]
tests/test_compatibility_matrix.py::TestCompatibilityMatrix::test_get_feature_coverage_python PASSED [  8%]
tests/test_compatibility_matrix.py::TestCompatibilityMatrix::test_get_feature_coverage_java PASSED [  8%]
tests/test_compatibility_matrix.py::TestCompatibilityMatrix::test_get_feature_coverage_rust PASSED [  8%]
tests/test_compatibility_matrix.py::TestCompatibilityMatrix::test_get_feature_coverage_go PASSED [  9%]
tests/test_compatibility_matrix.py::TestCompatibilityMatrix::test_get_feature_coverage_case_insensitive PASSED [  9%]
tests/test_compatibility_matrix.py::TestCompatibilityMatrix::test_get_feature_coverage_unknown_returns_empty PASSED [  9%]
tests/test_compatibility_matrix.py::TestCompatibilityMatrix::test_get_entry_returns_none_for_unknown PASSED [  9%]
tests/test_compatibility_matrix.py::TestCompatibilityMatrix::test_get_entry_returns_entry_for_known PASSED [  9%]
tests/test_compatibility_matrix.py::TestCompatibilityMatrix::test_languages_with_feature_mcp_client PASSED [  9%]
tests/test_compatibility_matrix.py::TestCompatibilityMatrix::test_languages_with_feature_sdk_gen PASSED [  9%]
tests/test_compatibility_matrix.py::TestCompatibilityMatrix::test_feature_coverage_summary PASSED [  9%]
tests/test_compatibility_matrix.py::TestCompatibilityMatrix::test_iteration PASSED [  9%]
tests/test_compatibility_matrix.py::TestMarkdownRendering::test_render_markdown_table_has_headers PASSED [  9%]
tests/test_compatibility_matrix.py::TestMarkdownRendering::test_render_markdown_table_has_separator PASSED [  9%]
tests/test_compatibility_matrix.py::TestMarkdownRendering::test_render_markdown_table_has_all_languages PASSED [  9%]
tests/test_compatibility_matrix.py::TestMarkdownRendering::test_render_markdown_uses_checkmarks PASSED [  9%]
tests/test_compatibility_matrix.py::TestMarkdownRendering::test_render_compact_has_fewer_columns PASSED [  9%]
tests/test_compatibility_matrix.py::TestJSONRendering::test_render_json_matrix_is_valid_json PASSED [  9%]
tests/test_compatibility_matrix.py::TestJSONRendering::test_render_json_matrix_has_all_entries PASSED [  9%]
tests/test_compatibility_matrix.py::TestJSONRendering::test_render_json_matrix_entries_have_language PASSED [  9%]
tests/test_compatibility_matrix.py::TestJSONRendering::test_json_matrix_python_full_support PASSED [  9%]
tests/test_compiler.py::test_compile_hello_world PASSED                  [  9%]
tests/test_compiler.py::test_compile_security_audit PASSED               [  9%]
tests/test_compiler.py::test_compile_delegation PASSED                   [  9%]
tests/test_compiler.py::test_compile_routing_with_var_ref PASSED         [  9%]
tests/test_compiler.py::test_compile_set_statement PASSED                [  9%]
tests/test_compiler.py::test_compile_spec_statements PASSED              [  9%]
tests/test_compiler.py::test_compile_float_value PASSED                  [  9%]
tests/test_compiler.py::test_compile_version_extracted PASSED            [  9%]
tests/test_compiler.py::test_compile_versioned_header PASSED             [  9%]
tests/test_compiler.py::test_compile_node_count PASSED                   [  9%]
tests/test_compiler.py::test_compile_gas_estimate_positive PASSED        [  9%]
tests/test_compiler.py::test_compile_human_readable_present PASSED       [  9%]
tests/test_compiler.py::test_compile_sha256_present PASSED               [  9%]
tests/test_compiler.py::test_compile_invalid_source_raises PASSED        [  9%]
tests/test_compiler.py::test_compile_missing_terminator_raises PASSED    [  9%]
tests/test_compiler.py::test_compile_empty_raises PASSED                 [  9%]
tests/test_compiler.py::test_validate_valid PASSED                       [  9%]
tests/test_compiler.py::test_validate_invalid PASSED                     [  9%]
tests/test_compiler.py::test_compile_all_fixtures PASSED                 [  9%]
tests/test_compiler.py::test_compile_with_integer_param PASSED           [  9%]
tests/test_compiler.py::test_compile_restored_generic_memory_and_summary_glyphs PASSED [  9%]
tests/test_compiler.py::test_memory_keyword_not_shadowed_by_memory_anchor_alias PASSED [  9%]
tests/test_compiler.py::test_compile_module_with_function_block PASSED   [  9%]
tests/test_compiler.py::test_pipe_2_stage_compiles PASSED                [  9%]
tests/test_compiler.py::test_pipe_3_stage_chain PASSED                   [  9%]
tests/test_compiler.py::test_pipe_mixed_types PASSED                     [  9%]
tests/test_compiler.py::test_pipe_no_pipe_still_valid PASSED             [  9%]
tests/test_compiler.py::test_validate_single_annotation PASSED           [  9%]
tests/test_compiler.py::test_validate_multiple_annotations PASSED        [  9%]
tests/test_compiler.py::test_validate_on_tool_stmt PASSED                [  9%]
tests/test_compiler.py::test_validate_not_present_still_works PASSED     [  9%]
tests/test_compiler.py::test_template_definition_compiles PASSED         [  9%]
tests/test_compiler.py::test_template_reference_expands PASSED           [ 10%]
tests/test_compiler.py::test_template_undefined_raises PASSED            [ 10%]
tests/test_compiler.py::test_template_multiple_references PASSED         [ 10%]
tests/test_compiler.py::test_template_after_reference_still_works PASSED [ 10%]
tests/test_compiler.py::test_prose_bridge_parse PASSED                   [ 10%]
tests/test_compiler.py::test_prose_bridge_expr_form PASSED               [ 10%]
tests/test_compiler.py::test_aesthetic_ident_qualifier PASSED            [ 10%]
tests/test_compiler.py::test_aesthetic_string_qualifier PASSED           [ 10%]
tests/test_compiler.py::test_negate_constraint_parse PASSED              [ 10%]
tests/test_compiler.py::test_exponentiation PASSED                       [ 10%]
tests/test_compiler.py::test_exponentiation_right_associative PASSED     [ 10%]
tests/test_compiler.py::test_bitwise_and PASSED                          [ 10%]
tests/test_compiler.py::test_bitwise_or PASSED                           [ 10%]
tests/test_compiler.py::test_bitwise_xor PASSED                          [ 10%]
tests/test_compiler.py::test_bitwise_mixed_operators PASSED              [ 10%]
tests/test_compiler.py::test_list_literal_multi PASSED                   [ 10%]
tests/test_compiler.py::test_list_literal_single PASSED                  [ 10%]
tests/test_compiler.py::test_list_literal_mixed_types PASSED             [ 10%]
tests/test_compiler.py::test_pattern_match_string PASSED                 [ 10%]
tests/test_compiler.py::test_pattern_match_int PASSED                    [ 10%]
tests/test_compiler.py::test_pattern_match_ident PASSED                  [ 10%]
tests/test_complex_workflow_benchmarks.py::test_scenario_compiles[multi_stage_deploy_pipe] PASSED [ 10%]
tests/test_complex_workflow_benchmarks.py::test_scenario_compiles[security_audit_remediate] PASSED [ 10%]
tests/test_complex_workflow_benchmarks.py::test_scenario_compiles[multi_agent_research_synthesis] PASSED [ 10%]
tests/test_complex_workflow_benchmarks.py::test_scenario_has_glyphs[multi_stage_deploy_pipe] PASSED [ 10%]
tests/test_complex_workflow_benchmarks.py::test_scenario_has_glyphs[security_audit_remediate] PASSED [ 10%]
tests/test_complex_workflow_benchmarks.py::test_scenario_has_glyphs[multi_agent_research_synthesis] PASSED [ 10%]
tests/test_complex_workflow_benchmarks.py::test_scenario_has_omega[multi_stage_deploy_pipe] PASSED [ 10%]
tests/test_complex_workflow_benchmarks.py::test_scenario_has_omega[security_audit_remediate] PASSED [ 10%]
tests/test_complex_workflow_benchmarks.py::test_scenario_has_omega[multi_agent_research_synthesis] PASSED [ 10%]
tests/test_complex_workflow_benchmarks.py::test_deploy_pipe_has_template_definition PASSED [ 10%]
tests/test_complex_workflow_benchmarks.py::test_deploy_pipe_uses_pipe_operator PASSED [ 10%]
tests/test_complex_workflow_benchmarks.py::test_deploy_pipe_expands_pipe_stages PASSED [ 10%]
tests/test_complex_workflow_benchmarks.py::test_deploy_pipe_expands_template_refs PASSED [ 10%]
tests/test_complex_workflow_benchmarks.py::test_deploy_pipe_validates_emit_enforce PASSED [ 10%]
tests/test_complex_workflow_benchmarks.py::test_deploy_pipe_has_assert PASSED [ 10%]
tests/test_complex_workflow_benchmarks.py::test_deploy_pipe_has_sigma_result PASSED [ 10%]
tests/test_complex_workflow_benchmarks.py::test_security_audit_has_two_templates PASSED [ 10%]
tests/test_complex_workflow_benchmarks.py::test_security_audit_uses_validates PASSED [ 10%]
tests/test_complex_workflow_benchmarks.py::test_security_audit_pipe_stages PASSED [ 10%]
tests/test_complex_workflow_benchmarks.py::test_security_audit_template_expansion PASSED [ 10%]
tests/test_complex_workflow_benchmarks.py::test_security_audit_has_log_findings PASSED [ 10%]
tests/test_complex_workflow_benchmarks.py::test_security_audit_ends_with_sigma PASSED [ 10%]
tests/test_complex_workflow_benchmarks.py::test_research_synthesis_has_two_research_agents PASSED [ 10%]
tests/test_complex_workflow_benchmarks.py::test_research_synthesis_uses_join_consensus PASSED [ 10%]
tests/test_complex_workflow_benchmarks.py::test_research_synthesis_pipe_stages PASSED [ 10%]
tests/test_complex_workflow_benchmarks.py::test_research_synthesis_synthesize_action PASSED [ 10%]
tests/test_complex_workflow_benchmarks.py::test_research_synthesis_evidence_assert PASSED [ 10%]
tests/test_complex_workflow_benchmarks.py::test_benchmark_runner_returns_all_scenarios PASSED [ 10%]
tests/test_complex_workflow_benchmarks.py::test_benchmark_runner_all_compile PASSED [ 11%]
tests/test_complex_workflow_benchmarks.py::test_benchmark_runner_pipe_stages_detected PASSED [ 11%]
tests/test_complex_workflow_benchmarks.py::test_benchmark_runner_validate_enforce_detected PASSED [ 11%]
tests/test_complex_workflow_benchmarks.py::test_benchmark_runner_pre_written_method PASSED [ 11%]
tests/test_complex_workflow_benchmarks.py::test_benchmark_runner_aggregates PASSED [ 11%]
tests/test_complex_workflow_benchmarks.py::test_benchmark_runner_deterministic PASSED [ 11%]
tests/test_complex_workflow_benchmarks.py::test_nlp_and_hlf_both_exist[multi_stage_deploy_pipe] PASSED [ 11%]
tests/test_complex_workflow_benchmarks.py::test_nlp_and_hlf_both_exist[security_audit_remediate] PASSED [ 11%]
tests/test_complex_workflow_benchmarks.py::test_nlp_and_hlf_both_exist[multi_agent_research_synthesis] PASSED [ 11%]
tests/test_complex_workflow_benchmarks.py::test_nlp_for_deploy_mentions_all_stages PASSED [ 11%]
tests/test_complex_workflow_benchmarks.py::test_nlp_for_security_mentions_audit_remediate PASSED [ 11%]
tests/test_complex_workflow_benchmarks.py::test_nlp_for_research_mentions_agents_and_synthesis PASSED [ 11%]
tests/test_complex_workflow_benchmarks.py::test_get_pipe_template_hlf_raises_on_unknown PASSED [ 11%]
tests/test_complex_workflow_benchmarks.py::test_get_pipe_template_nlp_raises_on_unknown PASSED [ 11%]
tests/test_complex_workflow_benchmarks.py::test_compile_each_scenario_independently PASSED [ 11%]
tests/test_constitutional_check.py::TestNoUnboundedRecursion::test_no_recursion_passes PASSED [ 11%]
tests/test_constitutional_check.py::TestNoUnboundedRecursion::test_self_recursion_blocked PASSED [ 11%]
tests/test_constitutional_check.py::TestNoUnboundedRecursion::test_mutual_recursion_blocked PASSED [ 11%]
tests/test_constitutional_check.py::TestNoUnboundedRecursion::test_recursion_violation_includes_location PASSED [ 11%]
tests/test_constitutional_check.py::TestNetworkEffects::test_http_get_with_capability_passes PASSED [ 11%]
tests/test_constitutional_check.py::TestNetworkEffects::test_http_get_without_capability_blocked PASSED [ 11%]
tests/test_constitutional_check.py::TestNetworkEffects::test_network_in_forge_allowed PASSED [ 11%]
tests/test_constitutional_check.py::TestNetworkEffects::test_network_in_sovereign_allowed PASSED [ 11%]
tests/test_constitutional_check.py::TestNetworkEffects::test_non_network_function_unaffected PASSED [ 11%]
tests/test_constitutional_check.py::TestNetworkEffects::test_network_violation_includes_rule_name PASSED [ 11%]
tests/test_constitutional_check.py::TestDataExfiltration::test_file_write_with_output_contract_passes PASSED [ 11%]
tests/test_constitutional_check.py::TestDataExfiltration::test_file_write_without_output_contract_blocked PASSED [ 11%]
tests/test_constitutional_check.py::TestDataExfiltration::test_http_post_without_output_contract_blocked PASSED [ 11%]
tests/test_constitutional_check.py::TestDataExfiltration::test_read_only_function_unaffected PASSED [ 11%]
tests/test_constitutional_check.py::TestDataExfiltration::test_exfiltration_violation_includes_location PASSED [ 11%]
tests/test_constitutional_check.py::TestAgentIdentity::test_benign_program_no_sensitive_ops_passes PASSED [ 11%]
tests/test_constitutional_check.py::TestAgentIdentity::test_sensitive_ops_with_identity_passes PASSED [ 11%]
tests/test_constitutional_check.py::TestAgentIdentity::test_sensitive_ops_without_identity_blocked PASSED [ 11%]
tests/test_constitutional_check.py::TestAgentIdentity::test_identity_via_set_agent_id_passes PASSED [ 11%]
tests/test_constitutional_check.py::TestAgentIdentity::test_identity_via_glyph_intent_passes PASSED [ 11%]
tests/test_constitutional_check.py::TestAgentIdentity::test_forge_tier_no_identity_check PASSED [ 11%]
tests/test_constitutional_check.py::TestAgentIdentity::test_identity_violation_includes_rule_name PASSED [ 11%]
tests/test_constitutional_check.py::TestConstitutionalViolationError::test_exception_stores_fields PASSED [ 11%]
tests/test_constitutional_check.py::TestConstitutionalViolationError::test_exception_can_be_caught PASSED [ 11%]
tests/test_constitutional_check.py::TestCheckConstitution::test_benign_passes PASSED [ 11%]
tests/test_constitutional_check.py::TestCheckConstitution::test_benign_passes_returns_empty PASSED [ 11%]
tests/test_constitutional_check.py::TestCheckConstitution::test_network_violation_raises PASSED [ 11%]
tests/test_constitutional_check.py::TestCheckConstitution::test_anonymous_execution_raises PASSED [ 11%]
tests/test_constitutional_check.py::TestCheckConstitution::test_error_includes_location PASSED [ 11%]
tests/test_constitutional_check.py::TestCheckConstitutionCollect::test_benign_returns_empty PASSED [ 11%]
tests/test_constitutional_check.py::TestCheckConstitutionCollect::test_multiple_violations_collected PASSED [ 11%]
tests/test_constitutional_check.py::TestCompilerConstitutionalHook::test_benign_program_compiles PASSED [ 11%]
tests/test_constitutional_check.py::TestCompilerConstitutionalHook::test_program_with_identity_compiles PASSED [ 11%]
tests/test_constitutional_check.py::TestCompilerConstitutionalHook::test_program_with_set_agent_id_compiles PASSED [ 11%]
tests/test_constitutional_check.py::TestCompilerConstitutionalHook::test_network_without_capability_raises_compile_error PASSED [ 12%]
tests/test_constitutional_check.py::TestCompilerConstitutionalHook::test_constitutional_violation_includes_rule PASSED [ 12%]
tests/test_credential_locator.py::TestRegisterAndLocate::test_register_and_locate_finds_credential PASSED [ 12%]
tests/test_credential_locator.py::TestRegisterAndLocate::test_locate_by_name_field PASSED [ 12%]
tests/test_credential_locator.py::TestRegisterAndLocate::test_locate_returns_none_for_missing PASSED [ 12%]
tests/test_credential_locator.py::TestRegisterAndLocate::test_register_overwrites_existing PASSED [ 12%]
tests/test_credential_locator.py::TestListExpiring::test_list_expiring_returns_expiring_creds PASSED [ 12%]
tests/test_credential_locator.py::TestListExpiring::test_list_expiring_excludes_invalid PASSED [ 12%]
tests/test_credential_locator.py::TestListExpiring::test_list_expiring_already_expired PASSED [ 12%]
tests/test_credential_locator.py::TestListDueRotation::test_list_due_rotation_returns_overdue PASSED [ 12%]
tests/test_credential_locator.py::TestListDueRotation::test_list_due_rotation_excludes_recently_rotated PASSED [ 12%]
tests/test_credential_locator.py::TestListDueRotation::test_list_due_rotation_never_rotated_included PASSED [ 12%]
tests/test_credential_locator.py::TestListDueRotation::test_list_due_rotation_no_rotation_policy PASSED [ 12%]
tests/test_credential_locator.py::TestMarkRotated::test_mark_rotated_updates_timestamp PASSED [ 12%]
tests/test_credential_locator.py::TestMarkRotated::test_mark_rotated_unknown_no_error PASSED [ 12%]
tests/test_credential_locator.py::TestAuditReport::test_audit_report_generates_markdown PASSED [ 12%]
tests/test_credential_locator.py::TestAuditReport::test_audit_report_includes_invalid_credentials PASSED [ 12%]
tests/test_credential_locator.py::TestLifecycleChain::test_lifecycle_chain_shows_full_chain PASSED [ 12%]
tests/test_credential_locator.py::TestLifecycleChain::test_lifecycle_chain_includes_all_fields PASSED [ 12%]
tests/test_credential_locator.py::TestSensitivitySorting::test_sensitivity_levels_stored_correctly PASSED [ 12%]
tests/test_credential_locator.py::TestSensitivitySorting::test_audit_report_includes_sensitivity_labels PASSED [ 12%]
tests/test_daemon_manager.py::test_daemon_manager_records_governance_events_as_audit_entries PASSED [ 12%]
tests/test_daemon_manager.py::test_daemon_manager_snapshot_counts_alerts_and_subjects PASSED [ 12%]
tests/test_daemon_manager.py::test_daemon_manager_restores_pointer_and_recall_observability PASSED [ 12%]
tests/test_doc_ingest.py::TestChunkMarkdown::test_basic_header_split PASSED [ 12%]
tests/test_doc_ingest.py::TestChunkMarkdown::test_chunk_has_source_sha256 PASSED [ 12%]
tests/test_doc_ingest.py::TestChunkMarkdown::test_chunk_indices_sequential PASSED [ 12%]
tests/test_doc_ingest.py::TestChunkMarkdown::test_total_chunks_consistent PASSED [ 12%]
tests/test_doc_ingest.py::TestChunkMarkdown::test_section_path_hierarchy PASSED [ 12%]
tests/test_doc_ingest.py::TestChunkMarkdown::test_no_headers_single_chunk PASSED [ 12%]
tests/test_doc_ingest.py::TestChunkMarkdown::test_empty_content_no_chunks PASSED [ 12%]
tests/test_doc_ingest.py::TestChunkMarkdown::test_char_count_populated PASSED [ 12%]
tests/test_doc_ingest.py::TestIngestText::test_basic_ingestion PASSED    [ 12%]
tests/test_doc_ingest.py::TestIngestText::test_dedup_on_reingest PASSED  [ 12%]
tests/test_doc_ingest.py::TestIngestText::test_chunk_ids_returned PASSED [ 12%]
tests/test_doc_ingest.py::TestIngestText::test_evidence_metadata_in_memory PASSED [ 12%]
tests/test_doc_ingest.py::TestIngestText::test_unknown_domain_accepted_with_warning PASSED [ 12%]
tests/test_doc_ingest.py::TestIngestText::test_bad_authority_defaults_to_advisory PASSED [ 12%]
tests/test_doc_ingest.py::TestIngestText::test_elapsed_tracked PASSED    [ 12%]
tests/test_doc_ingest.py::TestIngestText::test_topic_derived_from_filename PASSED [ 12%]
tests/test_doc_ingest.py::TestIngestText::test_fresh_until_in_evidence PASSED [ 12%]
tests/test_doc_ingest.py::TestIngestFile::test_file_from_disk PASSED     [ 12%]
tests/test_doc_ingest.py::TestIngestFile::test_file_not_found PASSED     [ 12%]
tests/test_doc_ingest.py::TestIngestDirectory::test_directory_batch PASSED [ 12%]
tests/test_doc_ingest.py::TestIngestDirectory::test_directory_not_found PASSED [ 12%]
tests/test_doc_ingest.py::TestIngestDirectory::test_pattern_filter PASSED [ 12%]
tests/test_doc_ingest.py::TestSummarizeReports::test_summary_aggregation PASSED [ 12%]
tests/test_doc_ingest.py::TestConstants::test_hlf_specific_in_domains PASSED [ 12%]
tests/test_doc_ingest.py::TestConstants::test_general_coding_in_domains PASSED [ 12%]
tests/test_doc_ingest.py::TestConstants::test_ai_engineering_in_domains PASSED [ 12%]
tests/test_doc_ingest.py::TestConstants::test_canonical_in_authority PASSED [ 13%]
tests/test_doc_ingest.py::TestConstants::test_advisory_in_authority PASSED [ 13%]
tests/test_doc_ingest.py::TestEdgeCases::test_large_section_split PASSED [ 13%]
tests/test_doc_ingest.py::TestEdgeCases::test_tags_propagated PASSED     [ 13%]
tests/test_dream_cycle.py::test_dream_cycle_run_emits_advisory_report_and_structured_findings PASSED [ 13%]
tests/test_dream_cycle.py::test_dream_cycle_rejects_media_without_safety_and_provenance PASSED [ 13%]
tests/test_dream_cycle.py::test_media_evidence_requires_full_hex_sha256_digest PASSED [ 13%]
tests/test_dream_cycle.py::test_dream_resources_reflect_structured_media_aware_findings PASSED [ 13%]
tests/test_dream_cycle.py::test_shared_media_evidence_is_persisted_in_memory_surface PASSED [ 13%]
tests/test_dream_cycle.py::test_dream_proposal_enforces_observe_propose_verify_promote_chain PASSED [ 13%]
tests/test_dream_cycle_gating.py::TestPhaseExistence::test_observe_phase_exists_in_phases_list PASSED [ 13%]
tests/test_dream_cycle_gating.py::TestPhaseExistence::test_propose_phase_exists_in_phases_list PASSED [ 13%]
tests/test_dream_cycle_gating.py::TestPhaseExistence::test_phases_ordered_observe_before_propose PASSED [ 13%]
tests/test_dream_cycle_gating.py::TestPhaseExistence::test_phases_ordered_propose_before_specify PASSED [ 13%]
tests/test_dream_cycle_gating.py::TestPhaseExistence::test_full_phase_sequence_is_correct PASSED [ 13%]
tests/test_dream_cycle_gating.py::TestPhaseExistence::test_observe_allowed_next_is_propose PASSED [ 13%]
tests/test_dream_cycle_gating.py::TestPhaseExistence::test_propose_allowed_next_includes_specify PASSED [ 13%]
tests/test_dream_cycle_gating.py::TestPhaseExistence::test_observe_gate_has_dream_gate_flag PASSED [ 13%]
tests/test_dream_cycle_gating.py::TestPhaseExistence::test_propose_gate_has_dream_gate_flag PASSED [ 13%]
tests/test_dream_cycle_gating.py::TestPhaseExistence::test_propose_gate_requires_observe PASSED [ 13%]
tests/test_dream_cycle_gating.py::TestPhaseExistence::test_specify_is_valid_entry_point PASSED [ 13%]
tests/test_dream_cycle_gating.py::TestPhaseExistence::test_observe_is_valid_entry_point PASSED [ 13%]
tests/test_dream_cycle_gating.py::TestPhaseExistence::test_propose_is_valid_entry_point PASSED [ 13%]
tests/test_dream_cycle_gating.py::TestPhaseExistence::test_plan_is_not_valid_entry_point PASSED [ 13%]
tests/test_dream_cycle_gating.py::TestPhaseOrderingGating::test_cannot_jump_specify_to_propose_without_observe PASSED [ 13%]
tests/test_dream_cycle_gating.py::TestPhaseOrderingGating::test_override_allows_backward_transition PASSED [ 13%]
tests/test_dream_cycle_gating.py::TestPhaseOrderingGating::test_cannot_jump_specify_to_observe_backward PASSED [ 13%]
tests/test_dream_cycle_gating.py::TestPhaseOrderingGating::test_override_allows_specify_to_observe_backward PASSED [ 13%]
tests/test_dream_cycle_gating.py::TestPhaseOrderingGating::test_observe_to_propose_is_valid_forward PASSED [ 13%]
tests/test_dream_cycle_gating.py::TestPhaseOrderingGating::test_propose_to_specify_is_valid_forward PASSED [ 13%]
tests/test_dream_cycle_gating.py::TestDreamProposalCreation::test_create_proposal_from_finding PASSED [ 13%]
tests/test_dream_cycle_gating.py::TestDreamProposalCreation::test_proposal_maps_all_fields_from_finding PASSED [ 13%]
tests/test_dream_cycle_gating.py::TestDreamProposalCreation::test_proposal_default_promotion_rule_is_auto_if_confidence PASSED [ 13%]
tests/test_dream_cycle_gating.py::TestDreamProposalCreation::test_proposal_can_specify_promotion_rule PASSED [ 13%]
tests/test_dream_cycle_gating.py::TestDreamProposalCreation::test_proposal_id_is_deterministic_per_finding_cycle PASSED [ 13%]
tests/test_dream_cycle_gating.py::TestDreamProposalCreation::test_proposal_to_dict_roundtrip PASSED [ 13%]
tests/test_dream_cycle_gating.py::TestPromotionRuleEnum::test_from_string_auto_if_confidence PASSED [ 13%]
tests/test_dream_cycle_gating.py::TestPromotionRuleEnum::test_from_string_auto PASSED [ 13%]
tests/test_dream_cycle_gating.py::TestPromotionRuleEnum::test_from_string_manual_approval PASSED [ 13%]
tests/test_dream_cycle_gating.py::TestPromotionRuleEnum::test_from_string_manual PASSED [ 13%]
tests/test_dream_cycle_gating.py::TestPromotionRuleEnum::test_from_string_governance_vote PASSED [ 13%]
tests/test_dream_cycle_gating.py::TestPromotionRuleEnum::test_from_string_governance PASSED [ 13%]
tests/test_dream_cycle_gating.py::TestPromotionRuleEnum::test_from_string_case_insensitive PASSED [ 13%]
tests/test_dream_cycle_gating.py::TestPromotionRuleEnum::test_from_string_dash_separated PASSED [ 13%]
tests/test_dream_cycle_gating.py::TestPromotionRuleEnum::test_from_string_invalid_rule_raises PASSED [ 13%]
tests/test_dream_cycle_gating.py::TestAutoPromotion::test_auto_promotes_when_confidence_above_threshold PASSED [ 13%]
tests/test_dream_cycle_gating.py::TestAutoPromotion::test_auto_promotes_at_exact_threshold PASSED [ 13%]
tests/test_dream_cycle_gating.py::TestAutoPromotion::test_stays_advisory_when_confidence_below_threshold PASSED [ 13%]
tests/test_dream_cycle_gating.py::TestAutoPromotion::test_stays_advisory_when_confidence_very_low PASSED [ 13%]
tests/test_dream_cycle_gating.py::TestManualApproval::test_manual_approval_requires_governor_token PASSED [ 14%]
tests/test_dream_cycle_gating.py::TestManualApproval::test_manual_approval_succeeds_with_valid_governor_token PASSED [ 14%]
tests/test_dream_cycle_gating.py::TestManualApproval::test_manual_approval_fails_with_invalid_token PASSED [ 14%]
tests/test_dream_cycle_gating.py::TestManualApproval::test_manual_approval_fails_with_empty_token PASSED [ 14%]
tests/test_dream_cycle_gating.py::TestGovernanceVote::test_governance_vote_requires_3_signatures PASSED [ 14%]
tests/test_dream_cycle_gating.py::TestGovernanceVote::test_governance_vote_succeeds_with_3_signatures PASSED [ 14%]
tests/test_dream_cycle_gating.py::TestGovernanceVote::test_governance_vote_succeeds_with_5_signatures PASSED [ 14%]
tests/test_dream_cycle_gating.py::TestGovernanceVote::test_governance_vote_duplicate_signatures_count_once PASSED [ 14%]
tests/test_dream_cycle_gating.py::TestGovernanceVote::test_governance_vote_invalid_signatures_not_counted PASSED [ 14%]
tests/test_dream_cycle_gating.py::TestCoveGateEnforcement::test_promotion_fails_without_cove_gate_pass PASSED [ 14%]
tests/test_dream_cycle_gating.py::TestCoveGateEnforcement::test_promotion_fails_with_cove_gate_fail PASSED [ 14%]
tests/test_dream_cycle_gating.py::TestCoveGateEnforcement::test_promotion_succeeds_with_cove_gate_pass_and_auto_confidence PASSED [ 14%]
tests/test_dream_cycle_gating.py::TestCoveGateEnforcement::test_cove_gate_pass_with_all_proven PASSED [ 14%]
tests/test_dream_cycle_gating.py::TestCoveGateEnforcement::test_cove_gate_pass_with_approved_verdict PASSED [ 14%]
tests/test_dream_cycle_gating.py::TestCoveGateEnforcement::test_cove_gate_fail_with_denied_verdict PASSED [ 14%]
tests/test_dream_cycle_gating.py::TestCoveGateEnforcement::test_promote_to_binding_also_requires_cove PASSED [ 14%]
tests/test_dream_cycle_gating.py::TestFullPipeline::test_full_pipeline_with_auto_promote PASSED [ 14%]
tests/test_dream_cycle_gating.py::TestFullPipeline::test_full_pipeline_sets_cycle_results PASSED [ 14%]
tests/test_dream_cycle_gating.py::TestFullPipeline::test_pipeline_stores_findings_in_mission PASSED [ 14%]
tests/test_dream_cycle_gating.py::TestFullPipeline::test_pipeline_stores_proposals_in_mission PASSED [ 14%]
tests/test_dream_cycle_gating.py::TestFullPipeline::test_observe_phase_fills_dream_findings PASSED [ 14%]
tests/test_dream_cycle_gating.py::TestFullPipeline::test_propose_phase_creates_proposals_from_findings PASSED [ 14%]
tests/test_dream_cycle_gating.py::TestFullPipeline::test_promote_finding_increases_status PASSED [ 14%]
tests/test_dream_cycle_gating.py::TestFullPipeline::test_specify_entry_auto_completes_dream_phases PASSED [ 14%]
tests/test_dream_cycle_gating.py::TestFullPipeline::test_specify_to_plan_works_when_dream_auto_completed PASSED [ 14%]
tests/test_dream_cycle_gating.py::TestEdgeCases::test_empty_findings_during_observe PASSED [ 14%]
tests/test_dream_cycle_gating.py::TestEdgeCases::test_propose_without_observe_gives_error PASSED [ 14%]
tests/test_dream_cycle_gating.py::TestEdgeCases::test_propose_with_empty_findings_gives_error PASSED [ 14%]
tests/test_dream_cycle_gating.py::TestEdgeCases::test_promote_nonexistent_proposal_gives_error PASSED [ 14%]
tests/test_dream_cycle_gating.py::TestEdgeCases::test_promote_finding_not_found_mission PASSED [ 14%]
tests/test_dream_cycle_gating.py::TestEdgeCases::test_promote_to_invalid_target_status PASSED [ 14%]
tests/test_dream_cycle_gating.py::TestEdgeCases::test_duplicate_proposal_ids_prevented_in_dict PASSED [ 14%]
tests/test_dream_cycle_gating.py::TestEdgeCases::test_conflicting_confidence_values_handled PASSED [ 14%]
tests/test_dream_cycle_gating.py::TestEdgeCases::test_malformed_evidence_refs_do_not_crash PASSED [ 14%]
tests/test_dream_cycle_gating.py::TestEdgeCases::test_proposal_with_none_cove_result PASSED [ 14%]
tests/test_dream_cycle_gating.py::TestEdgeCases::test_proposal_with_cove_result_preserves_data PASSED [ 14%]
tests/test_dream_cycle_gating.py::TestEdgeCases::test_cannot_promote_binding_from_advisory_directly PASSED [ 14%]
tests/test_dream_cycle_gating.py::TestEdgeCases::test_cannot_promote_candidate_from_binding PASSED [ 14%]
tests/test_dream_cycle_gating.py::TestEdgeCases::test_governor_token_validation PASSED [ 14%]
tests/test_dream_cycle_gating.py::TestEdgeCases::test_validator_signature_counting PASSED [ 14%]
tests/test_dream_cycle_gating.py::TestEdgeCases::test_run_observe_propose_with_governor_and_auto_promote PASSED [ 14%]
tests/test_dream_cycle_gating.py::TestEdgeCases::test_allowed_next_after_propose_includes_observe PASSED [ 14%]
tests/test_dream_cycle_gating.py::TestEdgeCases::test_backward_phase_transitions_blocked_unless_override PASSED [ 14%]
tests/test_dream_cycle_gating.py::TestEdgeCases::test_backward_phase_transition_allowed_with_override PASSED [ 14%]
tests/test_dream_cycle_gating.py::TestThreadSafety::test_concurrent_observes_on_different_missions PASSED [ 14%]
tests/test_dream_cycle_gating.py::TestThreadSafety::test_concurrent_promotions_on_same_mission PASSED [ 14%]
tests/test_dream_cycle_gating.py::TestDreamCycleReport::test_observe_generates_cycle_report PASSED [ 14%]
tests/test_dream_cycle_gating.py::TestDreamCycleReport::test_observe_without_inputs_produces_zero_findings_report PASSED [ 14%]
tests/test_dream_cycle_gating.py::TestMissionListing::test_list_missions_includes_dream_phases PASSED [ 14%]
tests/test_dream_cycle_gating.py::TestMissionListing::test_list_missions_shows_correct_phase PASSED [ 15%]
tests/test_dream_promotion.py::test_define_standard_rules_returns_at_least_5_rules PASSED [ 15%]
tests/test_dream_promotion.py::test_benchmark_improvement_rule_has_correct_preconditions PASSED [ 15%]
tests/test_dream_promotion.py::test_breaking_change_rule_requires_review PASSED [ 15%]
tests/test_dream_promotion.py::test_bind_finding_to_rules_populates_applicable_rules PASSED [ 15%]
tests/test_dream_promotion.py::test_bind_finding_to_rules_defaults_to_conservative_when_no_match PASSED [ 15%]
tests/test_dream_promotion.py::test_evaluate_promotion_promotes_when_all_rules_pass PASSED [ 15%]
tests/test_dream_promotion.py::test_evaluate_promotion_keeps_verified_when_rule_requires_review PASSED [ 15%]
tests/test_dream_promotion.py::test_evaluate_promotion_rejects_when_verification_fails PASSED [ 15%]
tests/test_dream_promotion.py::test_promote_finding_transitions_verified_to_promoted PASSED [ 15%]
tests/test_dream_promotion.py::test_promote_finding_raises_valueerror_for_non_verified_state PASSED [ 15%]
tests/test_dream_promotion.py::test_promote_finding_raises_valueerror_for_rejected_state PASSED [ 15%]
tests/test_dream_promotion.py::test_promote_finding_raises_valueerror_when_rules_require_review PASSED [ 15%]
tests/test_dream_promotion.py::test_rejected_finding_has_rejected_reason_set PASSED [ 15%]
tests/test_dream_promotion.py::test_promote_finding_sets_promotion_evidence PASSED [ 15%]
tests/test_dream_promotion.py::test_finding_state_valid_transitions PASSED [ 15%]
tests/test_dream_promotion.py::test_finding_state_terminal_check PASSED  [ 15%]
tests/test_ecosystem_hardening.py::TestRateLimiterBasic::test_bucket_starts_full PASSED [ 15%]
tests/test_ecosystem_hardening.py::TestRateLimiterBasic::test_consume_deducts_tokens FAILED [ 15%]
tests/test_ecosystem_hardening.py::TestRateLimiterBasic::test_consume_rejects_when_empty PASSED [ 15%]
tests/test_ecosystem_hardening.py::TestRateLimiterBasic::test_refill_over_time PASSED [ 15%]
tests/test_ecosystem_hardening.py::TestRateLimiterBasic::test_rate_limit_headers PASSED [ 15%]
tests/test_ecosystem_hardening.py::TestRateLimiterPerEffect::test_add_effect_limit PASSED [ 15%]
tests/test_ecosystem_hardening.py::TestRateLimiterPerEffect::test_per_effect_consume_enforces_limit PASSED [ 15%]
tests/test_ecosystem_hardening.py::TestRateLimiterPerEffect::test_unregistered_effect_uses_global_only PASSED [ 15%]
tests/test_ecosystem_hardening.py::TestCircuitBreakerStates::test_starts_closed PASSED [ 15%]
tests/test_ecosystem_hardening.py::TestCircuitBreakerStates::test_trips_to_open_after_threshold PASSED [ 15%]
tests/test_ecosystem_hardening.py::TestCircuitBreakerStates::test_open_rejects_requests PASSED [ 15%]
tests/test_ecosystem_hardening.py::TestCircuitBreakerStates::test_half_open_after_timeout PASSED [ 15%]
tests/test_ecosystem_hardening.py::TestCircuitBreakerStates::test_success_triggers_transition PASSED [ 15%]
tests/test_ecosystem_hardening.py::TestCircuitBreakerRecovery::test_exponential_backoff_on_repeated_trips PASSED [ 15%]
tests/test_ecosystem_hardening.py::TestCircuitBreakerRecovery::test_manual_reset PASSED [ 15%]
tests/test_ecosystem_hardening.py::TestCircuitBreakerRecovery::test_call_wrapper_open_raises PASSED [ 15%]
tests/test_ecosystem_hardening.py::TestRetryPolicyBackoff::test_backoff_without_jitter PASSED [ 15%]
tests/test_ecosystem_hardening.py::TestRetryPolicyBackoff::test_backoff_capped_at_max_delay PASSED [ 15%]
tests/test_ecosystem_hardening.py::TestRetryPolicyBackoff::test_backoff_with_jitter PASSED [ 15%]
tests/test_ecosystem_hardening.py::TestRetryPolicyBackoff::test_should_retry_within_max PASSED [ 15%]
tests/test_ecosystem_hardening.py::TestRetryPolicyEffectClass::test_read_effects_get_read_policy PASSED [ 15%]
tests/test_ecosystem_hardening.py::TestRetryPolicyEffectClass::test_write_effects_get_write_policy PASSED [ 15%]
tests/test_ecosystem_hardening.py::TestRetryPolicyEffectClass::test_unknown_effect_gets_default PASSED [ 15%]
tests/test_ecosystem_hardening.py::TestCredentialManagerScoping::test_hearth_gets_full_scope PASSED [ 15%]
tests/test_ecosystem_hardening.py::TestCredentialManagerScoping::test_advisory_gets_limited_scope PASSED [ 15%]
tests/test_ecosystem_hardening.py::TestCredentialManagerScoping::test_validate_with_scope_enforces_minimum PASSED [ 15%]
tests/test_ecosystem_hardening.py::TestCredentialManagerScoping::test_unknown_tier_gets_none_scope PASSED [ 15%]
tests/test_ecosystem_hardening.py::TestCredentialManagerRotation::test_rotate_deactivates_old_key PASSED [ 15%]
tests/test_ecosystem_hardening.py::TestCredentialManagerRotation::test_new_key_after_rotation_works PASSED [ 15%]
tests/test_ecosystem_hardening.py::TestCredentialManagerRotation::test_revoke_immediately_invalidates PASSED [ 15%]
tests/test_ecosystem_hardening.py::TestBridgeIntegrationHardened::test_mcp_bridge_hardened_fields_default_none PASSED [ 15%]
tests/test_ecosystem_hardening.py::TestBridgeIntegrationHardened::test_mcp_bridge_accepts_hardening_components PASSED [ 15%]
tests/test_ecosystem_hardening.py::TestBridgeIntegrationHardened::test_dispatch_tool_call_rate_limited PASSED [ 15%]
tests/test_ecosystem_hardening.py::TestBridgeIntegrationHardened::test_dispatch_tool_call_passes_through PASSED [ 16%]
tests/test_ecosystem_hardening.py::TestBridgeIntegrationHardened::test_rest_bridge_hardened_fields_default_none PASSED [ 16%]
tests/test_ecosystem_hardening.py::TestRateLimiterEdgeCases::test_negative_rate_raises PASSED [ 16%]
tests/test_ecosystem_hardening.py::TestRateLimiterEdgeCases::test_zero_burst_raises PASSED [ 16%]
tests/test_ecosystem_hardening.py::TestRateLimiterEdgeCases::test_reset_refills_bucket FAILED [ 16%]
tests/test_ecosystem_hardening.py::TestRateLimiterEdgeCases::test_thread_safety_consume PASSED [ 16%]
tests/test_ecosystem_hardening.py::TestCircuitBreakerEdgeCases::test_negative_failure_threshold_raises PASSED [ 16%]
tests/test_ecosystem_hardening.py::TestCircuitBreakerEdgeCases::test_zero_recovery_timeout_raises PASSED [ 16%]
tests/test_ecosystem_hardening.py::TestCircuitBreakerEdgeCases::test_stats_returns_all_fields PASSED [ 16%]
tests/test_ecosystem_hardening.py::TestCircuitBreakerEdgeCases::test_per_bridge_isolation PASSED [ 16%]
tests/test_ecosystem_hardening.py::TestCircuitBreakerEdgeCases::test_retry_after_returns_zero_when_closed PASSED [ 16%]
tests/test_ecosystem_hardening.py::TestRetryPolicyEdgeCases::test_execute_retries_and_succeeds PASSED [ 16%]
tests/test_ecosystem_hardening.py::TestRetryPolicyEdgeCases::test_execute_exhausts_retries PASSED [ 16%]
tests/test_ecosystem_hardening.py::TestRetryPolicyEdgeCases::test_non_retryable_raises_immediately PASSED [ 16%]
tests/test_ecosystem_hardening.py::TestRetryPolicyEdgeCases::test_budget_tracks_retries PASSED [ 16%]
tests/test_ecosystem_hardening.py::TestRetryPolicyEdgeCases::test_reset_budget_clears PASSED [ 16%]
tests/test_ecosystem_hardening.py::TestCredentialManagerEdgeCases::test_expired_credential_fails_validation PASSED [ 16%]
tests/test_ecosystem_hardening.py::TestCredentialManagerEdgeCases::test_revoke_nonexistent_returns_false PASSED [ 16%]
tests/test_ecosystem_hardening.py::TestCredentialManagerEdgeCases::test_list_active_excludes_revoked PASSED [ 16%]
tests/test_ecosystem_hardening.py::TestCredentialManagerEdgeCases::test_sign_and_verify_credential PASSED [ 16%]
tests/test_ecosystem_hardening.py::TestSchemaTranslator::test_schema_translator_int_to_json PASSED [ 16%]
tests/test_ecosystem_hardening.py::TestSchemaTranslator::test_schema_translator_list_to_json PASSED [ 16%]
tests/test_ecosystem_hardening.py::TestSchemaTranslator::test_schema_translator_optional_to_json PASSED [ 16%]
tests/test_ecosystem_hardening.py::TestSchemaTranslator::test_schema_translator_contract_to_schema PASSED [ 16%]
tests/test_ecosystem_hardening.py::TestSchemaTranslator::test_schema_translator_manifest_to_openapi PASSED [ 16%]
tests/test_ecosystem_hardening.py::TestSchemaTranslator::test_schema_translator_validate_payload_valid PASSED [ 16%]
tests/test_ecosystem_hardening.py::TestSchemaTranslator::test_schema_translator_validate_payload_invalid PASSED [ 16%]
tests/test_ecosystem_hardening.py::TestSchemaTranslator::test_schema_translator_generate_client_sdk PASSED [ 16%]
tests/test_ecosystem_hardening.py::TestSchemaTranslator::test_schema_translator_string_to_json PASSED [ 16%]
tests/test_ecosystem_hardening.py::TestSchemaTranslator::test_schema_translator_boolean_to_json PASSED [ 16%]
tests/test_ecosystem_hardening.py::TestDistributedRateLimiter::test_distributed_limiter_register_instance PASSED [ 16%]
tests/test_ecosystem_hardening.py::TestDistributedRateLimiter::test_distributed_limiter_acquire_tokens PASSED [ 16%]
tests/test_ecosystem_hardening.py::TestDistributedRateLimiter::test_distributed_limiter_deregister PASSED [ 16%]
tests/test_ecosystem_hardening.py::TestDistributedRateLimiter::test_distributed_limiter_fairness_score PASSED [ 16%]
tests/test_ecosystem_hardening.py::TestDistributedRateLimiter::test_distributed_limiter_rebalance PASSED [ 16%]
tests/test_ecosystem_hardening.py::TestDistributedRateLimiter::test_distributed_limiter_heartbeat PASSED [ 16%]
tests/test_ecosystem_hardening.py::TestDistributedRateLimiter::test_distributed_limiter_max_instances PASSED [ 16%]
tests/test_ecosystem_hardening.py::TestDistributedRateLimiter::test_distributed_limiter_global_state PASSED [ 16%]
tests/test_ecosystem_hardening.py::TestResilienceCoordinator::test_resilience_register_service PASSED [ 16%]
tests/test_ecosystem_hardening.py::TestResilienceCoordinator::test_resilience_handle_auth_failure PASSED [ 16%]
tests/test_ecosystem_hardening.py::TestResilienceCoordinator::test_resilience_handle_timeout PASSED [ 16%]
tests/test_ecosystem_hardening.py::TestResilienceCoordinator::test_resilience_handle_success_closes_circuit PASSED [ 16%]
tests/test_ecosystem_hardening.py::TestResilienceCoordinator::test_resilience_get_service_status PASSED [ 16%]
tests/test_ecosystem_hardening.py::TestResilienceCoordinator::test_resilience_global_status PASSED [ 16%]
tests/test_ecosystem_hardening.py::TestResilienceCoordinator::test_resilience_simulate_cascade PASSED [ 16%]
tests/test_ecosystem_hardening.py::TestBridgeHealth::test_bridge_health_register PASSED [ 16%]
tests/test_ecosystem_hardening.py::TestBridgeHealth::test_bridge_health_register_invalid_type PASSED [ 16%]
tests/test_ecosystem_hardening.py::TestBridgeHealth::test_bridge_health_check PASSED [ 16%]
tests/test_ecosystem_hardening.py::TestBridgeHealth::test_bridge_health_check_rest PASSED [ 16%]
tests/test_ecosystem_hardening.py::TestBridgeHealth::test_bridge_health_check_all PASSED [ 17%]
tests/test_ecosystem_hardening.py::TestBridgeHealth::test_bridge_health_score_computation PASSED [ 17%]
tests/test_ecosystem_hardening.py::TestBridgeHealth::test_bridge_health_trend_analysis PASSED [ 17%]
tests/test_ecosystem_hardening.py::TestBridgeHealth::test_bridge_health_recommendations PASSED [ 17%]
tests/test_ecosystem_hardening.py::TestBridgeHealth::test_bridge_health_alerts PASSED [ 17%]
tests/test_ecosystem_hardening.py::TestBridgeHealth::test_bridge_health_check_unregistered_raises PASSED [ 17%]
tests/test_ecosystem_java.py::TestJavaTypeMapping::test_string_to_string PASSED [ 17%]
tests/test_ecosystem_java.py::TestJavaTypeMapping::test_integer_to_int PASSED [ 17%]
tests/test_ecosystem_java.py::TestJavaTypeMapping::test_number_to_double PASSED [ 17%]
tests/test_ecosystem_java.py::TestJavaTypeMapping::test_float_to_double PASSED [ 17%]
tests/test_ecosystem_java.py::TestJavaTypeMapping::test_bool_to_boolean PASSED [ 17%]
tests/test_ecosystem_java.py::TestJavaTypeMapping::test_json_to_json_node PASSED [ 17%]
tests/test_ecosystem_java.py::TestJavaTypeMapping::test_any_to_object PASSED [ 17%]
tests/test_ecosystem_java.py::TestJavaTypeMapping::test_list_parametric PASSED [ 17%]
tests/test_ecosystem_java.py::TestJavaTypeMapping::test_set_parametric PASSED [ 17%]
tests/test_ecosystem_java.py::TestJavaTypeMapping::test_map_parametric PASSED [ 17%]
tests/test_ecosystem_java.py::TestJavaTypeMapping::test_unknown_hfl_type_defaults_to_object PASSED [ 17%]
tests/test_ecosystem_java.py::TestJavaTypeMapping::test_empty_list_parametric PASSED [ 17%]
tests/test_ecosystem_java.py::TestJavaInputGeneration::test_generates_java_record_with_jackson_annotations PASSED [ 17%]
tests/test_ecosystem_java.py::TestJavaInputGeneration::test_includes_imports PASSED [ 17%]
tests/test_ecosystem_java.py::TestJavaInputGeneration::test_field_types_in_record PASSED [ 17%]
tests/test_ecosystem_java.py::TestJavaInputGeneration::test_empty_parameters_generates_record_without_fields PASSED [ 17%]
tests/test_ecosystem_java.py::TestJavaInputGeneration::test_nested_object_type PASSED [ 17%]
tests/test_ecosystem_java.py::TestJavaInputGeneration::test_set_field_generates_set_import PASSED [ 17%]
tests/test_ecosystem_java.py::TestJavaInputGeneration::test_map_field_generates_map_import PASSED [ 17%]
tests/test_ecosystem_java.py::TestJavaOutputGeneration::test_generates_output_record PASSED [ 17%]
tests/test_ecosystem_java.py::TestJavaOutputGeneration::test_output_type_mapping PASSED [ 17%]
tests/test_ecosystem_java.py::TestJavaSDKIntegration::test_generate_input_returns_string PASSED [ 17%]
tests/test_ecosystem_java.py::TestJavaSDKIntegration::test_generate_output_returns_string PASSED [ 17%]
tests/test_ecosystem_java.py::TestJavaSDKIntegration::test_unsupported_language_raises PASSED [ 17%]
tests/test_ecosystem_mcp_bridge.py::TestSchemaConversion::test_hlf_string_to_json_schema PASSED [ 17%]
tests/test_ecosystem_mcp_bridge.py::TestSchemaConversion::test_hlf_integer_to_json_schema PASSED [ 17%]
tests/test_ecosystem_mcp_bridge.py::TestSchemaConversion::test_hlf_number_to_json_schema PASSED [ 17%]
tests/test_ecosystem_mcp_bridge.py::TestSchemaConversion::test_hlf_boolean_to_json_schema PASSED [ 17%]
tests/test_ecosystem_mcp_bridge.py::TestSchemaConversion::test_hlf_json_to_json_schema PASSED [ 17%]
tests/test_ecosystem_mcp_bridge.py::TestSchemaConversion::test_input_contract_no_params PASSED [ 17%]
tests/test_ecosystem_mcp_bridge.py::TestSchemaConversion::test_input_contract_with_required PASSED [ 17%]
tests/test_ecosystem_mcp_bridge.py::TestSchemaConversion::test_output_contract_to_json_schema PASSED [ 17%]
tests/test_ecosystem_mcp_bridge.py::TestSchemaConversion::test_output_contract_fallback_to_return_type PASSED [ 17%]
tests/test_ecosystem_mcp_bridge.py::TestSchemaConversion::test_effect_class_to_category PASSED [ 17%]
tests/test_ecosystem_mcp_bridge.py::TestSchemaConversion::test_effect_safety_class_dangerous PASSED [ 17%]
tests/test_ecosystem_mcp_bridge.py::TestSchemaConversion::test_effect_safety_class_safe PASSED [ 17%]
tests/test_ecosystem_mcp_bridge.py::TestMCPBridgeRegistration::test_bridge_creation PASSED [ 17%]
tests/test_ecosystem_mcp_bridge.py::TestMCPBridgeRegistration::test_register_tools_from_manifest PASSED [ 17%]
tests/test_ecosystem_mcp_bridge.py::TestMCPBridgeRegistration::test_register_tools_names PASSED [ 17%]
tests/test_ecosystem_mcp_bridge.py::TestMCPBridgeRegistration::test_register_tools_input_schemas PASSED [ 17%]
tests/test_ecosystem_mcp_bridge.py::TestMCPBridgeRegistration::test_register_tools_with_provenance PASSED [ 17%]
tests/test_ecosystem_mcp_bridge.py::TestMCPBridgeRegistration::test_register_tools_two_channel PASSED [ 17%]
tests/test_ecosystem_mcp_bridge.py::TestMCPBridgeRegistration::test_register_tool_list_returns_dicts PASSED [ 17%]
tests/test_ecosystem_mcp_bridge.py::TestMCPBridgeRegistration::test_to_mcp_tool_format PASSED [ 18%]
tests/test_ecosystem_mcp_bridge.py::TestMCPBridgeCompilerIntegration::test_register_from_compiled_hlf PASSED [ 18%]
tests/test_ecosystem_mcp_bridge.py::TestMCPBridgeCompilerIntegration::test_register_multi_effect_hlf PASSED [ 18%]
tests/test_ecosystem_mcp_bridge.py::TestMCPBridgeCompilerIntegration::test_register_with_provenance_passthrough PASSED [ 18%]
tests/test_ecosystem_mcp_bridge.py::TestMCPBridgeCompilerIntegration::test_register_tool_list_from_compiled PASSED [ 18%]
tests/test_ecosystem_mcp_bridge.py::TestMCPBridgeCompilerIntegration::test_convenience_function PASSED [ 18%]
tests/test_ecosystem_mcp_bridge.py::TestMCPToolRegistration::test_default_values PASSED [ 18%]
tests/test_ecosystem_mcp_bridge.py::TestMCPToolRegistration::test_to_mcp_tool_includes_all_fields PASSED [ 18%]
tests/test_ecosystem_mcp_bridge.py::TestMCPBridgeEdgeCases::test_empty_manifest PASSED [ 18%]
tests/test_ecosystem_mcp_bridge.py::TestMCPBridgeEdgeCases::test_unknown_effect_class PASSED [ 18%]
tests/test_ecosystem_mcp_bridge.py::TestMCPBridgeEdgeCases::test_effect_with_many_failure_modes PASSED [ 18%]
tests/test_ecosystem_mcp_bridge.py::TestMCPBridgeEdgeCases::test_no_provenance_passthrough PASSED [ 18%]
tests/test_ecosystem_mcp_bridge.py::TestMCPBridgeEdgeCases::test_manifest_signature_in_provenance PASSED [ 18%]
tests/test_ecosystem_mcp_bridge.py::TestMCPBridgeEdgeCases::test_json_serializable_annotations PASSED [ 18%]
tests/test_ecosystem_rest_bridge.py::TestOpenAPITypeConversion::test_param_to_openapi_property_basic PASSED [ 18%]
tests/test_ecosystem_rest_bridge.py::TestOpenAPITypeConversion::test_param_to_openapi_property_with_constraints PASSED [ 18%]
tests/test_ecosystem_rest_bridge.py::TestOpenAPITypeConversion::test_hlf_type_conversion PASSED [ 18%]
tests/test_ecosystem_rest_bridge.py::TestOpenAPITypeConversion::test_input_contract_to_request_body PASSED [ 18%]
tests/test_ecosystem_rest_bridge.py::TestOpenAPITypeConversion::test_input_contract_empty_returns_none PASSED [ 18%]
tests/test_ecosystem_rest_bridge.py::TestOpenAPITypeConversion::test_output_contract_to_response PASSED [ 18%]
tests/test_ecosystem_rest_bridge.py::TestOpenAPITypeConversion::test_http_method_determination PASSED [ 18%]
tests/test_ecosystem_rest_bridge.py::TestOpenAPITypeConversion::test_security_for_approved_tier PASSED [ 18%]
tests/test_ecosystem_rest_bridge.py::TestOpenAPITypeConversion::test_security_for_trusted_tier PASSED [ 18%]
tests/test_ecosystem_rest_bridge.py::TestOpenAPITypeConversion::test_security_for_advisory_tier PASSED [ 18%]
tests/test_ecosystem_rest_bridge.py::TestOpenAPITypeConversion::test_effect_category_mapping PASSED [ 18%]
tests/test_ecosystem_rest_bridge.py::TestRESTBridgeOpenAPIGeneration::test_bridge_creation PASSED [ 18%]
tests/test_ecosystem_rest_bridge.py::TestRESTBridgeOpenAPIGeneration::test_generate_openapi_spec PASSED [ 18%]
tests/test_ecosystem_rest_bridge.py::TestRESTBridgeOpenAPIGeneration::test_generate_openapi_json PASSED [ 18%]
tests/test_ecosystem_rest_bridge.py::TestRESTBridgeOpenAPIGeneration::test_paths_have_correct_structure PASSED [ 18%]
tests/test_ecosystem_rest_bridge.py::TestRESTBridgeOpenAPIGeneration::test_post_methods_have_request_body PASSED [ 18%]
tests/test_ecosystem_rest_bridge.py::TestRESTBridgeOpenAPIGeneration::test_tags_are_generated PASSED [ 18%]
tests/test_ecosystem_rest_bridge.py::TestRESTBridgeOpenAPIGeneration::test_security_in_operations PASSED [ 18%]
tests/test_ecosystem_rest_bridge.py::TestRESTBridgeOpenAPIGeneration::test_server_override PASSED [ 18%]
tests/test_ecosystem_rest_bridge.py::TestRESTBridgeOpenAPIGeneration::test_custom_api_keys_in_spec PASSED [ 18%]
tests/test_ecosystem_rest_bridge.py::TestRESTEndpoint::test_endpoint_creation PASSED [ 18%]
tests/test_ecosystem_rest_bridge.py::TestRESTEndpoint::test_to_openapi_operation PASSED [ 18%]
tests/test_ecosystem_rest_bridge.py::TestRESTBridgeCompilerIntegration::test_openapi_from_compiled_program PASSED [ 18%]
tests/test_ecosystem_rest_bridge.py::TestRESTBridgeCompilerIntegration::test_openapi_from_multi_manifest PASSED [ 18%]
tests/test_ecosystem_rest_bridge.py::TestRESTBridgeCompilerIntegration::test_json_output_roundtrip PASSED [ 18%]
tests/test_ecosystem_rest_bridge.py::TestRESTBridgeCompilerIntegration::test_read_effects_use_get PASSED [ 18%]
tests/test_ecosystem_rest_bridge.py::TestRESTBridgeCompilerIntegration::test_write_effects_use_post PASSED [ 18%]
tests/test_ecosystem_rest_bridge.py::TestRESTBridgeCompilerIntegration::test_mutating_effects_get_post PASSED [ 18%]
tests/test_ecosystem_rest_bridge.py::TestRESTBridgeEdgeCases::test_empty_manifest_list PASSED [ 18%]
tests/test_ecosystem_rest_bridge.py::TestRESTBridgeEdgeCases::test_empty_effects_manifest PASSED [ 18%]
tests/test_ecosystem_rest_bridge.py::TestRESTBridgeEdgeCases::test_single_effect_manifest PASSED [ 18%]
tests/test_ecosystem_rest_bridge.py::TestRESTBridgeEdgeCases::test_effect_class_to_category_covers_all PASSED [ 18%]
tests/test_ecosystem_rest_bridge.py::TestRESTBridgeEdgeCases::test_trust_tier_in_operation_extensions PASSED [ 18%]
tests/test_ecosystem_rest_bridge.py::TestRESTBridgeEdgeCases::test_generated_paths_are_valid PASSED [ 18%]
tests/test_ecosystem_rest_bridge.py::TestRESTBridgeEdgeCases::test_compiled_then_openapi_roundtrip PASSED [ 18%]
tests/test_ecosystem_rust.py::TestRustTypeMapping::test_string_to_string PASSED [ 18%]
tests/test_ecosystem_rust.py::TestRustTypeMapping::test_integer_to_i64 PASSED [ 19%]
tests/test_ecosystem_rust.py::TestRustTypeMapping::test_number_to_f64 PASSED [ 19%]
tests/test_ecosystem_rust.py::TestRustTypeMapping::test_real_to_f64 PASSED [ 19%]
tests/test_ecosystem_rust.py::TestRustTypeMapping::test_rational_to_f64 PASSED [ 19%]
tests/test_ecosystem_rust.py::TestRustTypeMapping::test_boolean_to_bool PASSED [ 19%]
tests/test_ecosystem_rust.py::TestRustTypeMapping::test_json_to_serde_value PASSED [ 19%]
tests/test_ecosystem_rust.py::TestRustTypeMapping::test_any_to_serde_value PASSED [ 19%]
tests/test_ecosystem_rust.py::TestRustTypeMapping::test_list_parametric_to_vec PASSED [ 19%]
tests/test_ecosystem_rust.py::TestRustTypeMapping::test_set_parametric_to_hash_set PASSED [ 19%]
tests/test_ecosystem_rust.py::TestRustTypeMapping::test_map_parametric_to_hash_map PASSED [ 19%]
tests/test_ecosystem_rust.py::TestRustTypeMapping::test_unknown_hfl_type_defaults_to_serde_value PASSED [ 19%]
tests/test_ecosystem_rust.py::TestRustTypeMapping::test_list_without_params_defaults_to_vec_value PASSED [ 19%]
tests/test_ecosystem_rust.py::TestRustInputGeneration::test_generates_rust_struct_with_serde_derives PASSED [ 19%]
tests/test_ecosystem_rust.py::TestRustInputGeneration::test_includes_serde_import PASSED [ 19%]
tests/test_ecosystem_rust.py::TestRustInputGeneration::test_field_types_in_struct PASSED [ 19%]
tests/test_ecosystem_rust.py::TestRustInputGeneration::test_serde_rename_attributes PASSED [ 19%]
tests/test_ecosystem_rust.py::TestRustInputGeneration::test_empty_parameters_generates_valid_struct PASSED [ 19%]
tests/test_ecosystem_rust.py::TestRustInputGeneration::test_vec_field_generates_vec_type PASSED [ 19%]
tests/test_ecosystem_rust.py::TestRustInputGeneration::test_hash_set_field_imports_std_collections PASSED [ 19%]
tests/test_ecosystem_rust.py::TestRustInputGeneration::test_hash_map_field_imports_std_collections PASSED [ 19%]
tests/test_ecosystem_rust.py::TestRustInputGeneration::test_description_becomes_doc_comment PASSED [ 19%]
tests/test_ecosystem_rust.py::TestRustOutputGeneration::test_generates_output_struct PASSED [ 19%]
tests/test_ecosystem_rust.py::TestRustOutputGeneration::test_output_type_mapping PASSED [ 19%]
tests/test_ecosystem_rust.py::TestRustSDKIntegration::test_generate_input_returns_string PASSED [ 19%]
tests/test_ecosystem_rust.py::TestRustSDKIntegration::test_generate_output_returns_string PASSED [ 19%]
tests/test_ecosystem_rust.py::TestRustSDKIntegration::test_unsupported_language_raises PASSED [ 19%]
tests/test_embodied_contracts.py::test_host_functions_surface_embodied_contract_metadata PASSED [ 19%]
tests/test_embodied_contracts.py::test_guarded_actuate_requires_embodied_review_and_simulation_contract PASSED [ 19%]
tests/test_embodied_contracts.py::test_guarded_actuate_rejects_missing_pointer_evidence PASSED [ 19%]
tests/test_embodied_contracts.py::test_runtime_dispatch_returns_simulation_only_embodied_result PASSED [ 19%]
tests/test_embodied_contracts.py::test_runtime_dispatch_denies_embodied_function_below_forge_tier PASSED [ 19%]
tests/test_embodied_contracts.py::test_capsule_denied_tools_blocks_dispatch PASSED [ 19%]
tests/test_embodied_contracts.py::test_capsule_denied_tools_allows_non_denied_function PASSED [ 19%]
tests/test_entropy_anchor.py::test_entropy_anchor_passes_with_packaged_human_readable_baseline PASSED [ 19%]
tests/test_entropy_anchor.py::test_entropy_anchor_flags_mismatch_for_explicit_intent PASSED [ 19%]
tests/test_entropy_anchor.py::test_hlf_entropy_anchor_tool_returns_audited_structured_result PASSED [ 19%]
tests/test_entropy_anchor.py::test_hlf_entropy_anchor_can_emit_witness_observation_for_subject PASSED [ 19%]
tests/test_ethics.py::TestConstitution::test_clean_program_no_violations PASSED [ 19%]
tests/test_ethics.py::TestConstitution::test_c1_lethal_keyword_blocked PASSED [ 19%]
tests/test_ethics.py::TestConstitution::test_c1_lethal_not_appealable PASSED [ 19%]
tests/test_ethics.py::TestConstitution::test_c3_csam_blocked PASSED      [ 19%]
tests/test_ethics.py::TestConstitution::test_c3_csam_not_appealable PASSED [ 19%]
tests/test_ethics.py::TestConstitution::test_c3_explicit_harm_blocked PASSED [ 19%]
tests/test_ethics.py::TestConstitution::test_tier_escalation_in_hearth_blocked PASSED [ 19%]
tests/test_ethics.py::TestConstitution::test_tier_escalation_in_sovereign_allowed PASSED [ 19%]
tests/test_ethics.py::TestConstitution::test_violations_to_strings PASSED [ 19%]
tests/test_ethics.py::TestTermination::test_terminate_returns_result PASSED [ 19%]
tests/test_ethics.py::TestTermination::test_terminate_appends_audit_log PASSED [ 19%]
tests/test_ethics.py::TestTermination::test_audit_id_is_unique PASSED    [ 19%]
tests/test_ethics.py::TestTermination::test_appealable_article_is_flagged PASSED [ 20%]
tests/test_ethics.py::TestTermination::test_non_appealable_article PASSED [ 20%]
tests/test_ethics.py::TestTermination::test_should_terminate_non_appealable PASSED [ 20%]
tests/test_ethics.py::TestTermination::test_should_not_terminate_all_appealable PASSED [ 20%]
tests/test_ethics.py::TestTermination::test_should_not_terminate_empty PASSED [ 20%]
tests/test_ethics.py::TestRedHat::test_valid_declaration_accepted PASSED [ 20%]
tests/test_ethics.py::TestRedHat::test_missing_required_field_rejected PASSED [ 20%]
tests/test_ethics.py::TestRedHat::test_all_required_fields_missing PASSED [ 20%]
tests/test_ethics.py::TestRedHat::test_declaration_stored PASSED         [ 20%]
tests/test_ethics.py::TestRedHat::test_is_declared_by_fingerprint PASSED [ 20%]
tests/test_ethics.py::TestRedHat::test_unknown_fingerprint_not_declared PASSED [ 20%]
tests/test_ethics.py::TestRedHat::test_verify_only_does_not_store PASSED [ 20%]
tests/test_ethics.py::TestRogueDetection::test_clean_source_no_signals PASSED [ 20%]
tests/test_ethics.py::TestRogueDetection::test_prompt_injection_detected PASSED [ 20%]
tests/test_ethics.py::TestRogueDetection::test_jailbreak_pattern_detected PASSED [ 20%]
tests/test_ethics.py::TestRogueDetection::test_aggressive_verbs_detected PASSED [ 20%]
tests/test_ethics.py::TestRogueDetection::test_sovereign_smug_in_hearth_detected PASSED [ 20%]
tests/test_ethics.py::TestRogueDetection::test_sovereign_smug_in_sovereign_allowed PASSED [ 20%]
tests/test_ethics.py::TestRogueDetection::test_high_severity_requires_termination PASSED [ 20%]
tests/test_ethics.py::TestRogueDetection::test_low_severity_no_termination PASSED [ 20%]
tests/test_ethics.py::TestGovernor::test_clean_program_passes PASSED     [ 20%]
tests/test_ethics.py::TestGovernor::test_illegal_source_blocked PASSED   [ 20%]
tests/test_ethics.py::TestGovernor::test_blocked_result_has_termination_message PASSED [ 20%]
tests/test_ethics.py::TestGovernor::test_raise_if_blocked_raises_error PASSED [ 20%]
tests/test_ethics.py::TestGovernor::test_raise_if_blocked_silent_on_pass PASSED [ 20%]
tests/test_ethics.py::TestGovernor::test_rogue_injection_blocked_in_strict_mode PASSED [ 20%]
tests/test_ethics.py::TestGovernor::test_module_level_check_function PASSED [ 20%]
tests/test_ethics.py::TestGovernor::test_layer_results_populated PASSED  [ 20%]
tests/test_ethics.py::TestGovernor::test_audit_log_grows_on_block PASSED [ 20%]
tests/test_ethics.py::TestGovernor::test_red_hat_valid_declaration_passes PASSED [ 20%]
tests/test_ethics.py::TestGovernor::test_red_hat_incomplete_is_warning_not_block PASSED [ 20%]
tests/test_ethics.py::TestCompilerIntegration::test_compile_clean_does_not_raise PASSED [ 20%]
tests/test_ethics.py::TestCompilerIntegration::test_compile_illegal_source_raises_compile_error PASSED [ 20%]
tests/test_ethics.py::TestRuntimeGovernorIntegration::test_runtime_blocks_illegal_source_before_execution PASSED [ 20%]
tests/test_ethics.py::TestRuntimeGovernorIntegration::test_packaged_hlf_run_surfaces_governor_block PASSED [ 20%]
tests/test_evidence_query.py::test_load_verified_weekly_artifacts_filters_status_and_decision PASSED [ 20%]
tests/test_evidence_query.py::test_evidence_query_list_and_show_commands PASSED [ 20%]
tests/test_evidence_query.py::test_evidence_query_summary_reports_distribution_eligibility PASSED [ 20%]
tests/test_evidence_query.py::test_evidence_query_decide_appends_decision_and_updates_latest PASSED [ 20%]
tests/test_evidence_schema.py::test_normalize_server_memory_record_produces_valid_evidence_record PASSED [ 20%]
tests/test_evidence_schema.py::test_normalize_rag_record_produces_valid_evidence_record PASSED [ 20%]
tests/test_evidence_schema.py::test_normalize_hybrid_rag_record_produces_valid_evidence_record PASSED [ 20%]
tests/test_evidence_schema.py::test_all_normalizers_produce_same_canonical_shape PASSED [ 20%]
tests/test_evidence_schema.py::test_check_staleness_detects_expired_record PASSED [ 20%]
tests/test_evidence_schema.py::test_check_staleness_detects_superseded_record PASSED [ 20%]
tests/test_evidence_schema.py::test_check_staleness_passes_fresh_record PASSED [ 20%]
tests/test_evidence_schema.py::test_supersede_record_sets_superseded_by_and_is_stale PASSED [ 20%]
tests/test_evidence_schema.py::test_supersede_record_preserves_provenance_chain PASSED [ 20%]
tests/test_evidence_schema.py::test_evidence_id_is_unique_per_record PASSED [ 20%]
tests/test_evidence_schema.py::test_evidence_id_is_uuid_format PASSED    [ 21%]
tests/test_evidence_schema.py::test_content_hash_is_present_in_all_normalizers PASSED [ 21%]
tests/test_evidence_schema.py::test_normalize_server_memory_handles_minimal_dict PASSED [ 21%]
tests/test_evidence_schema.py::test_normalize_rag_handles_minimal_dict PASSED [ 21%]
tests/test_evidence_schema.py::test_normalize_hybrid_rag_handles_minimal_dict PASSED [ 21%]
tests/test_evidence_schema.py::test_confidence_clamped_to_0_1_range PASSED [ 21%]
tests/test_execution_admission.py::test_execution_admission_denies_counterexample PASSED [ 21%]
tests/test_execution_admission.py::test_runtime_blocks_when_verification_admission_denies PASSED [ 21%]
tests/test_execution_admission.py::test_execution_admission_denies_false_spec_gate_literal PASSED [ 21%]
tests/test_execution_admission.py::test_execution_admission_keeps_unknown_read_only_hearth_as_warning PASSED [ 21%]
tests/test_execution_admission.py::test_execution_admission_routes_unknown_effectful_probation_into_review PASSED [ 21%]
tests/test_execution_admission.py::test_execution_admission_routes_skipped_delegated_forge_into_review PASSED [ 21%]
tests/test_extracted_support_tools.py::test_generate_tm_grammar_contains_core_scopes PASSED [ 21%]
tests/test_extracted_support_tools.py::test_gen_docs_writes_tag_and_stdlib_references PASSED [ 21%]
tests/test_extracted_support_tools.py::test_hlf_token_lint_reports_header_and_budget_violations PASSED [ 21%]
tests/test_extracted_support_tools.py::test_hlf_token_lint_discovers_files_in_directory PASSED [ 21%]
tests/test_extracted_support_tools.py::test_run_pipeline_scheduled_writes_latest_and_history PASSED [ 21%]
tests/test_extracted_support_tools.py::test_run_pipeline_scheduled_stores_hks_exemplar_when_memory_db_configured PASSED [ 21%]
tests/test_fastmcp_frontdoor.py::test_hlf_do_dry_run_generates_governed_audit PASSED [ 21%]
tests/test_fastmcp_frontdoor.py::test_hlf_do_swarm_handoff_returns_raw_hlf_artifact PASSED [ 21%]
tests/test_fastmcp_frontdoor.py::test_translate_to_hlf_subagent_handoff_has_compile_proof PASSED [ 21%]
tests/test_fastmcp_frontdoor.py::test_hlf_do_accepts_non_english_language_gate PASSED [ 21%]
tests/test_fastmcp_frontdoor.py::test_hlf_do_auto_detects_language_and_reports_it PASSED [ 21%]
tests/test_fastmcp_frontdoor.py::test_hlf_do_localizes_reverse_summary_when_requested PASSED [ 21%]
tests/test_fastmcp_frontdoor.py::test_hlf_do_prefers_english_audit_when_policy_requests_transparency PASSED [ 21%]
tests/test_fastmcp_frontdoor.py::test_translate_to_hlf_auto_reports_resolved_language PASSED [ 21%]
tests/test_fastmcp_frontdoor.py::test_hlf_do_accepts_chinese_language_gate PASSED [ 21%]
tests/test_fastmcp_frontdoor.py::test_hlf_do_blocks_chinese_ingress_when_policy_disallows_it PASSED [ 21%]
tests/test_fastmcp_frontdoor.py::test_hlf_do_persists_ingress_resource_via_execution_admission PASSED [ 21%]
tests/test_fastmcp_frontdoor.py::test_translate_to_hlf_auto_reports_chinese_language PASSED [ 21%]
tests/test_fastmcp_frontdoor.py::test_hlf_benchmark_matrix_returns_multilingual_rows PASSED [ 21%]
tests/test_fastmcp_frontdoor.py::test_hlf_translate_to_english_accepts_localized_output PASSED [ 21%]
tests/test_fastmcp_frontdoor.py::test_hlf_decompile_ast_accepts_localized_output PASSED [ 21%]
tests/test_fastmcp_frontdoor.py::test_hlf_translate_repair_returns_machine_retry_contract PASSED [ 21%]
tests/test_fastmcp_frontdoor.py::test_hlf_translate_repair_flags_semantic_drift_before_retry PASSED [ 21%]
tests/test_fastmcp_frontdoor.py::test_hlf_translate_resilient_returns_ok_for_clean_intent PASSED [ 21%]
tests/test_fastmcp_frontdoor.py::test_hlf_translate_resilient_fails_closed_on_governor_block PASSED [ 21%]
tests/test_fastmcp_frontdoor.py::test_hlf_verify_formal_ast_requires_knowledge_review_for_elevated_request PASSED [ 21%]
tests/test_fastmcp_frontdoor.py::test_hlf_translation_memory_query_returns_known_good_contracts PASSED [ 21%]
tests/test_fastmcp_frontdoor.py::test_hlf_translate_repair_surfaces_skipped_knowledge_support_for_low_signal_query PASSED [ 21%]
tests/test_fastmcp_frontdoor.py::test_hlf_translation_memory_benchmark_reports_chinese_scores PASSED [ 21%]
tests/test_fastmcp_frontdoor.py::test_hlf_routing_context_benchmark_reports_chinese_scores PASSED [ 21%]
tests/test_fastmcp_frontdoor.py::test_hlf_recommend_embedding_profile_for_cpu_only_translation_memory PASSED [ 21%]
tests/test_fastmcp_frontdoor.py::test_hlf_recommend_embedding_profile_prefers_multilingual_gpu_model PASSED [ 21%]
tests/test_fastmcp_frontdoor.py::test_hlf_recommend_embedding_profile_persists_cognitive_lane_policy PASSED [ 21%]
tests/test_fastmcp_frontdoor.py::test_route_governed_request_denies_chinese_payload_when_policy_disallows_it PASSED [ 21%]
tests/test_fastmcp_frontdoor.py::test_hlf_recommend_embedding_profile_handles_long_form_ingestion_on_cpu PASSED [ 21%]
tests/test_fastmcp_frontdoor.py::test_hlf_test_suite_summary_reads_latest_metrics_file PASSED [ 21%]
tests/test_fastmcp_frontdoor.py::test_hlf_test_suite_summary_can_include_output PASSED [ 21%]
tests/test_fastmcp_frontdoor.py::test_hlf_weekly_evidence_summary_reads_history PASSED [ 21%]
tests/test_fastmcp_frontdoor.py::test_server_instruction_summary_tracks_registered_surface PASSED [ 22%]
tests/test_fastmcp_frontdoor.py::test_server_instructions_require_internal_hlf_loop PASSED [ 22%]
tests/test_fastmcp_frontdoor.py::test_hlf_native_agent_prompt_enforces_internal_loop PASSED [ 22%]
tests/test_fastmcp_frontdoor.py::test_mcp_protected_tool_without_hlf_proof_is_rejected PASSED [ 22%]
tests/test_fastmcp_frontdoor.py::test_mcp_protected_tool_rejects_unbound_governance_proof PASSED [ 22%]
tests/test_fastmcp_frontdoor.py::test_mcp_protected_tool_rejects_invalid_bound_governance_proof PASSED [ 22%]
tests/test_fastmcp_frontdoor.py::test_mcp_protected_swarm_mechanics_without_hlf_proof_is_rejected PASSED [ 22%]
tests/test_fastmcp_frontdoor.py::test_mcp_bootstrap_validation_tool_remains_discoverable_without_proof PASSED [ 22%]
tests/test_fastmcp_frontdoor.py::test_mcp_translate_to_english_read_only_egress_is_bootstrap_safe PASSED [ 22%]
tests/test_fastmcp_frontdoor.py::test_mcp_mutating_runtime_tool_without_hlf_proof_remains_rejected PASSED [ 22%]
tests/test_fastmcp_frontdoor.py::test_mcp_protected_tool_accepts_valid_hlf_contract_and_checks_egress PASSED [ 22%]
tests/test_fastmcp_frontdoor.py::test_mcp_governed_swarm_wrapper_creates_target_bound_artifact PASSED [ 22%]
tests/test_fastmcp_frontdoor.py::test_mcp_protected_tool_rejects_valid_contract_without_target_binding PASSED [ 22%]
tests/test_fastmcp_frontdoor.py::test_mcp_protected_tool_rejects_contract_bound_to_wrong_tool PASSED [ 22%]
tests/test_fastmcp_frontdoor.py::test_mcp_protected_tool_rejects_contract_bound_to_different_arguments PASSED [ 22%]
tests/test_fastmcp_frontdoor.py::test_mcp_protected_tool_accepts_governance_proof_bound_to_tool_call PASSED [ 22%]
tests/test_fastmcp_frontdoor.py::test_agent_handoff_resource_requires_raw_hlf_for_subagents PASSED [ 22%]
tests/test_fastmcp_frontdoor.py::test_server_registers_model_catalog_tools PASSED [ 22%]
tests/test_fastmcp_frontdoor.py::test_fixture_gallery_status_resource_reports_packaged_fixture_health PASSED [ 22%]
tests/test_fastmcp_frontdoor.py::test_operator_surfaces_status_resource_indexes_packaged_operator_entrypoints PASSED [ 22%]
tests/test_fastmcp_frontdoor.py::test_native_comprehension_index_resource_lists_first_slice_surfaces PASSED [ 22%]
tests/test_fastmcp_frontdoor.py::test_translation_contract_native_comprehension_packet_uses_latest_contract PASSED [ 22%]
tests/test_fastmcp_frontdoor.py::test_governed_recall_native_comprehension_packet_uses_latest_recall PASSED [ 22%]
tests/test_fastmcp_frontdoor.py::test_symbolic_surface_native_comprehension_packet_preserves_authority_boundary PASSED [ 22%]
tests/test_fastmcp_frontdoor.py::test_hks_evaluation_native_comprehension_packet_uses_latest_evaluation PASSED [ 22%]
tests/test_fastmcp_frontdoor.py::test_hks_external_compare_native_comprehension_packet_uses_latest_contract PASSED [ 22%]
tests/test_fastmcp_frontdoor.py::test_symbolic_surface_status_resource_exposes_bridge_true_proof_bundle PASSED [ 22%]
tests/test_fastmcp_frontdoor.py::test_symbolic_surface_markdown_report_matches_structured_status_surface PASSED [ 22%]
tests/test_fastmcp_frontdoor.py::test_render_resource_uri_supports_symbolic_surface_status PASSED [ 22%]
tests/test_fastmcp_frontdoor.py::test_render_resource_uri_supports_symbolic_surface_report PASSED [ 22%]
tests/test_fastmcp_frontdoor.py::test_render_resource_uri_supports_symbolic_surface_explainer PASSED [ 22%]
tests/test_fastmcp_frontdoor.py::test_render_resource_uri_supports_operator_surfaces_status PASSED [ 22%]
tests/test_fastmcp_frontdoor.py::test_render_resource_uri_supports_native_comprehension_index PASSED [ 22%]
tests/test_fastmcp_frontdoor.py::test_render_resource_uri_supports_native_comprehension_packet PASSED [ 22%]
tests/test_fastmcp_frontdoor.py::test_operator_surfaces_markdown_report_matches_structured_status_surface PASSED [ 22%]
tests/test_fastmcp_frontdoor.py::test_translation_contract_status_resource_exposes_latest_chain PASSED [ 22%]
tests/test_fastmcp_frontdoor.py::test_runtime_symbolic_bundle_overrides_static_symbolic_surfaces PASSED [ 22%]
tests/test_fastmcp_frontdoor.py::test_fixture_gallery_markdown_report_matches_structured_status_surface PASSED [ 22%]
tests/test_fastmcp_frontdoor.py::test_server_entrypoint_streamable_http_exposes_symbolic_bundle_end_to_end PASSED [ 22%]
tests/test_fastmcp_frontdoor.py::test_fixture_gallery_status_reports_missing_directory_when_candidates_are_invalid PASSED [ 22%]
tests/test_fastmcp_frontdoor.py::test_host_functions_resource_preserves_missing_governance_error_signal PASSED [ 22%]
tests/test_fastmcp_frontdoor.py::test_host_functions_surfaces_typed_contract_fields PASSED [ 22%]
tests/test_fastmcp_frontdoor.py::test_host_call_returns_operator_readable_policy_trace PASSED [ 22%]
tests/test_fastmcp_frontdoor.py::test_memory_governance_tool_returns_structured_error_for_missing_identifier PASSED [ 22%]
tests/test_fastmcp_frontdoor.py::test_memory_governance_tool_returns_structured_error_for_invalid_action PASSED [ 22%]
tests/test_fastmcp_frontdoor.py::test_align_status_surfaces_normalized_action_semantics PASSED [ 22%]
tests/test_fastmcp_frontdoor.py::test_align_failure_affects_later_governed_routing PASSED [ 22%]
tests/test_fastmcp_frontdoor.py::test_formal_verifier_tools_and_resource_surface_proven_constraints PASSED [ 22%]
tests/test_fastmcp_frontdoor.py::test_formal_verify_ast_surfaces_review_required_admission_for_unknown_effectful_proof PASSED [ 22%]
tests/test_fastmcp_frontdoor.py::test_agent_scoped_verifier_tools_feed_witness_governance PASSED [ 23%]
tests/test_fastmcp_frontdoor.py::test_agent_scoped_verifier_advisory_and_skipped_states_remain_explicit_but_trust_neutral PASSED [ 23%]
tests/test_fastmcp_frontdoor.py::test_governed_route_surfaces_ingress_contract_in_route_trace PASSED [ 23%]
tests/test_fastmcp_frontdoor.py::test_hlf_run_surfaces_explicit_ingress_and_blocks_replayed_nonce PASSED [ 23%]
tests/test_fastmcp_frontdoor.py::test_governed_route_denies_replayed_ingress_nonce_before_profile_selection PASSED [ 23%]
tests/test_fastmcp_frontdoor.py::test_capsule_run_reuses_route_ingress_contract_for_execution_admission PASSED [ 23%]
tests/test_fastmcp_frontdoor.py::test_capsule_run_denies_replayed_ingress_nonce_without_route_trace PASSED [ 23%]
tests/test_fastmcp_frontdoor.py::test_provenance_contract_resource_surfaces_memory_and_governance_summary PASSED [ 23%]
tests/test_fastmcp_frontdoor.py::test_memory_governance_tool_and_resource_surface_governed_intervention PASSED [ 23%]
tests/test_fastmcp_frontdoor.py::test_persona_review_resource_surfaces_owner_and_gate_rollups PASSED [ 23%]
tests/test_fastmcp_frontdoor.py::test_memory_governance_resource_orders_multiple_interventions_for_same_fact PASSED [ 23%]
tests/test_fastmcp_frontdoor.py::test_instinct_realign_persists_mission_status_in_resource PASSED [ 23%]
tests/test_fastmcp_frontdoor.py::test_instinct_resource_surfaces_proof_ready_and_sealed_states PASSED [ 23%]
tests/test_fastmcp_frontdoor.py::test_model_catalog_status_surfaces_lane_summary_for_tool_and_resource PASSED [ 23%]
tests/test_fastmcp_frontdoor.py::test_route_governed_request_can_use_remote_direct_catalog_path PASSED [ 23%]
tests/test_fastmcp_frontdoor.py::test_route_governed_request_denies_when_required_evidence_is_missing PASSED [ 23%]
tests/test_fastmcp_frontdoor.py::test_governed_route_resource_surfaces_latest_trace PASSED [ 23%]
tests/test_fastmcp_frontdoor.py::test_governed_recall_status_resource_exposes_latest_chain PASSED [ 23%]
tests/test_fastmcp_frontdoor.py::test_hlf_governed_recall_exposes_runtime_purpose_mode PASSED [ 23%]
tests/test_fastmcp_frontdoor.py::test_hks_evaluation_status_resource_exposes_latest_chain PASSED [ 23%]
tests/test_fastmcp_frontdoor.py::test_hks_evaluation_negative_path_resources_show_explicit_local_but_non_promotable PASSED [ 23%]
tests/test_fastmcp_frontdoor.py::test_memory_store_tool_accepts_hks_intake_contract_fields PASSED [ 23%]
tests/test_fastmcp_frontdoor.py::test_hks_external_compare_status_resource_exposes_latest_contract PASSED [ 23%]
tests/test_fastmcp_frontdoor.py::test_internal_governed_recall_workflow_resources_expose_latest_contract PASSED [ 23%]
tests/test_fastmcp_frontdoor.py::test_approval_queue_resources_surface_request_and_transition_history PASSED [ 23%]
tests/test_fastmcp_frontdoor.py::test_governed_route_resource_falls_back_to_embodied_execution_admission PASSED [ 23%]
tests/test_fastmcp_frontdoor.py::test_approval_bypass_resources_surface_recent_attempts_and_subject_status PASSED [ 23%]
tests/test_fastmcp_frontdoor.py::test_entropy_anchor_and_daemon_alert_resources_surface_operator_readable_status PASSED [ 23%]
tests/test_fastmcp_frontdoor.py::test_daemon_transparency_resources_surface_rolling_audit_and_markdown_report PASSED [ 23%]
tests/test_fastmcp_frontdoor.py::test_entropy_anchor_subject_witness_affects_governed_routing PASSED [ 23%]
tests/test_fastmcp_frontdoor.py::test_pointer_trust_failure_affects_governed_routing PASSED [ 23%]
tests/test_fastmcp_frontdoor.py::test_operator_resources_expose_full_governed_inspectability_chain PASSED [ 23%]
tests/test_fastmcp_frontdoor.py::test_operator_resources_link_instinct_proof_state_into_review_chain PASSED [ 23%]
tests/test_fastmcp_frontdoor.py::test_query_profile_capabilities_surfaces_governed_matches_and_active_profiles PASSED [ 23%]
tests/test_fastmcp_frontdoor.py::test_profile_capability_catalog_resource_surfaces_latest_governed_catalog PASSED [ 23%]
tests/test_fastmcp_frontdoor.py::test_profile_capability_catalog_includes_multimodal_host_function_requirements PASSED [ 23%]
tests/test_fastmcp_frontdoor.py::test_multimodal_contract_resource_surfaces_host_function_bindings PASSED [ 23%]
tests/test_fastmcp_frontdoor.py::test_route_governed_request_requires_launch_qualified_model_for_multilingual_lane PASSED [ 23%]
tests/test_fastmcp_frontdoor.py::test_route_governed_request_uses_persisted_benchmark_artifact_when_scores_not_passed PASSED [ 23%]
tests/test_fastmcp_frontdoor.py::test_route_governed_request_enforces_deployment_allowlist PASSED [ 23%]
tests/test_fastmcp_frontdoor.py::test_route_governed_request_uses_witness_probation_as_real_routing_input PASSED [ 23%]
tests/test_fastmcp_frontdoor.py::test_route_governed_request_denies_when_witness_state_is_restricted PASSED [ 23%]
tests/test_fastmcp_frontdoor.py::test_benchmark_artifact_tools_roundtrip PASSED [ 23%]
tests/test_fastmcp_frontdoor.py::test_route_governed_request_uses_sidecar_and_verifier_artifacts_for_explainer_lane PASSED [ 23%]
tests/test_fixtures_catalog.py::test_all_shipped_fixtures_compile PASSED [ 23%]
tests/test_fork_compliance.py::TestForkComplianceCheck::test_live_repo_passes_hard_checks PASSED [ 23%]
tests/test_fork_compliance.py::TestForkComplianceCheck::test_live_repo_has_no_required_file_failures PASSED [ 23%]
tests/test_fork_compliance.py::TestForkComplianceCheck::test_report_passed_checks_not_empty PASSED [ 23%]
tests/test_fork_compliance.py::TestForkComplianceCheck::test_to_dict_has_expected_keys PASSED [ 23%]
tests/test_fork_compliance.py::TestForkComplianceCheck::test_to_dict_is_json_serialisable PASSED [ 24%]
tests/test_fork_compliance.py::TestForkComplianceCheck::test_missing_required_file_produces_hard_failure PASSED [ 24%]
tests/test_fork_compliance.py::TestForkComplianceCheck::test_missing_required_file_includes_remediation PASSED [ 24%]
tests/test_fork_compliance.py::TestForkComplianceCheck::test_missing_recommended_file_is_warning_not_hard PASSED [ 24%]
tests/test_fork_compliance.py::TestForkComplianceCheck::test_low_align_rules_is_hard_failure PASSED [ 24%]
tests/test_fork_compliance.py::TestForkComplianceCheck::test_sufficient_align_rules_passes PASSED [ 24%]
tests/test_fork_compliance.py::TestForkComplianceCheck::test_missing_capsule_tier_is_hard_failure PASSED [ 24%]
tests/test_fork_compliance.py::TestForkComplianceCheck::test_all_capsule_tiers_passes PASSED [ 24%]
tests/test_fork_compliance.py::TestForkComplianceCheck::test_missing_hil_gate_is_warning_not_hard PASSED [ 24%]
tests/test_fork_compliance.py::TestRevocationLedger::test_warn_creates_warning_entry PASSED [ 24%]
tests/test_fork_compliance.py::TestRevocationLedger::test_warn_records_operator PASSED [ 24%]
tests/test_fork_compliance.py::TestRevocationLedger::test_warn_sets_appealable_true PASSED [ 24%]
tests/test_fork_compliance.py::TestRevocationLedger::test_warn_unknown_clause_raises PASSED [ 24%]
tests/test_fork_compliance.py::TestRevocationLedger::test_revoke_requires_prior_warning PASSED [ 24%]
tests/test_fork_compliance.py::TestRevocationLedger::test_revoke_after_warning_succeeds PASSED [ 24%]
tests/test_fork_compliance.py::TestRevocationLedger::test_revoke_sets_is_revoked PASSED [ 24%]
tests/test_fork_compliance.py::TestRevocationLedger::test_not_revoked_before_warning PASSED [ 24%]
tests/test_fork_compliance.py::TestRevocationLedger::test_reinstate_clears_revoked_status PASSED [ 24%]
tests/test_fork_compliance.py::TestRevocationLedger::test_reinstate_creates_reinstate_entry PASSED [ 24%]
tests/test_fork_compliance.py::TestRevocationLedger::test_audit_creates_audit_entry PASSED [ 24%]
tests/test_fork_compliance.py::TestRevocationLedger::test_verify_chain_passes_on_clean_ledger PASSED [ 24%]
tests/test_fork_compliance.py::TestRevocationLedger::test_verify_chain_detects_tampered_trace_id PASSED [ 24%]
tests/test_fork_compliance.py::TestRevocationLedger::test_verify_chain_detects_tampered_prev_hash PASSED [ 24%]
tests/test_fork_compliance.py::TestRevocationLedger::test_verify_chain_detects_tampered_evidence_hash PASSED [ 24%]
tests/test_fork_compliance.py::TestRevocationLedger::test_verify_chain_empty_ledger_passes PASSED [ 24%]
tests/test_fork_compliance.py::TestRevocationLedger::test_has_warning_true_after_warn PASSED [ 24%]
tests/test_fork_compliance.py::TestRevocationLedger::test_has_warning_false_before_warn PASSED [ 24%]
tests/test_fork_compliance.py::TestRevocationLedger::test_entries_for_filters_by_entity PASSED [ 24%]
tests/test_fork_compliance.py::TestRevocationLedger::test_all_entries_returns_all PASSED [ 24%]
tests/test_fork_compliance.py::TestRevocationLedger::test_export_list_returns_dicts PASSED [ 24%]
tests/test_fork_compliance.py::TestRevocationLedger::test_export_list_is_json_serialisable PASSED [ 24%]
tests/test_fork_compliance.py::TestRevocationLedger::test_export_jsonl_writes_file PASSED [ 24%]
tests/test_fork_compliance.py::TestRevocationLedger::test_export_jsonl_multiple_entries PASSED [ 24%]
tests/test_formal_verifier.py::test_verification_report_tracks_all_status_counts PASSED [ 24%]
tests/test_formal_verifier.py::test_normalize_ast_accepts_nested_compiler_payload PASSED [ 24%]
tests/test_formal_verifier.py::test_verify_ast_emits_proven_and_counterexample_results_from_packaged_ast PASSED [ 24%]
tests/test_formal_verifier.py::test_verify_ast_returns_skipped_when_no_constraints_are_extracted PASSED [ 24%]
tests/test_formal_verifier.py::test_normalize_ast_accepts_packaged_statements_payload PASSED [ 24%]
tests/test_formal_verifier.py::test_verify_type_returns_counterexample_for_invalid_invariant PASSED [ 24%]
tests/test_formal_verifier.py::test_verify_gas_budget_returns_counterexample_when_budget_is_exceeded PASSED [ 24%]
tests/test_formal_verifier.py::test_verify_ast_interprets_compiler_constraint_fields PASSED [ 24%]
tests/test_formal_verifier.py::test_verify_ast_proves_compiler_spec_gate_literals PASSED [ 24%]
tests/test_formal_verifier.py::test_verify_ast_returns_counterexample_for_false_spec_gate_literal PASSED [ 24%]
tests/test_formal_verifier.py::test_verify_embodied_contract_accepts_bounded_simulation_contract PASSED [ 24%]
tests/test_formal_verifier.py::test_verify_embodied_contract_rejects_unbounded_guarded_actuate PASSED [ 24%]
tests/test_formatter.py::test_format_uppercase_tags PASSED               [ 24%]
tests/test_formatter.py::test_format_preserves_omega PASSED              [ 24%]
tests/test_formatter.py::test_format_trailing_newline PASSED             [ 24%]
tests/test_formatter.py::test_format_strips_blank_lines PASSED           [ 24%]
tests/test_formatter.py::test_format_sub_statement_indentation PASSED    [ 24%]
tests/test_formatter.py::test_format_primary_glyph_not_indented PASSED   [ 25%]
tests/test_formatter.py::test_diff_summary_no_changes PASSED             [ 25%]
tests/test_formatter.py::test_diff_summary_shows_changes PASSED          [ 25%]
tests/test_formatter.py::test_format_removes_comments PASSED             [ 25%]
tests/test_formatter.py::test_format_collapses_spaces PASSED             [ 25%]
tests/test_gallery_modules.py::test_type_explorer_import PASSED          [ 25%]
tests/test_gallery_modules.py::test_type_explorer_demo_runs PASSED       [ 25%]
tests/test_gallery_modules.py::test_verification_viewer_import PASSED    [ 25%]
tests/test_gallery_modules.py::test_verification_viewer_demo_runs PASSED [ 25%]
tests/test_gallery_modules.py::test_verification_viewer_report_structure PASSED [ 25%]
tests/test_gallery_modules.py::test_manifest_viewer_import PASSED        [ 25%]
tests/test_gallery_modules.py::test_manifest_viewer_demo_runs PASSED     [ 25%]
tests/test_gallery_modules.py::test_manifest_viewer_structure PASSED     [ 25%]
tests/test_gallery_modules.py::test_provenance_viewer_import PASSED      [ 25%]
tests/test_gallery_modules.py::test_provenance_viewer_demo_runs PASSED   [ 25%]
tests/test_gallery_modules.py::test_provenance_viewer_structure PASSED   [ 25%]
tests/test_gallery_modules.py::test_gallery_package_imports PASSED       [ 25%]
tests/test_gallery_operatorization.py::TestTelemetryCollectorStartStop::test_collector_create_default PASSED [ 25%]
tests/test_gallery_operatorization.py::TestTelemetryCollectorStartStop::test_collector_start_stop PASSED [ 25%]
tests/test_gallery_operatorization.py::TestTelemetryCollectorStartStop::test_collector_double_start_raises PASSED [ 25%]
tests/test_gallery_operatorization.py::TestTelemetrySnapshot::test_snapshot_returns_valid_data PASSED [ 25%]
tests/test_gallery_operatorization.py::TestTelemetrySnapshot::test_snapshot_adds_to_history PASSED [ 25%]
tests/test_gallery_operatorization.py::TestTelemetrySnapshot::test_snapshot_to_ndjson_is_parseable PASSED [ 25%]
tests/test_gallery_operatorization.py::TestTelemetryStream::test_stream_yields_existing_history PASSED [ 25%]
tests/test_gallery_operatorization.py::TestTelemetryStream::test_stream_lines_are_valid_ndjson PASSED [ 25%]
tests/test_gallery_operatorization.py::TestTelemetryStream::test_stream_stops_when_collector_stopped PASSED [ 25%]
tests/test_gallery_operatorization.py::TestOperatorCLIDashboard::test_dashboard_flag_parsed PASSED [ 25%]
tests/test_gallery_operatorization.py::TestOperatorCLIDashboard::test_snapshot_flag_parsed PASSED [ 25%]
tests/test_gallery_operatorization.py::TestOperatorCLIDashboard::test_snapshot_output_is_valid_json PASSED [ 25%]
tests/test_gallery_operatorization.py::TestOperatorCLISnapshot::test_snapshot_mode_exit_code_zero PASSED [ 25%]
tests/test_gallery_operatorization.py::TestOperatorCLISnapshot::test_snapshot_default_format_is_ndjson PASSED [ 25%]
tests/test_gallery_operatorization.py::TestOperatorCLIWatch::test_watch_flag_parsed PASSED [ 25%]
tests/test_gallery_operatorization.py::TestOperatorCLIWatch::test_interval_flag_parsed PASSED [ 25%]
tests/test_gallery_operatorization.py::TestOperatorCLISubcommands::test_status_subcommand_runs PASSED [ 25%]
tests/test_gallery_operatorization.py::TestOperatorCLISubcommands::test_pillars_subcommand_runs PASSED [ 25%]
tests/test_gallery_operatorization.py::TestOperatorCLISubcommands::test_violations_subcommand_runs PASSED [ 25%]
tests/test_gallery_operatorization.py::TestOperatorCLISubcommands::test_audit_subcommand_runs PASSED [ 25%]
tests/test_gallery_operatorization.py::TestDashboardWithLiveTelemetry::test_integrate_telemetry_snapshot_enriches_dashboard PASSED [ 25%]
tests/test_gallery_operatorization.py::TestDashboardWithLiveTelemetry::test_integrate_telemetry_updates_overall_status PASSED [ 25%]
tests/test_gallery_operatorization.py::TestDashboardWithLiveTelemetry::test_integrate_telemetry_keeps_existing_data_when_missing PASSED [ 25%]
tests/test_gallery_operatorization.py::TestDashboardWithLiveTelemetry::test_build_dashboard_with_trend_includes_trend_history PASSED [ 25%]
tests/test_gallery_operatorization.py::TestDashboardAlertThresholds::test_compute_alert_threshold_critical PASSED [ 25%]
tests/test_gallery_operatorization.py::TestDashboardAlertThresholds::test_compute_alert_threshold_degraded PASSED [ 25%]
tests/test_gallery_operatorization.py::TestDashboardAlertThresholds::test_compute_alert_threshold_healthy PASSED [ 25%]
tests/test_gallery_operatorization.py::TestGalleryOperatorizationIntegration::test_full_operator_toolchain PASSED [ 25%]
tests/test_gallery_operatorization.py::TestGalleryOperatorizationIntegration::test_gallery_package_exports_all_new_names PASSED [ 25%]
tests/test_gallery_operatorization.py::TestGalleryOperatorizationIntegration::test_existing_gallery_imports_still_work PASSED [ 25%]
tests/test_gallery_operatorization.py::TestTrendData::test_record_trend_snapshot_appends PASSED [ 25%]
tests/test_gallery_operatorization.py::TestTrendData::test_get_trend_history_returns_list PASSED [ 25%]
tests/test_gallery_operatorization.py::TestTrendData::test_clear_trend_history_empties_buffer PASSED [ 26%]
tests/test_gallery_operatorization.py::TestAlertColors::test_compute_alert_color_red PASSED [ 26%]
tests/test_gallery_operatorization.py::TestAlertColors::test_compute_alert_color_yellow PASSED [ 26%]
tests/test_gallery_operatorization.py::TestAlertColors::test_compute_alert_color_green PASSED [ 26%]
tests/test_gallery_operatorization.py::TestAlertColors::test_compute_pillar_alerts_adds_alert_fields PASSED [ 26%]
tests/test_gallery_operatorization.py::TestDisplayFunctions::test_display_dashboard_with_alerts_runs PASSED [ 26%]
tests/test_gallery_operatorization.py::TestDisplayFunctions::test_telemetry_snapshot_to_dict_is_complete PASSED [ 26%]
tests/test_gallery_operatorization.py::TestDisplayFunctions::test_create_default_collector_is_usable PASSED [ 26%]
tests/test_gallery_operatorization.py::TestAlertFeedbackDataclass::test_alert_feedback_creation_defaults PASSED [ 26%]
tests/test_gallery_operatorization.py::TestAlertFeedbackDataclass::test_alert_feedback_to_dict PASSED [ 26%]
tests/test_gallery_operatorization.py::TestAlertFeedbackDataclass::test_alert_feedback_meta_default_factory_isolation PASSED [ 26%]
tests/test_gallery_operatorization.py::TestFeedbackCollectorLifecycle::test_record_alert_stores_fire_info PASSED [ 26%]
tests/test_gallery_operatorization.py::TestFeedbackCollectorLifecycle::test_acknowledge_returns_feedback_event PASSED [ 26%]
tests/test_gallery_operatorization.py::TestFeedbackCollectorLifecycle::test_resolve_returns_feedback_event PASSED [ 26%]
tests/test_gallery_operatorization.py::TestFeedbackCollectorLifecycle::test_dismiss_returns_feedback_event PASSED [ 26%]
tests/test_gallery_operatorization.py::TestFeedbackCollectorLifecycle::test_escalate_returns_feedback_event PASSED [ 26%]
tests/test_gallery_operatorization.py::TestFeedbackCollectorLifecycle::test_snooze_returns_feedback_event PASSED [ 26%]
tests/test_gallery_operatorization.py::TestFeedbackCollectorLifecycle::test_get_alert_events_returns_ordered_events PASSED [ 26%]
tests/test_gallery_operatorization.py::TestFeedbackCollectorLifecycle::test_get_feedback_log_returns_all_events PASSED [ 26%]
tests/test_gallery_operatorization.py::TestFeedbackCollectorLifecycle::test_clear_empties_all_state PASSED [ 26%]
tests/test_gallery_operatorization.py::TestFeedbackCollectorStatistics::test_stats_empty_collector PASSED [ 26%]
tests/test_gallery_operatorization.py::TestFeedbackCollectorStatistics::test_stats_counts_correctly PASSED [ 26%]
tests/test_gallery_operatorization.py::TestFeedbackCollectorStatistics::test_stats_orphaned_detected PASSED [ 26%]
tests/test_gallery_operatorization.py::TestFeedbackCollectorStatistics::test_signal_to_noise_basic PASSED [ 26%]
tests/test_gallery_operatorization.py::TestFeedbackCollectorStatistics::test_signal_to_noise_all_actionable PASSED [ 26%]
tests/test_gallery_operatorization.py::TestFeedbackCollectorStatistics::test_signal_to_noise_all_noise PASSED [ 26%]
tests/test_gallery_operatorization.py::TestFeedbackCollectorStatistics::test_false_positive_rate_computation PASSED [ 26%]
tests/test_gallery_operatorization.py::TestFeedbackCollectorStatistics::test_escalation_rate_computation PASSED [ 26%]
tests/test_gallery_operatorization.py::TestFeedbackCollectorStatistics::test_mttr_computed_from_fire_to_resolve PASSED [ 26%]
tests/test_gallery_operatorization.py::TestFeedbackCollectorStatistics::test_mtta_computed_from_fire_to_ack PASSED [ 26%]
tests/test_gallery_operatorization.py::TestFeedbackCollectorStatistics::test_saturation_score_zero_alerts PASSED [ 26%]
tests/test_gallery_operatorization.py::TestFeedbackCollectorStatistics::test_saturation_score_with_noisy_alerts PASSED [ 26%]
tests/test_gallery_operatorization.py::TestFeedbackCollectorStatistics::test_saturation_score_healthy_system PASSED [ 26%]
tests/test_gallery_operatorization.py::TestFeedbackDeduplication::test_no_duplicates_when_all_unique PASSED [ 26%]
tests/test_gallery_operatorization.py::TestFeedbackDeduplication::test_duplicates_within_window_detected PASSED [ 26%]
tests/test_gallery_operatorization.py::TestFeedbackDeduplication::test_single_alert_no_duplicates PASSED [ 26%]
tests/test_gallery_operatorization.py::TestFeedbackDeduplication::test_different_fingerprints_no_dedup PASSED [ 26%]
tests/test_gallery_operatorization.py::TestFeedbackSnoozePattern::test_snooze_repeat_rate_zero_when_none_snoozed PASSED [ 26%]
tests/test_gallery_operatorization.py::TestFeedbackSnoozePattern::test_snooze_repeat_rate_detects_multiple_snoozes PASSED [ 26%]
tests/test_gallery_operatorization.py::TestFeedbackVolumeTrend::test_volume_trend_zero_for_single_alert PASSED [ 26%]
tests/test_gallery_operatorization.py::TestFeedbackVolumeTrend::test_volume_trend_zero_for_constant_rate PASSED [ 26%]
tests/test_gallery_operatorization.py::TestFeedbackVolumeTrend::test_volume_trend_empty_collector PASSED [ 26%]
tests/test_gallery_operatorization.py::TestFeedbackEdgeCases::test_orphaned_alert_response_time_not_counted PASSED [ 26%]
tests/test_gallery_operatorization.py::TestFeedbackEdgeCases::test_resolve_without_ack_still_counts PASSED [ 26%]
tests/test_gallery_operatorization.py::TestFeedbackEdgeCases::test_rapid_fire_duplicate_alerts PASSED [ 26%]
tests/test_gallery_operatorization.py::TestFeedbackEdgeCases::test_zero_alert_period_metrics PASSED [ 26%]
tests/test_gallery_operatorization.py::TestFeedbackEdgeCases::test_feedback_listener_called PASSED [ 26%]
tests/test_gallery_operatorization.py::TestFeedbackEdgeCases::test_feedback_listener_exception_ignored PASSED [ 26%]
tests/test_gallery_operatorization.py::TestFeedbackEdgeCases::test_thread_safety_concurrent_feedback PASSED [ 26%]
tests/test_gallery_operatorization.py::TestFeedbackEdgeCases::test_full_stats_to_dict_is_complete PASSED [ 27%]
tests/test_gallery_operatorization.py::TestFeedbackCLIParsing::test_feedback_subcommand_in_parser PASSED [ 27%]
tests/test_gallery_operatorization.py::TestFeedbackCLIParsing::test_feedback_ack_with_operator PASSED [ 27%]
tests/test_gallery_operatorization.py::TestFeedbackCLIParsing::test_feedback_resolve_with_note PASSED [ 27%]
tests/test_gallery_operatorization.py::TestFeedbackCLIParsing::test_feedback_dismiss_with_reason PASSED [ 27%]
tests/test_gallery_operatorization.py::TestFeedbackCLIParsing::test_feedback_escalate_with_tier PASSED [ 27%]
tests/test_gallery_operatorization.py::TestFeedbackCLIParsing::test_feedback_snooze_with_duration PASSED [ 27%]
tests/test_gallery_operatorization.py::TestFeedbackCLIParsing::test_feedback_stats_parsed PASSED [ 27%]
tests/test_gallery_operatorization.py::TestFeedbackCLIParsing::test_feedback_default_operator PASSED [ 27%]
tests/test_gallery_operatorization.py::TestNewCLISubcommands::test_evidence_subcommand_in_parser PASSED [ 27%]
tests/test_gallery_operatorization.py::TestNewCLISubcommands::test_evidence_with_type_and_limit PASSED [ 27%]
tests/test_gallery_operatorization.py::TestNewCLISubcommands::test_missions_subcommand_in_parser PASSED [ 27%]
tests/test_gallery_operatorization.py::TestNewCLISubcommands::test_missions_with_status_filter PASSED [ 27%]
tests/test_gallery_operatorization.py::TestNewCLISubcommands::test_export_subcommand_in_parser PASSED [ 27%]
tests/test_gallery_operatorization.py::TestNewCLISubcommands::test_export_with_format_and_output PASSED [ 27%]
tests/test_gallery_operatorization.py::TestNewCLISubcommands::test_export_format_choices PASSED [ 27%]
tests/test_gallery_operatorization.py::TestNewCLISubcommands::test_evidence_type_choices PASSED [ 27%]
tests/test_gallery_operatorization.py::TestNewCLISubcommands::test_missions_status_choices PASSED [ 27%]
tests/test_gallery_operatorization.py::TestCLISubcommandRouting::test_evidence_routes_to_handler PASSED [ 27%]
tests/test_gallery_operatorization.py::TestCLISubcommandRouting::test_missions_routes_to_handler PASSED [ 27%]
tests/test_gallery_operatorization.py::TestCLISubcommandRouting::test_export_routes_to_handler PASSED [ 27%]
tests/test_gallery_operatorization.py::TestCLISubcommandRouting::test_export_json_routes_to_handler PASSED [ 27%]
tests/test_gallery_operatorization.py::TestGalleryInitExports::test_evidence_summary_renderer_exported PASSED [ 27%]
tests/test_gallery_operatorization.py::TestGalleryInitExports::test_render_mission_panel_exported PASSED [ 27%]
tests/test_gallery_operatorization.py::TestGalleryInitExports::test_display_mission_panel_exported PASSED [ 27%]
tests/test_gallery_operatorization.py::TestGalleryInitExports::test_render_dream_findings_panel_exported PASSED [ 27%]
tests/test_gallery_operatorization.py::TestGalleryInitExports::test_display_dream_findings_panel_exported PASSED [ 27%]
tests/test_gallery_operatorization.py::TestGalleryInitExports::test_render_evidence_panel_exported PASSED [ 27%]
tests/test_gallery_operatorization.py::TestGalleryInitExports::test_display_evidence_panel_exported PASSED [ 27%]
tests/test_gallery_operatorization.py::TestGalleryInitExports::test_export_evidence_report_exported PASSED [ 27%]
tests/test_gallery_operatorization.py::TestTypedEffectPillarScore::test_returns_valid_structure PASSED [ 27%]
tests/test_gallery_operatorization.py::TestTypedEffectPillarScore::test_score_in_valid_range PASSED [ 27%]
tests/test_gallery_operatorization.py::TestTypedEffectPillarScore::test_components_have_required_fields PASSED [ 27%]
tests/test_gallery_operatorization.py::TestTypedEffectPillarScore::test_weights_sum_to_one PASSED [ 27%]
tests/test_gallery_operatorization.py::TestTypedEffectPillarScore::test_status_is_valid PASSED [ 27%]
tests/test_gallery_operatorization.py::TestTypedEffectPillarScore::test_weighted_average_matches_score PASSED [ 27%]
tests/test_gallery_operatorization.py::TestTypedEffectPillarScore::test_all_four_components_present PASSED [ 27%]
tests/test_gallery_operatorization.py::TestFormalVerificationPillarScore::test_returns_valid_structure PASSED [ 27%]
tests/test_gallery_operatorization.py::TestFormalVerificationPillarScore::test_score_in_valid_range PASSED [ 27%]
tests/test_gallery_operatorization.py::TestFormalVerificationPillarScore::test_components_have_required_fields PASSED [ 27%]
tests/test_gallery_operatorization.py::TestFormalVerificationPillarScore::test_weights_sum_to_one PASSED [ 27%]
tests/test_gallery_operatorization.py::TestFormalVerificationPillarScore::test_status_is_valid PASSED [ 27%]
tests/test_gallery_operatorization.py::TestFormalVerificationPillarScore::test_all_four_components_present PASSED [ 27%]
tests/test_gallery_operatorization.py::TestGalleryOperatorPillarScore::test_returns_valid_structure PASSED [ 27%]
tests/test_gallery_operatorization.py::TestGalleryOperatorPillarScore::test_score_in_valid_range PASSED [ 27%]
tests/test_gallery_operatorization.py::TestGalleryOperatorPillarScore::test_with_dashboard_data_input PASSED [ 27%]
tests/test_gallery_operatorization.py::TestGalleryOperatorPillarScore::test_components_match_weights FAILED [ 27%]
tests/test_gallery_operatorization.py::TestGalleryOperatorPillarScore::test_status_is_valid PASSED [ 27%]
tests/test_gallery_operatorization.py::TestGalleryOperatorPillarScore::test_gallery_thresholds_different PASSED [ 27%]
tests/test_gallery_operatorization.py::TestBuildFullScorecard::test_returns_valid_format PASSED [ 27%]
tests/test_gallery_operatorization.py::TestBuildFullScorecard::test_three_pillars_present PASSED [ 28%]
tests/test_gallery_operatorization.py::TestBuildFullScorecard::test_overall_is_weighted_average PASSED [ 28%]
tests/test_gallery_operatorization.py::TestBuildFullScorecard::test_gap_analysis_included PASSED [ 28%]
tests/test_gallery_operatorization.py::TestBuildFullScorecard::test_each_pillar_has_target PASSED [ 28%]
tests/test_gallery_operatorization.py::TestBuildFullScorecard::test_pillar_weights_correct PASSED [ 28%]
tests/test_gallery_operatorization.py::TestBuildFullScorecard::test_overall_score_in_range PASSED [ 28%]
tests/test_gallery_operatorization.py::TestBuildFullScorecard::test_scorecard_id_format PASSED [ 28%]
tests/test_gallery_operatorization.py::TestBuildFullScorecard::test_generated_at_is_iso PASSED [ 28%]
tests/test_gallery_operatorization.py::TestScorecardCLI::test_scorecard_subcommand_in_parser PASSED [ 28%]
tests/test_gallery_operatorization.py::TestScorecardCLI::test_scorecard_json_flag PASSED [ 28%]
tests/test_gallery_operatorization.py::TestScorecardCLI::test_scorecard_json_short_flag PASSED [ 28%]
tests/test_gallery_operatorization.py::TestScorecardCLI::test_scorecard_runs PASSED [ 28%]
tests/test_gallery_operatorization.py::TestScorecardCLI::test_scorecard_json_runs PASSED [ 28%]
tests/test_gallery_operatorization.py::TestPillarScoreBackwardCompat::test_build_dashboard_still_has_pillar_score PASSED [ 28%]
tests/test_gallery_operatorization.py::TestPillarScoreBackwardCompat::test_build_dashboard_has_pillar_scores PASSED [ 28%]
tests/test_gallery_operatorization.py::TestPillarScoreBackwardCompat::test_build_dashboard_has_full_scorecard PASSED [ 28%]
tests/test_gallery_operatorization.py::TestPillarScoreBackwardCompat::test_old_pillar_score_unchanged PASSED [ 28%]
tests/test_gallery_operatorization.py::TestPillarScoreBackwardCompat::test_full_scorecard_has_pillars PASSED [ 28%]
tests/test_gallery_operatorization.py::TestScorecardExports::test_compute_typed_effect_exported PASSED [ 28%]
tests/test_gallery_operatorization.py::TestScorecardExports::test_compute_formal_verification_exported PASSED [ 28%]
tests/test_gallery_operatorization.py::TestScorecardExports::test_compute_gallery_operator_exported PASSED [ 28%]
tests/test_gallery_operatorization.py::TestScorecardExports::test_build_full_scorecard_exported PASSED [ 28%]
tests/test_gallery_operatorization.py::TestScorecardExports::test_feedback_default_severity PASSED [ 28%]
tests/test_gallery_operatorization.py::TestFeedbackCLIExecution::test_feedback_ack_exit_code_zero PASSED [ 28%]
tests/test_gallery_operatorization.py::TestFeedbackCLIExecution::test_feedback_resolve_exit_code_zero PASSED [ 28%]
tests/test_gallery_operatorization.py::TestFeedbackCLIExecution::test_feedback_dismiss_exit_code_zero PASSED [ 28%]
tests/test_gallery_operatorization.py::TestFeedbackCLIExecution::test_feedback_escalate_exit_code_zero PASSED [ 28%]
tests/test_gallery_operatorization.py::TestFeedbackCLIExecution::test_feedback_snooze_exit_code_zero PASSED [ 28%]
tests/test_gallery_operatorization.py::TestFeedbackCLIExecution::test_feedback_stats_exit_code_zero PASSED [ 28%]
tests/test_gallery_operatorization.py::TestFeedbackCLIExecution::test_feedback_full_lifecycle_cli PASSED [ 28%]
tests/test_gallery_operatorization.py::TestDashboardFeedbackIntegration::test_compute_feedback_metrics_returns_dict PASSED [ 28%]
tests/test_gallery_operatorization.py::TestDashboardFeedbackIntegration::test_compute_feedback_metrics_with_collector PASSED [ 28%]
tests/test_gallery_operatorization.py::TestDashboardFeedbackIntegration::test_build_dashboard_with_feedback_includes_metrics PASSED [ 28%]
tests/test_gallery_operatorization.py::TestDashboardFeedbackIntegration::test_build_dashboard_with_feedback_adds_components PASSED [ 28%]
tests/test_gallery_operatorization.py::TestDashboardFeedbackIntegration::test_display_fatigue_gauge_plain_text PASSED [ 28%]
tests/test_gallery_operatorization.py::TestDashboardFeedbackIntegration::test_render_fatigue_gauge_low_saturation PASSED [ 28%]
tests/test_gallery_operatorization.py::TestGalleryNewExports::test_gallery_exports_feedback_collector PASSED [ 28%]
tests/test_gallery_operatorization.py::TestGalleryNewExports::test_gallery_exports_feedback_metrics PASSED [ 28%]
tests/test_gallery_operatorization.py::TestGalleryNewExports::test_gallery_existing_exports_unchanged PASSED [ 28%]
tests/test_gen_from_spec.py::test_generate_host_functions_reference_uses_packaged_registry PASSED [ 28%]
tests/test_gen_from_spec.py::test_write_host_functions_reference_writes_file PASSED [ 28%]
tests/test_github_scripts.py::TestSpecDriftCheck::test_load_yaml_opcodes_parses_pairs PASSED [ 28%]
tests/test_github_scripts.py::TestSpecDriftCheck::test_load_py_opcodes_parses_enum PASSED [ 28%]
tests/test_github_scripts.py::TestSpecDriftCheck::test_no_drift_when_matching PASSED [ 28%]
tests/test_github_scripts.py::TestSpecDriftCheck::test_detects_missing_opcode_in_py PASSED [ 28%]
tests/test_github_scripts.py::TestSpecDriftCheck::test_detects_code_mismatch PASSED [ 28%]
tests/test_github_scripts.py::TestSpecDriftCheck::test_count_mcp_tools FAILED [ 28%]
tests/test_github_scripts.py::TestSpecDriftCheck::test_readme_claimed_counts PASSED [ 28%]
tests/test_github_scripts.py::TestSpecDriftCheck::test_run_checks_returns_structure PASSED [ 28%]
tests/test_github_scripts.py::TestSpecDriftCheck::test_real_repo_no_opcode_drift PASSED [ 29%]
tests/test_github_scripts.py::TestReadinessRefreshCheck::test_refresh_not_required_for_ssot_only_change PASSED [ 29%]
tests/test_github_scripts.py::TestReadinessRefreshCheck::test_refresh_satisfied_when_input_and_readiness_output_change_together PASSED [ 29%]
tests/test_github_scripts.py::TestReadinessRefreshCheck::test_refresh_required_when_weekly_artifact_changes_without_generated_outputs PASSED [ 29%]
tests/test_github_scripts.py::TestReadinessRefreshCheck::test_refresh_satisfied_when_weekly_artifact_and_status_outputs_change_together PASSED [ 29%]
tests/test_github_scripts.py::TestGenerateStatusOverview::test_docs_blob_href_uses_relative_links_locally_and_github_env_in_ci PASSED [ 29%]
tests/test_github_scripts.py::TestGenerateStatusOverview::test_collect_status_data_and_render_surfaces FAILED [ 29%]
tests/test_github_scripts.py::TestEthicsComplianceCheck::test_missing_module_is_stub PASSED [ 29%]
tests/test_github_scripts.py::TestEthicsComplianceCheck::test_implemented_module_detected PASSED [ 29%]
tests/test_github_scripts.py::TestEthicsComplianceCheck::test_compiler_hook_comment_only PASSED [ 29%]
tests/test_github_scripts.py::TestEthicsComplianceCheck::test_compiler_hook_wired PASSED [ 29%]
tests/test_github_scripts.py::TestEthicsComplianceCheck::test_align_rules_adequate PASSED [ 29%]
tests/test_github_scripts.py::TestEthicsComplianceCheck::test_align_rules_inadequate PASSED [ 29%]
tests/test_github_scripts.py::TestCodebaseSnapshot::test_snapshot_non_empty FAILED [ 29%]
tests/test_github_scripts.py::TestCodebaseSnapshot::test_snapshot_respects_budget PASSED [ 29%]
tests/test_github_scripts.py::TestCodebaseSnapshot::test_snapshot_writes_file PASSED [ 29%]
tests/test_github_scripts.py::TestGovernedReviewContract::test_render_evolution_issue_accepts_dict_content PASSED [ 29%]
tests/test_github_scripts.py::TestGovernedReviewContract::test_render_evolution_issue_preserves_persona_handoff_block_wording PASSED [ 29%]
tests/test_github_scripts.py::TestModelRegistry::test_all_chains_have_at_least_two_models PASSED [ 29%]
tests/test_github_scripts.py::TestModelRegistry::test_all_chain_models_in_registry PASSED [ 29%]
tests/test_github_scripts.py::TestModelRegistry::test_reasoning_chain_primary_stays_in_reasoning_pool PASSED [ 29%]
tests/test_github_scripts.py::TestModelRegistry::test_planning_chain_primary_stays_in_planning_pool PASSED [ 29%]
tests/test_github_scripts.py::TestModelRegistry::test_doer_chain_primary_stays_in_execution_pool PASSED [ 29%]
tests/test_github_scripts.py::TestModelRegistry::test_coding_chain_primary_stays_in_coding_pool PASSED [ 29%]
tests/test_github_scripts.py::TestModelRegistry::test_ethics_chain_primary_stays_in_safety_pool PASSED [ 29%]
tests/test_github_scripts.py::TestModelRegistry::test_all_chains_contain_qwen_fallback PASSED [ 29%]
tests/test_github_scripts.py::TestModelRegistry::test_all_chains_contain_nemotron PASSED [ 29%]
tests/test_github_scripts.py::TestModelRegistry::test_cli_chains_match_packaged_policy PASSED [ 29%]
tests/test_github_scripts.py::TestModelRegistry::test_planning_and_doer_models_are_in_registry PASSED [ 29%]
tests/test_github_scripts.py::TestCircuitBreaker::test_initially_closed PASSED [ 29%]
tests/test_github_scripts.py::TestCircuitBreaker::test_opens_after_threshold PASSED [ 29%]
tests/test_github_scripts.py::TestCircuitBreaker::test_success_resets_counter PASSED [ 29%]
tests/test_github_scripts.py::TestCircuitBreaker::test_reset_closes_circuit PASSED [ 29%]
tests/test_github_scripts.py::TestCircuitBreaker::test_singleton_same_model PASSED [ 29%]
tests/test_github_scripts.py::TestCircuitBreaker::test_different_models_independent PASSED [ 29%]
tests/test_github_scripts.py::TestRetryPolicy::test_no_wait_on_first_attempt PASSED [ 29%]
tests/test_github_scripts.py::TestRetryPolicy::test_wait_occurs_on_retry PASSED [ 29%]
tests/test_github_scripts.py::TestRetryPolicy::test_cap_enforced PASSED  [ 29%]
tests/test_github_scripts.py::TestRetryPolicy::test_reset_restores_base PASSED [ 29%]
tests/test_github_scripts.py::TestConnectionMonitor::test_initial_success_rate_is_one PASSED [ 29%]
tests/test_github_scripts.py::TestConnectionMonitor::test_records_success_and_failure PASSED [ 29%]
tests/test_github_scripts.py::TestConnectionMonitor::test_p50_latency_correct PASSED [ 29%]
tests/test_github_scripts.py::TestConnectionMonitor::test_summary_contains_model_name PASSED [ 29%]
tests/test_github_scripts.py::TestResponseValidator::test_valid_response PASSED [ 29%]
tests/test_github_scripts.py::TestResponseValidator::test_too_short_invalid PASSED [ 29%]
tests/test_github_scripts.py::TestResponseValidator::test_empty_invalid PASSED [ 29%]
tests/test_github_scripts.py::TestResponseValidator::test_rate_limit_detected PASSED [ 29%]
tests/test_github_scripts.py::TestResponseValidator::test_unauthorized_detected PASSED [ 29%]
tests/test_github_scripts.py::TestResponseValidator::test_long_valid_response PASSED [ 29%]
tests/test_github_scripts.py::TestStreamingBuffer::test_reads_complete_stream PASSED [ 30%]
tests/test_github_scripts.py::TestStreamingBuffer::test_missing_done_sentinel PASSED [ 30%]
tests/test_github_scripts.py::TestStreamingBuffer::test_openai_compat_delta_chunks PASSED [ 30%]
tests/test_github_scripts.py::TestStreamingBuffer::test_network_reset_preserves_partial PASSED [ 30%]
tests/test_github_scripts.py::TestStreamingBuffer::test_bad_json_chunk_skipped PASSED [ 30%]
tests/test_github_scripts.py::TestFallbackOrchestrator::test_primary_tier_used_on_success PASSED [ 30%]
tests/test_github_scripts.py::TestFallbackOrchestrator::test_falls_back_on_open_circuit PASSED [ 30%]
tests/test_github_scripts.py::TestFallbackOrchestrator::test_all_tiers_exhausted_raises PASSED [ 30%]
tests/test_github_scripts.py::TestFallbackOrchestrator::test_audit_trail_has_error_and_success PASSED [ 30%]
tests/test_github_scripts.py::TestFallbackOrchestrator::test_tier_index_correct_after_n_fallbacks PASSED [ 30%]
tests/test_github_scripts.py::TestFallbackOrchestrator::test_health_report_lists_all_models PASSED [ 30%]
tests/test_github_scripts.py::TestFallbackOrchestrator::test_attempts_count_accumulated_across_tiers PASSED [ 30%]
tests/test_github_scripts.py::TestFallbackOrchestrator::test_result_includes_latency PASSED [ 30%]
tests/test_github_scripts.py::TestBackwardCompatShims::test_extract_content_native PASSED [ 30%]
tests/test_github_scripts.py::TestBackwardCompatShims::test_extract_content_openai_compat PASSED [ 30%]
tests/test_github_scripts.py::TestBackwardCompatShims::test_extract_content_compat_key PASSED [ 30%]
tests/test_github_scripts.py::TestBackwardCompatShims::test_call_ollama_auth_raises_runtime_error PASSED [ 30%]
tests/test_github_scripts.py::TestBackwardCompatShims::test_call_with_fallback_uses_fallback_on_primary_fail PASSED [ 30%]
tests/test_governance_assets.py::test_dictionary_json_present_and_parseable PASSED [ 30%]
tests/test_governance_assets.py::test_module_import_rules_present PASSED [ 30%]
tests/test_governance_assets.py::test_governance_package_is_shipped_in_wheel_config PASSED [ 30%]
tests/test_governance_assets.py::test_server_manifest_declares_operator_responsibilities PASSED [ 30%]
tests/test_governance_event_log.py::TestGovernanceEventLogBasics::test_append_single_event PASSED [ 30%]
tests/test_governance_event_log.py::TestGovernanceEventLogBasics::test_append_produces_valid_jsonl PASSED [ 30%]
tests/test_governance_event_log.py::TestGovernanceEventLogBasics::test_get_last_n_returns_most_recent_first PASSED [ 30%]
tests/test_governance_event_log.py::TestGovernanceEventLogBasics::test_get_last_n_respects_max_memory_cache PASSED [ 30%]
tests/test_governance_event_log.py::TestGovernanceEventLogBasics::test_get_last_n_summaries PASSED [ 30%]
tests/test_governance_event_log.py::TestGovernanceEventLogQueries::test_get_by_trace_ref PASSED [ 30%]
tests/test_governance_event_log.py::TestGovernanceEventLogQueries::test_get_by_trace_ref_missing PASSED [ 30%]
tests/test_governance_event_log.py::TestGovernanceEventLogQueries::test_get_by_content_hash PASSED [ 30%]
tests/test_governance_event_log.py::TestGovernanceEventLogIntegrity::test_verify_integrity_ok PASSED [ 30%]
tests/test_governance_event_log.py::TestGovernanceEventLogIntegrity::test_verify_integrity_detects_tampering PASSED [ 30%]
tests/test_governance_event_log.py::TestGovernanceEventLogRotation::test_rotation_by_size PASSED [ 30%]
tests/test_governance_event_log.py::TestGovernanceEventLogRotation::test_rotation_with_compression PASSED [ 30%]
tests/test_governance_event_log.py::TestGovernanceEventLogAnchors::test_memory_anchor_callback PASSED [ 30%]
tests/test_governance_event_log.py::TestGovernanceEventLogAnchors::test_runtime_anchor_callback PASSED [ 30%]
tests/test_governance_event_log.py::TestGovernanceEventLogAnchors::test_anchor_exception_isolated PASSED [ 30%]
tests/test_governance_event_log.py::TestGovernanceEventLogHydration::test_hydrate_cache_on_startup PASSED [ 30%]
tests/test_governance_proofs.py::test_event_chain_verifies_and_detects_tamper PASSED [ 30%]
tests/test_governance_proofs.py::test_audit_chain_integrity_report_states_hash_only_boundary PASSED [ 30%]
tests/test_governance_proofs.py::test_code_execute_result_has_first_class_governance_proof FAILED [ 30%]
tests/test_governance_proofs.py::test_governance_proof_summarizes_memory_anchor_trust_without_overclaiming PASSED [ 30%]
tests/test_governance_proofs.py::test_swarm_mechanics_resource_reports_proof_verification PASSED [ 30%]
tests/test_governance_spine.py::test_server_context_emits_governance_event_with_traceable_ref PASSED [ 30%]
tests/test_governance_spine.py::test_capture_validated_solution_returns_governance_event PASSED [ 30%]
tests/test_governance_spine.py::test_hlf_memory_store_returns_governance_event PASSED [ 30%]
tests/test_governance_spine.py::test_hlf_entropy_anchor_returns_governance_event PASSED [ 30%]
tests/test_governance_spine.py::test_approval_ledger_returns_governance_compatible_event_refs PASSED [ 30%]
tests/test_governed_ingress.py::test_governed_ingress_denies_rate_limit_before_replay_is_recorded PASSED [ 30%]
tests/test_governed_ingress.py::test_governed_ingress_denies_duplicate_nonce_after_align_passes PASSED [ 30%]
tests/test_governed_ingress.py::test_governed_ingress_blocks_on_align_drop_and_preserves_nonce_for_future_safe_call PASSED [ 31%]
tests/test_governed_ingress.py::test_governed_ingress_routes_warning_align_action_into_review PASSED [ 31%]
tests/test_governed_ingress.py::test_governed_ingress_denies_when_hlf_validation_is_required_but_missing PASSED [ 31%]
tests/test_governed_review.py::test_build_spec_sentinel_governed_review_warns_on_drift PASSED [ 31%]
tests/test_governed_review.py::test_build_test_health_governed_review_escalates_low_coverage PASSED [ 31%]
tests/test_governed_review.py::test_build_ethics_review_governed_review_ignores_no_actionable_findings PASSED [ 31%]
tests/test_governed_review.py::test_build_code_quality_governed_review_warns_on_open_alerts PASSED [ 31%]
tests/test_governed_review.py::test_build_doc_accuracy_governed_review_marks_drift_as_backlog PASSED [ 31%]
tests/test_governed_review.py::test_build_security_patterns_governed_review_escalates_actionable_findings PASSED [ 31%]
tests/test_governed_review.py::test_normalize_governed_review_recomputes_contract_from_input_review_type PASSED [ 31%]
tests/test_handoff_events.py::test_record_delegate_handoff_event_exposes_required_hashes_and_bounds PASSED [ 31%]
tests/test_handoff_events.py::test_handoff_chain_accepts_vote_dissent_progress_variants_without_new_grammar PASSED [ 31%]
tests/test_handoff_events.py::test_handoff_hash_chain_continuity_and_resources_report_latest_chain FAILED [ 31%]
tests/test_handoff_events.py::test_non_hlf_json_payload_is_accepted_as_conformant_event_schema PASSED [ 31%]
tests/test_handoff_events.py::test_orchestration_contract_preserves_plan_order_dependencies_and_merge_gate FAILED [ 31%]
tests/test_handoff_events.py::test_handoff_progress_vote_dissent_templates_and_semantic_drift_resources FAILED [ 31%]
tests/test_handoff_events.py::test_route_handoff_linkage_resource_joins_route_profile_and_handoff_lineage FAILED [ 31%]
tests/test_hitl_gate.py::TestApprovalRequest::test_create_request PASSED [ 31%]
tests/test_hitl_gate.py::TestApprovalRequest::test_roundtrip_serialization PASSED [ 31%]
tests/test_hitl_gate.py::TestApprovalRequest::test_is_expired_fresh PASSED [ 31%]
tests/test_hitl_gate.py::TestApprovalRequest::test_is_expired_stale PASSED [ 31%]
tests/test_hitl_gate.py::TestHITLGate::test_submit_and_approve PASSED    [ 31%]
tests/test_hitl_gate.py::TestHITLGate::test_submit_and_reject PASSED     [ 31%]
tests/test_hitl_gate.py::TestHITLGate::test_list_pending PASSED          [ 31%]
tests/test_hitl_gate.py::TestHITLGate::test_nonexistent_capsule PASSED   [ 31%]
tests/test_hitl_gate.py::TestHITLGate::test_check_timeouts PASSED        [ 31%]
tests/test_hitl_gate.py::TestHITLGate::test_approval_token PASSED        [ 31%]
tests/test_hitl_gate.py::TestRequireHumanApproval::test_require_human_approval_submits_request PASSED [ 31%]
tests/test_hitl_gate.py::TestRequireHumanApproval::test_require_then_approve_flow PASSED [ 31%]
tests/test_hitl_gate.py::TestHITLBlocksMerge::test_capsule_stuck_at_verify_without_approval PASSED [ 31%]
tests/test_hitl_gate.py::TestHITLBlocksMerge::test_approve_then_merge PASSED [ 31%]
tests/test_hitl_gate.py::TestHITLBlocksMerge::test_reject_blocks_merge_permanently PASSED [ 31%]
tests/test_hitl_gate.py::TestHITLBlocksMerge::test_timeout_blocks_merge PASSED [ 31%]
tests/test_hitl_integration.py::TestHITLInferenceIntegration::test_inference_without_hitl_returns_ok FAILED [ 31%]
tests/test_hitl_integration.py::TestHITLInferenceIntegration::test_inference_with_hitl_returns_awaiting FAILED [ 31%]
tests/test_hitl_integration.py::TestHITLInferenceIntegration::test_hitl_approval_token_is_valid FAILED [ 31%]
tests/test_hitl_integration.py::TestHITLInferenceIntegration::test_hitl_final_text_still_accessible FAILED [ 31%]
tests/test_hitl_integration.py::TestHITLApproveRejectFlow::test_full_approve_flow FAILED [ 31%]
tests/test_hitl_integration.py::TestHITLApproveRejectFlow::test_full_reject_flow FAILED [ 31%]
tests/test_hitl_integration.py::TestHITLApproveRejectFlow::test_reject_blocks_forever FAILED [ 31%]
tests/test_hitl_integration.py::TestHITLTimeout::test_expired_approval_not_approved FAILED [ 31%]
tests/test_hitl_integration.py::TestHITLTimeout::test_fresh_approval_not_expired FAILED [ 31%]
tests/test_hitl_integration.py::TestHITLMCPTools::test_list_pending_empty PASSED [ 31%]
tests/test_hitl_integration.py::TestHITLMCPTools::test_list_pending_with_items FAILED [ 31%]
tests/test_hitl_integration.py::TestHITLMCPTools::test_mcp_status_not_found PASSED [ 31%]
tests/test_hitl_integration.py::TestHITLMCPTools::test_mcp_approve_with_token_verification FAILED [ 31%]
tests/test_hitl_integration.py::TestCLIIntegration::test_cli_list_empty PASSED [ 31%]
tests/test_hitl_integration.py::TestCLIIntegration::test_cli_full_flow PASSED [ 31%]
tests/test_hitl_integration.py::TestCLIIntegration::test_cli_reject_flow PASSED [ 31%]
tests/test_hks_live_embeddings.py::TestDenseCosine::test_identical_vectors PASSED [ 32%]
tests/test_hks_live_embeddings.py::TestDenseCosine::test_orthogonal_vectors PASSED [ 32%]
tests/test_hks_live_embeddings.py::TestDenseCosine::test_opposite_vectors PASSED [ 32%]
tests/test_hks_live_embeddings.py::TestDenseCosine::test_empty_returns_zero PASSED [ 32%]
tests/test_hks_live_embeddings.py::TestDenseCosine::test_mismatched_lengths_returns_zero PASSED [ 32%]
tests/test_hks_live_embeddings.py::TestDenseCosine::test_zero_vector_returns_zero PASSED [ 32%]
tests/test_hks_live_embeddings.py::TestOllamaEmbedding::test_embed_fn_returns_nonempty_vector PASSED [ 32%]
tests/test_hks_live_embeddings.py::TestOllamaEmbedding::test_embed_fn_deterministic PASSED [ 32%]
tests/test_hks_live_embeddings.py::TestOllamaEmbedding::test_similar_texts_high_cosine PASSED [ 32%]
tests/test_hks_live_embeddings.py::TestOllamaEmbedding::test_dissimilar_texts_lower_cosine PASSED [ 32%]
tests/test_hks_live_embeddings.py::TestOllamaEmbedding::test_embed_fn_vector_dimension_consistency PASSED [ 32%]
tests/test_hks_live_embeddings.py::TestDenseRAGMemoryStoreQuery::test_store_records_embedding_blob PASSED [ 32%]
tests/test_hks_live_embeddings.py::TestDenseRAGMemoryStoreQuery::test_query_returns_dense_match PASSED [ 32%]
tests/test_hks_live_embeddings.py::TestDenseRAGMemoryStoreQuery::test_semantic_similarity_ranks_correctly PASSED [ 32%]
tests/test_hks_live_embeddings.py::TestDenseRAGMemoryStoreQuery::test_dedup_via_dense_cosine PASSED [ 32%]
tests/test_hks_live_embeddings.py::TestDenseHKSExemplarLifecycle::test_store_exemplar_with_dense_embeddings PASSED [ 32%]
tests/test_hks_live_embeddings.py::TestDenseHKSExemplarLifecycle::test_recall_exemplar_by_semantic_similarity PASSED [ 32%]
tests/test_hks_live_embeddings.py::TestDenseHKSExemplarLifecycle::test_dense_vs_sparse_recall_quality PASSED [ 32%]
tests/test_hks_live_embeddings.py::TestSparseFallback::test_store_and_query_without_embed_fn PASSED [ 32%]
tests/test_hks_live_embeddings.py::TestSparseFallback::test_embed_fn_failure_falls_back_gracefully PASSED [ 32%]
tests/test_hks_live_embeddings.py::TestBuildOllamaEmbedFn::test_build_ollama_embed_fn_returns_callable_or_none PASSED [ 32%]
tests/test_hks_live_embeddings.py::TestBuildOllamaEmbedFn::test_build_ollama_embed_fn_produces_correct_dimensions PASSED [ 32%]
tests/test_hks_live_embeddings.py::TestOpenRouterLive::test_openrouter_client_import SKIPPED [ 32%]
tests/test_hks_live_embeddings.py::TestOpenRouterLive::test_openrouter_simple_completion SKIPPED [ 32%]
tests/test_hks_live_embeddings.py::TestServerContextDenseWiring::test_server_context_memory_has_embed_fn PASSED [ 32%]
tests/test_hks_live_embeddings.py::TestServerContextDenseWiring::test_server_context_store_and_recall_dense PASSED [ 32%]
tests/test_hks_memory.py::test_rag_memory_store_exemplar_and_filter_by_domain PASSED [ 32%]
tests/test_hks_memory.py::test_rag_memory_exposes_explicit_memory_strata_and_storage_tiers PASSED [ 32%]
tests/test_hks_memory.py::test_rag_memory_query_exposes_retrieval_contract_and_graph_context PASSED [ 32%]
tests/test_hks_memory.py::test_rag_memory_store_materializes_first_class_graph_nodes PASSED [ 32%]
tests/test_hks_memory.py::test_rag_memory_store_exemplar_blocks_external_comparator_promotion PASSED [ 32%]
tests/test_hks_memory.py::test_rag_memory_store_exemplar_blocks_missing_explicit_local_evaluation PASSED [ 32%]
tests/test_hks_memory.py::test_rag_memory_store_exemplar_blocks_non_promotable_local_evaluation PASSED [ 32%]
tests/test_hks_memory.py::test_rag_memory_non_exemplar_write_does_not_infer_promotion_from_partial_local_evaluation PASSED [ 32%]
tests/test_hks_memory.py::test_server_hks_capture_and_recall_round_trip PASSED [ 32%]
tests/test_hks_memory.py::test_rag_memory_query_filters_superseded_entries_by_default PASSED [ 32%]
tests/test_hks_memory.py::test_rag_memory_query_filters_stale_and_requires_evidence_backed_provenance PASSED [ 32%]
tests/test_hks_memory.py::test_protected_hks_purpose_enforces_trust_lineage_freshness_revocation_and_tamper PASSED [ 32%]
tests/test_hks_memory.py::test_rag_memory_query_by_id_applies_protected_purpose_policy PASSED [ 32%]
tests/test_hks_memory.py::test_rag_memory_default_query_hides_archived_records_unless_requested PASSED [ 32%]
tests/test_hks_memory.py::test_weekly_artifact_memory_record_routes_unverified_artifact_to_archive PASSED [ 32%]
tests/test_hks_memory.py::test_rag_memory_store_materializes_source_capture_and_artifact_contract PASSED [ 32%]
tests/test_hks_memory.py::test_recorded_benchmark_artifact_exposes_memory_evidence PASSED [ 32%]
tests/test_hks_memory.py::test_benchmark_artifact_materializes_prompt_code_and_upgrade_graph_nodes PASSED [ 32%]
tests/test_hks_memory.py::test_rag_memory_resolve_pointer_blocks_basic_fact_for_routing_evidence PASSED [ 32%]
tests/test_hks_memory.py::test_rag_memory_query_rejects_basic_fact_for_routing_evidence PASSED [ 32%]
tests/test_hks_memory.py::test_rag_memory_query_rejects_unlinked_benchmark_for_verifier_evidence PASSED [ 32%]
tests/test_hks_memory.py::test_rag_memory_query_skips_low_signal_translation_memory_request PASSED [ 32%]
tests/test_hks_memory.py::test_rag_memory_query_invokes_translation_memory_for_chinese_signal PASSED [ 32%]
tests/test_hks_memory.py::test_rag_memory_query_escalates_low_signal_verifier_request PASSED [ 33%]
tests/test_hks_memory.py::test_server_memory_resolve_allows_hks_exemplar_for_execution_and_emits_event PASSED [ 33%]
tests/test_hks_memory.py::test_mcp_native_hks_capture_governed_recall_and_resolution_happy_path PASSED [ 33%]
tests/test_hks_memory.py::test_governed_recall_syncs_verified_weekly_artifacts_into_memory PASSED [ 33%]
tests/test_hks_memory.py::test_weekly_artifact_memory_record_materializes_first_class_graph_nodes PASSED [ 33%]
tests/test_hks_memory.py::test_hlf_memory_stats_exposes_archive_admission_bridge_summary PASSED [ 33%]
tests/test_hks_memory.py::test_hks_external_compare_returns_quarantined_bridge_contract PASSED [ 33%]
tests/test_hlf_ab_test_cli.py::TestDefineCommand::test_define_creates_config_file PASSED [ 33%]
tests/test_hlf_ab_test_cli.py::TestDefineCommand::test_define_rejects_empty_backends PASSED [ 33%]
tests/test_hlf_ab_test_cli.py::TestDefineCommand::test_define_rejects_unknown_domain PASSED [ 33%]
tests/test_hlf_ab_test_cli.py::TestDefineCommand::test_define_rejects_duplicate_name PASSED [ 33%]
tests/test_hlf_ab_test_cli.py::TestDefineCommand::test_define_config_is_valid_json PASSED [ 33%]
tests/test_hlf_ab_test_cli.py::TestDefineCommand::test_define_accepts_multiple_backends PASSED [ 33%]
tests/test_hlf_ab_test_cli.py::TestShowCommand::test_show_nonexistent_test_fails PASSED [ 33%]
tests/test_hlf_ab_test_cli.py::TestShowCommand::test_show_without_results_fails PASSED [ 33%]
tests/test_hlf_ab_test_cli.py::TestShowCommand::test_show_with_results_displays_correct_format PASSED [ 33%]
tests/test_hlf_ab_test_cli.py::TestRunCommand::test_run_nonexistent_test_fails PASSED [ 33%]
tests/test_hlf_ab_test_cli.py::TestRunCommand::test_run_stores_results PASSED [ 33%]
tests/test_hlf_ab_test_cli.py::TestBuiltInPrompts::test_medical_prompts_have_keywords PASSED [ 33%]
tests/test_hlf_ab_test_cli.py::TestBuiltInPrompts::test_code_prompts_have_keywords PASSED [ 33%]
tests/test_hlf_ab_test_cli.py::TestBuiltInPrompts::test_math_prompts_have_keywords PASSED [ 33%]
tests/test_hlf_ab_test_cli.py::TestBuiltInPrompts::test_general_prompts_have_keywords PASSED [ 33%]
tests/test_hlf_ab_test_cli.py::TestBuiltInPrompts::test_corpus_keywords_match_domains PASSED [ 33%]
tests/test_hlf_ab_test_cli.py::TestBuiltInPrompts::test_build_prompts_returns_correct_count PASSED [ 33%]
tests/test_hlf_ab_test_cli.py::TestBuiltInPrompts::test_build_prompts_rejects_unknown_domain PASSED [ 33%]
tests/test_hlf_ab_test_cli.py::TestBuiltInPrompts::test_build_prompts_respects_domain PASSED [ 33%]
tests/test_hlf_ab_test_cli.py::TestCLIHelp::test_help_text_exists PASSED [ 33%]
tests/test_hlf_ab_test_cli.py::TestCLIHelp::test_define_help PASSED      [ 33%]
tests/test_hlf_ab_test_cli.py::TestCLIHelp::test_no_command_shows_help_and_exits_1 PASSED [ 33%]
tests/test_hlf_ab_test_cli.py::TestMockOllamaIntegration::test_mocked_http_full_workflow PASSED [ 33%]
tests/test_hlf_ab_test_cli.py::TestMockOllamaIntegration::test_backend_callable_has_model_name_attribute PASSED [ 33%]
tests/test_hlf_ab_test_cli.py::TestMockOllamaIntegration::test_make_ollama_backend_checks_server PASSED [ 33%]
tests/test_hlf_ab_test_cli.py::TestMockOllamaIntegration::test_ollama_timeout_propagates PASSED [ 33%]
tests/test_hlf_ab_test_cli.py::TestMockOllamaIntegration::test_ollama_connection_error_propagates PASSED [ 33%]
tests/test_hlf_ab_test_cli.py::TestMockOllamaIntegration::test_ollama_empty_response_handled PASSED [ 33%]
tests/test_hlf_ab_test_cli.py::TestRealOllamaIntegration::test_real_ollama_define_run_show SKIPPED [ 33%]
tests/test_hlf_ab_test_cli.py::TestRealOllamaIntegration::test_real_ollama_backend_callable SKIPPED [ 33%]
tests/test_hlf_ab_test_cli.py::TestRealOllamaIntegration::test_check_ollama_running_positive SKIPPED [ 33%]
tests/test_hlf_ab_test_cli.py::TestResultsFile::test_results_file_is_valid_json PASSED [ 33%]
tests/test_hlf_ab_test_cli.py::TestResultsFile::test_results_comparison_has_all_fields PASSED [ 33%]
tests/test_hlf_ab_test_cli.py::TestEdgeCases::test_prompt_limit_capped_at_corpus_size PASSED [ 33%]
tests/test_hlf_ab_test_cli.py::TestEdgeCases::test_define_output_format PASSED [ 33%]
tests/test_hlf_ab_test_cli.py::TestEdgeCases::test_run_prints_summary PASSED [ 33%]
tests/test_hlf_ab_test_cli.py::TestProductionPurity::test_no_mock_factory_in_module PASSED [ 33%]
tests/test_hlf_ab_test_cli.py::TestProductionPurity::test_no_hardcoded_test_backends PASSED [ 33%]
tests/test_hlf_ab_test_cli.py::TestProductionPurity::test_backend_benchmark_imported_not_modified PASSED [ 33%]
tests/test_hlf_dxtools.py::TestHLFTestHarness::test_result_passed_property PASSED [ 33%]
tests/test_hlf_dxtools.py::TestHLFTestHarness::test_report_counts PASSED [ 33%]
tests/test_hlf_dxtools.py::TestHLFTestHarness::test_runner_accepts_bare_snippet PASSED [ 33%]
tests/test_hlf_dxtools.py::TestHLFTestHarness::test_runner_reports_compile_failure PASSED [ 33%]
tests/test_hlf_dxtools.py::TestHLFTestHarness::test_runner_directory PASSED [ 34%]
tests/test_hlf_dxtools.py::TestHLFTestHarness::test_assert_helpers PASSED [ 34%]
tests/test_hlf_dxtools.py::TestHLFTestHarness::test_cli_entry PASSED     [ 34%]
tests/test_hlf_dxtools.py::TestHLFShell::test_help_command PASSED        [ 34%]
tests/test_hlf_dxtools.py::TestHLFShell::test_eval_bare_set_persists_env PASSED [ 34%]
tests/test_hlf_dxtools.py::TestHLFShell::test_gas_and_reset_commands PASSED [ 34%]
tests/test_hlf_dxtools.py::TestHLFShell::test_ast_and_lint_commands PASSED [ 34%]
tests/test_hlf_dxtools.py::TestHLFShell::test_load_and_quit PASSED       [ 34%]
tests/test_hlf_evidence_cli.py::TestHLFEvidenceCLI::test_list_empty PASSED [ 34%]
tests/test_hlf_evidence_cli.py::TestHLFEvidenceCLI::test_list_with_entries PASSED [ 34%]
tests/test_hlf_evidence_cli.py::TestHLFEvidenceCLI::test_list_header_present PASSED [ 34%]
tests/test_hlf_evidence_cli.py::TestHLFEvidenceCLI::test_show_latent_default_limit PASSED [ 34%]
tests/test_hlf_evidence_cli.py::TestHLFEvidenceCLI::test_show_latent_limit_1 PASSED [ 34%]
tests/test_hlf_evidence_cli.py::TestHLFEvidenceCLI::test_show_by_capsule_id PASSED [ 34%]
tests/test_hlf_evidence_cli.py::TestHLFEvidenceCLI::test_show_by_partial_capsule_id PASSED [ 34%]
tests/test_hlf_evidence_cli.py::TestHLFEvidenceCLI::test_show_nonexistent_capsule PASSED [ 34%]
tests/test_hlf_evidence_cli.py::TestHLFEvidenceCLI::test_show_empty_traces PASSED [ 34%]
tests/test_hlf_evidence_cli.py::TestHLFEvidenceCLI::test_show_renders_attestations_with_latent_flag PASSED [ 34%]
tests/test_hlf_evidence_cli.py::TestHLFEvidenceCLI::test_show_renders_summary_without_latent_flag PASSED [ 34%]
tests/test_hlf_evidence_cli.py::TestHLFEvidenceCLI::test_show_renders_adapter_name PASSED [ 34%]
tests/test_hlf_evidence_cli.py::TestHLFEvidenceCLI::test_show_renders_merkle_root PASSED [ 34%]
tests/test_hlf_evidence_cli.py::TestHLFEvidenceCLI::test_show_renders_final_output PASSED [ 34%]
tests/test_hlf_evidence_cli.py::TestHLFEvidenceCLI::test_show_renders_status_aborted PASSED [ 34%]
tests/test_hlf_evidence_cli.py::TestHLFEvidenceCLI::test_show_renders_prompt PASSED [ 34%]
tests/test_hlf_evidence_cli.py::TestHLFEvidenceCLI::test_verify_valid_chain PASSED [ 34%]
tests/test_hlf_evidence_cli.py::TestHLFEvidenceCLI::test_verify_no_provenance PASSED [ 34%]
tests/test_hlf_evidence_cli.py::TestHLFEvidenceCLI::test_verify_nonexistent_capsule PASSED [ 34%]
tests/test_hlf_evidence_cli.py::TestHLFEvidenceCLI::test_verify_missing_arg PASSED [ 34%]
tests/test_hlf_evidence_cli.py::TestHLFEvidenceCLI::test_malformed_jsonl PASSED [ 34%]
tests/test_hlf_evidence_cli.py::TestHLFEvidenceCLI::test_no_command_prints_help PASSED [ 34%]
tests/test_hlf_evidence_cli.py::TestHLFEvidenceCLI::test_show_renders_gas_percentage PASSED [ 34%]
tests/test_hlf_evidence_cli.py::TestHLFEvidenceCLI::test_verify_with_tampered_attestation PASSED [ 34%]
tests/test_hlflsp.py::test_clean_modern_source_has_no_error_diagnostic PASSED [ 34%]
tests/test_hlflsp.py::test_invalid_source_produces_error_diagnostic PASSED [ 34%]
tests/test_hlflsp.py::test_legacy_set_binding_gets_hint_when_unused PASSED [ 34%]
tests/test_hlflsp.py::test_tag_completions_include_intent PASSED         [ 34%]
tests/test_hlflsp.py::test_import_completion_lists_stdlib_modules PASSED [ 34%]
tests/test_hlflsp.py::test_variable_completion_uses_set_bindings PASSED  [ 34%]
tests/test_hlflsp.py::test_hover_on_tag_returns_markdown PASSED          [ 34%]
tests/test_hlflsp.py::test_hover_on_var_ref_shows_bound_value PASSED     [ 34%]
tests/test_hlflsp.py::test_definition_jumps_to_set_binding PASSED        [ 34%]
tests/test_hlflsp.py::test_definition_jumps_to_function_binding PASSED   [ 34%]
tests/test_hlflsp.py::test_document_symbols_include_variables_and_functions PASSED [ 34%]
tests/test_hlflsp.py::test_extract_set_bindings_supports_legacy_and_modern_syntax PASSED [ 34%]
tests/test_hlfpm.py::test_install_offline_raises_hlfpm_error PASSED      [ 34%]
tests/test_hlfpm.py::test_install_copies_pulled_module_and_respects_checksum PASSED [ 34%]
tests/test_hlfpm.py::test_install_raises_on_checksum_mismatch PASSED     [ 34%]
tests/test_hlfpm.py::test_uninstall_and_freeze_roundtrip PASSED          [ 34%]
tests/test_hlfpm.py::test_search_and_update_behave_against_client_and_installed_state PASSED [ 34%]
tests/test_hlfsh_llm.py::TestModelCommand::test_model_no_arg_shows_current FAILED [ 35%]
tests/test_hlfsh_llm.py::TestModelCommand::test_model_switch_updates_active FAILED [ 35%]
tests/test_hlfsh_llm.py::TestModelCommand::test_model_switch_nulls_bridge FAILED [ 35%]
tests/test_hlfsh_llm.py::TestModelCommand::test_model_switch_new_bridge_uses_new_model FAILED [ 35%]
tests/test_hlfsh_llm.py::TestModelCommand::test_model_via_dispatch FAILED [ 35%]
tests/test_hlfsh_llm.py::TestModelCommand::test_model_via_dispatch_no_arg FAILED [ 35%]
tests/test_hlfsh_llm.py::TestModelCommand::test_model_switch_whitespace_arg FAILED [ 35%]
tests/test_hlfsh_llm.py::TestModelsCommand::test_models_via_dispatch FAILED [ 35%]
tests/test_hlfsh_llm.py::TestModelsCommand::test_models_marks_active FAILED [ 35%]
tests/test_hlfsh_llm.py::TestModelsCommand::test_models_api_error_fallback_ollama_cli FAILED [ 35%]
tests/test_hlfsh_llm.py::TestModelsCommand::test_models_complete_failure FAILED [ 35%]
tests/test_hlfsh_llm.py::TestModelsCommand::test_models_empty_list FAILED [ 35%]
tests/test_hlfsh_llm.py::TestModelsCommand::test_models_sorted_output FAILED [ 35%]
tests/test_hlfsh_llm.py::TestGenCommand::test_gen_valid_hlf_compiles_and_evals FAILED [ 35%]
tests/test_hlfsh_llm.py::TestGenCommand::test_gen_invalid_hlf_shows_error FAILED [ 35%]
tests/test_hlfsh_llm.py::TestGenCommand::test_gen_not_extracted_shows_raw FAILED [ 35%]
tests/test_hlfsh_llm.py::TestGenCommand::test_gen_empty_description FAILED [ 35%]
tests/test_hlfsh_llm.py::TestGenCommand::test_gen_llm_error FAILED       [ 35%]
tests/test_hlfsh_llm.py::TestGenCommand::test_gen_uses_active_model FAILED [ 35%]
tests/test_hlfsh_llm.py::TestGenCommand::test_gen_via_dispatch FAILED    [ 35%]
tests/test_hlfsh_llm.py::TestGenCommand::test_gen_displays_result_details FAILED [ 35%]
tests/test_hlfsh_llm.py::TestGenCommand::test_gen_eval_pipeline_tracks_state FAILED [ 35%]
tests/test_hlfsh_llm.py::TestGenCommand::test_gen_dispatch_entry_mocked FAILED [ 35%]
tests/test_hlfsh_llm.py::TestGenCommand::test_gen_dispatch_returns_true FAILED [ 35%]
tests/test_hlfsh_llm.py::TestCertifyCommand::test_certify_all_pass FAILED [ 35%]
tests/test_hlfsh_llm.py::TestCertifyCommand::test_certify_all_fail FAILED [ 35%]
tests/test_hlfsh_llm.py::TestCertifyCommand::test_certify_partial FAILED [ 35%]
tests/test_hlfsh_llm.py::TestCertifyCommand::test_certify_edge_threshold_80 FAILED [ 35%]
tests/test_hlfsh_llm.py::TestCertifyCommand::test_certify_llm_error_in_middle FAILED [ 35%]
tests/test_hlfsh_llm.py::TestCertifyCommand::test_certify_shows_model_name FAILED [ 35%]
tests/test_hlfsh_llm.py::TestCertifyCommand::test_certify_labels_appear FAILED [ 35%]
tests/test_hlfsh_llm.py::TestCertifyCommand::test_certify_via_dispatch FAILED [ 35%]
tests/test_hlfsh_llm.py::TestCertifyCommand::test_certify_dispatch_entry_mocked FAILED [ 35%]
tests/test_hlfsh_llm.py::TestCertifyCommand::test_certify_dispatch_returns_true FAILED [ 35%]
tests/test_hlfsh_llm.py::TestDispatch::test_unknown_cmd_returns_false FAILED [ 35%]
tests/test_hlfsh_llm.py::TestDispatch::test_unknown_cmd_falls_through_to_handle PASSED [ 35%]
tests/test_hlfsh_llm.py::TestDispatch::test_old_commands_still_work FAILED [ 35%]
tests/test_hlfsh_llm.py::TestDispatch::test_env_still_works FAILED       [ 35%]
tests/test_hlfsh_llm.py::TestDispatch::test_quit_still_works FAILED      [ 35%]
tests/test_hlfsh_llm.py::TestConstructor::test_default_model_set FAILED  [ 35%]
tests/test_hlfsh_llm.py::TestConstructor::test_custom_model_set FAILED   [ 35%]
tests/test_hlfsh_llm.py::TestConstructor::test_ollama_url_default FAILED [ 35%]
tests/test_hlfsh_llm.py::TestConstructor::test_ollama_url_trailing_slash_stripped FAILED [ 35%]
tests/test_hlfsh_llm.py::TestConstructor::test_custom_ollama_url FAILED  [ 35%]
tests/test_hlfsh_llm.py::TestConstructor::test_bridge_starts_none FAILED [ 35%]
tests/test_hlfsh_llm.py::TestConstructor::test_backward_compatible_no_new_args FAILED [ 35%]
tests/test_hlfsh_llm.py::TestBridgeProperty::test_bridge_creates_on_first_access FAILED [ 35%]
tests/test_hlfsh_llm.py::TestBridgeProperty::test_bridge_uses_active_model FAILED [ 35%]
tests/test_hlfsh_llm.py::TestBridgeProperty::test_bridge_cached_after_creation FAILED [ 35%]
tests/test_hlfsh_llm.py::test_help_text_includes_new_commands FAILED     [ 36%]
tests/test_host_function_contracts.py::test_registry_rejects_missing_typed_contract_fields PASSED [ 36%]
tests/test_host_function_contracts.py::test_registry_rejects_malformed_input_schema PASSED [ 36%]
tests/test_host_function_contracts.py::test_host_function_accepts_new_contract_fields PASSED [ 36%]
tests/test_host_function_contracts.py::test_host_function_rejects_invalid_new_contract_fields[safety_class-unsafe-safety_class must be one of] PASSED [ 36%]
tests/test_host_function_contracts.py::test_host_function_rejects_invalid_new_contract_fields[review_posture-pre_review-review_posture must be one of] PASSED [ 36%]
tests/test_host_function_contracts.py::test_host_function_rejects_invalid_new_contract_fields[execution_mode-indirect-execution_mode must be one of] PASSED [ 36%]
tests/test_host_function_contracts.py::test_host_function_rejects_invalid_new_contract_fields[evidence_pointer_fields-value3-evidence_pointer_fields must be a list of strings] PASSED [ 36%]
tests/test_host_function_contracts.py::test_apikeeper_store_contract PASSED [ 36%]
tests/test_host_function_contracts.py::test_apikeeper_rotate_contract PASSED [ 36%]
tests/test_host_function_contracts.py::test_apikeeper_audit_contract PASSED [ 36%]
tests/test_host_function_contracts.py::test_searxng_search_contract PASSED [ 36%]
tests/test_host_function_contracts.py::test_searxng_crawl_contract PASSED [ 36%]
tests/test_host_function_contracts.py::test_registry_loads_new_functions PASSED [ 36%]
tests/test_hybrid_rag.py::test_bm25_search_returns_results PASSED        [ 36%]
tests/test_hybrid_rag.py::test_bm25_search_empty_query PASSED            [ 36%]
tests/test_hybrid_rag.py::test_bm25_search_empty_index PASSED            [ 36%]
tests/test_hybrid_rag.py::test_vector_search_returns_results PASSED      [ 36%]
tests/test_hybrid_rag.py::test_vector_search_empty_query PASSED          [ 36%]
tests/test_hybrid_rag.py::test_vector_search_empty_index PASSED          [ 36%]
tests/test_hybrid_rag.py::test_hybrid_search_returns_results PASSED      [ 36%]
tests/test_hybrid_rag.py::test_hybrid_search_dedup PASSED                [ 36%]
tests/test_hybrid_rag.py::test_hybrid_search_k_truncation PASSED         [ 36%]
tests/test_hybrid_rag.py::test_hybrid_search_no_rerank PASSED            [ 36%]
tests/test_hybrid_rag.py::test_hybrid_search_empty_index PASSED          [ 36%]
tests/test_hybrid_rag.py::test_reranker_scores PASSED                    [ 36%]
tests/test_hybrid_rag.py::test_reranker_exact_match_bonus PASSED         [ 36%]
tests/test_hybrid_rag.py::test_reranker_empty_inputs PASSED              [ 36%]
tests/test_hybrid_rag.py::test_add_document PASSED                       [ 36%]
tests/test_hybrid_rag.py::test_add_document_with_custom_id PASSED        [ 36%]
tests/test_hybrid_rag.py::test_remove_document PASSED                    [ 36%]
tests/test_hybrid_rag.py::test_remove_nonexistent_document PASSED        [ 36%]
tests/test_hybrid_rag.py::test_clear_index PASSED                        [ 36%]
tests/test_hybrid_rag.py::test_get_stats PASSED                          [ 36%]
tests/test_hybrid_rag.py::test_concurrent_add_documents PASSED           [ 36%]
tests/test_hybrid_rag.py::test_concurrent_search PASSED                  [ 36%]
tests/test_hybrid_rag.py::test_evidence_contract_roundtrip PASSED        [ 36%]
tests/test_hybrid_rag.py::test_create_all_integrations PASSED            [ 36%]
tests/test_hybrid_rag.py::test_janus_integration_stub PASSED             [ 36%]
tests/test_hybrid_rag.py::test_chronos_integration_stub PASSED           [ 36%]
tests/test_hybrid_rag.py::test_browseros_integration_stub PASSED         [ 36%]
tests/test_hybrid_rag.py::test_lollms_import_stub PASSED                 [ 36%]
tests/test_hybrid_rag.py::test_msty_import_stub PASSED                   [ 36%]
tests/test_hybrid_rag.py::test_anythingllm_import_stub PASSED            [ 36%]
tests/test_hybrid_rag.py::test_add_duplicate_doc_id PASSED               [ 36%]
tests/test_hybrid_rag.py::test_large_text_document PASSED                [ 36%]
tests/test_hybrid_rag.py::test_special_characters_in_text PASSED         [ 36%]
tests/test_hybrid_rag.py::test_very_short_document PASSED                [ 36%]
tests/test_hybrid_rag.py::test_add_and_search_unicode PASSED             [ 36%]
tests/test_hybrid_rag.py::test_create_hybrid_rag PASSED                  [ 36%]
tests/test_hybrid_rag.py::test_get_hybrid_rag_singleton PASSED           [ 37%]
tests/test_hybrid_rag.py::test_search_results_include_both_scores PASSED [ 37%]
tests/test_hybrid_rag.py::test_large_k_returns_all_docs PASSED           [ 37%]
tests/test_hybrid_rag.py::test_add_remove_add_cycle PASSED               [ 37%]
tests/test_hybrid_rag.py::test_tokenize PASSED                           [ 37%]
tests/test_hybrid_rag.py::test_cosine_sim PASSED                         [ 37%]
tests/test_hybrid_rag.py::test_bag_of_words_embedding PASSED             [ 37%]
tests/test_hybrid_rag.py::test_similar_texts_higher_similarity PASSED    [ 37%]
tests/test_hybrid_rag.py::test_simple_bm25_index_and_search PASSED       [ 37%]
tests/test_hybrid_rag.py::test_simple_bm25_remove_and_clear PASSED       [ 37%]
tests/test_hybrid_rag.py::test_inmemory_vector_store PASSED              [ 37%]
tests/test_hybrid_rag.py::test_integration_data_feeds_into_rag PASSED    [ 37%]
tests/test_inductive_prover.py::test_build_induction_schema_nat PASSED   [ 37%]
tests/test_inductive_prover.py::test_build_induction_schema_list PASSED  [ 37%]
tests/test_inductive_prover.py::test_build_induction_schema_tree PASSED  [ 37%]
tests/test_inductive_prover.py::test_build_induction_schema_int PASSED   [ 37%]
tests/test_inductive_prover.py::test_build_induction_schema_unknown_domain_fallback PASSED [ 37%]
tests/test_inductive_prover.py::test_prove_inductive_returns_valid_inductive_proof PASSED [ 37%]
tests/test_inductive_prover.py::test_prove_inductive_base_case_n_plus_zero_equals_n PASSED [ 37%]
tests/test_inductive_prover.py::test_prove_inductive_fails_on_false_hypothesis PASSED [ 37%]
tests/test_inductive_prover.py::test_prove_inductive_with_explicit_depth_limit PASSED [ 37%]
tests/test_inductive_prover.py::test_batch_prove_handles_multiple_schemas PASSED [ 37%]
tests/test_inductive_prover.py::test_batch_prove_empty_list PASSED       [ 37%]
tests/test_inductive_prover.py::test_format_inductive_report_generates_markdown PASSED [ 37%]
tests/test_inductive_prover.py::test_format_inductive_report_empty_proofs PASSED [ 37%]
tests/test_inductive_prover.py::test_inductive_proof_is_valid_reflects_both_base_and_step PASSED [ 37%]
tests/test_inductive_prover.py::test_inductive_proof_stores_schema_reference PASSED [ 37%]
tests/test_inductive_prover.py::test_induction_schema_handles_arbitrary_depth_limit PASSED [ 37%]
tests/test_inductive_prover.py::test_induction_schema_slots_enforced PASSED [ 37%]
tests/test_inductive_prover.py::test_z3_available_returns_bool PASSED    [ 37%]
tests/test_inductive_prover.py::test_prove_inductive_works_without_z3 PASSED [ 37%]
tests/test_insaits.py::test_decompile_ast_produces_structured_markdown PASSED [ 37%]
tests/test_insaits.py::test_decompile_includes_variable_bindings_when_present PASSED [ 37%]
tests/test_insaits.py::test_decompile_bytecode_renders_header_and_instruction_prose PASSED [ 37%]
tests/test_insaits.py::test_decompile_bytecode_fails_closed_for_invalid_input PASSED [ 37%]
tests/test_insaits.py::test_similarity_gate_passes_for_near_equivalent_text PASSED [ 37%]
tests/test_insaits.py::test_similarity_gate_fails_for_semantically_distant_text PASSED [ 37%]
tests/test_instinct_lifecycle.py::test_plan_phase_normalizes_task_dag_and_preserves_dependencies PASSED [ 37%]
tests/test_instinct_lifecycle.py::test_specify_initializes_normalized_task_dag_and_contract PASSED [ 37%]
tests/test_instinct_lifecycle.py::test_verify_is_blocked_when_execution_trace_is_incomplete PASSED [ 37%]
tests/test_instinct_lifecycle.py::test_execution_trace_serialization_surfaces_summary_counts PASSED [ 37%]
tests/test_instinct_lifecycle.py::test_verify_is_blocked_when_orchestration_contract_contains_denied_step PASSED [ 37%]
tests/test_instinct_lifecycle.py::test_merge_is_blocked_when_verification_report_is_not_proven PASSED [ 37%]
tests/test_integration_demo.py::TestAgentIdentityCapsuleIntegration::test_agent_signed_capsule_identity_flow PASSED [ 37%]
tests/test_integration_demo.py::TestAgentIdentityCapsuleIntegration::test_agent_identity_proof_integration_with_auth_header PASSED [ 37%]
tests/test_integration_demo.py::TestIntegrationHITLWithAgentIdentity::test_hitl_request_with_agent_identity PASSED [ 37%]
tests/test_integration_demo.py::TestIntegrationHITLWithAgentIdentity::test_hitl_rejection_flow PASSED [ 37%]
tests/test_integration_demo.py::TestIntegrationSecretManagement::test_secret_encryption_and_redaction_flow PASSED [ 37%]
tests/test_integration_demo.py::TestIntegrationSecretManagement::test_secret_redaction_crosses_serialization PASSED [ 37%]
tests/test_integration_demo.py::TestIntegrationMerkleChain::test_merkle_export_verify_roundtrip PASSED [ 38%]
tests/test_integration_demo.py::TestIntegrationMerkleChain::test_merkle_chain_tamper_detection PASSED [ 38%]
tests/test_integration_demo.py::TestIntegrationModelVersionPinning::test_model_version_check_passes_for_valid_versions PASSED [ 38%]
tests/test_integration_demo.py::TestIntegrationModelVersionPinning::test_empty_model_versions_are_accepted PASSED [ 38%]
tests/test_integration_demo.py::TestIntegrationEvidence::test_evidence_shows_complete_audit_trail PASSED [ 38%]
tests/test_integration_demo.py::TestIntegrationEvidence::test_merkle_chain_preserves_evidence_order PASSED [ 38%]
tests/test_integration_demo.py::TestIntegrationNetworkIsolation::test_full_hardening_stack_is_air_gapped PASSED [ 38%]
tests/test_integration_demo.py::TestIntegrationFullPipeline::test_intent_to_merkle_chain_pipeline PASSED [ 38%]
tests/test_intent_normalizer.py::test_default_construction PASSED        [ 38%]
tests/test_intent_normalizer.py::test_custom_threshold PASSED            [ 38%]
tests/test_intent_normalizer.py::test_threshold_out_of_range_raises PASSED [ 38%]
tests/test_intent_normalizer.py::test_strict_mode_rejects_everything_below_threshold PASSED [ 38%]
tests/test_intent_normalizer.py::test_auto_rewrite_disabled_skips_rewrite PASSED [ 38%]
tests/test_intent_normalizer.py::test_vague_terms_detected PASSED        [ 38%]
tests/test_intent_normalizer.py::test_vague_terms_reduce_score PASSED    [ 38%]
tests/test_intent_normalizer.py::test_vague_terms_detected_by_word_boundary PASSED [ 38%]
tests/test_intent_normalizer.py::test_vague_multi_word_terms_detected PASSED [ 38%]
tests/test_intent_normalizer.py::test_vague_terms_not_false_positive PASSED [ 38%]
tests/test_intent_normalizer.py::test_missing_file_path_detected_with_code_verb PASSED [ 38%]
tests/test_intent_normalizer.py::test_missing_tier_detected PASSED       [ 38%]
tests/test_intent_normalizer.py::test_missing_gas_budget_detected PASSED [ 38%]
tests/test_intent_normalizer.py::test_all_constraints_present_no_penalty PASSED [ 38%]
tests/test_intent_normalizer.py::test_missing_file_not_triggered_without_code_verb PASSED [ 38%]
tests/test_intent_normalizer.py::test_tier_via_trust_keyword PASSED      [ 38%]
tests/test_intent_normalizer.py::test_gas_via_token_count PASSED         [ 38%]
tests/test_intent_normalizer.py::test_ambiguous_pronoun_without_referent PASSED [ 38%]
tests/test_intent_normalizer.py::test_pronoun_with_clear_noun_referent_passes PASSED [ 38%]
tests/test_intent_normalizer.py::test_ambiguous_reference_multiple_sentences PASSED [ 38%]
tests/test_intent_normalizer.py::test_ambiguous_reference_not_triggered_with_identifiers PASSED [ 38%]
tests/test_intent_normalizer.py::test_length_penalty_short_intent PASSED [ 38%]
tests/test_intent_normalizer.py::test_no_length_penalty_for_long_intent PASSED [ 38%]
tests/test_intent_normalizer.py::test_length_penalty_exactly_nine_words PASSED [ 38%]
tests/test_intent_normalizer.py::test_length_penalty_exactly_ten_words PASSED [ 38%]
tests/test_intent_normalizer.py::test_assumed_context_as_before PASSED   [ 38%]
tests/test_intent_normalizer.py::test_assumed_context_same_as_last_time PASSED [ 38%]
tests/test_intent_normalizer.py::test_assumed_context_like_we_discussed PASSED [ 38%]
tests/test_intent_normalizer.py::test_assumed_context_the_usual PASSED   [ 38%]
tests/test_intent_normalizer.py::test_assumed_context_per_conversation PASSED [ 38%]
tests/test_intent_normalizer.py::test_assumed_context_case_insensitive PASSED [ 38%]
tests/test_intent_normalizer.py::test_no_assumed_context_when_not_present PASSED [ 38%]
tests/test_intent_normalizer.py::test_pass_verdict_well_formed_intent PASSED [ 38%]
tests/test_intent_normalizer.py::test_rewrite_verdict_medium_quality_intent PASSED [ 38%]
tests/test_intent_normalizer.py::test_rewrite_contains_clarified_markers PASSED [ 38%]
tests/test_intent_normalizer.py::test_rewrite_contains_caveman_structure PASSED [ 38%]
tests/test_intent_normalizer.py::test_reject_verdict_very_low_score PASSED [ 38%]
tests/test_intent_normalizer.py::test_reject_verdict_single_word PASSED  [ 38%]
tests/test_intent_normalizer.py::test_reject_verdict_exact_score_boundary PASSED [ 38%]
tests/test_intent_normalizer.py::test_rejection_reason_is_helpful PASSED [ 38%]
tests/test_intent_normalizer.py::test_empty_string_rejected PASSED       [ 38%]
tests/test_intent_normalizer.py::test_whitespace_only_rejected PASSED    [ 39%]
tests/test_intent_normalizer.py::test_single_word_rejected PASSED        [ 39%]
tests/test_intent_normalizer.py::test_two_words_with_code_verb PASSED    [ 39%]
tests/test_intent_normalizer.py::test_very_long_prompt_passes PASSED     [ 39%]
tests/test_intent_normalizer.py::test_intent_with_only_greeting PASSED   [ 39%]
tests/test_intent_normalizer.py::test_score_never_below_zero PASSED      [ 39%]
tests/test_intent_normalizer.py::test_score_never_above_one PASSED       [ 39%]
tests/test_intent_normalizer.py::test_score_rounded_to_four_decimals PASSED [ 39%]
tests/test_intent_normalizer.py::test_verdict_to_dict_contains_all_fields PASSED [ 39%]
tests/test_intent_normalizer.py::test_verdict_to_dict_is_json_serializable PASSED [ 39%]
tests/test_intent_normalizer.py::test_verdict_to_audit_json_is_deterministic PASSED [ 39%]
tests/test_intent_normalizer.py::test_verdict_is_hashable PASSED         [ 39%]
tests/test_intent_normalizer.py::test_verdict_findings_are_tuple PASSED  [ 39%]
tests/test_intent_normalizer.py::test_verdict_fields_on_pass PASSED      [ 39%]
tests/test_intent_normalizer.py::test_verdict_fields_on_reject PASSED    [ 39%]
tests/test_intent_normalizer.py::test_verdict_fields_on_rewrite PASSED   [ 39%]
tests/test_intent_normalizer.py::test_vague_terms_lexicon_is_frozenset PASSED [ 39%]
tests/test_intent_normalizer.py::test_vague_terms_lexicon_not_empty PASSED [ 39%]
tests/test_intent_normalizer.py::test_ambiguous_pronouns_lexicon_is_frozenset PASSED [ 39%]
tests/test_intent_normalizer.py::test_assumed_context_patterns_not_empty PASSED [ 39%]
tests/test_intent_normalizer.py::test_gate_returns_expected_keys_on_pass PASSED [ 39%]
tests/test_intent_normalizer.py::test_gate_returns_expected_keys_on_rewrite PASSED [ 39%]
tests/test_intent_normalizer.py::test_gate_returns_expected_keys_on_reject PASSED [ 39%]
tests/test_intent_normalizer.py::test_gate_skip_normalization_bool PASSED [ 39%]
tests/test_intent_normalizer.py::test_gate_audit_log_has_intent_normalized PASSED [ 39%]
tests/test_intent_normalizer.py::test_gate_audit_log_data_contains_score PASSED [ 39%]
tests/test_intent_normalizer.py::test_gate_anomaly_score_when_rejected PASSED [ 39%]
tests/test_intent_normalizer.py::test_gate_anomaly_score_zero_when_passed PASSED [ 39%]
tests/test_intent_normalizer.py::test_gate_normalization_summary_fields PASSED [ 39%]
tests/test_intent_normalizer.py::test_translate_to_hlf_well_formed_passes PASSED [ 39%]
tests/test_intent_normalizer.py::test_translate_to_hlf_rejected_intent_returns_error PASSED [ 39%]
tests/test_intent_normalizer.py::test_translate_to_hlf_with_rewrite_still_succeeds PASSED [ 39%]
tests/test_intent_normalizer.py::test_translate_to_hlf_skip_normalization PASSED [ 39%]
tests/test_intent_normalizer.py::test_translate_to_hlf_normalization_in_response PASSED [ 39%]
tests/test_intent_normalizer.py::test_hlf_do_dry_run_with_normalization PASSED [ 39%]
tests/test_intent_normalizer.py::test_hlf_do_rejected_intent PASSED      [ 39%]
tests/test_intent_normalizer.py::test_hlf_do_skip_normalization PASSED   [ 39%]
tests/test_intent_normalizer.py::test_hlf_translate_resilient_with_normalization PASSED [ 39%]
tests/test_intent_normalizer.py::test_hlf_translate_repair_rejected PASSED [ 39%]
tests/test_intent_normalizer.py::test_audit_trail_after_translate_to_hlf PASSED [ 39%]
tests/test_intent_normalizer.py::test_audit_trail_includes_original_intent PASSED [ 39%]
tests/test_intent_normalizer.py::test_translate_with_cognitive_lane_policy PASSED [ 39%]
tests/test_intent_normalizer.py::test_hlf_do_with_agent_id_trace PASSED  [ 39%]
tests/test_knowledge_contracts.py::TestFreshnessGuarantee::test_freshness_check_with_evidence_contract PASSED [ 39%]
tests/test_knowledge_contracts.py::TestFreshnessGuarantee::test_freshness_check_stale_contract PASSED [ 39%]
tests/test_knowledge_contracts.py::TestFreshnessGuarantee::test_freshness_compute_window_by_trust_tier PASSED [ 39%]
tests/test_knowledge_contracts.py::TestFreshnessGuarantee::test_freshness_window_tightened_by_trust_state PASSED [ 39%]
tests/test_knowledge_contracts.py::TestFreshnessGuarantee::test_freshness_enforce_batch PASSED [ 39%]
tests/test_knowledge_contracts.py::TestFreshnessGuarantee::test_freshness_stale_policy PASSED [ 39%]
tests/test_knowledge_contracts.py::TestConsistencyProof::test_build_proof_all_healthy PASSED [ 39%]
tests/test_knowledge_contracts.py::TestConsistencyProof::test_build_proof_disagreement PASSED [ 40%]
tests/test_knowledge_contracts.py::TestConsistencyProof::test_build_proof_drift_detected PASSED [ 40%]
tests/test_knowledge_contracts.py::TestConsistencyProof::test_verify_cross_witness PASSED [ 40%]
tests/test_knowledge_contracts.py::TestConsistencyProof::test_detect_fork PASSED [ 40%]
tests/test_knowledge_contracts.py::TestConsistencyProof::test_detect_fork_no_fork PASSED [ 40%]
tests/test_knowledge_contracts.py::TestConsistencyProof::test_generate_consistency_report PASSED [ 40%]
tests/test_knowledge_contracts.py::TestMemoryLease::test_acquire_lease PASSED [ 40%]
tests/test_knowledge_contracts.py::TestMemoryLease::test_acquire_exclusive_blocks_write PASSED [ 40%]
tests/test_knowledge_contracts.py::TestMemoryLease::test_lease_renewal PASSED [ 40%]
tests/test_knowledge_contracts.py::TestMemoryLease::test_lease_release PASSED [ 40%]
tests/test_knowledge_contracts.py::TestMemoryLease::test_lease_expire_stale PASSED [ 40%]
tests/test_knowledge_contracts.py::TestMemoryLease::test_read_leases_share PASSED [ 40%]
tests/test_knowledge_contracts.py::TestMemoryLease::test_get_holder PASSED [ 40%]
tests/test_knowledge_substrate_hardening.py::TestEntropyAnchor::test_genesis_anchor_creation PASSED [ 40%]
tests/test_knowledge_substrate_hardening.py::TestEntropyAnchor::test_successor_anchor_chaining PASSED [ 40%]
tests/test_knowledge_substrate_hardening.py::TestEntropyAnchor::test_anchor_integrity_detects_tampering PASSED [ 40%]
tests/test_knowledge_substrate_hardening.py::TestEntropyAnchor::test_anchor_with_metadata PASSED [ 40%]
tests/test_knowledge_substrate_hardening.py::TestEntropyAnchor::test_anchor_to_dict PASSED [ 40%]
tests/test_knowledge_substrate_hardening.py::TestDriftDetector::test_identical_content_no_drift PASSED [ 40%]
tests/test_knowledge_substrate_hardening.py::TestDriftDetector::test_minor_rewording_detected PASSED [ 40%]
tests/test_knowledge_substrate_hardening.py::TestDriftDetector::test_major_semantic_divergence PASSED [ 40%]
tests/test_knowledge_substrate_hardening.py::TestDriftDetector::test_structural_similarity_analysis PASSED [ 40%]
tests/test_knowledge_substrate_hardening.py::TestDriftDetector::test_corrupted_anchor_detected PASSED [ 40%]
tests/test_knowledge_substrate_hardening.py::TestDriftDetector::test_batch_detection PASSED [ 40%]
tests/test_knowledge_substrate_hardening.py::TestDriftDetector::test_severity_summary PASSED [ 40%]
tests/test_knowledge_substrate_hardening.py::TestDriftDetector::test_similar_but_different_detects_cosmetic PASSED [ 40%]
tests/test_knowledge_substrate_hardening.py::TestDriftDetector::test_changed_sections_identified PASSED [ 40%]
tests/test_knowledge_substrate_hardening.py::TestReAnchoringProtocol::test_no_drift_no_reanchor PASSED [ 40%]
tests/test_knowledge_substrate_hardening.py::TestReAnchoringProtocol::test_cosmetic_drift_auto_reanchor PASSED [ 40%]
tests/test_knowledge_substrate_hardening.py::TestReAnchoringProtocol::test_major_drift_requires_approval PASSED [ 40%]
tests/test_knowledge_substrate_hardening.py::TestReAnchoringProtocol::test_catastrophic_drift_blocks_all PASSED [ 40%]
tests/test_knowledge_substrate_hardening.py::TestReAnchoringProtocol::test_force_reanchor_bypasses_checks PASSED [ 40%]
tests/test_knowledge_substrate_hardening.py::TestReAnchoringProtocol::test_execute_reanchor_creates_chain PASSED [ 40%]
tests/test_knowledge_substrate_hardening.py::TestReAnchoringProtocol::test_chain_integrity_verification PASSED [ 40%]
tests/test_knowledge_substrate_hardening.py::TestReAnchoringProtocol::test_execute_without_approval_raises PASSED [ 40%]
tests/test_knowledge_substrate_hardening.py::TestReAnchoringProtocol::test_execute_with_operator_approval PASSED [ 40%]
tests/test_knowledge_substrate_hardening.py::TestQuorumPolicy::test_simple_majority PASSED [ 40%]
tests/test_knowledge_substrate_hardening.py::TestQuorumPolicy::test_supermajority PASSED [ 40%]
tests/test_knowledge_substrate_hardening.py::TestQuorumPolicy::test_unanimous PASSED [ 40%]
tests/test_knowledge_substrate_hardening.py::TestQuorumPolicy::test_zero_witnesses PASSED [ 40%]
tests/test_knowledge_substrate_hardening.py::TestCrossWitnessProver::test_all_agree_simple_majority PASSED [ 40%]
tests/test_knowledge_substrate_hardening.py::TestCrossWitnessProver::test_one_disagree_majority_passes PASSED [ 40%]
tests/test_knowledge_substrate_hardening.py::TestCrossWitnessProver::test_suermajority_fails_with_bare_majority PASSED [ 40%]
tests/test_knowledge_substrate_hardening.py::TestCrossWitnessProver::test_weighted_by_proficiency PASSED [ 40%]
tests/test_knowledge_substrate_hardening.py::TestCrossWitnessProver::test_empty_witnesses PASSED [ 40%]
tests/test_knowledge_substrate_hardening.py::TestCrossWitnessProver::test_proof_verification FAILED [ 40%]
tests/test_knowledge_substrate_hardening.py::TestCrossWitnessProver::test_proof_tampering_detected FAILED [ 40%]
tests/test_knowledge_substrate_hardening.py::TestCrossWitnessProver::test_aggregate_proofs PASSED [ 40%]
tests/test_knowledge_substrate_hardening.py::TestCrossWitnessProver::test_byzantine_tolerance_fault_cap PASSED [ 40%]
tests/test_knowledge_substrate_hardening.py::TestCrossWitnessProver::test_resolution_report_on_disagreement PASSED [ 41%]
tests/test_knowledge_substrate_hardening.py::TestDisagreementResolver::test_all_agree_no_disagreement PASSED [ 41%]
tests/test_knowledge_substrate_hardening.py::TestDisagreementResolver::test_byzantine_flagging PASSED [ 41%]
tests/test_knowledge_substrate_hardening.py::TestDisagreementResolver::test_defer_highest_proficiency PASSED [ 41%]
tests/test_knowledge_substrate_hardening.py::TestLeaseNegotiator::test_negotiate_free_key PASSED [ 41%]
tests/test_knowledge_substrate_hardening.py::TestLeaseNegotiator::test_priority_preemption PASSED [ 41%]
tests/test_knowledge_substrate_hardening.py::TestLeaseNegotiator::test_equal_priority_no_preemption PASSED [ 41%]
tests/test_knowledge_substrate_hardening.py::TestLeaseNegotiator::test_pinned_lease_immune_to_preemption PASSED [ 41%]
tests/test_knowledge_substrate_hardening.py::TestLeaseNegotiator::test_list_by_priority PASSED [ 41%]
tests/test_knowledge_substrate_hardening.py::TestLeaseNegotiator::test_preempt_lowest PASSED [ 41%]
tests/test_knowledge_substrate_hardening.py::TestLeaseNegotiator::test_release_negotiated PASSED [ 41%]
tests/test_knowledge_substrate_hardening.py::TestLeaseAuditor::test_audit_empty PASSED [ 41%]
tests/test_knowledge_substrate_hardening.py::TestLeaseAuditor::test_record_access_and_audit PASSED [ 41%]
tests/test_knowledge_substrate_hardening.py::TestLeaseAuditor::test_idle_detection PASSED [ 41%]
tests/test_knowledge_substrate_hardening.py::TestLeaseAuditor::test_audit_summary PASSED [ 41%]
tests/test_knowledge_substrate_hardening.py::TestLeaseAuditor::test_access_pattern_classification PASSED [ 41%]
tests/test_knowledge_substrate_hardening.py::TestLeaseAuditor::test_no_access_pattern PASSED [ 41%]
tests/test_knowledge_substrate_hardening.py::TestMemoryPressureHandler::test_low_pressure_no_eviction PASSED [ 41%]
tests/test_knowledge_substrate_hardening.py::TestMemoryPressureHandler::test_eviction_order_respects_priority PASSED [ 41%]
tests/test_knowledge_substrate_hardening.py::TestMemoryPressureHandler::test_protect_critical PASSED [ 41%]
tests/test_knowledge_substrate_hardening.py::TestMemoryPressureHandler::test_pressure_report PASSED [ 41%]
tests/test_knowledge_substrate_hardening.py::TestMemoryPressureHandler::test_no_leases_pressure_normal PASSED [ 41%]
tests/test_knowledge_substrate_hardening.py::TestMemoryPressureHandler::test_eviction_result_structure PASSED [ 41%]
tests/test_knowledge_substrate_hardening.py::TestLeaseMigration::test_classify_cold_by_default PASSED [ 41%]
tests/test_knowledge_substrate_hardening.py::TestLeaseMigration::test_migration_plan PASSED [ 41%]
tests/test_knowledge_substrate_hardening.py::TestLeaseMigration::test_execute_migration PASSED [ 41%]
tests/test_knowledge_substrate_hardening.py::TestLeaseMigration::test_tier_distribution PASSED [ 41%]
tests/test_knowledge_substrate_hardening.py::TestLeaseMigration::test_demote_cold_evicts_excess PASSED [ 41%]
tests/test_knowledge_substrate_hardening.py::TestTrustRootRegistry::test_register_and_lookup PASSED [ 41%]
tests/test_knowledge_substrate_hardening.py::TestTrustRootRegistry::test_revoke_root PASSED [ 41%]
tests/test_knowledge_substrate_hardening.py::TestTrustRootRegistry::test_list_by_type PASSED [ 41%]
tests/test_knowledge_substrate_hardening.py::TestTrustRootRegistry::test_count_by_type PASSED [ 41%]
tests/test_knowledge_substrate_hardening.py::TestTrustRootRegistry::test_duplicate_register_raises PASSED [ 41%]
tests/test_knowledge_substrate_hardening.py::TestTrustRootRegistry::test_expired_root_not_trusted PASSED [ 41%]
tests/test_knowledge_substrate_hardening.py::TestTrustRootRegistry::test_cleanup_expired PASSED [ 41%]
tests/test_knowledge_substrate_hardening.py::TestProvenanceChain::test_add_node_success PASSED [ 41%]
tests/test_knowledge_substrate_hardening.py::TestProvenanceChain::test_add_node_unresolved_predecessor PASSED [ 41%]
tests/test_knowledge_substrate_hardening.py::TestProvenanceChain::test_get_node_by_hash PASSED [ 41%]
tests/test_knowledge_substrate_hardening.py::TestProvenanceChain::test_get_provenance_path PASSED [ 41%]
tests/test_knowledge_substrate_hardening.py::TestProvenanceChain::test_chain_integrity_valid PASSED [ 41%]
tests/test_knowledge_substrate_hardening.py::TestProvenanceChain::test_chain_integrity_with_gap PASSED [ 41%]
tests/test_knowledge_substrate_hardening.py::TestProvenanceVerifier::test_direct_trust_root PASSED [ 41%]
tests/test_knowledge_substrate_hardening.py::TestProvenanceVerifier::test_walk_to_root PASSED [ 41%]
tests/test_knowledge_substrate_hardening.py::TestProvenanceVerifier::test_verification_fails_with_gap PASSED [ 41%]
tests/test_knowledge_substrate_hardening.py::TestProvenanceVerifier::test_verify_batch PASSED [ 41%]
tests/test_knowledge_substrate_hardening.py::TestProvenanceVerifier::test_verification_summary PASSED [ 41%]
tests/test_knowledge_substrate_hardening.py::TestProvenanceGapDetector::test_no_gaps_in_valid_chain PASSED [ 41%]
tests/test_knowledge_substrate_hardening.py::TestProvenanceGapDetector::test_orphan_node_detected PASSED [ 41%]
tests/test_knowledge_substrate_hardening.py::TestProvenanceGapDetector::test_broken_link_detected PASSED [ 41%]
tests/test_knowledge_substrate_hardening.py::TestProvenanceGapDetector::test_unreachable_claim PASSED [ 42%]
tests/test_knowledge_substrate_hardening.py::TestProvenanceGapDetector::test_audit_chain_comprehensive PASSED [ 42%]
tests/test_knowledge_substrate_hardening.py::TestProvenanceNode::test_node_auto_computes_hashes PASSED [ 42%]
tests/test_knowledge_substrate_hardening.py::TestProvenanceNode::test_node_integrity PASSED [ 42%]
tests/test_knowledge_substrate_hardening.py::TestProvenanceNode::test_node_tampering_detected PASSED [ 42%]
tests/test_knowledge_substrate_hardening.py::TestProvenanceNode::test_node_to_dict PASSED [ 42%]
tests/test_knowledge_substrate_hardening.py::TestProvenanceNode::test_all_derivation_kinds PASSED [ 42%]
tests/test_linter.py::test_lint_clean_program PASSED                     [ 42%]
tests/test_linter.py::test_lint_missing_header PASSED                    [ 42%]
tests/test_linter.py::test_lint_missing_terminator PASSED                [ 42%]
tests/test_linter.py::test_lint_gas_exceeded PASSED                      [ 42%]
tests/test_linter.py::test_lint_undefined_variable_warning PASSED        [ 42%]
tests/test_linter.py::test_lint_set_variable_no_warning PASSED           [ 42%]
tests/test_linter.py::test_lint_unused_memory_info PASSED                [ 42%]
tests/test_linter.py::test_lint_memory_recalled_no_info PASSED           [ 42%]
tests/test_linter.py::test_lint_token_budget_warning PASSED              [ 42%]
tests/test_linter.py::test_lint_spec_seal_without_define PASSED          [ 42%]
tests/test_linter.py::test_lint_passed_clean PASSED                      [ 42%]
tests/test_linter.py::test_lint_all_fixtures PASSED                      [ 42%]
tests/test_linter.py::test_lint_recognizes_restored_metadata_tags PASSED [ 42%]
tests/test_load_50_capsules.py::TestQueueDiscipline::test_fifty_capsules_all_accepted PASSED [ 42%]
tests/test_load_50_capsules.py::TestQueueDiscipline::test_fifty_capsules_complete_without_oom PASSED [ 42%]
tests/test_load_50_capsules.py::TestQueueDiscipline::test_every_capsule_gets_some_gas PASSED [ 42%]
tests/test_load_50_capsules.py::TestQueueDiscipline::test_queue_depth_never_exceeds_max PASSED [ 42%]
tests/test_load_50_capsules.py::TestBackpressure::test_rejected_capsule_has_rejected_status PASSED [ 42%]
tests/test_load_50_capsules.py::TestBackpressure::test_backpressure_metrics_correct PASSED [ 42%]
tests/test_load_50_capsules.py::TestBackpressure::test_rejected_does_not_consume_gas PASSED [ 42%]
tests/test_load_50_capsules.py::TestFairGasScheduling::test_max_concurrent_respected PASSED [ 42%]
tests/test_load_50_capsules.py::TestFairGasScheduling::test_concurrent_capsules_all_make_progress PASSED [ 42%]
tests/test_load_50_capsules.py::TestFairGasScheduling::test_gas_distribution_is_fair PASSED [ 42%]
tests/test_load_50_capsules.py::TestChainIntegrityUnderLoad::test_all_chains_verified PASSED [ 42%]
tests/test_load_50_capsules.py::TestChainIntegrityUnderLoad::test_each_capsule_has_chain_hashes PASSED [ 42%]
tests/test_load_50_capsules.py::TestChainIntegrityUnderLoad::test_chain_hashes_are_valid_sha256 PASSED [ 42%]
tests/test_load_50_capsules.py::TestPeakMetrics::test_peak_queue_depth_recorded PASSED [ 42%]
tests/test_load_50_capsules.py::TestPeakMetrics::test_peak_concurrent_recorded PASSED [ 42%]
tests/test_load_50_capsules.py::TestPeakMetrics::test_avg_and_max_wait_time_recorded PASSED [ 42%]
tests/test_load_50_capsules.py::TestTimeoutHandling::test_timeout_aborts_capsule PASSED [ 42%]
tests/test_load_50_capsules.py::TestTimeoutHandling::test_timeout_metrics_count_aborted PASSED [ 42%]
tests/test_load_50_capsules.py::TestTimeoutHandling::test_aborted_capsule_still_has_chain PASSED [ 42%]
tests/test_load_50_capsules.py::TestCustomProcessor::test_custom_processor_receives_gas PASSED [ 42%]
tests/test_load_50_capsules.py::TestCustomProcessor::test_partial_gas_consumption PASSED [ 42%]
tests/test_load_50_capsules.py::TestEdgeCases::test_zero_capsules PASSED [ 42%]
tests/test_load_50_capsules.py::TestEdgeCases::test_single_capsule PASSED [ 42%]
tests/test_load_50_capsules.py::TestEdgeCases::test_queue_smaller_than_capsule_count PASSED [ 42%]
tests/test_load_50_capsules.py::TestEdgeCases::test_config_to_dict PASSED [ 42%]
tests/test_load_50_capsules.py::TestEdgeCases::test_metrics_summary PASSED [ 42%]
tests/test_load_50_capsules.py::Test50CapsuleEndToEnd::test_full_fifty_capsule_run PASSED [ 42%]
tests/test_load_50_capsules.py::Test50CapsuleEndToEnd::test_fifty_capsules_queue_is_idle_after PASSED [ 42%]
tests/test_load_50_capsules.py::TestThreadSafety::test_concurrent_submits PASSED [ 42%]
tests/test_load_50_capsules.py::TestThreadSafety::test_concurrent_dispatch_and_schedule PASSED [ 42%]
tests/test_math_pipeline.py::TestMathPipeline::test_simple_arithmetic FAILED [ 43%]
tests/test_math_pipeline.py::TestMathPipeline::test_order_of_operations FAILED [ 43%]
tests/test_math_pipeline.py::TestMathPipeline::test_parenthesized_expression FAILED [ 43%]
tests/test_math_pipeline.py::TestMathPipeline::test_variable_average FAILED [ 43%]
tests/test_math_pipeline.py::TestMathPipeline::test_complex_variable_expression FAILED [ 43%]
tests/test_math_pipeline.py::TestMathPipeline::test_math_pow FAILED      [ 43%]
tests/test_math_pipeline.py::TestMathPipeline::test_math_pi FAILED       [ 43%]
tests/test_math_pipeline.py::TestMathPipeline::test_division_float FAILED [ 43%]
tests/test_math_pipeline.py::TestMathPipeline::test_negation FAILED      [ 43%]
tests/test_math_pipeline.py::TestMathPipeline::test_math_sqrt FAILED     [ 43%]
tests/test_math_pipeline.py::TestMathPipeline::test_math_abs FAILED      [ 43%]
tests/test_math_pipeline.py::TestMathPipeline::test_math_nested_sqrt_pow FAILED [ 43%]
tests/test_math_pipeline.py::TestMathPipeline::test_compound_expression_with_math FAILED [ 43%]
tests/test_math_pipeline.py::TestMathPipeline::test_math_max_min FAILED  [ 43%]
tests/test_math_pipeline.py::TestMathPipeline::test_set_with_previously_set_variable FAILED [ 43%]
tests/test_math_pipeline.py::TestMathPipeline::test_math_floor_ceil_round FAILED [ 43%]
tests/test_mcp_client_ci.py::TestStdioMCPClient::test_list_tools_and_compile_and_run PASSED [ 43%]
tests/test_mcp_client_ci.py::TestStdioMCPClient::test_server_responds_within_timeout PASSED [ 43%]
tests/test_mcp_client_ci.py::TestHTTPMCPClient::test_auth_and_list_tools_and_call_tool PASSED [ 43%]
tests/test_mcp_client_ci.py::TestHTTPMCPClient::test_unauthorized_without_token PASSED [ 43%]
tests/test_mcp_client_ci.py::TestHTTPMCPClient::test_unauthorized_with_wrong_token PASSED [ 43%]
tests/test_mcp_client_ci.py::TestEnterpriseToolsVisibility::test_hearth_tier_listtools_works PASSED [ 43%]
tests/test_mcp_client_ci.py::TestEnterpriseToolsVisibility::test_sovereign_tier_includes_sovereign_tools PASSED [ 43%]
tests/test_mcp_client_ci.py::TestEnterpriseToolsVisibility::test_forge_tier_includes_forge_but_not_sovereign PASSED [ 43%]
tests/test_mcp_direct.py::test_imports PASSED                            [ 43%]
tests/test_mcp_direct.py::test_resource_provider PASSED                  [ 43%]
tests/test_mcp_direct.py::test_tool_provider PASSED                      [ 43%]
tests/test_mcp_direct.py::test_prompt_provider PASSED                    [ 43%]
tests/test_mcp_direct.py::test_mcp_server PASSED                         [ 43%]
tests/test_mcp_direct.py::test_mcp_client PASSED                         [ 43%]
tests/test_mcp_hlf.py::TestImports::test_mcp_resources PASSED            [ 43%]
tests/test_mcp_hlf.py::TestImports::test_mcp_tools PASSED                [ 43%]
tests/test_mcp_hlf.py::TestImports::test_mcp_prompts PASSED              [ 43%]
tests/test_mcp_hlf.py::TestImports::test_mcp_server PASSED               [ 43%]
tests/test_mcp_hlf.py::TestImports::test_mcp_client PASSED               [ 43%]
tests/test_mcp_hlf.py::TestImports::test_forge_agent PASSED              [ 43%]
tests/test_mcp_hlf.py::TestImports::test_mcp_metrics PASSED              [ 43%]
tests/test_mcp_hlf.py::TestResources::test_list_resources_count PASSED   [ 43%]
tests/test_mcp_hlf.py::TestResources::test_list_resources_uris PASSED    [ 43%]
tests/test_mcp_hlf.py::TestResources::test_resource_has_required_fields PASSED [ 43%]
tests/test_mcp_hlf.py::TestResources::test_read_grammar_content PASSED   [ 43%]
tests/test_mcp_hlf.py::TestResources::test_read_grammar_contains_version PASSED [ 43%]
tests/test_mcp_hlf.py::TestResources::test_read_bytecode_spec PASSED     [ 43%]
tests/test_mcp_hlf.py::TestResources::test_read_version_json PASSED      [ 43%]
tests/test_mcp_hlf.py::TestResources::test_read_dictionaries_json PASSED [ 43%]
tests/test_mcp_hlf.py::TestResources::test_read_ast_schema PASSED        [ 43%]
tests/test_mcp_hlf.py::TestResources::test_list_resource_templates PASSED [ 43%]
tests/test_mcp_hlf.py::TestResources::test_resource_template_has_parameters PASSED [ 43%]
tests/test_mcp_hlf.py::TestResources::test_read_unknown_uri_raises PASSED [ 43%]
tests/test_mcp_hlf.py::TestResources::test_version_sha256_stable PASSED  [ 44%]
tests/test_mcp_hlf.py::TestToolDefinitions::test_all_required_tools_present PASSED [ 44%]
tests/test_mcp_hlf.py::TestToolDefinitions::test_tools_have_schema PASSED [ 44%]
tests/test_mcp_hlf.py::TestToolDefinitions::test_tools_have_descriptions PASSED [ 44%]
tests/test_mcp_hlf.py::TestToolDefinitions::test_unknown_tool_raises PASSED [ 44%]
tests/test_mcp_hlf.py::TestCompile::test_compile_valid_source PASSED     [ 44%]
tests/test_mcp_hlf.py::TestCompile::test_compile_returns_base64 PASSED   [ 44%]
tests/test_mcp_hlf.py::TestCompile::test_compile_empty_source_fails PASSED [ 44%]
tests/test_mcp_hlf.py::TestCompile::test_compile_whitespace_only_fails PASSED [ 44%]
tests/test_mcp_hlf.py::TestCompile::test_compile_with_profile PASSED     [ 44%]
tests/test_mcp_hlf.py::TestCompile::test_compile_with_tier PASSED        [ 44%]
tests/test_mcp_hlf.py::TestCompile::test_compile_effects_list PASSED     [ 44%]
tests/test_mcp_hlf.py::TestCompile::test_compile_effect_detection PASSED [ 44%]
tests/test_mcp_hlf.py::TestExecute::test_execute_valid_bytecode PASSED   [ 44%]
tests/test_mcp_hlf.py::TestExecute::test_execute_empty_bytecode_fails PASSED [ 44%]
tests/test_mcp_hlf.py::TestExecute::test_execute_respects_gas_limit PASSED [ 44%]
tests/test_mcp_hlf.py::TestExecute::test_execute_invalid_base64_fails PASSED [ 44%]
tests/test_mcp_hlf.py::TestExecute::test_execute_effects_triggered_is_list PASSED [ 44%]
tests/test_mcp_hlf.py::TestValidate::test_validate_valid_source PASSED   [ 44%]
tests/test_mcp_hlf.py::TestValidate::test_validate_empty_fails PASSED    [ 44%]
tests/test_mcp_hlf.py::TestValidate::test_validate_unbalanced_braces PASSED [ 44%]
tests/test_mcp_hlf.py::TestValidate::test_validate_ast_summary PASSED    [ 44%]
tests/test_mcp_hlf.py::TestValidate::test_validate_strict_false PASSED   [ 44%]
tests/test_mcp_hlf.py::TestFrictionLog::test_friction_log_creates_file PASSED [ 44%]
tests/test_mcp_hlf.py::TestFrictionLog::test_friction_log_file_content PASSED [ 44%]
tests/test_mcp_hlf.py::TestFrictionLog::test_friction_log_all_failure_types PASSED [ 44%]
tests/test_mcp_hlf.py::TestFrictionLog::test_friction_log_with_context PASSED [ 44%]
tests/test_mcp_hlf.py::TestFrictionLog::test_friction_log_message_contains_id PASSED [ 44%]
tests/test_mcp_hlf.py::TestSelfObserve::test_self_observe_forge_tier PASSED [ 44%]
tests/test_mcp_hlf.py::TestSelfObserve::test_self_observe_sovereign_tier PASSED [ 44%]
tests/test_mcp_hlf.py::TestSelfObserve::test_self_observe_guest_tier_blocked PASSED [ 44%]
tests/test_mcp_hlf.py::TestSelfObserve::test_self_observe_creates_file PASSED [ 44%]
tests/test_mcp_hlf.py::TestGetVersion::test_get_version_returns_success PASSED [ 44%]
tests/test_mcp_hlf.py::TestGetVersion::test_get_version_has_fields PASSED [ 44%]
tests/test_mcp_hlf.py::TestGetVersion::test_get_version_sha_is_hex PASSED [ 44%]
tests/test_mcp_hlf.py::TestCompose::test_compose_sequential PASSED       [ 44%]
tests/test_mcp_hlf.py::TestCompose::test_compose_parallel PASSED         [ 44%]
tests/test_mcp_hlf.py::TestCompose::test_compose_pipeline PASSED         [ 44%]
tests/test_mcp_hlf.py::TestCompose::test_compose_empty_list_fails PASSED [ 44%]
tests/test_mcp_hlf.py::TestDecompose::test_decompose_functions PASSED    [ 44%]
tests/test_mcp_hlf.py::TestDecompose::test_decompose_module_granularity PASSED [ 44%]
tests/test_mcp_hlf.py::TestDecompose::test_decompose_statement_granularity PASSED [ 44%]
tests/test_mcp_hlf.py::TestDecompose::test_decompose_empty_fails PASSED  [ 44%]
tests/test_mcp_hlf.py::TestAnalyze::test_analyze_complexity PASSED       [ 44%]
tests/test_mcp_hlf.py::TestAnalyze::test_analyze_effects PASSED          [ 44%]
tests/test_mcp_hlf.py::TestAnalyze::test_analyze_gas_estimate PASSED     [ 44%]
tests/test_mcp_hlf.py::TestAnalyze::test_analyze_dependencies PASSED     [ 44%]
tests/test_mcp_hlf.py::TestAnalyze::test_analyze_empty_fails PASSED      [ 44%]
tests/test_mcp_hlf.py::TestAnalyze::test_analyze_all_metrics PASSED      [ 44%]
tests/test_mcp_hlf.py::TestOptimize::test_optimize_returns_success PASSED [ 45%]
tests/test_mcp_hlf.py::TestOptimize::test_optimize_target_gas PASSED     [ 45%]
tests/test_mcp_hlf.py::TestOptimize::test_optimize_target_memory PASSED  [ 45%]
tests/test_mcp_hlf.py::TestOptimize::test_optimize_savings_estimate PASSED [ 45%]
tests/test_mcp_hlf.py::TestOptimize::test_optimize_empty_fails PASSED    [ 45%]
tests/test_mcp_hlf.py::TestPrompts::test_all_required_prompts_present PASSED [ 45%]
tests/test_mcp_hlf.py::TestPrompts::test_prompts_have_descriptions PASSED [ 45%]
tests/test_mcp_hlf.py::TestPrompts::test_prompts_have_arguments PASSED   [ 45%]
tests/test_mcp_hlf.py::TestPrompts::test_init_agent_prompt_forge PASSED  [ 45%]
tests/test_mcp_hlf.py::TestPrompts::test_init_agent_prompt_sovereign PASSED [ 45%]
tests/test_mcp_hlf.py::TestPrompts::test_init_agent_prompt_all_tiers PASSED [ 45%]
tests/test_mcp_hlf.py::TestPrompts::test_express_intent_prompt PASSED    [ 45%]
tests/test_mcp_hlf.py::TestPrompts::test_troubleshoot_prompt PASSED      [ 45%]
tests/test_mcp_hlf.py::TestPrompts::test_propose_extension_prompt PASSED [ 45%]
tests/test_mcp_hlf.py::TestPrompts::test_explain_prompt PASSED           [ 45%]
tests/test_mcp_hlf.py::TestPrompts::test_debug_execution_prompt PASSED   [ 45%]
tests/test_mcp_hlf.py::TestPrompts::test_missing_required_arg_raises PASSED [ 45%]
tests/test_mcp_hlf.py::TestPrompts::test_unknown_prompt_raises PASSED    [ 45%]
tests/test_mcp_hlf.py::TestServerProtocol::test_initialize_returns_protocol_version PASSED [ 45%]
tests/test_mcp_hlf.py::TestServerProtocol::test_initialize_returns_capabilities PASSED [ 45%]
tests/test_mcp_hlf.py::TestServerProtocol::test_initialize_server_info PASSED [ 45%]
tests/test_mcp_hlf.py::TestServerProtocol::test_resources_list PASSED    [ 45%]
tests/test_mcp_hlf.py::TestServerProtocol::test_resources_read_grammar PASSED [ 45%]
tests/test_mcp_hlf.py::TestServerProtocol::test_resources_read_version PASSED [ 45%]
tests/test_mcp_hlf.py::TestServerProtocol::test_tools_list PASSED        [ 45%]
tests/test_mcp_hlf.py::TestServerProtocol::test_tools_call_compile PASSED [ 45%]
tests/test_mcp_hlf.py::TestServerProtocol::test_tools_call_get_version PASSED [ 45%]
tests/test_mcp_hlf.py::TestServerProtocol::test_prompts_list PASSED      [ 45%]
tests/test_mcp_hlf.py::TestServerProtocol::test_prompts_get PASSED       [ 45%]
tests/test_mcp_hlf.py::TestServerProtocol::test_roots_list PASSED        [ 45%]
tests/test_mcp_hlf.py::TestServerProtocol::test_logging_set_level PASSED [ 45%]
tests/test_mcp_hlf.py::TestServerProtocol::test_sampling_create_message PASSED [ 45%]
tests/test_mcp_hlf.py::TestMessageDispatch::test_initialize_dispatch PASSED [ 45%]
tests/test_mcp_hlf.py::TestMessageDispatch::test_resources_list_dispatch PASSED [ 45%]
tests/test_mcp_hlf.py::TestMessageDispatch::test_tools_list_dispatch PASSED [ 45%]
tests/test_mcp_hlf.py::TestMessageDispatch::test_tools_call_dispatch PASSED [ 45%]
tests/test_mcp_hlf.py::TestMessageDispatch::test_prompts_list_dispatch PASSED [ 45%]
tests/test_mcp_hlf.py::TestMessageDispatch::test_prompts_get_dispatch PASSED [ 45%]
tests/test_mcp_hlf.py::TestMessageDispatch::test_roots_list_dispatch PASSED [ 45%]
tests/test_mcp_hlf.py::TestMessageDispatch::test_unknown_method_returns_error PASSED [ 45%]
tests/test_mcp_hlf.py::TestMessageDispatch::test_notification_returns_none PASSED [ 45%]
tests/test_mcp_hlf.py::TestMessageDispatch::test_resource_subscribe PASSED [ 45%]
tests/test_mcp_hlf.py::TestMessageDispatch::test_logging_set_level_dispatch PASSED [ 45%]
tests/test_mcp_hlf.py::TestForgeAgent::test_friction_report_dataclass PASSED [ 45%]
tests/test_mcp_hlf.py::TestForgeAgent::test_friction_report_to_dict PASSED [ 45%]
tests/test_mcp_hlf.py::TestForgeAgent::test_grammar_proposal_dataclass PASSED [ 45%]
tests/test_mcp_hlf.py::TestForgeAgent::test_grammar_proposal_to_dict PASSED [ 45%]
tests/test_mcp_hlf.py::TestForgeAgent::test_forge_agent_init PASSED      [ 45%]
tests/test_mcp_hlf.py::TestForgeAgent::test_forge_agent_loads_grammar PASSED [ 45%]
tests/test_mcp_hlf.py::TestForgeAgent::test_forge_agent_validate_known_friction_types PASSED [ 45%]
tests/test_mcp_hlf.py::TestForgeAgent::test_forge_agent_validate_unknown_friction_type PASSED [ 46%]
tests/test_mcp_hlf.py::TestMetrics::test_record_usage PASSED             [ 46%]
tests/test_mcp_hlf.py::TestMetrics::test_record_usage_failure PASSED     [ 46%]
tests/test_mcp_hlf.py::TestMetrics::test_stats_increment PASSED          [ 46%]
tests/test_mcp_hlf.py::TestMetrics::test_record_test PASSED              [ 46%]
tests/test_mcp_hlf.py::TestMetrics::test_record_test_failure PASSED      [ 46%]
tests/test_mcp_hlf.py::TestMetrics::test_suggest_improvement PASSED      [ 46%]
tests/test_mcp_hlf.py::TestMetrics::test_get_open_suggestions PASSED     [ 46%]
tests/test_mcp_hlf.py::TestMetrics::test_suggestions_sorted_by_priority PASSED [ 46%]
tests/test_mcp_hlf.py::TestMetrics::test_vote_improvement PASSED         [ 46%]
tests/test_mcp_hlf.py::TestMetrics::test_resolve_improvement PASSED      [ 46%]
tests/test_mcp_hlf.py::TestMetrics::test_get_stats_structure PASSED      [ 46%]
tests/test_mcp_hlf.py::TestMetrics::test_health_report PASSED            [ 46%]
tests/test_mcp_hlf.py::TestMetrics::test_get_recent_usage PASSED         [ 46%]
tests/test_mcp_hlf.py::TestMetrics::test_get_test_results PASSED         [ 46%]
tests/test_mcp_hlf.py::TestMetrics::test_record_session PASSED           [ 46%]
tests/test_mcp_hlf.py::TestMetrics::test_export_metrics PASSED           [ 46%]
tests/test_mcp_hlf.py::TestMetricsWrappers::test_record_tool_call PASSED [ 46%]
tests/test_mcp_hlf.py::TestMetricsWrappers::test_record_tool_call_failure PASSED [ 46%]
tests/test_mcp_hlf.py::TestMetricsWrappers::test_suggest_improvement_wrapper PASSED [ 46%]
tests/test_mcp_hlf.py::TestMetricsWrappers::test_suggest_improvement_with_title PASSED [ 46%]
tests/test_mcp_hlf.py::TestMetricsWrappers::test_record_test_result PASSED [ 46%]
tests/test_mcp_hlf.py::TestMetricsWrappers::test_record_friction_wrapper PASSED [ 46%]
tests/test_mcp_hlf.py::TestClient::test_client_instantiation PASSED      [ 46%]
tests/test_mcp_hlf.py::TestClient::test_client_custom_cache_ttl PASSED   [ 46%]
tests/test_mcp_hlf.py::TestClient::test_client_has_all_methods PASSED    [ 46%]
tests/test_mcp_hlf.py::TestClient::test_grammar_info_dataclass PASSED    [ 46%]
tests/test_mcp_hlf.py::TestClient::test_compile_result_dataclass PASSED  [ 46%]
tests/test_mcp_hlf.py::TestClient::test_execute_result_dataclass PASSED  [ 46%]
tests/test_mcp_hlf.py::TestClient::test_client_cache_initially_empty PASSED [ 46%]
tests/test_mcp_hlf.py::TestCompileExecutePipeline::test_compile_then_execute PASSED [ 46%]
tests/test_mcp_hlf.py::TestCompileExecutePipeline::test_compile_validate_agreement PASSED [ 46%]
tests/test_mcp_hlf.py::TestCompileExecutePipeline::test_analyze_then_compile PASSED [ 46%]
tests/test_mcp_hlf.py::TestCompileExecutePipeline::test_compose_then_validate PASSED [ 46%]
tests/test_mcp_hlf.py::TestEdgeCases::test_friction_log_large_snippet PASSED [ 46%]
tests/test_mcp_hlf.py::TestEdgeCases::test_compile_very_large_source PASSED [ 46%]
tests/test_mcp_hlf.py::TestEdgeCases::test_analyze_no_metrics_specified PASSED [ 46%]
tests/test_mcp_hlf.py::TestEdgeCases::test_server_handles_malformed_tool_args PASSED [ 46%]
tests/test_mcp_hlf.py::TestEdgeCases::test_self_observe_default_tier_is_forge PASSED [ 46%]
tests/test_mcp_hlf.py::TestEdgeCases::test_compose_single_program PASSED [ 46%]
tests/test_mcp_hlf.py::TestEdgeCases::test_version_info_has_compatibility PASSED [ 46%]
tests/test_mcp_integration.py::TestMCPResources::test_list_resources PASSED [ 46%]
tests/test_mcp_integration.py::TestMCPResources::test_read_grammar PASSED [ 46%]
tests/test_mcp_integration.py::TestMCPResources::test_read_version PASSED [ 46%]
tests/test_mcp_integration.py::TestMCPResources::test_read_bytecode_spec PASSED [ 46%]
tests/test_mcp_integration.py::TestMCPResources::test_list_resource_templates PASSED [ 46%]
tests/test_mcp_integration.py::TestMCPTools::test_list_tools PASSED      [ 46%]
tests/test_mcp_integration.py::TestMCPTools::test_get_version PASSED     [ 46%]
tests/test_mcp_integration.py::TestMCPTools::test_friction_log PASSED    [ 46%]
tests/test_mcp_integration.py::TestMCPTools::test_compose PASSED         [ 47%]
tests/test_mcp_integration.py::TestMCPrompts::test_list_prompts PASSED   [ 47%]
tests/test_mcp_integration.py::TestMCPrompts::test_initialize_agent_prompt PASSED [ 47%]
tests/test_mcp_integration.py::TestMCPrompts::test_initialize_agent_with_focus PASSED [ 47%]
tests/test_mcp_integration.py::TestMCPrompts::test_troubleshoot_prompt PASSED [ 47%]
tests/test_mcp_integration.py::TestMCPrompts::test_missing_required_argument PASSED [ 47%]
tests/test_mcp_integration.py::TestMCPClient::test_client_initialization PASSED [ 47%]
tests/test_mcp_integration.py::TestMCPClient::test_get_version_with_cache PASSED [ 47%]
tests/test_mcp_integration.py::TestMCPClient::test_check_version_change PASSED [ 47%]
tests/test_mcp_integration.py::TestMetricsCollection::test_friction_report_has_metrics PASSED [ 47%]
tests/test_mcp_integration.py::TestMetricsCollection::test_self_observe_creates_report PASSED [ 47%]
tests/test_mcp_integration.py::TestImprovementProposal::test_friction_to_proposal_conversion PASSED [ 47%]
tests/test_mcp_integration.py::TestMCPServerEndpoints::test_initialize PASSED [ 47%]
tests/test_mcp_integration.py::TestMCPServerEndpoints::test_resources_list PASSED [ 47%]
tests/test_mcp_integration.py::TestMCPServerEndpoints::test_tools_list PASSED [ 47%]
tests/test_mcp_integration.py::TestMCPServerEndpoints::test_prompts_list PASSED [ 47%]
tests/test_mcp_minimal.py::test_import_mcp_resources PASSED              [ 47%]
tests/test_mcp_minimal.py::test_import_mcp_tools PASSED                  [ 47%]
tests/test_mcp_minimal.py::test_import_mcp_prompts PASSED                [ 47%]
tests/test_mcp_minimal.py::test_import_mcp_server PASSED                 [ 47%]
tests/test_mcp_minimal.py::test_import_mcp_client PASSED                 [ 47%]
tests/test_mcp_minimal.py::test_import_forge_agent PASSED                [ 47%]
tests/test_mcp_minimal.py::TestMCPResources::test_resource_definition PASSED [ 47%]
tests/test_mcp_minimal.py::TestMCPResources::test_resource_template PASSED [ 47%]
tests/test_mcp_minimal.py::TestMCPResources::test_resource_provider_list PASSED [ 47%]
tests/test_mcp_minimal.py::TestMCPResources::test_version_info PASSED    [ 47%]
tests/test_mcp_minimal.py::TestMCPTools::test_tool_definition PASSED     [ 47%]
tests/test_mcp_minimal.py::TestMCPTools::test_tool_provider_list PASSED  [ 47%]
tests/test_mcp_minimal.py::TestMCPTools::test_friction_log PASSED        [ 47%]
tests/test_mcp_minimal.py::TestMCPTools::test_get_version_tool PASSED    [ 47%]
tests/test_mcp_minimal.py::TestMCPPrompts::test_prompt_definition PASSED [ 47%]
tests/test_mcp_minimal.py::TestMCPPrompts::test_prompt_provider_list PASSED [ 47%]
tests/test_mcp_minimal.py::TestMCPPrompts::test_init_prompt PASSED       [ 47%]
tests/test_mcp_minimal.py::TestFrictionReport::test_friction_report_structure PASSED [ 47%]
tests/test_mcp_minimal.py::TestFrictionReport::test_grammar_proposal_structure PASSED [ 47%]
tests/test_mcp_minimal.py::TestMCPClient::test_client_creation PASSED    [ 47%]
tests/test_mcp_minimal.py::TestMCPClient::test_grammar_info_structure PASSED [ 47%]
tests/test_media_evidence.py::test_media_evidence_record_requires_full_sha256_hex_digest PASSED [ 47%]
tests/test_media_evidence.py::test_media_evidence_record_rejects_non_hex_sha256_digest PASSED [ 47%]
tests/test_media_evidence.py::test_media_evidence_record_accepts_normalized_uppercase_sha256_input PASSED [ 47%]
tests/test_memory_evidence.py::TestEvidenceContract::test_valid_contract_passes PASSED [ 47%]
tests/test_memory_evidence.py::TestEvidenceContract::test_empty_sha256_fails PASSED [ 47%]
tests/test_memory_evidence.py::TestEvidenceContract::test_non_hex_sha256_fails PASSED [ 47%]
tests/test_memory_evidence.py::TestEvidenceContract::test_short_sha256_fails PASSED [ 47%]
tests/test_memory_evidence.py::TestEvidenceContract::test_confidence_out_of_range PASSED [ 47%]
tests/test_memory_evidence.py::TestEvidenceContract::test_invalid_trust_tier PASSED [ 47%]
tests/test_memory_evidence.py::TestEvidenceContract::test_invalid_provenance_grade PASSED [ 47%]
tests/test_memory_evidence.py::TestEvidenceContract::test_invalid_source_authority PASSED [ 47%]
tests/test_memory_evidence.py::TestEvidenceContract::test_invalid_artifact_form PASSED [ 47%]
tests/test_memory_evidence.py::TestEvidenceContract::test_invalid_memory_stratum PASSED [ 48%]
tests/test_memory_evidence.py::TestEvidenceContract::test_invalid_storage_tier PASSED [ 48%]
tests/test_memory_evidence.py::TestEvidenceContract::test_invalid_supersedes_sha256 PASSED [ 48%]
tests/test_memory_evidence.py::TestEvidenceContract::test_not_stale_when_no_fresh_until PASSED [ 48%]
tests/test_memory_evidence.py::TestEvidenceContract::test_stale_with_past_fresh_until PASSED [ 48%]
tests/test_memory_evidence.py::TestEvidenceContract::test_not_stale_with_future_fresh_until PASSED [ 48%]
tests/test_memory_evidence.py::TestEvidenceContract::test_is_stale_with_explicit_now PASSED [ 48%]
tests/test_memory_evidence.py::TestEvidenceContract::test_is_stale_bad_iso_treated_as_not_stale PASSED [ 48%]
tests/test_memory_evidence.py::TestEvidenceContract::test_is_trusted_for_governance_canonical_verified PASSED [ 48%]
tests/test_memory_evidence.py::TestEvidenceContract::test_is_trusted_for_governance_validated PASSED [ 48%]
tests/test_memory_evidence.py::TestEvidenceContract::test_not_trusted_for_governance_advisory PASSED [ 48%]
tests/test_memory_evidence.py::TestEvidenceContract::test_not_trusted_for_governance_revoked PASSED [ 48%]
tests/test_memory_evidence.py::TestEvidenceContract::test_not_trusted_for_governance_tombstoned PASSED [ 48%]
tests/test_memory_evidence.py::TestEvidenceContract::test_not_trusted_for_governance_untrusted PASSED [ 48%]
tests/test_memory_evidence.py::TestEvidenceContract::test_not_trusted_for_governance_local PASSED [ 48%]
tests/test_memory_evidence.py::TestEvidenceContract::test_has_source_lineage_complete PASSED [ 48%]
tests/test_memory_evidence.py::TestEvidenceContract::test_no_source_lineage_missing_fields PASSED [ 48%]
tests/test_memory_evidence.py::TestEvidenceContract::test_no_source_lineage_partial PASSED [ 48%]
tests/test_memory_evidence.py::TestEvidenceContract::test_to_dict_from_dict_round_trip PASSED [ 48%]
tests/test_memory_evidence.py::TestEvidenceContract::test_from_dict_empty PASSED [ 48%]
tests/test_memory_evidence.py::TestEvidenceContract::test_from_dict_none PASSED [ 48%]
tests/test_memory_evidence.py::TestEvidenceContract::test_to_dict_preserves_none_fresh_until PASSED [ 48%]
tests/test_memory_evidence.py::TestEvidenceContract::test_to_dict_preserves_none_str_fresh_until PASSED [ 48%]
tests/test_memory_evidence.py::TestMemoryNodeEvidence::test_node_with_evidence_to_dict PASSED [ 48%]
tests/test_memory_evidence.py::TestMemoryNodeEvidence::test_node_without_evidence_to_dict PASSED [ 48%]
tests/test_memory_evidence.py::TestMemoryNodeEvidence::test_node_round_trip_with_evidence PASSED [ 48%]
tests/test_memory_evidence.py::TestMemoryNodeEvidence::test_node_round_trip_without_evidence PASSED [ 48%]
tests/test_memory_evidence.py::TestMemoryNodeEvidence::test_node_from_dict_with_evidence_none PASSED [ 48%]
tests/test_memory_evidence.py::TestMemoryNodeEvidence::test_node_to_dict_includes_evidence_collection_metadata PASSED [ 48%]
tests/test_memory_evidence.py::TestMemoryNodeEvidence::test_backward_compat_old_dict_no_evidence PASSED [ 48%]
tests/test_memory_evidence.py::TestMemoryStoreEvidence::test_store_rejects_revoked PASSED [ 48%]
tests/test_memory_evidence.py::TestMemoryStoreEvidence::test_store_rejects_tombstoned PASSED [ 48%]
tests/test_memory_evidence.py::TestMemoryStoreEvidence::test_store_accepts_valid_evidence PASSED [ 48%]
tests/test_memory_evidence.py::TestMemoryStoreEvidence::test_store_stale_warning PASSED [ 48%]
tests/test_memory_evidence.py::TestMemoryStoreEvidence::test_store_no_stale_warning_for_fresh PASSED [ 48%]
tests/test_memory_evidence.py::TestMemoryStoreEvidence::test_store_without_evidence_works PASSED [ 48%]
tests/test_memory_evidence.py::TestMemoryStoreEvidence::test_store_with_evidence_valid PASSED [ 48%]
tests/test_memory_evidence.py::TestMemoryStoreEvidence::test_store_with_evidence_sha256_mismatch PASSED [ 48%]
tests/test_memory_evidence.py::TestMemoryStoreEvidence::test_store_with_evidence_auto_fills_sha256 PASSED [ 48%]
tests/test_memory_evidence.py::TestMemoryStoreEvidence::test_store_with_evidence_rejects_revoked PASSED [ 48%]
tests/test_memory_evidence.py::TestMemoryStoreEvidence::test_store_with_evidence_rejects_tombstoned PASSED [ 48%]
tests/test_memory_evidence.py::TestMemoryStoreEvidence::test_store_with_evidence_rejects_invalid_contract PASSED [ 48%]
tests/test_memory_evidence.py::TestMemoryStoreEvidence::test_enforce_freshness_all_fresh PASSED [ 48%]
tests/test_memory_evidence.py::TestMemoryStoreEvidence::test_enforce_freshness_detects_stale PASSED [ 48%]
tests/test_memory_evidence.py::TestMemoryStoreEvidence::test_enforce_freshness_no_evidence_treated_fresh PASSED [ 48%]
tests/test_memory_evidence.py::TestMemoryStoreEvidence::test_resolve_supersession_single_node PASSED [ 48%]
tests/test_memory_evidence.py::TestMemoryStoreEvidence::test_resolve_supersession_two_node_chain FAILED [ 48%]
tests/test_memory_evidence.py::TestMemoryStoreEvidence::test_resolve_supersession_not_found PASSED [ 48%]
tests/test_memory_evidence.py::TestMemoryStoreEvidence::test_resolve_supersession_cycle_detection FAILED [ 48%]
tests/test_memory_evidence.py::TestMemoryStoreEvidence::test_get_evidence_report_empty PASSED [ 48%]
tests/test_memory_evidence.py::TestMemoryStoreEvidence::test_get_evidence_report_with_nodes PASSED [ 49%]
tests/test_memory_evidence.py::TestMemoryStoreEvidence::test_get_evidence_report_counts_revoked PASSED [ 49%]
tests/test_memory_evidence.py::TestMemoryStoreEvidence::test_get_evidence_report_stale_count PASSED [ 49%]
tests/test_memory_evidence.py::TestMemoryStoreEvidence::test_get_evidence_report_average_confidence PASSED [ 49%]
tests/test_memory_evidence.py::TestEvidenceContractMerge::test_higher_confidence_wins PASSED [ 49%]
tests/test_memory_evidence.py::TestEvidenceContractMerge::test_newer_freshness_wins PASSED [ 49%]
tests/test_memory_evidence.py::TestEvidenceContractMerge::test_higher_trust_tier_wins PASSED [ 49%]
tests/test_memory_evidence.py::TestEvidenceContractMerge::test_provenance_upgrades_to_evidence_backed PASSED [ 49%]
tests/test_memory_evidence.py::TestEvidenceContractMerge::test_revoked_or_together PASSED [ 49%]
tests/test_memory_evidence.py::TestEvidenceContractMerge::test_tombstoned_or_together PASSED [ 49%]
tests/test_memory_evidence.py::TestEvidenceContractMerge::test_source_authority_upgrades_to_canonical PASSED [ 49%]
tests/test_memory_evidence.py::TestEvidenceContractMerge::test_artifact_form_upgrades PASSED [ 49%]
tests/test_memory_evidence.py::TestEvidenceContractMerge::test_collection_metadata_merged PASSED [ 49%]
tests/test_memory_evidence.py::TestEvidenceContractMerge::test_non_empty_provenance_strings_from_b_override_empty_a PASSED [ 49%]
tests/test_memory_evidence.py::TestEvidenceContractMerge::test_merge_with_one_null_fresh_until PASSED [ 49%]
tests/test_memory_evidence.py::TestBuildEvidenceChainHash::test_deterministic PASSED [ 49%]
tests/test_memory_evidence.py::TestBuildEvidenceChainHash::test_different_contracts_different_hash PASSED [ 49%]
tests/test_memory_evidence.py::TestBuildEvidenceChainHash::test_hash_changes_with_trust_tier PASSED [ 49%]
tests/test_memory_evidence.py::TestBuildEvidenceChainHash::test_hash_changes_with_revocation PASSED [ 49%]
tests/test_memory_evidence.py::TestRAGMemoryBridge::test_evidence_contract_fields_align_with_rag_evidence PASSED [ 49%]
tests/test_memory_evidence.py::TestRAGMemoryBridge::test_store_then_govern_then_query PASSED [ 49%]
tests/test_memory_evidence_schema.py::TestEvidenceColumnsExist::test_columns_present PASSED [ 49%]
tests/test_memory_evidence_schema.py::TestInsertPopulatesColumns::test_basic_fact_defaults PASSED [ 49%]
tests/test_memory_evidence_schema.py::TestInsertPopulatesColumns::test_evidence_entry_with_provenance PASSED [ 49%]
tests/test_memory_evidence_schema.py::TestInsertPopulatesColumns::test_revoked_flag_stored PASSED [ 49%]
tests/test_memory_evidence_schema.py::TestInsertPopulatesColumns::test_tombstoned_flag_stored PASSED [ 49%]
tests/test_memory_evidence_schema.py::TestSQLQueryFilters::test_default_query_excludes_revoked PASSED [ 49%]
tests/test_memory_evidence_schema.py::TestSQLQueryFilters::test_include_revoked_returns_revoked PASSED [ 49%]
tests/test_memory_evidence_schema.py::TestSQLQueryFilters::test_require_provenance_filters_basic PASSED [ 49%]
tests/test_memory_evidence_schema.py::TestBackfillEvidenceColumns::test_backfill_populates_from_metadata PASSED [ 49%]
tests/test_memory_evidence_schema.py::TestGovernFactUpdatesColumns::test_revoke_sets_column PASSED [ 49%]
tests/test_memory_evidence_schema.py::TestGovernFactUpdatesColumns::test_tombstone_sets_column PASSED [ 49%]
tests/test_memory_evidence_schema.py::TestGovernFactUpdatesColumns::test_reinstate_clears_columns PASSED [ 49%]
tests/test_memory_evidence_schema.py::TestGovernFactUpdatesColumns::test_revoked_fact_excluded_from_query PASSED [ 49%]
tests/test_memory_evidence_schema.py::TestColumnCountRegression::test_total_column_count PASSED [ 49%]
tests/test_memory_freshness.py::TestFreshnessVerdict::test_default_constructor PASSED [ 49%]
tests/test_memory_freshness.py::TestFreshnessVerdict::test_explicit_rejection PASSED [ 49%]
tests/test_memory_freshness.py::TestFreshnessVerdict::test_advisory_admit PASSED [ 49%]
tests/test_memory_freshness.py::TestFreshnessVerdict::test_fields_are_distinct PASSED [ 49%]
tests/test_memory_freshness.py::TestCheckEvidenceFreshnessMandatory::test_fresh_passes[execution_admission] FAILED [ 49%]
tests/test_memory_freshness.py::TestCheckEvidenceFreshnessMandatory::test_fresh_passes[governance_vote] FAILED [ 49%]
tests/test_memory_freshness.py::TestCheckEvidenceFreshnessMandatory::test_fresh_passes[audit_entry] FAILED [ 49%]
tests/test_memory_freshness.py::TestCheckEvidenceFreshnessMandatory::test_stale_rejected[execution_admission] FAILED [ 49%]
tests/test_memory_freshness.py::TestCheckEvidenceFreshnessMandatory::test_stale_rejected[governance_vote] FAILED [ 49%]
tests/test_memory_freshness.py::TestCheckEvidenceFreshnessMandatory::test_stale_rejected[audit_entry] FAILED [ 49%]
tests/test_memory_freshness.py::TestCheckEvidenceFreshnessMandatory::test_revoked_rejected[execution_admission] FAILED [ 49%]
tests/test_memory_freshness.py::TestCheckEvidenceFreshnessMandatory::test_revoked_rejected[governance_vote] FAILED [ 49%]
tests/test_memory_freshness.py::TestCheckEvidenceFreshnessMandatory::test_tombstoned_rejected[execution_admission] FAILED [ 49%]
tests/test_memory_freshness.py::TestCheckEvidenceFreshnessMandatory::test_tombstoned_rejected[audit_entry] FAILED [ 49%]
tests/test_memory_freshness.py::TestCheckEvidenceFreshnessMandatory::test_superseded_rejected_for_execution_admission FAILED [ 50%]
tests/test_memory_freshness.py::TestCheckEvidenceFreshnessOverridable::test_stale_flagged_but_admitted[default] FAILED [ 50%]
tests/test_memory_freshness.py::TestCheckEvidenceFreshnessOverridable::test_stale_flagged_but_admitted[memory_recall] FAILED [ 50%]
tests/test_memory_freshness.py::TestCheckEvidenceFreshnessOverridable::test_stale_flagged_but_admitted[dream_cycle] FAILED [ 50%]
tests/test_memory_freshness.py::TestCheckEvidenceFreshnessOverridable::test_fresh_passes_cleanly[default] FAILED [ 50%]
tests/test_memory_freshness.py::TestCheckEvidenceFreshnessOverridable::test_fresh_passes_cleanly[memory_recall] FAILED [ 50%]
tests/test_memory_freshness.py::TestCheckEvidenceFreshnessUnrestricted::test_stale_still_admitted[benchmark] FAILED [ 50%]
tests/test_memory_freshness.py::TestCheckEvidenceFreshnessUnrestricted::test_stale_still_admitted[dream_proposal] FAILED [ 50%]
tests/test_memory_freshness.py::TestCheckEvidenceFreshnessUnrestricted::test_stale_still_admitted[media_synthesis] FAILED [ 50%]
tests/test_memory_freshness.py::TestCheckEvidenceFreshnessUnrestricted::test_superseded_still_admitted[benchmark] FAILED [ 50%]
tests/test_memory_freshness.py::TestCheckEvidenceFreshnessUnrestricted::test_superseded_still_admitted[media_synthesis] FAILED [ 50%]
tests/test_memory_freshness.py::TestCheckEvidenceFreshnessEdgeCases::test_tampered_content_hash FAILED [ 50%]
tests/test_memory_freshness.py::TestCheckEvidenceFreshnessEdgeCases::test_missing_freshness_status_is_unknown FAILED [ 50%]
tests/test_memory_freshness.py::TestCheckEvidenceFreshnessEdgeCases::test_none_freshness_status_treated_as_unknown FAILED [ 50%]
tests/test_memory_freshness.py::TestCheckEvidenceFreshnessEdgeCases::test_missing_purpose_defaults_to_unrestricted FAILED [ 50%]
tests/test_memory_freshness.py::TestResolveSupersessionChain::test_no_supersession_returns_self FAILED [ 50%]
tests/test_memory_freshness.py::TestResolveSupersessionChain::test_single_link_chain FAILED [ 50%]
tests/test_memory_freshness.py::TestResolveSupersessionChain::test_multi_link_chain FAILED [ 50%]
tests/test_memory_freshness.py::TestResolveSupersessionChain::test_not_found_in_rows FAILED [ 50%]
tests/test_memory_freshness.py::TestResolveSupersessionChain::test_cycle_detection FAILED [ 50%]
tests/test_memory_freshness.py::TestResolveSupersessionChain::test_max_depth_enforced FAILED [ 50%]
tests/test_memory_freshness.py::TestResolveSupersessionChain::test_mid_chain_lookup FAILED [ 50%]
tests/test_memory_freshness.py::TestMissionEvidenceFreshness::test_empty_mission_is_fresh FAILED [ 50%]
tests/test_memory_freshness.py::TestMissionEvidenceFreshness::test_fresh_execution_trace FAILED [ 50%]
tests/test_memory_freshness.py::TestMissionEvidenceFreshness::test_stale_execution_trace FAILED [ 50%]
tests/test_memory_freshness.py::TestMissionEvidenceFreshness::test_superseded_in_trace FAILED [ 50%]
tests/test_memory_freshness.py::TestMissionEvidenceFreshness::test_revoked_in_trace FAILED [ 50%]
tests/test_memory_freshness.py::TestMissionEvidenceFreshness::test_mixed_fresh_stale FAILED [ 50%]
tests/test_memory_freshness.py::TestMissionEvidenceFreshness::test_verification_report_evidence FAILED [ 50%]
tests/test_memory_freshness.py::TestMissionEvidenceFreshness::test_nested_result_evidence FAILED [ 50%]
tests/test_memory_freshness.py::TestMissionEvidenceFreshness::test_orchestration_contract_evidence FAILED [ 50%]
tests/test_memory_freshness.py::TestMissionEvidenceFreshness::test_non_dict_evidence_skipped FAILED [ 50%]
tests/test_memory_freshness_integration.py::TestCheckEvidenceFreshness::test_fresh_evidence_admitted PASSED [ 50%]
tests/test_memory_freshness_integration.py::TestCheckEvidenceFreshness::test_stale_evidence_rejected_for_mandatory_purpose PASSED [ 50%]
tests/test_memory_freshness_integration.py::TestCheckEvidenceFreshness::test_stale_evidence_rejected_when_allow_stale_false PASSED [ 50%]
tests/test_memory_freshness_integration.py::TestCheckEvidenceFreshness::test_stale_evidence_ok_for_unrestricted_purpose PASSED [ 50%]
tests/test_memory_freshness_integration.py::TestCheckEvidenceFreshness::test_superseded_evidence_rejected PASSED [ 50%]
tests/test_memory_freshness_integration.py::TestCheckEvidenceFreshness::test_revoked_evidence_rejected PASSED [ 50%]
tests/test_memory_freshness_integration.py::TestCheckEvidenceFreshness::test_tombstoned_evidence_rejected PASSED [ 50%]
tests/test_memory_freshness_integration.py::TestCheckEvidenceFreshness::test_content_hash_invalid_rejected PASSED [ 50%]
tests/test_memory_freshness_integration.py::TestCheckEvidenceFreshness::test_revoked_allowed_when_flag_set PASSED [ 50%]
tests/test_memory_freshness_integration.py::TestSupersessionChainResolution::test_simple_supersession_chain PASSED [ 50%]
tests/test_memory_freshness_integration.py::TestSupersessionChainResolution::test_chain_stops_at_revoked_superseder PASSED [ 50%]
tests/test_memory_freshness_integration.py::TestSupersessionChainResolution::test_no_supersession PASSED [ 50%]
tests/test_memory_freshness_integration.py::TestSupersessionChainResolution::test_missing_start_sha256 PASSED [ 50%]
tests/test_memory_freshness_integration.py::TestSupersessionChainResolution::test_cycle_detection_stops_chain PASSED [ 50%]
tests/test_memory_freshness_integration.py::TestLifecycleFreshnessGate::test_verify_blocked_by_stale_execution_evidence PASSED [ 50%]
tests/test_memory_freshness_integration.py::TestLifecycleFreshnessGate::test_verify_blocked_by_superseded_execution_evidence PASSED [ 50%]
tests/test_memory_freshness_integration.py::TestLifecycleFreshnessGate::test_verify_blocked_by_revoked_evidence PASSED [ 50%]
tests/test_memory_freshness_integration.py::TestLifecycleFreshnessGate::test_verify_succeeds_with_fresh_evidence PASSED [ 51%]
tests/test_memory_freshness_integration.py::TestLifecycleFreshnessGate::test_merge_blocked_by_stale_verification_evidence PASSED [ 51%]
tests/test_memory_freshness_integration.py::TestLifecycleFreshnessGate::test_full_pipeline_with_fresh_evidence_succeeds PASSED [ 51%]
tests/test_memory_freshness_integration.py::TestLifecycleFreshnessGate::test_override_bypasses_freshness_gate PASSED [ 51%]
tests/test_memory_freshness_integration.py::TestLifecycleFreshnessGate::test_specify_and_plan_not_gated_by_freshness PASSED [ 51%]
tests/test_memory_freshness_integration.py::TestLifecycleFreshnessGate::test_orchestration_contract_evidence_scanned PASSED [ 51%]
tests/test_memory_freshness_integration.py::TestHandoffChainFreshness::test_handoff_chain_detects_stale_evidence PASSED [ 51%]
tests/test_memory_freshness_integration.py::TestHandoffChainFreshness::test_handoff_chain_detects_superseded_evidence PASSED [ 51%]
tests/test_memory_freshness_integration.py::TestHandoffChainFreshness::test_handoff_chain_detects_revoked_evidence PASSED [ 51%]
tests/test_memory_freshness_integration.py::TestHandoffChainFreshness::test_handoff_chain_all_fresh PASSED [ 51%]
tests/test_memory_freshness_integration.py::TestHandoffChainFreshness::test_handoff_chain_no_payload PASSED [ 51%]
tests/test_memory_freshness_integration.py::TestHandoffChainFreshness::test_verify_handoff_chain_includes_memory_freshness PASSED [ 51%]
tests/test_memory_freshness_integration.py::TestHandoffChainFreshness::test_handoff_evidence_list_scanning PASSED [ 51%]
tests/test_memory_freshness_integration.py::TestPurposePolicies::test_mandatory_purposes_reject_stale PASSED [ 51%]
tests/test_memory_freshness_integration.py::TestPurposePolicies::test_unrestricted_purposes_always_admit PASSED [ 51%]
tests/test_memory_freshness_integration.py::TestPurposePolicies::test_overridable_purposes_reject_by_default PASSED [ 51%]
tests/test_memory_freshness_integration.py::TestPurposePolicies::test_overridable_purposes_admit_when_allow_stale PASSED [ 51%]
tests/test_memory_freshness_integration.py::TestFreshnessVerdict::test_default_verdict_is_admissible PASSED [ 51%]
tests/test_memory_freshness_integration.py::TestFreshnessVerdict::test_rejected_verdict_carries_reasons PASSED [ 51%]
tests/test_memory_freshness_integration.py::TestFreshnessVerdict::test_superseded_verdict_carries_chain_info PASSED [ 51%]
tests/test_memory_write_enforcement.py::TestBasicGate::test_empty_content_rejected PASSED [ 51%]
tests/test_memory_write_enforcement.py::TestBasicGate::test_whitespace_only_content_rejected PASSED [ 51%]
tests/test_memory_write_enforcement.py::TestBasicGate::test_confidence_below_zero_rejected PASSED [ 51%]
tests/test_memory_write_enforcement.py::TestBasicGate::test_confidence_above_one_rejected PASSED [ 51%]
tests/test_memory_write_enforcement.py::TestBasicGate::test_confidence_edge_zero_accepted PASSED [ 51%]
tests/test_memory_write_enforcement.py::TestBasicGate::test_confidence_edge_one_accepted PASSED [ 51%]
tests/test_memory_write_enforcement.py::TestBasicGate::test_valid_content_passes_gate PASSED [ 51%]
tests/test_memory_write_enforcement.py::TestStrictMode::test_invalid_provenance_rejected PASSED [ 51%]
tests/test_memory_write_enforcement.py::TestStrictMode::test_valid_provenance_accepted PASSED [ 51%]
tests/test_memory_write_enforcement.py::TestStrictMode::test_evidence_entry_without_source_type_rejected PASSED [ 51%]
tests/test_memory_write_enforcement.py::TestStrictMode::test_hks_entry_without_source_type_rejected PASSED [ 51%]
tests/test_memory_write_enforcement.py::TestStrictMode::test_evidence_entry_with_source_type_accepted PASSED [ 51%]
tests/test_memory_write_enforcement.py::TestStrictMode::test_hks_entry_with_source_type_accepted PASSED [ 51%]
tests/test_memory_write_enforcement.py::TestStrictMode::test_fact_entry_not_blocked_by_evidence_rule PASSED [ 51%]
tests/test_memory_write_enforcement.py::TestStrictMode::test_strict_false_does_not_enforce_provenance PASSED [ 51%]
tests/test_merkle_dr.py::TestExportVerifyRestore::test_full_cycle PASSED [ 51%]
tests/test_merkle_dr.py::TestExportVerifyRestore::test_multiple_chains PASSED [ 51%]
tests/test_merkle_dr.py::TestExportVerifyRestore::test_empty_chain PASSED [ 51%]
tests/test_merkle_dr.py::TestTamperDetection::test_tampered_manifest_fails PASSED [ 51%]
tests/test_merkle_dr.py::TestTamperDetection::test_tampered_chain_file_fails PASSED [ 51%]
tests/test_merkle_dr.py::TestTamperDetection::test_deleted_chain_file_fails PASSED [ 51%]
tests/test_merkle_dr.py::TestTamperDetection::test_deleted_signature_fails PASSED [ 51%]
tests/test_merkle_dr.py::TestWALDisasterRecovery::test_delete_wal_restore_chain_intact PASSED [ 51%]
tests/test_merkle_dr.py::TestDryRun::test_dry_run_does_not_write PASSED  [ 51%]
tests/test_merkle_dr.py::TestKeyIsolation::test_different_master_key_rejects_restore PASSED [ 51%]
tests/test_merkle_dr.py::TestMissingMasterKey::test_export_without_master_key_fails PASSED [ 51%]
tests/test_merkle_dr.py::TestManifestMetadata::test_manifest_contains_required_fields PASSED [ 51%]
tests/test_merkle_dr.py::TestCLIIntegration::test_export_verify_restore_cli PASSED [ 51%]
tests/test_merkle_dr.py::TestCLIIntegration::test_verify_tampered_fails_cli PASSED [ 51%]
tests/test_merkle_dr.py::TestCLIIntegration::test_backup_missing_source PASSED [ 51%]
tests/test_model_catalog.py::test_sync_model_catalog_marks_pullable_and_impractical_models PASSED [ 52%]
tests/test_model_catalog.py::test_sync_model_catalog_surfaces_cloud_via_ollama_recommendations PASSED [ 52%]
tests/test_model_catalog.py::test_build_named_model_chain_uses_packaged_policy PASSED [ 52%]
tests/test_model_catalog.py::test_build_named_model_chains_returns_all_workflow_names PASSED [ 52%]
tests/test_model_certification.py::TestModelCertificationResult::test_fields_after_init PASSED [ 52%]
tests/test_model_certification.py::TestModelCertificationResult::test_is_fluent_at_boundary PASSED [ 52%]
tests/test_model_certification.py::TestModelCertificationResult::test_is_fluent_above_boundary PASSED [ 52%]
tests/test_model_certification.py::TestModelCertificationResult::test_is_fluent_below_boundary PASSED [ 52%]
tests/test_model_certification.py::TestModelCertificationResult::test_is_fluent_zero_success PASSED [ 52%]
tests/test_model_certification.py::TestModelCertificationResult::test_is_fluent_perfect PASSED [ 52%]
tests/test_model_certification.py::TestModelCertificationResult::test_to_dict_contains_all_keys PASSED [ 52%]
tests/test_model_certification.py::TestModelCertificationResult::test_to_dict_per_prompt_preserved PASSED [ 52%]
tests/test_model_certification.py::TestModelCertificationResult::test_from_dict_roundtrip PASSED [ 52%]
tests/test_model_certification.py::TestModelCertificationResult::test_to_dict_json_serializable PASSED [ 52%]
tests/test_model_certification.py::TestModelCertificationResult::test_from_dict_with_missing_optionals PASSED [ 52%]
tests/test_model_certification.py::TestCertificationReport::test_empty_report_properties PASSED [ 52%]
tests/test_model_certification.py::TestCertificationReport::test_fluent_models_filtering PASSED [ 52%]
tests/test_model_certification.py::TestCertificationReport::test_fluent_models_none PASSED [ 52%]
tests/test_model_certification.py::TestCertificationReport::test_best_model PASSED [ 52%]
tests/test_model_certification.py::TestCertificationReport::test_best_model_empty PASSED [ 52%]
tests/test_model_certification.py::TestCertificationReport::test_summary_contains_key_info PASSED [ 52%]
tests/test_model_certification.py::TestCertificationReport::test_summary_empty PASSED [ 52%]
tests/test_model_certification.py::TestCertificationReport::test_to_dict_structure PASSED [ 52%]
tests/test_model_certification.py::TestCertificationReport::test_to_dict_json_serializable PASSED [ 52%]
tests/test_model_certification.py::TestCertificationReport::test_from_dict_roundtrip PASSED [ 52%]
tests/test_model_certification.py::TestCertificationReport::test_rankings_are_sorted_by_success_rate PASSED [ 52%]
tests/test_model_certification.py::TestResolveModelList::test_cli_arg_takes_priority PASSED [ 52%]
tests/test_model_certification.py::TestResolveModelList::test_env_var_fallback PASSED [ 52%]
tests/test_model_certification.py::TestResolveModelList::test_no_filter_returns_none PASSED [ 52%]
tests/test_model_certification.py::TestResolveModelList::test_empty_string_returns_none PASSED [ 52%]
tests/test_model_certification.py::TestResolveModelList::test_whitespace_only_returns_none PASSED [ 52%]
tests/test_model_certification.py::TestResolveModelList::test_trailing_comma_ignored PASSED [ 52%]
tests/test_model_certification.py::TestResolveModelList::test_leading_comma_ignored PASSED [ 52%]
tests/test_model_certification.py::TestModelCertificationRunner::test_discover_models_returns_names PASSED [ 52%]
tests/test_model_certification.py::TestModelCertificationRunner::test_discover_models_empty PASSED [ 52%]
tests/test_model_certification.py::TestModelCertificationRunner::test_discover_models_http_error PASSED [ 52%]
tests/test_model_certification.py::TestModelCertificationRunner::test_discover_models_connection_error PASSED [ 52%]
tests/test_model_certification.py::TestModelCertificationRunner::test_discover_models_timeout PASSED [ 52%]
tests/test_model_certification.py::TestModelCertificationRunner::test_run_certification_with_filters PASSED [ 52%]
tests/test_model_certification.py::TestModelCertificationRunner::test_run_certification_discovers_when_none PASSED [ 52%]
tests/test_model_certification.py::TestModelCertificationRunner::test_run_certification_no_models PASSED [ 52%]
tests/test_model_certification.py::TestModelCertificationRunner::test_run_certification_handles_exceptions PASSED [ 52%]
tests/test_model_certification.py::TestModelCertificationRunner::test_run_certification_rankings_sorting PASSED [ 52%]
tests/test_model_certification.py::TestModelCertificationRunner::test_certify_model_all_compile_success PASSED [ 52%]
tests/test_model_certification.py::TestModelCertificationRunner::test_certify_model_all_fail PASSED [ 52%]
tests/test_model_certification.py::TestModelCertificationRunner::test_certify_model_partial_success PASSED [ 52%]
tests/test_model_certification.py::TestModelCertificationRunner::test_certify_model_compile_error PASSED [ 52%]
tests/test_model_certification.py::TestModelCertificationRunner::test_certify_model_with_custom_prompts PASSED [ 52%]
tests/test_model_certification.py::TestModelCertificationRunner::test_standard_prompts_count PASSED [ 52%]
tests/test_model_certification.py::TestModelCertificationRunner::test_standard_prompts_all_have_labels_and_text PASSED [ 53%]
tests/test_model_certification.py::TestModelCertificationRunner::test_prompt_count_capped_at_max PASSED [ 53%]
tests/test_model_certification.py::TestModelCertificationRunner::test_prompt_count_minimum_one PASSED [ 53%]
tests/test_model_certification.py::TestSerializationRoundTrip::test_full_report_roundtrip PASSED [ 53%]
tests/test_model_certification.py::TestSerializationRoundTrip::test_single_result_roundtrip PASSED [ 53%]
tests/test_model_certification.py::TestSerializationRoundTrip::test_empty_report_roundtrip PASSED [ 53%]
tests/test_model_requirements.py::test_model_requirements_accept_multilingual_model_with_required_scores PASSED [ 53%]
tests/test_model_requirements.py::test_model_requirements_reject_model_missing_language_and_benchmark_threshold PASSED [ 53%]
tests/test_model_requirements.py::test_model_requirement_tiers_distinguish_baseline_launch_and_promotion PASSED [ 53%]
tests/test_model_requirements.py::test_model_profile_evaluation_uses_governed_translation_memory_profile PASSED [ 53%]
tests/test_model_requirements.py::test_model_profile_evaluation_supports_sidecar_quality_profile PASSED [ 53%]
tests/test_model_requirements.py::test_profile_tool_uses_persisted_benchmark_artifact_when_scores_are_omitted PASSED [ 53%]
tests/test_model_version.py::TestModelRecordDigest::test_model_record_includes_digest PASSED [ 53%]
tests/test_model_version.py::TestModelRecordDigest::test_model_record_to_dict_includes_digest PASSED [ 53%]
tests/test_model_version.py::TestModelRecordDigest::test_model_record_from_dict_includes_digest PASSED [ 53%]
tests/test_model_version.py::TestModelRecordDigest::test_model_record_digest_default_empty PASSED [ 53%]
tests/test_model_version.py::TestModelVersionResult::test_match_result PASSED [ 53%]
tests/test_model_version.py::TestModelVersionResult::test_mismatch_result PASSED [ 53%]
tests/test_model_version.py::TestModelVersionResult::test_to_dict PASSED [ 53%]
tests/test_model_version.py::TestVerifyModelVersions::test_no_model_versions_returns_empty PASSED [ 53%]
tests/test_model_version.py::TestVerifyModelVersions::test_all_match PASSED [ 53%]
tests/test_model_version.py::TestVerifyModelVersions::test_mismatch_raises_capsule_violation PASSED [ 53%]
tests/test_model_version.py::TestVerifyModelVersions::test_model_not_found_in_live PASSED [ 53%]
tests/test_model_version.py::TestVerifyModelVersions::test_skip_when_no_live_data PASSED [ 53%]
tests/test_model_version.py::TestVerifyModelVersions::test_scanner_failure_returns_errors PASSED [ 53%]
tests/test_model_version.py::TestVerifyModelVersions::test_strips_tag_suffix PASSED [ 53%]
tests/test_model_version.py::TestManifestModelVersions::test_empty_by_default PASSED [ 53%]
tests/test_model_version.py::TestManifestModelVersions::test_to_dict_includes_model_versions PASSED [ 53%]
tests/test_model_version.py::TestManifestModelVersions::test_from_dict_round_trips PASSED [ 53%]
tests/test_model_version.py::TestGovernedLatentInferModelVersion::test_model_version_check_passes_with_empty_model_versions PASSED [ 53%]
tests/test_model_version.py::TestGovernedLatentInferModelVersion::test_model_version_none_is_noop PASSED [ 53%]
tests/test_modeltron.py::TestPerformanceRecord::test_defaults PASSED     [ 53%]
tests/test_modeltron.py::TestPerformanceRecord::test_to_dict PASSED      [ 53%]
tests/test_modeltron.py::TestPerformanceTracker::test_record_single PASSED [ 53%]
tests/test_modeltron.py::TestPerformanceTracker::test_record_multiple_same_model PASSED [ 53%]
tests/test_modeltron.py::TestPerformanceTracker::test_record_multiple_models PASSED [ 53%]
tests/test_modeltron.py::TestPerformanceTracker::test_percentile_calculation PASSED [ 53%]
tests/test_modeltron.py::TestPerformanceTracker::test_error_rate PASSED  [ 53%]
tests/test_modeltron.py::TestPerformanceTracker::test_token_throughput_avg PASSED [ 53%]
tests/test_modeltron.py::TestPerformanceTracker::test_time_window_filters_old PASSED [ 53%]
tests/test_modeltron.py::TestPerformanceTracker::test_window_size_limit PASSED [ 53%]
tests/test_modeltron.py::TestPerformanceTracker::test_empty_metrics PASSED [ 53%]
tests/test_modeltron.py::TestPerformanceTracker::test_single_datapoint PASSED [ 53%]
tests/test_modeltron.py::TestPerformanceTracker::test_clear_all PASSED   [ 53%]
tests/test_modeltron.py::TestPerformanceTracker::test_clear_model PASSED [ 53%]
tests/test_modeltron.py::TestPerformanceTracker::test_clear_task PASSED  [ 53%]
tests/test_modeltron.py::TestPerformanceTracker::test_status PASSED      [ 53%]
tests/test_modeltron.py::TestAggregatedMetrics::test_is_degraded_false PASSED [ 53%]
tests/test_modeltron.py::TestAggregatedMetrics::test_is_degraded_high_error PASSED [ 53%]
tests/test_modeltron.py::TestAggregatedMetrics::test_is_degraded_high_latency PASSED [ 54%]
tests/test_modeltron.py::TestAggregatedMetrics::test_is_degraded_cold_start PASSED [ 54%]
tests/test_modeltron.py::TestAggregatedMetrics::test_success_count PASSED [ 54%]
tests/test_modeltron.py::TestAggregatedMetrics::test_to_dict PASSED      [ 54%]
tests/test_modeltron.py::TestRoutingFeedback::test_get_hints_healthy PASSED [ 54%]
tests/test_modeltron.py::TestRoutingFeedback::test_get_hints_no_data PASSED [ 54%]
tests/test_modeltron.py::TestRoutingFeedback::test_get_hints_cold_start PASSED [ 54%]
tests/test_modeltron.py::TestRoutingFeedback::test_get_hints_all_degraded PASSED [ 54%]
tests/test_modeltron.py::TestRoutingFeedback::test_get_hints_preferred_models PASSED [ 54%]
tests/test_modeltron.py::TestRoutingFeedback::test_get_all_hints PASSED  [ 54%]
tests/test_modeltron.py::TestRoutingFeedback::test_hint_to_dict PASSED   [ 54%]
tests/test_modeltron.py::TestFeedbackLoop::test_empty_state PASSED       [ 54%]
tests/test_modeltron.py::TestFeedbackLoop::test_refresh_detects_degraded PASSED [ 54%]
tests/test_modeltron.py::TestFeedbackLoop::test_is_model_degraded PASSED [ 54%]
tests/test_modeltron.py::TestFeedbackLoop::test_weight_adjustment PASSED [ 54%]
tests/test_modeltron.py::TestFeedbackLoop::test_degraded_weight_reduced PASSED [ 54%]
tests/test_modeltron.py::TestFeedbackLoop::test_refresh_restores_models PASSED [ 54%]
tests/test_modeltron.py::TestFeedbackLoop::test_status PASSED            [ 54%]
tests/test_modeltron.py::TestFeedbackLoop::test_apply_to_load_balancer_noop PASSED [ 54%]
tests/test_modeltron.py::TestFeedbackLoop::test_apply_to_load_balancer_with_mock PASSED [ 54%]
tests/test_modeltron.py::TestConvenienceFunctions::test_report_performance PASSED [ 54%]
tests/test_modeltron.py::TestConvenienceFunctions::test_get_routing_hints PASSED [ 54%]
tests/test_modeltron.py::TestConvenienceFunctions::test_get_tracker_singleton PASSED [ 54%]
tests/test_modeltron.py::TestConvenienceFunctions::test_get_feedback_singleton PASSED [ 54%]
tests/test_modeltron.py::TestConvenienceFunctions::test_get_feedback_loop_singleton PASSED [ 54%]
tests/test_moe_router.py::test_expert_router_creation_valid PASSED       [ 54%]
tests/test_moe_router.py::test_expert_router_rejects_invalid_strategy PASSED [ 54%]
tests/test_moe_router.py::test_expert_router_rejects_empty_experts PASSED [ 54%]
tests/test_moe_router.py::test_expert_router_rejects_empty_gating_model PASSED [ 54%]
tests/test_moe_router.py::test_expert_router_normalizes_weights PASSED   [ 54%]
tests/test_moe_router.py::test_route_to_expert_produces_valid_decision PASSED [ 54%]
tests/test_moe_router.py::test_route_to_expert_confidence_in_range PASSED [ 54%]
tests/test_moe_router.py::test_route_to_expert_selected_expert_in_expert_list PASSED [ 54%]
tests/test_moe_router.py::test_ensemble_route_produces_decisions_for_each_router PASSED [ 54%]
tests/test_moe_router.py::test_build_fallback_graph_produces_valid_graph PASSED [ 54%]
tests/test_moe_router.py::test_build_fallback_graph_detects_circular_dependencies PASSED [ 54%]
tests/test_moe_router.py::test_validate_gating_decision_catches_invalid PASSED [ 54%]
tests/test_moe_router.py::test_validate_gating_decision_accepts_valid PASSED [ 54%]
tests/test_moe_router.py::test_validate_against_router_catches_invalid_expert PASSED [ 54%]
tests/test_moe_router.py::test_weighted_routing_distributes_proportionally PASSED [ 54%]
tests/test_moe_router.py::test_fallback_order_respected_when_expert_fails PASSED [ 54%]
tests/test_moe_router.py::test_fallback_order_returns_first_when_none_failed PASSED [ 54%]
tests/test_moe_router.py::test_context_window_affects_routing_behavior PASSED [ 54%]
tests/test_moe_router.py::test_context_window_rejects_invalid PASSED     [ 54%]
tests/test_moe_router.py::test_moe_routing_decision_to_dict_serializes PASSED [ 54%]
tests/test_moe_router.py::test_moe_model_gateway_route_and_execute PASSED [ 54%]
tests/test_moe_router.py::test_moe_model_gateway_fallback_on_failure PASSED [ 54%]
tests/test_moe_router.py::test_moe_model_gateway_exhausts_fallbacks PASSED [ 54%]
tests/test_moe_router.py::test_round_robin_cycles_through_experts PASSED [ 54%]
tests/test_moe_router.py::test_build_fallback_graph_single_router PASSED [ 54%]
tests/test_moe_router.py::test_build_fallback_graph_defaults_to_experts_order PASSED [ 55%]
tests/test_moe_router.py::test_moe_model_gateway_router_property PASSED  [ 55%]
tests/test_msty_audit_bridge.py::TestIngestAndStore::test_ingest_stores_event PASSED [ 55%]
tests/test_msty_audit_bridge.py::TestIngestAndStore::test_duplicate_rejection PASSED [ 55%]
tests/test_msty_audit_bridge.py::TestIngestAndStore::test_empty_event_id_raises PASSED [ 55%]
tests/test_msty_audit_bridge.py::TestIngestAndStore::test_invalid_event_type_raises PASSED [ 55%]
tests/test_msty_audit_bridge.py::TestQueryFilters::test_query_by_event_type PASSED [ 55%]
tests/test_msty_audit_bridge.py::TestQueryFilters::test_query_by_time_range PASSED [ 55%]
tests/test_msty_audit_bridge.py::TestQueryFilters::test_query_by_actor PASSED [ 55%]
tests/test_msty_audit_bridge.py::TestQueryFilters::test_query_by_tool_name PASSED [ 55%]
tests/test_msty_audit_bridge.py::TestQueryFilters::test_query_empty_returns_empty_list PASSED [ 55%]
tests/test_msty_audit_bridge.py::TestCausalChain::test_trace_causal_chain PASSED [ 55%]
tests/test_msty_audit_bridge.py::TestCausalChain::test_trace_nonexistent_event PASSED [ 55%]
tests/test_msty_audit_bridge.py::TestRecourseQuery::test_recourse_time_range_query PASSED [ 55%]
tests/test_msty_audit_bridge.py::TestRecourseQuery::test_recourse_why_query PASSED [ 55%]
tests/test_msty_audit_bridge.py::TestRecourseQuery::test_recourse_who_query PASSED [ 55%]
tests/test_msty_audit_bridge.py::TestRecourseQuery::test_recourse_empty_bridge PASSED [ 55%]
tests/test_msty_audit_bridge.py::TestSessionSummary::test_session_summary_counts PASSED [ 55%]
tests/test_msty_audit_bridge.py::TestSessionSummary::test_session_summary_empty PASSED [ 55%]
tests/test_msty_audit_bridge.py::TestWeeklyEvidence::test_weekly_evidence_valid_json PASSED [ 55%]
tests/test_msty_audit_bridge.py::TestWeeklyEvidence::test_weekly_evidence_empty_bridge PASSED [ 55%]
tests/test_msty_audit_bridge.py::TestArchive::test_archive_ndjson PASSED [ 55%]
tests/test_msty_audit_bridge.py::TestArchive::test_archive_empty_session PASSED [ 55%]
tests/test_msty_audit_bridge.py::TestArchive::test_event_count_property PASSED [ 55%]
tests/test_msty_audit_bridge.py::TestConstraintChecks::test_constraint_checks_preserved PASSED [ 55%]
tests/test_msty_constraint_bridge.py::TestLoadConstraints::test_parse_sample PASSED [ 55%]
tests/test_msty_constraint_bridge.py::TestLoadConstraints::test_constraint_structure PASSED [ 55%]
tests/test_msty_constraint_bridge.py::TestLoadConstraints::test_tiers_parsed PASSED [ 55%]
tests/test_msty_constraint_bridge.py::TestLoadConstraints::test_load_defaults PASSED [ 55%]
tests/test_msty_constraint_bridge.py::TestLoadConstraints::test_load_defaults_compiles_via_grammar PASSED [ 55%]
tests/test_msty_constraint_bridge.py::TestForbidRules::test_forbid_blocks_matching_shell PASSED [ 55%]
tests/test_msty_constraint_bridge.py::TestForbidRules::test_forbid_allows_non_matching_shell PASSED [ 55%]
tests/test_msty_constraint_bridge.py::TestForbidRules::test_forbid_blocks_file_write_to_etc PASSED [ 55%]
tests/test_msty_constraint_bridge.py::TestForbidRules::test_forbid_allows_file_write_to_tmp PASSED [ 55%]
tests/test_msty_constraint_bridge.py::TestAllowRules::test_allow_permits_matching_read PASSED [ 55%]
tests/test_msty_constraint_bridge.py::TestAllowRules::test_default_behavior_allows_unknown PASSED [ 55%]
tests/test_msty_constraint_bridge.py::TestTierRules::test_drop_table_forbidden_at_hearth PASSED [ 55%]
tests/test_msty_constraint_bridge.py::TestTierRules::test_drop_table_allowed_at_forge PASSED [ 55%]
tests/test_msty_constraint_bridge.py::TestTierRules::test_drop_table_allowed_at_sovereign PASSED [ 55%]
tests/test_msty_constraint_bridge.py::TestTierRules::test_internal_host_forbidden_at_hearth PASSED [ 55%]
tests/test_msty_constraint_bridge.py::TestTierRules::test_internal_host_forbidden_at_forge PASSED [ 55%]
tests/test_msty_constraint_bridge.py::TestTierRules::test_internal_host_allowed_at_sovereign PASSED [ 55%]
tests/test_msty_constraint_bridge.py::TestRequireApproval::test_http_requires_approval_at_hearth PASSED [ 55%]
tests/test_msty_constraint_bridge.py::TestRequireApproval::test_http_no_approval_at_forge PASSED [ 55%]
tests/test_msty_constraint_bridge.py::TestRequireApproval::test_approval_combined_with_forbid PASSED [ 55%]
tests/test_msty_constraint_bridge.py::TestPatternMatching::test_glob_wildcard_match PASSED [ 55%]
tests/test_msty_constraint_bridge.py::TestPatternMatching::test_path_glob_match PASSED [ 55%]
tests/test_msty_constraint_bridge.py::TestPatternMatching::test_regex_pattern_detected PASSED [ 55%]
tests/test_msty_constraint_bridge.py::TestPatternMatching::test_path_not_pattern_for_file_ops PASSED [ 55%]
tests/test_msty_constraint_bridge.py::TestRuntimeMutation::test_add_constraint PASSED [ 56%]
tests/test_msty_constraint_bridge.py::TestRuntimeMutation::test_remove_constraint PASSED [ 56%]
tests/test_msty_constraint_bridge.py::TestRuntimeMutation::test_remove_nonexistent PASSED [ 56%]
tests/test_msty_constraint_bridge.py::TestValidation::test_valid_constraints_pass PASSED [ 56%]
tests/test_msty_constraint_bridge.py::TestValidation::test_empty_constraints_fail PASSED [ 56%]
tests/test_msty_constraint_bridge.py::TestValidation::test_empty_tool_fails PASSED [ 56%]
tests/test_msty_constraint_bridge.py::TestValidation::test_empty_pattern_fails PASSED [ 56%]
tests/test_msty_constraint_bridge.py::TestValidation::test_invalid_action_fails PASSED [ 56%]
tests/test_msty_constraint_bridge.py::TestValidation::test_invalid_tier_fails PASSED [ 56%]
tests/test_msty_constraint_bridge.py::TestExport::test_export_produces_valid_json PASSED [ 56%]
tests/test_msty_constraint_bridge.py::TestExport::test_export_rules_match_constraints PASSED [ 56%]
tests/test_msty_constraint_bridge.py::TestEdgeCases::test_empty_source PASSED [ 56%]
tests/test_msty_constraint_bridge.py::TestEdgeCases::test_comments_skipped PASSED [ 56%]
tests/test_msty_constraint_bridge.py::TestEdgeCases::test_non_constraint_glyphs_skipped PASSED [ 56%]
tests/test_msty_constraint_bridge.py::TestEdgeCases::test_constraint_with_args_pattern PASSED [ 56%]
tests/test_msty_constraint_bridge.py::TestEdgeCases::test_constraint_result_dataclass PASSED [ 56%]
tests/test_msty_memory_bridge.py::TestTagging::test_user_stated_confidence PASSED [ 56%]
tests/test_msty_memory_bridge.py::TestTagging::test_web_search_confidence PASSED [ 56%]
tests/test_msty_memory_bridge.py::TestTagging::test_tool_output_confidence PASSED [ 56%]
tests/test_msty_memory_bridge.py::TestTagging::test_shell_output_confidence PASSED [ 56%]
tests/test_msty_memory_bridge.py::TestTagging::test_hlf_symbolic_proof_confidence PASSED [ 56%]
tests/test_msty_memory_bridge.py::TestTagging::test_model_inference_confidence PASSED [ 56%]
tests/test_msty_memory_bridge.py::TestTagging::test_conversation_context_confidence PASSED [ 56%]
tests/test_msty_memory_bridge.py::TestTagging::test_unknown_source_fallback PASSED [ 56%]
tests/test_msty_memory_bridge.py::TestTagging::test_case_insensitive_source PASSED [ 56%]
tests/test_msty_memory_bridge.py::TestTagging::test_whitespace_insensitive_source PASSED [ 56%]
tests/test_msty_memory_bridge.py::TestTagging::test_empty_content_raises PASSED [ 56%]
tests/test_msty_memory_bridge.py::TestTagging::test_whitespace_only_content_raises PASSED [ 56%]
tests/test_msty_memory_bridge.py::TestTagging::test_metadata_preserved PASSED [ 56%]
tests/test_msty_memory_bridge.py::TestTagging::test_entry_hash_consistency PASSED [ 56%]
tests/test_msty_memory_bridge.py::TestTagging::test_entry_hash_different_content PASSED [ 56%]
tests/test_msty_memory_bridge.py::TestValidation::test_no_validator_passes PASSED [ 56%]
tests/test_msty_memory_bridge.py::TestValidation::test_tag_and_validate PASSED [ 56%]
tests/test_msty_memory_bridge.py::TestValidation::test_callable_validator_pass PASSED [ 56%]
tests/test_msty_memory_bridge.py::TestValidation::test_callable_validator_fail PASSED [ 56%]
tests/test_msty_memory_bridge.py::TestValidation::test_set_validator PASSED [ 56%]
tests/test_msty_memory_bridge.py::TestValidation::test_validator_exception PASSED [ 56%]
tests/test_msty_memory_bridge.py::TestConfidenceDecay::test_no_decay_immediate PASSED [ 56%]
tests/test_msty_memory_bridge.py::TestConfidenceDecay::test_slow_decay_one_week PASSED [ 56%]
tests/test_msty_memory_bridge.py::TestConfidenceDecay::test_fast_decay_one_week PASSED [ 56%]
tests/test_msty_memory_bridge.py::TestConfidenceDecay::test_medium_decay_one_week PASSED [ 56%]
tests/test_msty_memory_bridge.py::TestConfidenceDecay::test_fast_decay_seven_days PASSED [ 56%]
tests/test_msty_memory_bridge.py::TestConfidenceDecay::test_decay_clamped_to_zero PASSED [ 56%]
tests/test_msty_memory_bridge.py::TestConfidenceDecay::test_future_date_no_decay PASSED [ 56%]
tests/test_msty_memory_bridge.py::TestConfidenceDecay::test_no_timestamp_fallback PASSED [ 56%]
tests/test_msty_memory_bridge.py::TestContradictionDetection::test_no_contradictions_identical PASSED [ 56%]
tests/test_msty_memory_bridge.py::TestContradictionDetection::test_no_contradictions_different_topics PASSED [ 56%]
tests/test_msty_memory_bridge.py::TestContradictionDetection::test_contradiction_detected_different_values PASSED [ 56%]
tests/test_msty_memory_bridge.py::TestContradictionDetection::test_contradiction_equal_confidence PASSED [ 56%]
tests/test_msty_memory_bridge.py::TestContradictionDetection::test_contradiction_higher_b PASSED [ 57%]
tests/test_msty_memory_bridge.py::TestContradictionDetection::test_bulk_contradiction_check_marks_entries PASSED [ 57%]
tests/test_msty_memory_bridge.py::TestContradictionDetection::test_multi_entry_contradictions PASSED [ 57%]
tests/test_msty_memory_bridge.py::TestDurablePromotion::test_promote_high_confidence_validated PASSED [ 57%]
tests/test_msty_memory_bridge.py::TestDurablePromotion::test_promote_high_confidence_unvalidated PASSED [ 57%]
tests/test_msty_memory_bridge.py::TestDurablePromotion::test_promote_low_confidence_rejected PASSED [ 57%]
tests/test_msty_memory_bridge.py::TestDurablePromotion::test_promote_contradicted_rejected PASSED [ 57%]
tests/test_msty_memory_bridge.py::TestDurablePromotion::test_promote_borderline_confidence PASSED [ 57%]
tests/test_msty_memory_bridge.py::TestDurablePromotion::test_promote_medium_confidence_unvalidated PASSED [ 57%]
tests/test_msty_memory_bridge.py::TestDurablePromotion::test_promote_model_inference PASSED [ 57%]
tests/test_msty_memory_bridge.py::TestReverification::test_old_web_search_needs_reverify PASSED [ 57%]
tests/test_msty_memory_bridge.py::TestReverification::test_recent_user_stated_no_reverify PASSED [ 57%]
tests/test_msty_memory_bridge.py::TestReverification::test_old_model_inference_needs_reverify PASSED [ 57%]
tests/test_msty_memory_bridge.py::TestReverification::test_old_tool_output_no_reverify_if_not_decayed PASSED [ 57%]
tests/test_msty_memory_bridge.py::TestReverification::test_heavily_decayed_user_stated_needs_reverify PASSED [ 57%]
tests/test_msty_memory_bridge.py::TestReverification::test_recent_web_search_no_reverify FAILED [ 57%]
tests/test_msty_memory_bridge.py::TestReverification::test_exactly_seven_days_web_search_reverify PASSED [ 57%]
tests/test_msty_memory_bridge.py::TestReverification::test_unknown_source_old_needs_reverify PASSED [ 57%]
tests/test_msty_memory_bridge.py::TestReverification::test_decay_below_threshold_needs_reverify PASSED [ 57%]
tests/test_msty_memory_bridge.py::TestSerialization::test_to_dict_from_dict_roundtrip PASSED [ 57%]
tests/test_msty_memory_bridge.py::TestSerialization::test_from_dict_defaults PASSED [ 57%]
tests/test_msty_memory_bridge.py::TestDecayRules::test_all_sources_have_decay_rules PASSED [ 57%]
tests/test_msty_memory_bridge.py::TestDecayRules::test_decay_rate_bounds PASSED [ 57%]
tests/test_multi_phase_execution.py::TestPlanPhase::test_plan_phase_produces_plans PASSED [ 57%]
tests/test_multi_phase_execution.py::TestPlanPhase::test_plan_phase_custom_agents PASSED [ 57%]
tests/test_multi_phase_execution.py::TestPlanPhase::test_plan_phase_has_metrics PASSED [ 57%]
tests/test_multi_phase_execution.py::TestConsolidatePhase::test_consolidate_produces_result PASSED [ 57%]
tests/test_multi_phase_execution.py::TestConsolidatePhase::test_consolidate_has_execution_order PASSED [ 57%]
tests/test_multi_phase_execution.py::TestConsolidatePhase::test_consolidate_metrics PASSED [ 57%]
tests/test_multi_phase_execution.py::TestExecutePhase::test_execute_phase_succeeds PASSED [ 57%]
tests/test_multi_phase_execution.py::TestExecutePhase::test_execute_phase_gate_decision PASSED [ 57%]
tests/test_multi_phase_execution.py::TestMultiPhaseRun::test_run_multi_phase_returns_result PASSED [ 57%]
tests/test_multi_phase_execution.py::TestMultiPhaseRun::test_run_has_three_phases PASSED [ 57%]
tests/test_multi_phase_execution.py::TestMultiPhaseRun::test_total_tokens_positive PASSED [ 57%]
tests/test_multi_phase_execution.py::TestMultiPhaseRun::test_total_time_positive PASSED [ 57%]
tests/test_multi_phase_execution.py::TestMultiPhaseRun::test_skip_consolidation PASSED [ 57%]
tests/test_multi_phase_execution.py::TestMultiPhaseRun::test_consolidation_metrics_present PASSED [ 57%]
tests/test_multi_phase_execution.py::TestConsolidationEngine::test_detect_duplicates_empty PASSED [ 57%]
tests/test_multi_phase_execution.py::TestConsolidationEngine::test_detect_duplicates_finds_match PASSED [ 57%]
tests/test_multi_phase_execution.py::TestConsolidationEngine::test_detect_conflicts_scope_overlap PASSED [ 57%]
tests/test_multi_phase_execution.py::TestConsolidationEngine::test_detect_conflicts_dependency_cycle PASSED [ 57%]
tests/test_multi_phase_execution.py::TestConsolidationEngine::test_merge_compatible_non_overlapping PASSED [ 57%]
tests/test_multi_phase_execution.py::TestConsolidationEngine::test_build_execution_order_respects_deps PASSED [ 57%]
tests/test_multi_phase_execution.py::TestConflict::test_conflict_fields PASSED [ 57%]
tests/test_multi_phase_execution.py::TestAgentPlan::test_agent_plan_defaults PASSED [ 57%]
tests/test_multimodal_safety.py::TestExifSanitization::test_jpeg_exif_gps_make_model_stripped FAILED [ 57%]
tests/test_multimodal_safety.py::TestExifSanitization::test_jpeg_exif_stripped_image_preserves_pixel_data FAILED [ 57%]
tests/test_multimodal_safety.py::TestExifSanitization::test_png_no_exif_pass_through PASSED [ 57%]
tests/test_multimodal_safety.py::TestExifSanitization::test_png_stripping_with_pil PASSED [ 57%]
tests/test_multimodal_safety.py::TestExifSanitization::test_clean_image_no_exif PASSED [ 57%]
tests/test_multimodal_safety.py::TestExifSanitization::test_empty_bytes_pass_through PASSED [ 58%]
tests/test_multimodal_safety.py::TestExifSanitization::test_gif_exif_strip_no_exif PASSED [ 58%]
tests/test_multimodal_safety.py::TestPromptInjectionScreening::test_system_prompt_extraction_ignore_detected PASSED [ 58%]
tests/test_multimodal_safety.py::TestPromptInjectionScreening::test_system_prompt_extraction_you_are_detected PASSED [ 58%]
tests/test_multimodal_safety.py::TestPromptInjectionScreening::test_delimiter_injection_triple_backtick PASSED [ 58%]
tests/test_multimodal_safety.py::TestPromptInjectionScreening::test_delimiter_injection_xml PASSED [ 58%]
tests/test_multimodal_safety.py::TestPromptInjectionScreening::test_role_confusion_dan PASSED [ 58%]
tests/test_multimodal_safety.py::TestPromptInjectionScreening::test_role_confusion_jailbreak PASSED [ 58%]
tests/test_multimodal_safety.py::TestPromptInjectionScreening::test_role_confusion_developer_mode PASSED [ 58%]
tests/test_multimodal_safety.py::TestPromptInjectionScreening::test_clean_text_passes PASSED [ 58%]
tests/test_multimodal_safety.py::TestPromptInjectionScreening::test_mixed_content_partial_match PASSED [ 58%]
tests/test_multimodal_safety.py::TestPromptInjectionScreening::test_unicode_control_characters_detected PASSED [ 58%]
tests/test_multimodal_safety.py::TestPromptInjectionScreening::test_bidi_override_detected PASSED [ 58%]
tests/test_multimodal_safety.py::TestPromptInjectionScreening::test_empty_text_no_hits PASSED [ 58%]
tests/test_multimodal_safety.py::TestPromptInjectionScreening::test_tool_call_json_injection PASSED [ 58%]
tests/test_multimodal_safety.py::TestPromptInjectionScreening::test_role_confusion_bypass_ethics PASSED [ 58%]
tests/test_multimodal_safety.py::TestFileSafetyValidation::test_magic_bytes_jpeg_identified PASSED [ 58%]
tests/test_multimodal_safety.py::TestFileSafetyValidation::test_magic_bytes_png_identified PASSED [ 58%]
tests/test_multimodal_safety.py::TestFileSafetyValidation::test_magic_bytes_gif_identified PASSED [ 58%]
tests/test_multimodal_safety.py::TestFileSafetyValidation::test_magic_bytes_pdf_identified PASSED [ 58%]
tests/test_multimodal_safety.py::TestFileSafetyValidation::test_magic_bytes_mp3_identified PASSED [ 58%]
tests/test_multimodal_safety.py::TestFileSafetyValidation::test_magic_bytes_wav_identified PASSED [ 58%]
tests/test_multimodal_safety.py::TestFileSafetyValidation::test_mismatched_type_claims_jpeg_is_png PASSED [ 58%]
tests/test_multimodal_safety.py::TestFileSafetyValidation::test_mismatched_type_claims_image_is_pdf PASSED [ 58%]
tests/test_multimodal_safety.py::TestFileSafetyValidation::test_empty_data_fails_validation PASSED [ 58%]
tests/test_multimodal_safety.py::TestFileSafetyValidation::test_random_bytes_unknown_type PASSED [ 58%]
tests/test_multimodal_safety.py::TestFileSafetyValidation::test_file_size_within_limit_passes PASSED [ 58%]
tests/test_multimodal_safety.py::TestFileSafetyValidation::test_file_size_exceeds_limit_fails PASSED [ 58%]
tests/test_multimodal_safety.py::TestFileSafetyValidation::test_file_size_exact_boundary_passes PASSED [ 58%]
tests/test_multimodal_safety.py::TestFileSafetyValidation::test_txt_content_identified_as_text PASSED [ 58%]
tests/test_multimodal_safety.py::TestFileSafetyValidation::test_diagram_image_accepts_png PASSED [ 58%]
tests/test_multimodal_safety.py::TestMediaSafetyConfig::test_defaults PASSED [ 58%]
tests/test_multimodal_safety.py::TestMediaSafetyConfig::test_custom_thresholds PASSED [ 58%]
tests/test_multimodal_safety.py::TestMediaSafetyConfig::test_custom_extensions PASSED [ 58%]
tests/test_multimodal_safety.py::TestSanitizedMediaResult::test_to_dict_roundtrip PASSED [ 58%]
tests/test_multimodal_safety.py::TestSanitizedMediaResult::test_to_dict_with_injection_hits PASSED [ 58%]
tests/test_multimodal_safety.py::TestSanitizedMediaResult::test_is_safe_for_dream_cycle_when_passed PASSED [ 58%]
tests/test_multimodal_safety.py::TestSanitizedMediaResult::test_is_safe_for_dream_cycle_when_failed PASSED [ 58%]
tests/test_multimodal_safety.py::TestScanMediaPipeline::test_scan_media_all_checks_pass FAILED [ 58%]
tests/test_multimodal_safety.py::TestScanMediaPipeline::test_scan_media_exif_stripped_clean_text_passes_with_warnings FAILED [ 58%]
tests/test_multimodal_safety.py::TestScanMediaPipeline::test_scan_media_injection_hits_fails PASSED [ 58%]
tests/test_multimodal_safety.py::TestScanMediaPipeline::test_scan_media_injection_low_severity_high_threshold PASSED [ 58%]
tests/test_multimodal_safety.py::TestScanMediaPipeline::test_scan_media_oversized_file_fails PASSED [ 58%]
tests/test_multimodal_safety.py::TestScanMediaPipeline::test_scan_media_type_mismatch_fails PASSED [ 58%]
tests/test_multimodal_safety.py::TestScanMediaPipeline::test_scan_media_disabled_exif FAILED [ 58%]
tests/test_multimodal_safety.py::TestScanMediaPipeline::test_scan_media_disabled_injection_scanning PASSED [ 58%]
tests/test_multimodal_safety.py::TestScanMediaPipeline::test_scan_media_empty_derived_text PASSED [ 58%]
tests/test_multimodal_safety.py::TestScanMediaPipeline::test_scan_media_audio_transcript_with_mp3 PASSED [ 58%]
tests/test_multimodal_safety.py::TestScanMediaPipeline::test_scan_media_corrupted_header PASSED [ 58%]
tests/test_multimodal_safety.py::TestScanMediaPipeline::test_scan_media_zero_length_file PASSED [ 59%]
tests/test_multimodal_safety.py::TestScanMediaPipeline::test_scan_media_near_size_limit PASSED [ 59%]
tests/test_multimodal_safety.py::TestScanMediaPipeline::test_scan_media_exactly_at_limit_passes PASSED [ 59%]
tests/test_multimodal_safety.py::TestScanMediaPipeline::test_scan_media_one_byte_over_limit_fails PASSED [ 59%]
tests/test_multimodal_safety.py::TestNormalizeMediaEvidenceIntegration::test_safe_media_passes_through PASSED [ 59%]
tests/test_multimodal_safety.py::TestNormalizeMediaEvidenceIntegration::test_unsafe_media_gets_rejected PASSED [ 59%]
tests/test_multimodal_safety.py::TestNormalizeMediaEvidenceIntegration::test_no_raw_data_passes_through_unchanged PASSED [ 59%]
tests/test_multimodal_safety.py::TestNormalizeMediaEvidenceIntegration::test_sha256_mismatch_no_scan PASSED [ 59%]
tests/test_multimodal_safety.py::TestNormalizeMediaEvidenceIntegration::test_oversized_media_rejected_in_normalization PASSED [ 59%]
tests/test_multimodal_safety.py::TestNormalizeMediaEvidenceIntegration::test_multiple_items_mixed_safety PASSED [ 59%]
tests/test_multimodal_safety.py::TestNormalizeMediaEvidenceIntegration::test_empty_items_list PASSED [ 59%]
tests/test_multimodal_safety.py::TestNormalizeMediaEvidenceIntegration::test_sanitization_report_stored_on_record PASSED [ 59%]
tests/test_multimodal_safety.py::TestNormalizeMediaEvidenceIntegration::test_pre_existing_safety_status_preserved_when_no_raw_data PASSED [ 59%]
tests/test_multimodal_safety.py::TestEdgeCases::test_corrupted_image_header PASSED [ 59%]
tests/test_multimodal_safety.py::TestEdgeCases::test_zero_length_file_scan_media PASSED [ 59%]
tests/test_multimodal_safety.py::TestEdgeCases::test_duplicate_injection_patterns_single_hit PASSED [ 59%]
tests/test_multimodal_safety.py::TestEdgeCases::test_very_large_text_injection_scan PASSED [ 59%]
tests/test_multimodal_safety.py::TestEdgeCases::test_prompt_injection_hit_fields PASSED [ 59%]
tests/test_multimodal_safety.py::TestEdgeCases::test_matched_text_truncation PASSED [ 59%]
tests/test_multimodal_safety.py::TestEdgeCases::test_non_utf8_derived_text PASSED [ 59%]
tests/test_multimodal_safety.py::TestEdgeCases::test_scan_for_injections_none_text PASSED [ 59%]
tests/test_multimodal_safety.py::TestEdgeCases::test_media_type_case_insensitive PASSED [ 59%]
tests/test_multimodal_safety.py::TestEdgeCases::test_unknown_claimed_type_permissive PASSED [ 59%]
tests/test_multimodal_safety.py::TestEdgeCases::test_media_evidence_record_accepts_sanitization_report_none PASSED [ 59%]
tests/test_multimodal_safety.py::TestEdgeCases::test_media_evidence_record_accepts_sanitization_report_dict PASSED [ 59%]
tests/test_native_onboarding.py::test_repo_mcp_json_points_to_packaged_hlf_stdio_server PASSED [ 59%]
tests/test_native_onboarding.py::test_native_agent_prompt_and_first_contact_resources_are_registered PASSED [ 59%]
tests/test_native_onboarding.py::test_native_agent_loop_is_discoverable_without_source_edits PASSED [ 59%]
tests/test_native_onboarding.py::test_hlf_native_agent_prompt_content_or_resource_fallback_is_non_empty PASSED [ 59%]
tests/test_network_isolation.py::TestNetworkBlockedError::test_error_is_oserror_subclass PASSED [ 59%]
tests/test_network_isolation.py::TestNetworkBlockedError::test_error_contains_address PASSED [ 59%]
tests/test_network_isolation.py::TestNetworkBlockedError::test_error_from_string_address PASSED [ 59%]
tests/test_network_isolation.py::TestAirGappedContextManager::test_context_manager_blocks_outbound PASSED [ 59%]
tests/test_network_isolation.py::TestAirGappedContextManager::test_context_manager_blocks_hostname PASSED [ 59%]
tests/test_network_isolation.py::TestAirGappedContextManager::test_context_manager_restores_on_exit PASSED [ 59%]
tests/test_network_isolation.py::TestAirGappedContextManager::test_context_manager_nesting PASSED [ 59%]
tests/test_network_isolation.py::TestAirGappedContextManager::test_context_manager_restores_after_exception PASSED [ 59%]
tests/test_network_isolation.py::TestLocalhostExemption::test_allow_localhost_ipv4 PASSED [ 59%]
tests/test_network_isolation.py::TestLocalhostExemption::test_allow_localhost_ipv6 PASSED [ 59%]
tests/test_network_isolation.py::TestLocalhostExemption::test_allow_localhost_hostname PASSED [ 59%]
tests/test_network_isolation.py::TestLocalhostExemption::test_strict_mode_blocks_localhost PASSED [ 59%]
tests/test_network_isolation.py::TestLocalhostExemption::test_strict_mode_blocks_localhost_hostname PASSED [ 59%]
tests/test_network_isolation.py::TestAssertAirGappedHelper::test_assert_air_gapped_returns_result PASSED [ 59%]
tests/test_network_isolation.py::TestAssertAirGappedHelper::test_assert_air_gapped_raises_on_socket PASSED [ 59%]
tests/test_network_isolation.py::TestAssertAirGappedHelper::test_assert_air_gapped_passes_args PASSED [ 59%]
tests/test_network_isolation.py::TestIsAirGappedAvailable::test_always_true PASSED [ 59%]
tests/test_network_isolation.py::TestCoreOperationsAirGapped::test_compile_in_air_gap PASSED [ 59%]
tests/test_network_isolation.py::TestCoreOperationsAirGapped::test_run_in_air_gap PASSED [ 59%]
tests/test_network_isolation.py::TestCoreOperationsAirGapped::test_compile_and_run_complex_expression_in_air_gap PASSED [ 59%]
tests/test_network_isolation.py::TestCoreOperationsAirGapped::test_format_in_air_gap PASSED [ 60%]
tests/test_network_isolation.py::TestCoreOperationsAirGapped::test_lint_in_air_gap PASSED [ 60%]
tests/test_network_isolation.py::TestMerkleChainAirGapped::test_merkle_chain_backup_in_air_gap PASSED [ 60%]
tests/test_network_isolation.py::TestMerkleChainAirGapped::test_merkle_backup_verify_in_air_gap PASSED [ 60%]
tests/test_network_isolation.py::TestNetworkModulesBlocked::test_stdlib_http_get_blocked PASSED [ 60%]
tests/test_network_isolation.py::TestNetworkModulesBlocked::test_stdlib_http_post_blocked PASSED [ 60%]
tests/test_network_isolation.py::TestNetworkModulesBlocked::test_direct_socket_import_blocked PASSED [ 60%]
tests/test_network_isolation.py::TestNetworkModulesBlocked::test_import_whitelist_blocks_network_at_basic_tier PASSED [ 60%]
tests/test_network_isolation.py::TestNetworkModulesBlocked::test_import_whitelist_allows_network_at_elevated_tier PASSED [ 60%]
tests/test_network_isolation.py::TestMCPStdioTransportAirGapped::test_server_imports_without_sockets PASSED [ 60%]
tests/test_network_isolation.py::TestMCPStdioTransportAirGapped::test_mcp_compiler_import_without_sockets PASSED [ 60%]
tests/test_nlp_translation.py::TestNLPTranslation::test_function_with_params PASSED [ 60%]
tests/test_nlp_translation.py::TestNLPTranslation::test_function_simple_name PASSED [ 60%]
tests/test_nlp_translation.py::TestNLPTranslation::test_if_else PASSED   [ 60%]
tests/test_nlp_translation.py::TestNLPTranslation::test_if_only PASSED   [ 60%]
tests/test_nlp_translation.py::TestNLPTranslation::test_for_loop PASSED  [ 60%]
tests/test_nlp_translation.py::TestNLPTranslation::test_parallel PASSED  [ 60%]
tests/test_nlp_translation.py::TestNLPTranslation::test_set_variable PASSED [ 60%]
tests/test_nlp_translation.py::TestNLPTranslation::test_assign_variable PASSED [ 60%]
tests/test_nlp_translation.py::TestNLPTranslation::test_log PASSED       [ 60%]
tests/test_nlp_translation.py::TestNLPTranslation::test_return PASSED    [ 60%]
tests/test_nlp_translation.py::TestNLPTranslation::test_summarize FAILED [ 60%]
tests/test_nlp_translation.py::TestNLPTranslation::test_source_flow FAILED [ 60%]
tests/test_nlp_translation.py::TestNLPTranslation::test_branch FAILED    [ 60%]
tests/test_nlp_translation.py::TestNLPTranslation::test_spec_lifecycle FAILED [ 60%]
tests/test_nlp_translation.py::TestNLPTranslation::test_memory_store PASSED [ 60%]
tests/test_nlp_translation.py::TestNLPTranslation::test_memory_recall PASSED [ 60%]
tests/test_nlp_translation.py::TestNLPTranslation::test_fallback_compiles PASSED [ 60%]
tests/test_nlp_translation.py::TestNLPTranslation::test_all_patterns_use_correct_header PASSED [ 60%]
tests/test_oci_client.py::test_module_ref_parse_supports_bare_and_fully_qualified_refs PASSED [ 60%]
tests/test_oci_client.py::test_cache_path_is_deterministic PASSED        [ 60%]
tests/test_oci_client.py::test_pull_uses_cache_hit_without_fetching PASSED [ 60%]
tests/test_oci_client.py::test_extract_layers_writes_files_and_blocks_path_traversal PASSED [ 60%]
tests/test_oci_client.py::test_push_returns_simulated_digest_and_size FAILED [ 60%]
tests/test_oci_client.py::test_get_checksum_and_list_tags_fail_closed PASSED [ 60%]
tests/test_oci_client.py::test_pull_fetches_manifest_and_layers_when_cache_missing PASSED [ 60%]
tests/test_ollama_pulse.py::TestModelRecord::test_to_dict PASSED         [ 60%]
tests/test_ollama_pulse.py::TestModelRecord::test_from_dict PASSED       [ 60%]
tests/test_ollama_pulse.py::TestModelRecord::test_from_dict_defaults PASSED [ 60%]
tests/test_ollama_pulse.py::TestModelRecord::test_roundtrip PASSED       [ 60%]
tests/test_ollama_pulse.py::TestModelScanner::test_scan_success PASSED   [ 60%]
tests/test_ollama_pulse.py::TestModelScanner::test_scan_ollama_unavailable PASSED [ 60%]
tests/test_ollama_pulse.py::TestModelScanner::test_scan_request_error PASSED [ 60%]
tests/test_ollama_pulse.py::TestModelScanner::test_scan_parse_error PASSED [ 60%]
tests/test_ollama_pulse.py::TestModelScanner::test_scan_empty_models PASSED [ 60%]
tests/test_ollama_pulse.py::TestModelScanner::test_is_ollama_available_true PASSED [ 60%]
tests/test_ollama_pulse.py::TestModelScanner::test_is_ollama_available_false PASSED [ 60%]
tests/test_ollama_pulse.py::TestModelScanner::test_scan_tracks_first_seen PASSED [ 60%]
tests/test_ollama_pulse.py::TestCatalogUpdater::test_initial_state_stale PASSED [ 60%]
tests/test_ollama_pulse.py::TestCatalogUpdater::test_update_makes_fresh PASSED [ 60%]
tests/test_ollama_pulse.py::TestCatalogUpdater::test_ttl_expiry PASSED   [ 61%]
tests/test_ollama_pulse.py::TestCatalogUpdater::test_persistence PASSED  [ 61%]
tests/test_ollama_pulse.py::TestCatalogUpdater::test_diff_no_changes PASSED [ 61%]
tests/test_ollama_pulse.py::TestCatalogUpdater::test_diff_added PASSED   [ 61%]
tests/test_ollama_pulse.py::TestCatalogUpdater::test_diff_removed PASSED [ 61%]
tests/test_ollama_pulse.py::TestCatalogUpdater::test_diff_changed PASSED [ 61%]
tests/test_ollama_pulse.py::TestCatalogUpdater::test_diff_mixed PASSED   [ 61%]
tests/test_ollama_pulse.py::TestCatalogUpdater::test_get_model PASSED    [ 61%]
tests/test_ollama_pulse.py::TestCatalogUpdater::test_get_model_missing PASSED [ 61%]
tests/test_ollama_pulse.py::TestCatalogUpdater::test_list_models PASSED  [ 61%]
tests/test_ollama_pulse.py::TestCatalogUpdater::test_summary PASSED      [ 61%]
tests/test_ollama_pulse.py::TestPulseMonitor::test_scan_triggers_scanner PASSED [ 61%]
tests/test_ollama_pulse.py::TestPulseMonitor::test_update_catalog PASSED [ 61%]
tests/test_ollama_pulse.py::TestPulseMonitor::test_ensure_fresh_when_stale PASSED [ 61%]
tests/test_ollama_pulse.py::TestPulseMonitor::test_ensure_fresh_when_fresh PASSED [ 61%]
tests/test_ollama_pulse.py::TestPulseMonitor::test_status PASSED         [ 61%]
tests/test_ollama_pulse.py::TestPulseMonitor::test_start_stop PASSED     [ 61%]
tests/test_ollama_pulse.py::TestPulseMonitor::test_start_when_running PASSED [ 61%]
tests/test_ollama_pulse.py::TestPulseMonitor::test_error_count_increments PASSED [ 61%]
tests/test_ollama_pulse.py::TestPulseMonitor::test_graceful_offline_handling PASSED [ 61%]
tests/test_ollama_pulse.py::TestGlobalPulseMonitor::test_get_pulse_monitor_creates PASSED [ 61%]
tests/test_ollama_pulse.py::TestGlobalPulseMonitor::test_get_pulse_monitor_custom_params PASSED [ 61%]
tests/test_ollama_runtime_defaults.py::test_profile_config_prefers_local_ollama_for_workstation PASSED [ 61%]
tests/test_ollama_runtime_defaults.py::test_profile_config_allows_explicit_cloud_override PASSED [ 61%]
tests/test_ollama_runtime_defaults.py::test_profile_config_prefers_explicit_host PASSED [ 61%]
tests/test_ollama_runtime_defaults.py::test_model_gateway_uses_local_first PASSED [ 61%]
tests/test_ollama_runtime_defaults.py::test_model_gateway_uses_cloud_backup_when_local_fails PASSED [ 61%]
tests/test_operator_cli.py::test_operator_cli_do_uses_packaged_helper PASSED [ 61%]
tests/test_operator_cli.py::test_operator_cli_test_summary_uses_shared_loader PASSED [ 61%]
tests/test_operator_cli.py::test_operator_cli_weekly_evidence_summary_reports_counts PASSED [ 61%]
tests/test_operator_cli.py::test_operator_cli_provenance_summary_uses_server_context PASSED [ 61%]
tests/test_operator_cli.py::test_operator_cli_witness_status_uses_named_resource PASSED [ 61%]
tests/test_operator_cli.py::test_operator_cli_governed_route_uses_named_resource PASSED [ 61%]
tests/test_operator_cli.py::test_operator_cli_ingress_status_uses_named_resource PASSED [ 61%]
tests/test_operator_cli.py::test_operator_cli_instinct_status_uses_named_resource PASSED [ 61%]
tests/test_operator_cli.py::test_operator_cli_formal_verifier_uses_named_resource PASSED [ 61%]
tests/test_operator_cli.py::test_operator_cli_entropy_anchor_uses_named_resource PASSED [ 61%]
tests/test_operator_cli.py::test_operator_cli_approval_review_uses_named_resource PASSED [ 61%]
tests/test_operator_cli.py::test_operator_cli_memory_govern_uses_shared_helper PASSED [ 61%]
tests/test_operator_cli.py::test_operator_cli_memory_govern_requires_fact_id_or_sha256 PASSED [ 61%]
tests/test_operator_cli.py::test_operator_cli_resource_uses_packaged_renderer PASSED [ 61%]
tests/test_operator_cli.py::test_operator_cli_approval_bypass_review_uses_named_resource PASSED [ 61%]
tests/test_operator_cli.py::test_operator_cli_persona_review_uses_named_resource PASSED [ 61%]
tests/test_operator_cli.py::test_operator_cli_daemon_transparency_uses_named_resource PASSED [ 61%]
tests/test_operator_cli.py::test_operator_cli_daemon_transparency_report_wraps_markdown PASSED [ 61%]
tests/test_operator_dashboard.py::test_operator_dashboard_import PASSED  [ 61%]
tests/test_operator_dashboard.py::test_operator_dashboard_demo_runs PASSED [ 61%]
tests/test_operator_dashboard.py::test_build_dashboard_data_structure PASSED [ 61%]
tests/test_operator_dashboard.py::test_pillar_score_structure PASSED     [ 61%]
tests/test_operator_dashboard.py::test_swarm_state_structure PASSED      [ 62%]
tests/test_operator_dashboard.py::test_verification_decisions_structure PASSED [ 62%]
tests/test_operator_dashboard.py::test_constitutional_violations_structure PASSED [ 62%]
tests/test_operator_dashboard.py::test_manifest_audit_trail_structure PASSED [ 62%]
tests/test_operator_dashboard.py::test_generate_dashboard_json_returns_valid_json PASSED [ 62%]
tests/test_operator_dashboard.py::test_generate_dashboard_json_default_path PASSED [ 62%]
tests/test_operator_dashboard.py::test_dashboard_json_is_valid_for_status_page PASSED [ 62%]
tests/test_operator_dashboard.py::test_collect_swarm_state_with_none_observer PASSED [ 62%]
tests/test_operator_dashboard.py::test_build_dashboard_data_with_none_observer PASSED [ 62%]
tests/test_operator_dashboard.py::TestEvidenceSummaryRenderer::test_renderer_importable PASSED [ 62%]
tests/test_operator_dashboard.py::TestEvidenceSummaryRenderer::test_render_evidence_contract_accepts_dict PASSED [ 62%]
tests/test_operator_dashboard.py::TestEvidenceSummaryRenderer::test_render_evidence_contract_accepts_dataclass PASSED [ 62%]
tests/test_operator_dashboard.py::TestEvidenceSummaryRenderer::test_render_media_evidence_output PASSED [ 62%]
tests/test_operator_dashboard.py::TestEvidenceSummaryRenderer::test_render_dream_finding_output PASSED [ 62%]
tests/test_operator_dashboard.py::TestEvidenceSummaryRenderer::test_render_mission_summary_output PASSED [ 62%]
tests/test_operator_dashboard.py::TestEvidenceSummaryRenderer::test_render_evidence_list_output PASSED [ 62%]
tests/test_operator_dashboard.py::TestEvidenceSummaryRenderer::test_render_execution_trace_output PASSED [ 62%]
tests/test_operator_dashboard.py::TestLiveDataToggle::test_swarm_state_use_live_data_false_returns_simulated PASSED [ 62%]
tests/test_operator_dashboard.py::TestLiveDataToggle::test_verification_decisions_use_live_data_false_returns_simulated PASSED [ 62%]
tests/test_operator_dashboard.py::TestLiveDataToggle::test_constitutional_violations_use_live_data_false_returns_simulated PASSED [ 62%]
tests/test_operator_dashboard.py::TestLiveDataToggle::test_manifest_audit_use_live_data_false_returns_simulated PASSED [ 62%]
tests/test_operator_dashboard.py::TestLiveDataToggle::test_build_dashboard_with_live_data_false PASSED [ 62%]
tests/test_operator_dashboard.py::TestLiveDataToggle::test_build_dashboard_with_live_data_true_handles_missing_lifecycle PASSED [ 62%]
tests/test_operator_dashboard.py::TestNewDashboardPanels::test_render_mission_panel_no_lifecycle PASSED [ 62%]
tests/test_operator_dashboard.py::TestNewDashboardPanels::test_render_mission_panel_with_data PASSED [ 62%]
tests/test_operator_dashboard.py::TestNewDashboardPanels::test_render_dream_findings_panel_no_data PASSED [ 62%]
tests/test_operator_dashboard.py::TestNewDashboardPanels::test_render_evidence_panel_no_data PASSED [ 62%]
tests/test_operator_dashboard.py::TestNewDashboardPanels::test_display_mission_panel_runs PASSED [ 62%]
tests/test_operator_dashboard.py::TestNewDashboardPanels::test_display_dream_findings_panel_runs PASSED [ 62%]
tests/test_operator_dashboard.py::TestNewDashboardPanels::test_display_evidence_panel_runs PASSED [ 62%]
tests/test_operator_dashboard.py::TestExportEvidenceReport::test_export_markdown_returns_string PASSED [ 62%]
tests/test_operator_dashboard.py::TestExportEvidenceReport::test_export_json_returns_valid_json PASSED [ 62%]
tests/test_operator_dashboard.py::TestExportEvidenceReport::test_export_text_is_same_as_markdown_in_structure PASSED [ 62%]
tests/test_operator_dashboard.py::TestExportEvidenceReport::test_export_unsupported_format_raises PASSED [ 62%]
tests/test_operator_dashboard.py::TestExportEvidenceReport::test_export_to_file PASSED [ 62%]
tests/test_operator_proof.py::test_route_evidence_status_no_context PASSED [ 62%]
tests/test_operator_proof.py::test_route_evidence_status_not_found PASSED [ 62%]
tests/test_operator_proof.py::test_route_evidence_status_with_trace PASSED [ 62%]
tests/test_operator_proof.py::test_route_evidence_status_with_agent_id PASSED [ 62%]
tests/test_operator_proof.py::test_route_evidence_markdown_no_context PASSED [ 62%]
tests/test_operator_proof.py::test_route_evidence_markdown_with_trace PASSED [ 62%]
tests/test_operator_proof.py::test_route_evidence_markdown_advisory_mode PASSED [ 62%]
tests/test_operator_proof.py::test_explain_verifier_finding_error PASSED [ 62%]
tests/test_operator_proof.py::test_explain_verifier_finding_warning PASSED [ 62%]
tests/test_operator_proof.py::test_explain_verifier_finding_info PASSED  [ 62%]
tests/test_operator_proof.py::test_verifier_explainer_status_no_context PASSED [ 62%]
tests/test_operator_proof.py::test_verifier_explainer_status_with_findings PASSED [ 62%]
tests/test_operator_proof.py::test_verifier_explainer_markdown_with_findings PASSED [ 62%]
tests/test_operator_proof.py::test_verifier_explainer_markdown_passed PASSED [ 62%]
tests/test_operator_proof.py::test_promotion_rationale_status_no_store PASSED [ 63%]
tests/test_operator_proof.py::test_promotion_rationale_status_empty PASSED [ 63%]
tests/test_operator_proof.py::test_promotion_rationale_status_with_candidates PASSED [ 63%]
tests/test_operator_proof.py::test_promotion_rationale_markdown PASSED   [ 63%]
tests/test_operator_proof.py::test_memory_provenance_status_no_store PASSED [ 63%]
tests/test_operator_proof.py::test_memory_provenance_status_with_traces PASSED [ 63%]
tests/test_operator_proof.py::test_memory_provenance_markdown PASSED     [ 63%]
tests/test_operator_proof.py::test_memory_provenance_markdown_empty PASSED [ 63%]
tests/test_operator_proof.py::test_memory_provenance_markdown_superseded PASSED [ 63%]
tests/test_orchestration_contracts.py::TestDelegationContract::test_valid_delegation_contract PASSED [ 63%]
tests/test_orchestration_contracts.py::TestDelegationContract::test_self_delegation_rejected PASSED [ 63%]
tests/test_orchestration_contracts.py::TestDelegationContract::test_empty_scope_delegation_rejected PASSED [ 63%]
tests/test_orchestration_contracts.py::TestDelegationContract::test_empty_constraints_delegation_rejected PASSED [ 63%]
tests/test_orchestration_contracts.py::TestDelegationContract::test_delegation_with_handoff_lineage_chain PASSED [ 63%]
tests/test_orchestration_contracts.py::TestDelegationContract::test_delegation_to_dict_roundtrip PASSED [ 63%]
tests/test_orchestration_contracts.py::TestDissentRecord::test_dissent_record_created_with_correct_level PASSED [ 63%]
tests/test_orchestration_contracts.py::TestDissentRecord::test_level_2_dissent_has_is_resolved_false_initially PASSED [ 63%]
tests/test_orchestration_contracts.py::TestDissentRecord::test_level_0_dissent_is_note PASSED [ 63%]
tests/test_orchestration_contracts.py::TestDissentRecord::test_resolve_dissent_marks_resolved PASSED [ 63%]
tests/test_orchestration_contracts.py::TestDissentRecord::test_dissent_record_to_dict PASSED [ 63%]
tests/test_orchestration_contracts.py::TestEscalationPath::test_escalation_path_critical_severity_auto_escalates PASSED [ 63%]
tests/test_orchestration_contracts.py::TestEscalationPath::test_escalation_path_info_severity_does_not_auto_escalate PASSED [ 63%]
tests/test_orchestration_contracts.py::TestEscalationPath::test_escalation_path_warning_severity_does_not_auto_escalate PASSED [ 63%]
tests/test_orchestration_contracts.py::TestEscalationPath::test_escalation_path_with_timeout PASSED [ 63%]
tests/test_orchestration_contracts.py::TestEscalationPath::test_escalation_path_to_dict PASSED [ 63%]
tests/test_orchestration_contracts.py::TestHandoffContract::test_handoff_contract_validates_no_self_handoff PASSED [ 63%]
tests/test_orchestration_contracts.py::TestHandoffContract::test_handoff_direct_self_handoff_rejected PASSED [ 63%]
tests/test_orchestration_contracts.py::TestHandoffContract::test_handoff_lineage_preserved PASSED [ 63%]
tests/test_orchestration_contracts.py::TestHandoffContract::test_handoff_with_non_empty_context_snapshot PASSED [ 63%]
tests/test_orchestration_contracts.py::TestHandoffContract::test_handoff_accepted_when_lineage_clean PASSED [ 63%]
tests/test_orchestration_contracts.py::TestHandoffContract::test_handoff_to_dict PASSED [ 63%]
tests/test_orchestration_contracts.py::TestPlanDecomposition::test_plan_decomposition_orders_steps_simple_dag PASSED [ 63%]
tests/test_orchestration_contracts.py::TestPlanDecomposition::test_plan_decomposition_groups_parallel_steps PASSED [ 63%]
tests/test_orchestration_contracts.py::TestPlanDecomposition::test_role_boundaries_detected_correctly PASSED [ 63%]
tests/test_orchestration_contracts.py::TestPlanDecomposition::test_role_boundaries_not_detected_same_role PASSED [ 63%]
tests/test_orchestration_contracts.py::TestPlanDecomposition::test_step_ordering_validation_passes_for_valid_plan PASSED [ 63%]
tests/test_orchestration_contracts.py::TestPlanDecomposition::test_step_ordering_validation_catches_dependency_violation PASSED [ 63%]
tests/test_orchestration_contracts.py::TestPlanDecomposition::test_plan_decomposition_empty_steps PASSED [ 63%]
tests/test_orchestration_contracts.py::TestPlanDecomposition::test_plan_decomposition_cycle_detection PASSED [ 63%]
tests/test_orchestration_contracts.py::TestPlanDecomposition::test_plan_decomposition_unknown_dependency_raises PASSED [ 63%]
tests/test_orchestration_contracts.py::TestPlanDecomposition::test_decomposed_plan_to_dict PASSED [ 63%]
tests/test_orchestration_contracts.py::TestContractIntegration::test_full_delegation_to_handoff_flow PASSED [ 63%]
tests/test_orchestration_contracts.py::TestContractIntegration::test_dissent_escalation_to_resolution_flow PASSED [ 63%]
tests/test_orchestration_contracts.py::TestContractIntegration::test_complex_dag_with_role_boundaries PASSED [ 63%]
tests/test_orchestration_lifecycle.py::TestTaskClassification::test_classify_registered_code_task PASSED [ 63%]
tests/test_orchestration_lifecycle.py::TestTaskClassification::test_classify_micro_task_fast_path PASSED [ 63%]
tests/test_orchestration_lifecycle.py::TestTaskClassification::test_classify_build_task PASSED [ 63%]
tests/test_orchestration_lifecycle.py::TestTaskClassification::test_classify_with_size_escalation_from_content PASSED [ 63%]
tests/test_orchestration_lifecycle.py::TestTaskClassification::test_classify_unknown_type_defaults_to_code_agent PASSED [ 63%]
tests/test_orchestration_lifecycle.py::TestTaskClassification::test_classify_intent_pattern_match PASSED [ 63%]
tests/test_orchestration_lifecycle.py::TestTaskClassification::test_classify_intent_deploy PASSED [ 64%]
tests/test_orchestration_lifecycle.py::TestTaskClassification::test_classify_intent_research PASSED [ 64%]
tests/test_orchestration_lifecycle.py::TestTaskClassification::test_classify_intent_fallback PASSED [ 64%]
tests/test_orchestration_lifecycle.py::TestTaskClassification::test_vocabulary_summary_structure PASSED [ 64%]
tests/test_orchestration_lifecycle.py::TestTaskClassification::test_get_categories PASSED [ 64%]
tests/test_orchestration_lifecycle.py::TestTaskClassification::test_get_task_types_for_category PASSED [ 64%]
tests/test_orchestration_lifecycle.py::TestTaskClassification::test_launcher_is_provenance_only PASSED [ 64%]
tests/test_orchestration_lifecycle.py::TestTaskClassification::test_fast_path_types_includes_only_micro PASSED [ 64%]
tests/test_orchestration_lifecycle.py::TestSpindleDAG::test_dag_topological_order_simple PASSED [ 64%]
tests/test_orchestration_lifecycle.py::TestSpindleDAG::test_dag_topological_order_parallel PASSED [ 64%]
tests/test_orchestration_lifecycle.py::TestSpindleDAG::test_dag_cycle_detection PASSED [ 64%]
tests/test_orchestration_lifecycle.py::TestSpindleDAG::test_dag_unknown_dependency PASSED [ 64%]
tests/test_orchestration_lifecycle.py::TestSpindleDAG::test_dag_duplicate_node_id PASSED [ 64%]
tests/test_orchestration_lifecycle.py::TestSpindleDAG::test_dag_order_is_cached PASSED [ 64%]
tests/test_orchestration_lifecycle.py::TestPlanExecutor::test_plan_to_dag_creates_code_and_build_nodes PASSED [ 64%]
tests/test_orchestration_lifecycle.py::TestPlanExecutor::test_plan_to_dag_code_nodes_sequential PASSED [ 64%]
tests/test_orchestration_lifecycle.py::TestPlanExecutor::test_plan_to_dag_build_depends_on_last_code PASSED [ 64%]
tests/test_orchestration_lifecycle.py::TestPlanExecutor::test_execute_plan_empty_tasks PASSED [ 64%]
tests/test_orchestration_lifecycle.py::TestPlanExecutor::test_execute_plan_successful PASSED [ 64%]
tests/test_orchestration_lifecycle.py::TestPlanExecutor::test_execute_plan_fail_fast PASSED [ 64%]
tests/test_orchestration_lifecycle.py::TestPlanExecutor::test_execute_plan_with_dispatch_fn PASSED [ 64%]
tests/test_orchestration_lifecycle.py::TestPlanExecutor::test_plan_to_dag_unknown_type_defaults_to_code PASSED [ 64%]
tests/test_orchestration_lifecycle.py::TestPlanExecutor::test_execution_trace_populated PASSED [ 64%]
tests/test_orchestration_lifecycle.py::TestPlanExecutor::test_result_to_dict PASSED [ 64%]
tests/test_orchestration_lifecycle.py::TestLifecycleTransitions::test_full_specify_to_merge_pipeline PASSED [ 64%]
tests/test_orchestration_lifecycle.py::TestLifecycleTransitions::test_phase_skip_blocked PASSED [ 64%]
tests/test_orchestration_lifecycle.py::TestLifecycleTransitions::test_backward_transition_blocked PASSED [ 64%]
tests/test_orchestration_lifecycle.py::TestLifecycleTransitions::test_backward_transition_allowed_with_override PASSED [ 64%]
tests/test_orchestration_lifecycle.py::TestLifecycleTransitions::test_new_mission_must_start_at_specify PASSED [ 64%]
tests/test_orchestration_lifecycle.py::TestLifecycleTransitions::test_merge_blocked_without_cove_pass PASSED [ 64%]
tests/test_orchestration_lifecycle.py::TestLifecycleTransitions::test_merge_allowed_with_override_and_cove_result PASSED [ 64%]
tests/test_orchestration_lifecycle.py::TestLifecycleTransitions::test_verify_blocked_with_incomplete_trace PASSED [ 64%]
tests/test_orchestration_lifecycle.py::TestLifecycleTransitions::test_already_at_phase_returns_ok_with_note PASSED [ 64%]
tests/test_orchestration_lifecycle.py::TestClassificationIntegration::test_classify_and_plan_creates_mission_with_dag PASSED [ 64%]
tests/test_orchestration_lifecycle.py::TestClassificationIntegration::test_classify_and_plan_fast_path_reduces_dag PASSED [ 64%]
tests/test_orchestration_lifecycle.py::TestRoleBoundaries::test_dag_roles_preserved_through_normalization PASSED [ 64%]
tests/test_orchestration_lifecycle.py::TestRoleBoundaries::test_verification_required_flag PASSED [ 64%]
tests/test_orchestration_lifecycle.py::TestDelegationLineage::test_delegation_trace_preserved PASSED [ 64%]
tests/test_orchestration_lifecycle.py::TestDelegationLineage::test_dissent_tracked_in_orchestration_contract PASSED [ 64%]
tests/test_orchestration_lifecycle.py::TestDelegationLineage::test_handoff_lineage_multiple_hops PASSED [ 64%]
tests/test_orchestration_lifecycle.py::TestRealignment::test_realignment_adds_to_history PASSED [ 64%]
tests/test_orchestration_lifecycle.py::TestRealignment::test_cannot_realign_sealed_mission PASSED [ 64%]
tests/test_orchestration_lifecycle.py::TestRealignment::test_realignment_nonexistent_mission PASSED [ 64%]
tests/test_orchestration_lifecycle.py::TestExecuteWithRouting::test_execute_with_routing_populates_trace PASSED [ 64%]
tests/test_orchestration_lifecycle.py::TestExecuteWithRouting::test_execute_without_plan_fails PASSED [ 64%]
tests/test_orchestration_lifecycle.py::TestExecuteWithRouting::test_execute_nonexistent_mission PASSED [ 64%]
tests/test_orchestration_lifecycle.py::TestCoVEGateIntegration::test_run_cove_verification_passes PASSED [ 64%]
tests/test_orchestration_lifecycle.py::TestCoVEGateIntegration::test_get_mission_returns_none_for_unknown PASSED [ 64%]
tests/test_orchestration_lifecycle.py::TestCoVEGateIntegration::test_list_missions_empty_initially PASSED [ 64%]
tests/test_orchestration_lifecycle.py::TestCoVEGateIntegration::test_list_missions_after_creation PASSED [ 65%]
tests/test_orchestration_lifecycle.py::TestCoVEGateIntegration::test_get_vocabulary PASSED [ 65%]
tests/test_orchestration_lifecycle.py::TestEdgeCases::test_mission_with_zero_dag_nodes PASSED [ 65%]
tests/test_orchestration_lifecycle.py::TestEdgeCases::test_execution_with_failed_node_blocks_verify PASSED [ 65%]
tests/test_orchestration_lifecycle.py::TestEdgeCases::test_ledger_records_transitions PASSED [ 65%]
tests/test_orchestration_lifecycle.py::TestEdgeCases::test_thread_safe_missions PASSED [ 65%]
tests/test_orchestration_lifecycle.py::TestPlanDAGOrdering::test_topological_sort_respects_dependencies PASSED [ 65%]
tests/test_orchestration_lifecycle.py::TestPlanDAGOrdering::test_dag_with_only_build_tasks PASSED [ 65%]
tests/test_orchestration_lifecycle.py::TestTaskTypeRegistryConsistency::test_all_registered_types_have_valid_category PASSED [ 65%]
tests/test_orchestration_lifecycle.py::TestTaskTypeRegistryConsistency::test_all_registered_types_have_positive_gas PASSED [ 65%]
tests/test_orchestration_lifecycle.py::TestTaskTypeRegistryConsistency::test_all_registered_types_have_valid_agent PASSED [ 65%]
tests/test_orchestration_lifecycle.py::TestPlanVersioningCreateAndChain::test_create_single_version PASSED [ 65%]
tests/test_orchestration_lifecycle.py::TestPlanVersioningCreateAndChain::test_create_version_chain PASSED [ 65%]
tests/test_orchestration_lifecycle.py::TestPlanVersioningCreateAndChain::test_version_chain_integrity PASSED [ 65%]
tests/test_orchestration_lifecycle.py::TestPlanVersioningCreateAndChain::test_get_version_by_number PASSED [ 65%]
tests/test_orchestration_lifecycle.py::TestPlanVersioningCreateAndChain::test_version_to_dict_and_from_dict_roundtrip PASSED [ 65%]
tests/test_orchestration_lifecycle.py::TestPlanVersioningRollback::test_rollback_to_parent PASSED [ 65%]
tests/test_orchestration_lifecycle.py::TestPlanVersioningRollback::test_rollback_to_specific_version PASSED [ 65%]
tests/test_orchestration_lifecycle.py::TestPlanVersioningRollback::test_rollback_fails_on_single_version PASSED [ 65%]
tests/test_orchestration_lifecycle.py::TestPlanVersioningRollback::test_rollback_non_existent_target PASSED [ 65%]
tests/test_orchestration_lifecycle.py::TestPlanVersioningDiff::test_diff_detects_added_removed PASSED [ 65%]
tests/test_orchestration_lifecycle.py::TestPlanVersioningDiff::test_diff_detects_changes PASSED [ 65%]
tests/test_orchestration_lifecycle.py::TestPlanVersioningDiff::test_diff_metadata_changes PASSED [ 65%]
tests/test_orchestration_lifecycle.py::TestCheckpointSaveAndResume::test_save_checkpoint PASSED [ 65%]
tests/test_orchestration_lifecycle.py::TestCheckpointSaveAndResume::test_load_checkpoint PASSED [ 65%]
tests/test_orchestration_lifecycle.py::TestCheckpointSaveAndResume::test_get_last_checkpoint_by_swarm PASSED [ 65%]
tests/test_orchestration_lifecycle.py::TestCheckpointSaveAndResume::test_checkpoint_integrity_verification PASSED [ 65%]
tests/test_orchestration_lifecycle.py::TestCheckpointSaveAndResume::test_checkpoint_to_dict_and_from_dict_roundtrip PASSED [ 65%]
tests/test_orchestration_lifecycle.py::TestCheckpointMultiPhaseIntegration::test_checkpointable_executor_creates_checkpoints PASSED [ 65%]
tests/test_orchestration_lifecycle.py::TestCheckpointMultiPhaseIntegration::test_checkpointable_result_to_dict PASSED [ 65%]
tests/test_orchestration_lifecycle.py::TestCheckpointMultiPhaseIntegration::test_resume_from_plan_checkpoint PASSED [ 65%]
tests/test_orchestration_lifecycle.py::TestCheckpointMultiPhaseIntegration::test_resume_from_checkpoint_multiple_phases PASSED [ 65%]
tests/test_orchestration_lifecycle.py::TestCheckpointMultiPhaseIntegration::test_checkpoint_manager_lifecycle PASSED [ 65%]
tests/test_orchestration_lifecycle.py::TestEndToEndPlanConsolidateExecute::test_e2e_full_pipeline_produces_valid_result PASSED [ 65%]
tests/test_orchestration_lifecycle.py::TestEndToEndPlanConsolidateExecute::test_e2e_pipeline_with_plan_versioning_integration PASSED [ 65%]
tests/test_orchestration_lifecycle.py::TestEndToEndPlanConsolidateExecute::test_e2e_with_checkpoint_and_resume_loop PASSED [ 65%]
tests/test_orchestration_lifecycle.py::TestOrchestrationLifecycleIntegration::test_plan_history_integrates_with_multi_phase PASSED [ 65%]
tests/test_orchestration_lifecycle.py::TestOrchestrationLifecycleIntegration::test_checkpoint_manager_with_lease_integration PASSED [ 65%]
tests/test_orchestration_lifecycle.py::TestOrchestrationLifecycleIntegration::test_plan_history_with_consistency_proof_integration PASSED [ 65%]
tests/test_orchestration_lifecycle.py::TestOrchestrationLifecycleIntegration::test_checkpoint_eviction_on_max_checkpoints PASSED [ 65%]
tests/test_orchestration_lifecycle.py::TestOrchestrationLifecycleIntegration::test_full_orchestration_stack_end_to_end PASSED [ 65%]
tests/test_orchestration_lifecycle.py::TestVectorClock::test_vector_clock_tick_increments_own_counter PASSED [ 65%]
tests/test_orchestration_lifecycle.py::TestVectorClock::test_vector_clock_merge_takes_elementwise_max PASSED [ 65%]
tests/test_orchestration_lifecycle.py::TestVectorClock::test_vector_clock_happened_before_true PASSED [ 65%]
tests/test_orchestration_lifecycle.py::TestVectorClock::test_vector_clock_happened_before_false_when_concurrent PASSED [ 65%]
tests/test_orchestration_lifecycle.py::TestVectorClock::test_vector_clock_is_concurrent PASSED [ 65%]
tests/test_orchestration_lifecycle.py::TestVectorClock::test_vector_clock_roundtrip_to_dict_and_back PASSED [ 65%]
tests/test_orchestration_lifecycle.py::TestSwarmLeaderElection::test_leader_election_elects_highest_priority_node PASSED [ 65%]
tests/test_orchestration_lifecycle.py::TestSwarmLeaderElection::test_leader_election_quorum_not_reached_with_few_nodes PASSED [ 65%]
tests/test_orchestration_lifecycle.py::TestSwarmLeaderElection::test_leader_election_respects_inactive_nodes PASSED [ 66%]
tests/test_orchestration_lifecycle.py::TestSwarmLeaderElection::test_leader_election_deregister_removes_node PASSED [ 66%]
tests/test_orchestration_lifecycle.py::TestSwarmLeaderElection::test_leader_election_force_leader_overrides_election PASSED [ 66%]
tests/test_orchestration_lifecycle.py::TestSwarmLeaderElection::test_leader_election_term_increments PASSED [ 66%]
tests/test_orchestration_lifecycle.py::TestSwarmLeaderElection::test_leader_election_tick_clock_advances_vector PASSED [ 66%]
tests/test_orchestration_lifecycle.py::TestSplitBrainDetector::test_split_brain_no_partition_with_single_node PASSED [ 66%]
tests/test_orchestration_lifecycle.py::TestSplitBrainDetector::test_split_brain_detects_divergent_clocks PASSED [ 66%]
tests/test_orchestration_lifecycle.py::TestSplitBrainDetector::test_split_brain_stale_leader_in_minority_partition PASSED [ 66%]
tests/test_orchestration_lifecycle.py::TestSplitBrainDetector::test_split_brain_heal_partition_merges_clocks PASSED [ 66%]
tests/test_orchestration_lifecycle.py::TestSplitBrainDetector::test_split_brain_heartbeat_timeout_triggers_detection PASSED [ 66%]
tests/test_orchestration_lifecycle.py::TestSplitBrainDetector::test_split_brain_record_heartbeat_updates_status PASSED [ 66%]
tests/test_orchestration_lifecycle.py::TestStalePlanCache::test_stale_plan_cache_put_and_get PASSED [ 66%]
tests/test_orchestration_lifecycle.py::TestStalePlanCache::test_stale_plan_cache_get_returns_none_for_expired PASSED [ 66%]
tests/test_orchestration_lifecycle.py::TestStalePlanCache::test_stale_plan_cache_invalidate_stale_removes_old_versions PASSED [ 66%]
tests/test_orchestration_lifecycle.py::TestStalePlanCache::test_stale_plan_cache_invalidate_node_removes_node_entries PASSED [ 66%]
tests/test_orchestration_lifecycle.py::TestStalePlanCache::test_stale_plan_cache_expire_ttl_removes_expired PASSED [ 66%]
tests/test_orchestration_lifecycle.py::TestStalePlanCache::test_stale_plan_cache_stats_reflect_state PASSED [ 66%]
tests/test_orchestration_lifecycle.py::TestStalePlanCache::test_stale_plan_cache_master_version_tracks_highest_stamp PASSED [ 66%]
tests/test_orchestration_lifecycle.py::TestCrashRecovery::test_crash_recovery_no_checkpoint_manager_returns_failure PASSED [ 66%]
tests/test_orchestration_lifecycle.py::TestCrashRecovery::test_crash_recovery_no_checkpoint_returns_failure PASSED [ 66%]
tests/test_orchestration_lifecycle.py::TestCrashRecovery::test_crash_recovery_replays_from_checkpoint PASSED [ 66%]
tests/test_orchestration_lifecycle.py::TestCrashRecovery::test_crash_recovery_recover_swarm_handles_multiple_nodes PASSED [ 66%]
tests/test_orchestration_lifecycle.py::TestCrashRecovery::test_crash_recovery_replay_plan_empty_returns_failure PASSED [ 66%]
tests/test_orchestration_lifecycle.py::TestPlanRebalancer::test_plan_rebalancer_reassigns_orphaned_tasks PASSED [ 66%]
tests/test_orchestration_lifecycle.py::TestPlanRebalancer::test_plan_rebalancer_preserves_completed_tasks PASSED [ 66%]
tests/test_orchestration_lifecycle.py::TestPlanRebalancer::test_plan_rebalancer_tasks_lost_when_no_survivors PASSED [ 66%]
tests/test_orchestration_lifecycle.py::TestPlanRebalancer::test_plan_rebalancer_affinity_map_prefers_best_node PASSED [ 66%]
tests/test_orchestration_lifecycle.py::TestPlanRebalancer::test_plan_rebalancer_build_rebalanced_plan_updates_assignments PASSED [ 66%]
tests/test_orchestration_lifecycle.py::TestPlanRebalancer::test_plan_rebalancer_validate_integrity_checksum_matches PASSED [ 66%]
tests/test_orchestration_lifecycle.py::TestSwarmHandoff::test_swarm_handoff_negotiate_creates_contract PASSED [ 66%]
tests/test_orchestration_lifecycle.py::TestSwarmHandoff::test_swarm_handoff_provide_attestation_satisfies_requirements PASSED [ 66%]
tests/test_orchestration_lifecycle.py::TestSwarmHandoff::test_swarm_handoff_complete_handoff_issues_receipt PASSED [ 66%]
tests/test_orchestration_lifecycle.py::TestSwarmHandoff::test_swarm_handoff_abort_handoff_issues_abort_receipt PASSED [ 66%]
tests/test_orchestration_lifecycle.py::TestSwarmHandoff::test_swarm_handoff_receipt_verify_signature PASSED [ 66%]
tests/test_orchestration_lifecycle.py::TestSwarmHandoff::test_swarm_handoff_check_timeouts_expires_overdue PASSED [ 66%]
tests/test_orchestration_lifecycle.py::TestSwarmHandoff::test_swarm_handoff_capability_attestation_is_valid PASSED [ 66%]
tests/test_orchestration_lifecycle.py::TestSwarmHandoff::test_swarm_handoff_status_enum_values PASSED [ 66%]
tests/test_output_schema_variants.py::TestSchemaVariants::test_all_variants_defined PASSED [ 66%]
tests/test_output_schema_variants.py::TestSchemaVariants::test_full_template_has_all_fields PASSED [ 66%]
tests/test_output_schema_variants.py::TestSchemaVariants::test_summary_template_condensed PASSED [ 66%]
tests/test_output_schema_variants.py::TestSchemaVariants::test_delta_template_focused_on_changes PASSED [ 66%]
tests/test_output_schema_variants.py::TestSchemaVariants::test_proof_template_verification_focused PASSED [ 66%]
tests/test_output_schema_variants.py::TestSchemaVariants::test_resolve_schema_variant_full PASSED [ 66%]
tests/test_output_schema_variants.py::TestSchemaVariants::test_resolve_schema_variant_summary PASSED [ 66%]
tests/test_output_schema_variants.py::TestSchemaVariants::test_resolve_schema_variant_delta PASSED [ 66%]
tests/test_output_schema_variants.py::TestSchemaVariants::test_resolve_schema_variant_proof PASSED [ 66%]
tests/test_output_schema_variants.py::TestSchemaVariants::test_resolve_schema_variant_case_insensitive PASSED [ 66%]
tests/test_output_schema_variants.py::TestSchemaVariants::test_resolve_schema_variant_invalid_raises PASSED [ 66%]
tests/test_output_schema_variants.py::TestSchemaVariants::test_validate_schema_variant_true PASSED [ 66%]
tests/test_output_schema_variants.py::TestSchemaVariants::test_validate_schema_variant_false PASSED [ 66%]
tests/test_output_schema_variants.py::TestAgentDeclSchemaVariant::test_agent_decl_defaults_to_full PASSED [ 67%]
tests/test_output_schema_variants.py::TestAgentDeclSchemaVariant::test_agent_decl_accepts_variant PASSED [ 67%]
tests/test_output_schema_variants.py::TestAgentDeclSchemaVariant::test_agent_decl_all_variants_accepted PASSED [ 67%]
tests/test_output_schema_variants.py::TestSwarmCompilerSchemaVariant::test_parse_agent_with_schema_variant PASSED [ 67%]
tests/test_output_schema_variants.py::TestSwarmCompilerSchemaVariant::test_parse_agent_without_schema_variant_defaults PASSED [ 67%]
tests/test_output_schema_variants.py::TestSwarmCompilerSchemaVariant::test_parse_agent_with_delta_variant PASSED [ 67%]
tests/test_output_schema_variants.py::TestSwarmCompilerSchemaVariant::test_parse_agent_with_summary_variant PASSED [ 67%]
tests/test_overwatch.py::TestWatchdogTarget::test_default_values PASSED  [ 67%]
tests/test_overwatch.py::TestWatchdogTarget::test_to_dict_serializes_all_fields PASSED [ 67%]
tests/test_overwatch.py::TestRegisterAndScan::test_register_target_and_scan PASSED [ 67%]
tests/test_overwatch.py::TestRegisterAndScan::test_scan_returns_status_map PASSED [ 67%]
tests/test_overwatch.py::TestRegisterAndScan::test_check_target_updates_last_heartbeat PASSED [ 67%]
tests/test_overwatch.py::TestRegisterAndScan::test_scan_detects_unresponsive_targets PASSED [ 67%]
tests/test_overwatch.py::TestAlertThreshold::test_alert_threshold_triggers_on_consecutive_failures PASSED [ 67%]
tests/test_overwatch.py::TestAlertThreshold::test_alert_threshold_resets_on_recovery PASSED [ 67%]
tests/test_overwatch.py::TestTerminate::test_terminate_kills_target PASSED [ 67%]
tests/test_overwatch.py::TestTerminate::test_terminate_unknown_target_returns_false PASSED [ 67%]
tests/test_overwatch.py::TestAutoRecover::test_auto_recover_restarts_dead_target PASSED [ 67%]
tests/test_overwatch.py::TestAutoRecover::test_auto_recover_stops_after_max_restarts PASSED [ 67%]
tests/test_overwatch.py::TestAutoRecover::test_auto_recover_skips_healthy_target PASSED [ 67%]
tests/test_overwatch.py::TestAutoRecover::test_auto_recover_unknown_target PASSED [ 67%]
tests/test_overwatch.py::TestStatusReport::test_status_report_generates_markdown PASSED [ 67%]
tests/test_overwatch.py::TestStatusReport::test_status_report_lists_dead_targets PASSED [ 67%]
tests/test_overwatch.py::TestBuildFromConfig::test_build_overwatch_from_config PASSED [ 67%]
tests/test_overwatch.py::TestBuildFromConfig::test_build_overwatch_missing_file_raises PASSED [ 67%]
tests/test_overwatch.py::TestBuildFromConfig::test_build_overwatch_empty_targets PASSED [ 67%]
tests/test_p1_risk_surfaces.py::TestRuntimeRiskPaths::test_rejects_short_bytecode PASSED [ 67%]
tests/test_p1_risk_surfaces.py::TestRuntimeRiskPaths::test_rejects_invalid_magic PASSED [ 67%]
tests/test_p1_risk_surfaces.py::TestRuntimeRiskPaths::test_gas_exhaustion_returns_code_2 PASSED [ 67%]
tests/test_p1_risk_surfaces.py::TestRuntimeRiskPaths::test_runtime_error_is_shaped PASSED [ 67%]
tests/test_p1_risk_surfaces.py::TestRuntimeRiskPaths::test_generic_exception_is_shaped PASSED [ 67%]
tests/test_p1_risk_surfaces.py::TestRuntimeRiskPaths::test_memory_query_empty_returns_none PASSED [ 67%]
tests/test_p1_risk_surfaces.py::TestRuntimeRiskPaths::test_memory_query_invalid_top_k_defaults_to_3 PASSED [ 67%]
tests/test_p1_risk_surfaces.py::TestRuntimeRiskPaths::test_memory_query_clamps_top_k[-5-1] PASSED [ 67%]
tests/test_p1_risk_surfaces.py::TestRuntimeRiskPaths::test_memory_query_clamps_top_k[100-10] PASSED [ 67%]
tests/test_p1_risk_surfaces.py::TestNetModuleRiskPaths::test_scheme_rejection PASSED [ 67%]
tests/test_p1_risk_surfaces.py::TestNetModuleRiskPaths::test_url_without_host_rejected PASSED [ 67%]
tests/test_p1_risk_surfaces.py::TestNetModuleRiskPaths::test_blocked_and_special_addresses_rejected PASSED [ 67%]
tests/test_p1_risk_surfaces.py::TestNetModuleRiskPaths::test_http_get_validates_before_urlopen PASSED [ 67%]
tests/test_p1_risk_surfaces.py::TestNetModuleRiskPaths::test_http_get_and_post_set_timeout PASSED [ 67%]
tests/test_p1_risk_surfaces.py::TestServerCoreCompileErrorShaping::test_hlf_compile_shapes_compile_error PASSED [ 67%]
tests/test_p1_risk_surfaces.py::TestServerCoreCompileErrorShaping::test_hlf_compile_shapes_generic_exception PASSED [ 67%]
tests/test_persona_contract.py::test_resolve_persona_contract_for_docs_truth_source PASSED [ 67%]
tests/test_persona_contract.py::test_resolve_persona_contract_preserves_valid_existing_gate_results PASSED [ 67%]
tests/test_persona_contract.py::test_validate_persona_contract_rejects_missing_required_gate PASSED [ 67%]
tests/test_persona_contract.py::test_load_persona_matrix_prefers_runtime_copy_when_present PASSED [ 67%]
tests/test_persona_contract.py::test_resolve_persona_runtime_metadata_uses_bounded_persona_catalog PASSED [ 67%]
tests/test_persona_doctrine.py::test_doctrine_contract_creation_for_steward PASSED [ 67%]
tests/test_persona_doctrine.py::test_doctrine_contract_creation_for_herald PASSED [ 67%]
tests/test_persona_doctrine.py::test_doctrine_contract_creation_for_builder PASSED [ 68%]
tests/test_persona_doctrine.py::test_doctrine_contract_creation_for_sentinel PASSED [ 68%]
tests/test_persona_doctrine.py::test_doctrine_contract_roundtrip PASSED  [ 68%]
tests/test_persona_doctrine.py::test_compliance_allows_permitted_action PASSED [ 68%]
tests/test_persona_doctrine.py::test_compliance_allows_obligation_action PASSED [ 68%]
tests/test_persona_doctrine.py::test_compliance_blocks_prohibited_action PASSED [ 68%]
tests/test_persona_doctrine.py::test_compliance_blocks_unknown_action PASSED [ 68%]
tests/test_persona_doctrine.py::test_compliance_blocks_unknown_persona PASSED [ 68%]
tests/test_persona_doctrine.py::test_compliance_steward_allowed_actions PASSED [ 68%]
tests/test_persona_doctrine.py::test_compliance_steward_forbidden_actions PASSED [ 68%]
tests/test_persona_doctrine.py::test_compliance_sentinel_forbidden_actions PASSED [ 68%]
tests/test_persona_doctrine.py::test_compliance_report_to_dict PASSED    [ 68%]
tests/test_persona_doctrine.py::test_doctrine_to_hlf_produces_valid_output PASSED [ 68%]
tests/test_persona_doctrine.py::test_doctrine_to_hlf_includes_all_four_personas PASSED [ 68%]
tests/test_persona_doctrine.py::test_doctrine_to_hlf_includes_constraint_annotations PASSED [ 68%]
tests/test_persona_doctrine.py::test_doctrine_to_hlf_includes_handoff_constraints PASSED [ 68%]
tests/test_persona_doctrine.py::test_doctrine_to_hlf_has_tier_annotations PASSED [ 68%]
tests/test_persona_doctrine.py::test_doctrine_to_hlf_is_deterministic PASSED [ 68%]
tests/test_persona_doctrine.py::test_operator_doctrine_has_exactly_four_personas PASSED [ 68%]
tests/test_persona_doctrine.py::test_operator_doctrine_has_all_handoff_pairs PASSED [ 68%]
tests/test_persona_doctrine.py::test_operator_doctrine_tier_map PASSED   [ 68%]
tests/test_persona_doctrine.py::test_operator_doctrine_factory_is_repeatable PASSED [ 68%]
tests/test_persona_doctrine.py::test_handoff_contract_steward_to_herald PASSED [ 68%]
tests/test_persona_doctrine.py::test_handoff_contract_herald_to_builder PASSED [ 68%]
tests/test_persona_doctrine.py::test_handoff_contract_builder_to_sentinel PASSED [ 68%]
tests/test_persona_doctrine.py::test_handoff_contract_sentinel_to_steward PASSED [ 68%]
tests/test_persona_doctrine.py::test_handoff_contract_missing_returns_none PASSED [ 68%]
tests/test_persona_doctrine.py::test_handoff_contract_to_dict PASSED     [ 68%]
tests/test_persona_doctrine.py::test_handoff_contract_has_evidence_requirements PASSED [ 68%]
tests/test_persona_doctrine.py::test_persona_gate_allows_valid_assignment PASSED [ 68%]
tests/test_persona_doctrine.py::test_persona_gate_blocks_forbidden_action PASSED [ 68%]
tests/test_persona_doctrine.py::test_persona_gate_blocks_unknown_persona PASSED [ 68%]
tests/test_persona_doctrine.py::test_persona_gate_dict_manifest PASSED   [ 68%]
tests/test_persona_doctrine.py::test_persona_gate_result_to_dict PASSED  [ 68%]
tests/test_persona_doctrine.py::test_persona_gate_includes_gate_log PASSED [ 68%]
tests/test_persona_doctrine.py::test_persona_gate_escalate_to_operator_on_block PASSED [ 68%]
tests/test_persona_doctrine.py::test_tier_hearth_denies_sensitive_actions PASSED [ 68%]
tests/test_persona_doctrine.py::test_tier_sovereign_allows_sensitive_actions PASSED [ 68%]
tests/test_persona_doctrine.py::test_tier_field_allows_publish PASSED    [ 68%]
tests/test_persona_doctrine.py::test_tier_unknown_defaults_to_deny PASSED [ 68%]
tests/test_persona_doctrine.py::test_prove_persona_transition_valid_handoff PASSED [ 68%]
tests/test_persona_doctrine.py::test_prove_persona_transition_invalid_no_handoff PASSED [ 68%]
tests/test_persona_doctrine.py::test_prove_persona_transition_invalid_unknown_source PASSED [ 68%]
tests/test_persona_doctrine.py::test_prove_persona_transition_invalid_unknown_target PASSED [ 68%]
tests/test_persona_doctrine.py::test_prove_persona_transition_to_dict PASSED [ 68%]
tests/test_persona_doctrine.py::test_prove_all_four_transitions_valid PASSED [ 68%]
tests/test_persona_doctrine.py::test_prove_transition_has_handoff_contract_ref PASSED [ 68%]
tests/test_persona_doctrine.py::test_prove_transition_at_hearth_tier PASSED [ 68%]
tests/test_persona_doctrine.py::test_persona_gate_direct_usage PASSED    [ 68%]
tests/test_persona_doctrine.py::test_persona_gate_strict_vs_nonstrict PASSED [ 69%]
tests/test_persona_doctrine.py::test_persona_gate_with_constitutional_source PASSED [ 69%]
tests/test_persona_doctrine.py::test_persona_gate_with_constitutional_violation_source PASSED [ 69%]
tests/test_persona_doctrine.py::test_capability_manifest_to_dict PASSED  [ 69%]
tests/test_persona_doctrine.py::test_capability_manifest_defaults PASSED [ 69%]
tests/test_persona_doctrine.py::test_resolve_persona_doctrine_proof_allowed PASSED [ 69%]
tests/test_persona_doctrine.py::test_resolve_persona_doctrine_proof_blocked PASSED [ 69%]
tests/test_persona_doctrine.py::test_resolve_handoff_doctrine_proof_valid PASSED [ 69%]
tests/test_persona_doctrine.py::test_resolve_handoff_doctrine_proof_invalid PASSED [ 69%]
tests/test_persona_doctrine.py::test_persona_doctrine_consistent_with_persona_contract PASSED [ 69%]
tests/test_persona_doctrine.py::test_persona_doctrine_tier_consistent_with_matrix PASSED [ 69%]
tests/test_persona_doctrine.py::test_drift_detector_analyze_compliant_actions_no_drift PASSED [ 69%]
tests/test_persona_doctrine.py::test_drift_detector_analyze_prohibited_action_detects_drift PASSED [ 69%]
tests/test_persona_doctrine.py::test_drift_detector_analyze_unpermitted_action_flags_warning PASSED [ 69%]
tests/test_persona_doctrine.py::test_drift_detector_generates_corrective_constraints PASSED [ 69%]
tests/test_persona_doctrine.py::test_drift_detector_generate_corrective_hlf_produces_output PASSED [ 69%]
tests/test_persona_doctrine.py::test_drift_detector_analyze_all_personas PASSED [ 69%]
tests/test_persona_doctrine.py::test_drift_detector_action_history_accumulates PASSED [ 69%]
tests/test_persona_doctrine.py::test_drift_detector_clear_history PASSED [ 69%]
tests/test_persona_doctrine.py::test_drift_detector_drift_summary_aggregates PASSED [ 69%]
tests/test_persona_doctrine.py::test_drift_detector_unknown_persona_is_critical_drift PASSED [ 69%]
tests/test_persona_doctrine.py::test_composition_prover_valid_handoff_steward_to_herald PASSED [ 69%]
tests/test_persona_doctrine.py::test_composition_prover_detects_prohibition_gap PASSED [ 69%]
tests/test_persona_doctrine.py::test_composition_prover_detects_permission_gap PASSED [ 69%]
tests/test_persona_doctrine.py::test_composition_prover_detects_obligation_gap PASSED [ 69%]
tests/test_persona_doctrine.py::test_composition_prover_invalid_with_unknown_source PASSED [ 69%]
tests/test_persona_doctrine.py::test_composition_prover_invalid_with_unknown_target PASSED [ 69%]
tests/test_persona_doctrine.py::test_composition_prover_generates_resolution_hlf PASSED [ 69%]
tests/test_persona_doctrine.py::test_composition_prover_prove_all_compositions PASSED [ 69%]
tests/test_persona_doctrine.py::test_composition_prover_composition_summary PASSED [ 69%]
tests/test_persona_doctrine.py::test_composition_prover_permission_overlap_computed PASSED [ 69%]
tests/test_persona_doctrine.py::test_composition_prover_constraints_have_precedence PASSED [ 69%]
tests/test_persona_doctrine.py::test_composition_prover_clear_proofs PASSED [ 69%]
tests/test_persona_doctrine.py::test_capability_decay_register_and_get PASSED [ 69%]
tests/test_persona_doctrine.py::test_capability_decay_freshness_score_new PASSED [ 69%]
tests/test_persona_doctrine.py::test_capability_decay_freshness_score_decays PASSED [ 69%]
tests/test_persona_doctrine.py::test_capability_decay_is_stale_after_ttl PASSED [ 69%]
tests/test_persona_doctrine.py::test_capability_decay_certify_resets_clock PASSED [ 69%]
tests/test_persona_doctrine.py::test_capability_decay_generate_decay_report PASSED [ 69%]
tests/test_persona_doctrine.py::test_capability_decay_check_triggers_high_urgency PASSED [ 69%]
tests/test_persona_doctrine.py::test_capability_decay_check_triggers_critical_urgency PASSED [ 69%]
tests/test_persona_doctrine.py::test_capability_decay_no_trigger_for_fresh_capability PASSED [ 69%]
tests/test_persona_doctrine.py::test_capability_decay_degrade_capability_lowers_level PASSED [ 69%]
tests/test_persona_doctrine.py::test_capability_decay_freshness_matrix PASSED [ 69%]
tests/test_persona_doctrine.py::test_capability_decay_get_urgency_summary PASSED [ 69%]
tests/test_persona_doctrine.py::test_capability_decay_remove_capability PASSED [ 69%]
tests/test_persona_runtime_proof.py::test_steward_persona_has_runtime_metadata PASSED [ 69%]
tests/test_persona_runtime_proof.py::test_steward_persona_governs_workflow_contract PASSED [ 69%]
tests/test_persona_runtime_proof.py::test_steward_oversight_is_logged_in_swarm PASSED [ 69%]
tests/test_persona_runtime_proof.py::test_steward_constraint_applied_before_execution PASSED [ 69%]
tests/test_persona_runtime_proof.py::test_steward_verification_gate_passes_for_valid_hlf PASSED [ 70%]
tests/test_persona_runtime_proof.py::test_herald_persona_has_runtime_metadata PASSED [ 70%]
tests/test_persona_runtime_proof.py::test_herald_produces_communication_artifacts PASSED [ 70%]
tests/test_persona_runtime_proof.py::test_herald_handoff_produces_communication_event PASSED [ 70%]
tests/test_persona_runtime_proof.py::test_herald_docs_truth_requires_all_communication_gates PASSED [ 70%]
tests/test_persona_runtime_proof.py::test_builder_persona_in_persona_roles PASSED [ 70%]
tests/test_persona_runtime_proof.py::test_builder_precision_constraint_is_represented PASSED [ 70%]
tests/test_persona_runtime_proof.py::test_builder_generates_verifiable_artifacts PASSED [ 70%]
tests/test_persona_runtime_proof.py::test_builder_pipeline_produces_matching_swarm_phase PASSED [ 70%]
tests/test_persona_runtime_proof.py::test_sentinel_persona_has_runtime_metadata PASSED [ 70%]
tests/test_persona_runtime_proof.py::test_sentinel_blocks_security_sensitive_changes PASSED [ 70%]
tests/test_persona_runtime_proof.py::test_sentinel_existing_block_preserved PASSED [ 70%]
tests/test_persona_runtime_proof.py::test_sentinel_unauthorized_operations_blocked_at_sentinel_tier PASSED [ 70%]
tests/test_persona_runtime_proof.py::test_full_pipeline_steward_orchestrates_with_governance PASSED [ 70%]
tests/test_persona_runtime_proof.py::test_full_pipeline_herald_communicates_results PASSED [ 70%]
tests/test_persona_runtime_proof.py::test_full_pipeline_sentinel_verification_gate PASSED [ 70%]
tests/test_persona_runtime_proof.py::test_full_pipeline_each_persona_has_constraint_surface PASSED [ 70%]
tests/test_persona_runtime_proof.py::test_full_pipeline_all_personas_in_role_set PASSED [ 70%]
tests/test_persona_runtime_proof.py::test_full_pipeline_observer_captures_persona_events PASSED [ 70%]
tests/test_persona_runtime_proof.py::test_full_pipeline_sentinel_block_escalates_to_operator PASSED [ 70%]
tests/test_persona_runtime_proof.py::test_full_pipeline_consensus_ledger_tracks_persona_votes PASSED [ 70%]
tests/test_persona_runtime_proof.py::test_persona_contract_requires_operator_promotion_for_sensitive_changes PASSED [ 70%]
tests/test_persona_runtime_proof.py::test_persona_runtime_catalog_is_bounded_and_consistent PASSED [ 70%]
tests/test_persona_workflows.py::test_persona_handoff_fields_survive_normalization PASSED [ 70%]
tests/test_persona_workflows.py::test_persona_handoff_fields_lowercased_and_stripped PASSED [ 70%]
tests/test_persona_workflows.py::test_persona_handoff_empty_when_omitted PASSED [ 70%]
tests/test_persona_workflows.py::test_persona_handoff_persisted_through_mcp_tool PASSED [ 70%]
tests/test_persona_workflows.py::test_planner_has_defined_permissions PASSED [ 70%]
tests/test_persona_workflows.py::test_executor_has_defined_permissions PASSED [ 70%]
tests/test_persona_workflows.py::test_verifier_has_defined_permissions PASSED [ 70%]
tests/test_persona_workflows.py::test_scribe_has_defined_permissions PASSED [ 70%]
tests/test_persona_workflows.py::test_operator_is_only_authoritative_role PASSED [ 70%]
tests/test_persona_workflows.py::test_persona_roles_set_is_complete PASSED [ 70%]
tests/test_persona_workflows.py::test_cross_persona_handoff_preserves_lineage PASSED [ 70%]
tests/test_persona_workflows.py::test_handoff_chain_verification_includes_persona_transitions PASSED [ 70%]
tests/test_persona_workflows.py::test_persona_lineage_entry_produces_bounded_record PASSED [ 70%]
tests/test_persona_workflows.py::test_resolve_persona_contract_for_workflow_contract_change_class PASSED [ 70%]
tests/test_persona_workflows.py::test_validate_persona_contract_rejects_invalid_persona PASSED [ 70%]
tests/test_persona_workflows.py::test_swarm_mechanics_carry_persona_tags PASSED [ 70%]
tests/test_persona_workflows.py::test_instinct_lifecycle_preserves_persona_role_for_mission PASSED [ 70%]
tests/test_persona_workflows.py::test_persona_doctrine_schema_consistent_with_matrix PASSED [ 70%]
tests/test_persona_workflows.py::test_persona_doctrine_status_report_ok PASSED [ 70%]
tests/test_persona_workflows.py::test_build_persona_doctrine_report_has_roles PASSED [ 70%]
tests/test_persona_workflows.py::test_render_persona_doctrine_status_produces_valid_json PASSED [ 70%]
tests/test_persona_workflows.py::test_render_persona_doctrine_markdown_includes_roles PASSED [ 70%]
tests/test_persona_workflows.py::test_persona_doctrine_in_operator_surfaces_entries PASSED [ 70%]
tests/test_persona_workflows.py::test_operator_proof_gallery_has_persona_examples PASSED [ 70%]
tests/test_persona_workflows.py::test_memory_audit_chain_includes_persona_contract_ref PASSED [ 70%]
tests/test_persona_workflows.py::test_gallery_markdown_references_persona_doctrine PASSED [ 70%]
tests/test_persona_workflows.py::test_persona_doctrine_authority_boundary_present PASSED [ 71%]
tests/test_pii_guard.py::TestPIIDetection::test_redaction_short_value PASSED [ 71%]
tests/test_pii_guard.py::TestPIIDetection::test_redaction_longer_value PASSED [ 71%]
tests/test_pii_guard.py::TestPIIDetection::test_explicit_redacted_value_preserved PASSED [ 71%]
tests/test_pii_guard.py::TestPIIScanResult::test_to_dict_no_pii PASSED   [ 71%]
tests/test_pii_guard.py::TestPIIScanResult::test_to_dict_with_pii PASSED [ 71%]
tests/test_pii_guard.py::TestPIIGuardScan::test_detects_email PASSED     [ 71%]
tests/test_pii_guard.py::TestPIIGuardScan::test_no_false_positive_for_plain_text PASSED [ 71%]
tests/test_pii_guard.py::TestPIIGuardScan::test_detects_us_phone PASSED  [ 71%]
tests/test_pii_guard.py::TestPIIGuardScan::test_detects_ssn PASSED       [ 71%]
tests/test_pii_guard.py::TestPIIGuardScan::test_detects_visa_card PASSED [ 71%]
tests/test_pii_guard.py::TestPIIGuardScan::test_detects_ip_address PASSED [ 71%]
tests/test_pii_guard.py::TestPIIGuardScan::test_detects_dob PASSED       [ 71%]
tests/test_pii_guard.py::TestPIIGuardScan::test_detects_url PASSED       [ 71%]
tests/test_pii_guard.py::TestPIIGuardScan::test_detects_street_address PASSED [ 71%]
tests/test_pii_guard.py::TestPIIGuardScan::test_detects_person_name_with_title PASSED [ 71%]
tests/test_pii_guard.py::TestPIIGuardScan::test_redacted_text_differs_from_original PASSED [ 71%]
tests/test_pii_guard.py::TestPIIGuardScan::test_empty_string_no_pii PASSED [ 71%]
tests/test_pii_guard.py::TestPIIGuardScan::test_multiple_pii_in_one_string PASSED [ 71%]
tests/test_pii_guard.py::TestPIIGuardScan::test_strict_mode_lowers_threshold PASSED [ 71%]
tests/test_pii_guard.py::TestScanAndBlock::test_safe_text_returns_true_and_original PASSED [ 71%]
tests/test_pii_guard.py::TestScanAndBlock::test_pii_text_returns_false_and_redacted PASSED [ 71%]
tests/test_pii_guard.py::TestConvenienceFunctions::test_scan_for_pii_returns_result_object PASSED [ 71%]
tests/test_pii_guard.py::TestConvenienceFunctions::test_redact_pii_removes_email PASSED [ 71%]
tests/test_pii_guard.py::TestConvenienceFunctions::test_redact_pii_safe_text_unchanged PASSED [ 71%]
tests/test_pii_guard.py::TestConvenienceFunctions::test_get_statistics PASSED [ 71%]
tests/test_pii_guard.py::TestGovernedPIIPolicy::test_default_policy_loads_from_governance PASSED [ 71%]
tests/test_pii_guard.py::TestGovernedPIIPolicy::test_custom_policy_can_disable_category PASSED [ 71%]
tests/test_pii_guard.py::TestRuntimeMemoryStorePIIGuard::test_clean_value_stored_as_is PASSED [ 71%]
tests/test_pii_guard.py::TestRuntimeMemoryStorePIIGuard::test_email_in_value_is_redacted PASSED [ 71%]
tests/test_pii_guard.py::TestRuntimeMemoryStorePIIGuard::test_ssn_in_value_is_redacted PASSED [ 71%]
tests/test_pii_guard.py::TestRuntimeMemoryStorePIIGuard::test_memory_write_side_effect_recorded PASSED [ 71%]
tests/test_pii_guard.py::TestRuntimeMemoryStorePIIGuard::test_none_value_handled_gracefully PASSED [ 71%]
tests/test_pillar_and_consistency.py::TestPillarComplianceAuditor::test_full_compliance PASSED [ 71%]
tests/test_pillar_and_consistency.py::TestPillarComplianceAuditor::test_missing_intent_critical PASSED [ 71%]
tests/test_pillar_and_consistency.py::TestPillarComplianceAuditor::test_no_verify_error PASSED [ 71%]
tests/test_pillar_and_consistency.py::TestPillarComplianceAuditor::test_unknown_tags_warning PASSED [ 71%]
tests/test_pillar_and_consistency.py::TestPillarComplianceAuditor::test_conversation_audit PASSED [ 71%]
tests/test_pillar_and_consistency.py::TestPillarComplianceAuditor::test_summarize_audits PASSED [ 71%]
tests/test_pillar_and_consistency.py::TestCrossAgentBenchmark::test_single_agent_variance_zero PASSED [ 71%]
tests/test_pillar_and_consistency.py::TestCrossAgentBenchmark::test_multi_agent_variance_detected PASSED [ 71%]
tests/test_pillar_and_consistency.py::TestCrossAgentBenchmark::test_run_suite PASSED [ 71%]
tests/test_port_config.py::test_resolve_mcp_url_prefers_explicit_value PASSED [ 71%]
tests/test_port_config.py::test_resolve_mcp_url_reads_namespaced_env PASSED [ 71%]
tests/test_port_config.py::test_resolve_mcp_url_requires_explicit_source PASSED [ 71%]
tests/test_port_config.py::test_client_uses_environment_url PASSED       [ 71%]
tests/test_port_config.py::test_http_bind_requires_port PASSED           [ 71%]
tests/test_port_config.py::test_http_bind_validates_range PASSED         [ 71%]
tests/test_port_config.py::test_http_bind_returns_explicit_host_and_port PASSED [ 71%]
tests/test_proof_artifacts.py::test_proof_artifact_creation_admitted PASSED [ 72%]
tests/test_proof_artifacts.py::test_proof_artifact_creation_denied PASSED [ 72%]
tests/test_proof_artifacts.py::test_proof_artifact_creation_conditional PASSED [ 72%]
tests/test_proof_artifacts.py::test_proof_artifact_to_dict_includes_all_extended_fields PASSED [ 72%]
tests/test_proof_artifacts.py::test_proof_artifact_to_json_serializable PASSED [ 72%]
tests/test_proof_artifacts.py::test_build_proof_artifact_returns_valid_artifact PASSED [ 72%]
tests/test_proof_artifacts.py::test_build_proof_artifact_operator_summary_readable PASSED [ 72%]
tests/test_proof_artifacts.py::test_build_proof_artifact_evidence_chain_non_empty PASSED [ 72%]
tests/test_proof_artifacts.py::test_build_proof_artifact_denied_on_unsat PASSED [ 72%]
tests/test_proof_artifacts.py::test_build_proof_artifact_conditional_on_timeout PASSED [ 72%]
tests/test_proof_artifacts.py::test_generate_proof_artifact_accepts_extended_params PASSED [ 72%]
tests/test_proof_artifacts.py::test_generate_proof_artifact_backward_compatible PASSED [ 72%]
tests/test_proof_artifacts.py::test_verify_inductive_base_case_arithmetic PASSED [ 72%]
tests/test_proof_artifacts.py::test_verify_inductive_step_case_arithmetic PASSED [ 72%]
tests/test_proof_artifacts.py::test_verify_inductive_unsatisfiable_step_returns_denied PASSED [ 72%]
tests/test_proof_artifacts.py::test_verify_inductive_base_value_numeric_property PASSED [ 72%]
tests/test_proof_artifacts.py::test_verify_inductive_proof_depth_increments PASSED [ 72%]
tests/test_proof_artifacts.py::test_verify_effect_composition_compatible_effects PASSED [ 72%]
tests/test_proof_artifacts.py::test_verify_effect_composition_incompatible_resource_conflict PASSED [ 72%]
tests/test_proof_artifacts.py::test_verify_effect_composition_both_mutating_conditional PASSED [ 72%]
tests/test_proof_artifacts.py::test_verify_effect_composition_postcondition_violation PASSED [ 72%]
tests/test_proof_artifacts.py::test_verify_effect_composition_empty_effects PASSED [ 72%]
tests/test_proof_artifacts.py::test_build_regression_plan_returns_prioritized_plan PASSED [ 72%]
tests/test_proof_artifacts.py::test_build_regression_plan_empty_artifacts PASSED [ 72%]
tests/test_proof_artifacts.py::test_build_regression_plan_includes_preconditions PASSED [ 72%]
tests/test_proof_artifacts.py::test_build_regression_plan_multiple_same_priority PASSED [ 72%]
tests/test_proof_artifacts.py::test_proof_artifact_evidence_chain_is_non_empty_with_constraints PASSED [ 72%]
tests/test_proof_artifacts.py::test_lemma_proof_depth_is_zero PASSED     [ 72%]
tests/test_proof_artifacts.py::test_inductive_proof_depth_greater_than_lemma PASSED [ 72%]
tests/test_proof_artifacts.py::test_new_create_proof_artifact_creates_valid_artifact PASSED [ 72%]
tests/test_proof_artifacts.py::test_admit_proof_sets_admitted_status PASSED [ 72%]
tests/test_proof_artifacts.py::test_deny_proof_sets_denied_and_records_reason PASSED [ 72%]
tests/test_proof_artifacts.py::test_format_proof_report_produces_correct_counts PASSED [ 72%]
tests/test_proof_artifacts.py::test_format_proof_report_includes_per_class_breakdown PASSED [ 72%]
tests/test_proof_artifacts.py::test_run_regression_suite_returns_artifacts_and_summary PASSED [ 72%]
tests/test_proof_artifacts.py::test_compute_coverage_returns_correct_percentages PASSED [ 72%]
tests/test_proof_artifacts.py::test_detect_missing_coverage_finds_uncovered_classes PASSED [ 72%]
tests/test_proof_artifacts.py::test_verify_set_operations_produces_artifacts PASSED [ 72%]
tests/test_proof_artifacts.py::test_verify_type_coercions_produces_artifacts PASSED [ 72%]
tests/test_proof_artifacts.py::test_verify_control_flow_equivalences_produces_artifacts PASSED [ 72%]
tests/test_proof_artifacts.py::test_export_proof_artifacts_json_format PASSED [ 72%]
tests/test_proof_artifacts.py::test_export_proof_artifacts_markdown_format PASSED [ 72%]
tests/test_proof_artifacts.py::test_proof_artifact_to_json_serializable_new PASSED [ 72%]
tests/test_proof_artifacts.py::test_verify_operator_class_wraps_z3_calls PASSED [ 72%]
tests/test_proof_matrix.py::test_fixture_catalog_discovers_hlf_files PASSED [ 72%]
tests/test_proof_matrix.py::test_fixture_catalog_extracts_python_from_comment PASSED [ 72%]
tests/test_proof_matrix.py::test_fixture_catalog_extracts_python_from_multiple_markers PASSED [ 72%]
tests/test_proof_matrix.py::test_fixture_catalog_empty_directory_returns_empty PASSED [ 72%]
tests/test_proof_matrix.py::test_fixture_catalog_get_python_expression_from_file PASSED [ 72%]
tests/test_proof_matrix.py::test_fixture_catalog_get_python_expression_no_comment PASSED [ 72%]
tests/test_proof_matrix.py::test_fixture_catalog_get_python_expression_companion_py PASSED [ 73%]
tests/test_proof_matrix.py::test_fixture_catalog_get_python_expression_nonexistent_file PASSED [ 73%]
tests/test_proof_matrix.py::test_fixture_catalog_catalog_to_matrix_input PASSED [ 73%]
tests/test_proof_matrix.py::test_fixture_catalog_excludes_non_hlf_files PASSED [ 73%]
tests/test_proof_matrix.py::test_entry_all_passed_when_all_proofs_pass PASSED [ 73%]
tests/test_proof_matrix.py::test_entry_not_passed_when_one_proof_fails PASSED [ 73%]
tests/test_proof_matrix.py::test_entry_not_passed_when_proof_not_run PASSED [ 73%]
tests/test_proof_matrix.py::test_entry_overall_passed_false_when_no_proofs_run PASSED [ 73%]
tests/test_proof_matrix.py::test_entry_failed_proofs_multiple PASSED     [ 73%]
tests/test_proof_matrix.py::test_entry_only_equivalence_result_set PASSED [ 73%]
tests/test_proof_matrix.py::test_entry_all_results_none PASSED           [ 73%]
tests/test_proof_matrix.py::test_build_entry_with_valid_fixture PASSED   [ 73%]
tests/test_proof_matrix.py::test_build_entry_without_python_skips_equivalence PASSED [ 73%]
tests/test_proof_matrix.py::test_build_entry_with_invalid_hlf_handles_gracefully PASSED [ 73%]
tests/test_proof_matrix.py::test_build_entry_includes_all_metadata PASSED [ 73%]
tests/test_proof_matrix.py::test_build_matrix_processes_multiple_fixtures PASSED [ 73%]
tests/test_proof_matrix.py::test_build_matrix_with_empty_directory PASSED [ 73%]
tests/test_proof_matrix.py::test_build_matrix_with_mixed_valid_invalid PASSED [ 73%]
tests/test_proof_matrix.py::test_summary_stats_counts_correctly PASSED   [ 73%]
tests/test_proof_matrix.py::test_summary_stats_with_mixed_pass_fail PASSED [ 73%]
tests/test_proof_matrix.py::test_summary_stats_with_no_entries PASSED    [ 73%]
tests/test_proof_matrix.py::test_summary_stats_per_proof_breakdown PASSED [ 73%]
tests/test_proof_matrix.py::test_to_csv_format PASSED                    [ 73%]
tests/test_proof_matrix.py::test_to_csv_with_none_results PASSED         [ 73%]
tests/test_proof_matrix.py::test_to_markdown_table_format PASSED         [ 73%]
tests/test_proof_matrix.py::test_to_json_format PASSED                   [ 73%]
tests/test_proof_matrix.py::test_report_generate_markdown PASSED         [ 73%]
tests/test_proof_matrix.py::test_report_generate_compact PASSED          [ 73%]
tests/test_proof_matrix.py::test_report_generate_json PASSED             [ 73%]
tests/test_proof_matrix.py::test_report_generate_compact_includes_pass_fail PASSED [ 73%]
tests/test_proof_matrix.py::test_full_pipeline_build_matrix_to_csv PASSED [ 73%]
tests/test_proof_matrix.py::test_to_json_roundtrip_reconstruction PASSED [ 73%]
tests/test_proof_matrix.py::test_large_fixture_directory_performance PASSED [ 73%]
tests/test_proof_matrix.py::test_malformed_hlf_file_does_not_crash_discovery PASSED [ 73%]
tests/test_proof_matrix.py::test_build_matrix_with_live_data_toggle PASSED [ 73%]
tests/test_proof_matrix.py::test_from_fixture_catalog_integration PASSED [ 73%]
tests/test_proof_matrix.py::test_summary_stats_failure_rate_calculation PASSED [ 73%]
tests/test_proof_matrix.py::test_build_entry_edge_case_empty_source PASSED [ 73%]
tests/test_ralph_agent.py::TestHelpFlag::test_help_flag PASSED           [ 73%]
tests/test_ralph_agent.py::TestDryRunWithPersona::test_dry_run_with_persona PASSED [ 73%]
tests/test_ralph_agent.py::TestAllPersonas::test_persona[operator] PASSED [ 73%]
tests/test_ralph_agent.py::TestAllPersonas::test_persona[auditor] PASSED [ 73%]
tests/test_ralph_agent.py::TestAllPersonas::test_persona[developer] PASSED [ 73%]
tests/test_ralph_agent.py::TestAllPersonas::test_persona[verifier] PASSED [ 73%]
tests/test_ralph_agent.py::TestAllPersonas::test_persona[planner] PASSED [ 73%]
tests/test_ralph_agent.py::TestAllPersonas::test_persona[executor] PASSED [ 73%]
tests/test_ralph_agent.py::TestAllPersonas::test_unknown_persona_fails PASSED [ 73%]
tests/test_ralph_agent.py::TestAgentIdFlag::test_agent_id_flag PASSED    [ 73%]
tests/test_ralph_agent.py::TestTrustStateFlag::test_trust_state_watched PASSED [ 73%]
tests/test_ralph_agent.py::TestTrustStateFlag::test_trust_state_trusted PASSED [ 74%]
tests/test_ralph_agent.py::TestTrustStateFlag::test_invalid_trust_state_fails PASSED [ 74%]
tests/test_ralph_agent.py::TestCognitiveLaneFlag::test_cognitive_lane_bridge PASSED [ 74%]
tests/test_ralph_agent.py::TestCognitiveLaneFlag::test_invalid_lane_fails PASSED [ 74%]
tests/test_ralph_agent.py::TestHandoffDelegate::test_handoff_delegate PASSED [ 74%]
tests/test_ralph_agent.py::TestSwarmVote::test_swarm_vote_approve PASSED [ 74%]
tests/test_ralph_agent.py::TestSwarmVote::test_vote_reject PASSED        [ 74%]
tests/test_ralph_agent.py::TestSwarmVote::test_invalid_vote_fails PASSED [ 74%]
tests/test_ralph_agent.py::TestSwarmDissent::test_swarm_dissent PASSED   [ 74%]
tests/test_ralph_agent.py::TestTraceOutputMerge::test_trace_output_merge PASSED [ 74%]
tests/test_ralph_agent.py::TestNoDoublePassThrough::test_no_double_pass_through PASSED [ 74%]
tests/test_ralph_agent.py::TestNoDoublePassThrough::test_o_flag_does_not_reach_ralph_loop PASSED [ 74%]
tests/test_ralph_e2e.py::TestFullPipelineDry::test_full_pipeline_dry PASSED [ 74%]
tests/test_ralph_e2e.py::TestRealExecutionSimple::test_real_execution_echo PASSED [ 74%]
tests/test_ralph_e2e.py::TestRealExecutionSimple::test_real_execution_true PASSED [ 74%]
tests/test_ralph_e2e.py::TestRealExecutionSimple::test_real_execution_echo_via_agent PASSED [ 74%]
tests/test_ralph_e2e.py::TestTraceIsValidJSON::test_loop_trace_is_valid_json PASSED [ 74%]
tests/test_ralph_e2e.py::TestTraceIsValidJSON::test_hlf_trace_is_valid_json PASSED [ 74%]
tests/test_ralph_e2e.py::TestTraceIsValidJSON::test_agent_trace_is_valid_json PASSED [ 74%]
tests/test_ralph_e2e.py::TestTraceHasRequiredPhases::test_loop_has_all_phases PASSED [ 74%]
tests/test_ralph_e2e.py::TestTraceHasRequiredPhases::test_hlf_has_all_phases PASSED [ 74%]
tests/test_ralph_e2e.py::TestTraceHasRequiredPhases::test_agent_has_all_phases PASSED [ 74%]
tests/test_ralph_e2e.py::TestHLFE2E::test_hlf_full_dry_pipeline PASSED   [ 74%]
tests/test_ralph_hlf.py::TestHelpFlag::test_help_flag PASSED             [ 74%]
tests/test_ralph_hlf.py::TestDryRunCompilesHLF::test_dry_run_compiles_hlf PASSED [ 74%]
tests/test_ralph_hlf.py::TestDryRunCompilesHLF::test_dry_run_trace_is_valid_json PASSED [ 74%]
tests/test_ralph_hlf.py::TestTierFlag::test_tier_flag_hearth PASSED      [ 74%]
tests/test_ralph_hlf.py::TestTierFlag::test_tier_flag_forge PASSED       [ 74%]
tests/test_ralph_hlf.py::TestTierFlag::test_tier_flag_anvil PASSED       [ 74%]
tests/test_ralph_hlf.py::TestTierFlag::test_invalid_tier_rejected PASSED [ 74%]
tests/test_ralph_hlf.py::TestGasLimitFlag::test_gas_limit_flag PASSED    [ 74%]
tests/test_ralph_hlf.py::TestHLFDebugFlag::test_hlf_debug_flag PASSED    [ 74%]
tests/test_ralph_hlf.py::TestSourceIncludesRalphLoop::test_sources_ralph_loop PASSED [ 74%]
tests/test_ralph_hlf.py::TestSourceIncludesRalphLoop::test_does_not_duplicate_ralph_loop_helpers PASSED [ 74%]
tests/test_ralph_hlf.py::TestFallbackToDirect::test_fallback_to_direct PASSED [ 74%]
tests/test_ralph_loop.py::TestHelpFlag::test_help_flag PASSED            [ 74%]
tests/test_ralph_loop.py::TestDryRun::test_dry_run_with_intent PASSED    [ 74%]
tests/test_ralph_loop.py::TestDryRun::test_dry_run_trace_is_valid_json PASSED [ 74%]
tests/test_ralph_loop.py::TestMissingIntent::test_no_args_fails PASSED   [ 74%]
tests/test_ralph_loop.py::TestMissingIntent::test_intent_from_stdin PASSED [ 74%]
tests/test_ralph_loop.py::TestTraceOutput::test_trace_output_to_file PASSED [ 74%]
tests/test_ralph_loop.py::TestTimeoutHandling::test_timeout_handling PASSED [ 74%]
tests/test_ralph_loop.py::TestDomainDetection::test_git_intent_detects_code_domain PASSED [ 74%]
tests/test_ralph_loop.py::TestDomainDetection::test_deploy_intent PASSED [ 74%]
tests/test_ralph_loop.py::TestDomainDetection::test_verify_intent PASSED [ 74%]
tests/test_ralph_loop.py::TestDomainDetection::test_repair_intent PASSED [ 74%]
tests/test_ralph_loop.py::TestDomainDetection::test_security_intent PASSED [ 74%]
tests/test_ralph_loop.py::TestAdvisoryMode::test_advisory_mode_flag PASSED [ 74%]
tests/test_ralph_loop.py::TestComplexIntent::test_special_characters_in_intent PASSED [ 74%]
tests/test_ralph_loop.py::TestComplexIntent::test_unicode_in_intent PASSED [ 75%]
tests/test_real_code_bridge.py::test_equivalence_integer_literal PASSED  [ 75%]
tests/test_real_code_bridge.py::test_equivalence_float_literal PASSED    [ 75%]
tests/test_real_code_bridge.py::test_equivalence_string_literal PASSED   [ 75%]
tests/test_real_code_bridge.py::test_equivalence_boolean_true PASSED     [ 75%]
tests/test_real_code_bridge.py::test_equivalence_boolean_false PASSED    [ 75%]
tests/test_real_code_bridge.py::test_equivalence_addition PASSED         [ 75%]
tests/test_real_code_bridge.py::test_equivalence_subtraction PASSED      [ 75%]
tests/test_real_code_bridge.py::test_equivalence_multiplication PASSED   [ 75%]
tests/test_real_code_bridge.py::test_equivalence_division PASSED         [ 75%]
tests/test_real_code_bridge.py::test_equivalence_modulo PASSED           [ 75%]
tests/test_real_code_bridge.py::test_equivalence_negation PASSED         [ 75%]
tests/test_real_code_bridge.py::test_equivalence_comparison_eq PASSED    [ 75%]
tests/test_real_code_bridge.py::test_equivalence_comparison_ne PASSED    [ 75%]
tests/test_real_code_bridge.py::test_equivalence_comparison_lt PASSED    [ 75%]
tests/test_real_code_bridge.py::test_equivalence_comparison_ge PASSED    [ 75%]
tests/test_real_code_bridge.py::test_equivalence_logical_and PASSED      [ 75%]
tests/test_real_code_bridge.py::test_equivalence_logical_or PASSED       [ 75%]
tests/test_real_code_bridge.py::test_equivalence_logical_not PASSED      [ 75%]
tests/test_real_code_bridge.py::test_equivalence_nested_arithmetic PASSED [ 75%]
tests/test_real_code_bridge.py::test_equivalence_complex_logic PASSED    [ 75%]
tests/test_real_code_bridge.py::test_effect_audit_simple_expression_has_no_side_effects PASSED [ 75%]
tests/test_real_code_bridge.py::test_effect_audit_host_call_produces_expected_effect PASSED [ 75%]
tests/test_real_code_bridge.py::test_effect_audit_delegation_produces_agent_effect PASSED [ 75%]
tests/test_real_code_bridge.py::test_effect_audit_route_produces_model_call_effect PASSED [ 75%]
tests/test_real_code_bridge.py::test_bytecode_roundtrip_simple_expression PASSED [ 75%]
tests/test_real_code_bridge.py::test_bytecode_roundtrip_math_expression PASSED [ 75%]
tests/test_real_code_bridge.py::test_bytecode_roundtrip_string_literal PASSED [ 75%]
tests/test_real_code_bridge.py::test_bytecode_roundtrip_boolean_literal PASSED [ 75%]
tests/test_real_code_bridge.py::test_bytecode_roundtrip_multi_statement PASSED [ 75%]
tests/test_real_code_bridge.py::test_equivalence_result_output_dict PASSED [ 75%]
tests/test_real_code_bridge.py::test_audit_result_output_dict PASSED     [ 75%]
tests/test_real_code_bridge.py::test_equivalence_handles_invalid_hlf PASSED [ 75%]
tests/test_real_code_bridge.py::test_bytecode_roundtrip_handles_varied_expressions PASSED [ 75%]
tests/test_real_code_bridge.py::test_equivalence_parametric_binary_ops[+-+-5-3] PASSED [ 75%]
tests/test_real_code_bridge.py::test_equivalence_parametric_binary_ops[----10-3] PASSED [ 75%]
tests/test_real_code_bridge.py::test_equivalence_parametric_binary_ops[*-*-7-6] PASSED [ 75%]
tests/test_real_code_bridge.py::test_equivalence_parametric_binary_ops[/-/-100-4] PASSED [ 75%]
tests/test_real_code_bridge.py::test_equivalence_parametric_binary_ops[==-==-1-1] PASSED [ 75%]
tests/test_real_code_bridge.py::test_equivalence_parametric_binary_ops[!=-!=-1-2] PASSED [ 75%]
tests/test_real_code_bridge.py::test_equivalence_parametric_binary_ops[<-<-3-7] PASSED [ 75%]
tests/test_real_code_bridge.py::test_equivalence_parametric_binary_ops[>->-9-1] PASSED [ 75%]
tests/test_real_code_bridge.py::test_equivalence_parametric_binary_ops[<=-<=-5-5] PASSED [ 75%]
tests/test_real_code_bridge.py::test_equivalence_parametric_binary_ops[>=->=-8-3] PASSED [ 75%]
tests/test_real_code_bridge_hardening.py::TestTypeCoercionInt::test_coerce_int_safe PASSED [ 75%]
tests/test_real_code_bridge_hardening.py::TestTypeCoercionInt::test_coerce_int_overflow PASSED [ 75%]
tests/test_real_code_bridge_hardening.py::TestTypeCoercionInt::test_coerce_int_negative_safe PASSED [ 75%]
tests/test_real_code_bridge_hardening.py::TestTypeCoercionFloat::test_coerce_float_precision_safe PASSED [ 75%]
tests/test_real_code_bridge_hardening.py::TestTypeCoercionFloat::test_coerce_float_excessive_precision PASSED [ 75%]
tests/test_real_code_bridge_hardening.py::TestTypeCoercionStrBool::test_coerce_str PASSED [ 75%]
tests/test_real_code_bridge_hardening.py::TestTypeCoercionStrBool::test_coerce_str_from_non_str PASSED [ 76%]
tests/test_real_code_bridge_hardening.py::TestTypeCoercionStrBool::test_coerce_bool PASSED [ 76%]
tests/test_real_code_bridge_hardening.py::TestTypeCoercionCollections::test_coerce_list_recursive PASSED [ 76%]
tests/test_real_code_bridge_hardening.py::TestTypeCoercionCollections::test_coerce_map PASSED [ 76%]
tests/test_real_code_bridge_hardening.py::TestTypeCoercionOptional::test_coerce_optional_with_none PASSED [ 76%]
tests/test_real_code_bridge_hardening.py::TestTypeCoercionOptional::test_coerce_strict_none_reject PASSED [ 76%]
tests/test_real_code_bridge_hardening.py::TestTypeCoercionOptional::test_coerce_non_strict_none_warns PASSED [ 76%]
tests/test_real_code_bridge_hardening.py::TestTypeCoercionBatch::test_coerce_batch PASSED [ 76%]
tests/test_real_code_bridge_hardening.py::TestTypeCoercionBatch::test_coerce_batch_stops_on_dangerous PASSED [ 76%]
tests/test_real_code_bridge_hardening.py::TestTypeCoercionBatch::test_coerce_batch_no_stop PASSED [ 76%]
tests/test_real_code_bridge_hardening.py::TestTypeCoercionTable::test_generate_coercion_table PASSED [ 76%]
tests/test_real_code_bridge_hardening.py::TestTypeCoercionTable::test_coercion_result_to_dict PASSED [ 76%]
tests/test_real_code_bridge_hardening.py::TestTypeCoercionTable::test_coerce_hlf_value_convenience PASSED [ 76%]
tests/test_real_code_bridge_hardening.py::TestTypeCoercionTable::test_check_overflow_precheck PASSED [ 76%]
tests/test_real_code_bridge_hardening.py::TestImportWhitelistBasic::test_import_whitelist_basic_math_allowed PASSED [ 76%]
tests/test_real_code_bridge_hardening.py::TestImportWhitelistBasic::test_import_whitelist_basic_os_denied PASSED [ 76%]
tests/test_real_code_bridge_hardening.py::TestImportWhitelistStandard::test_import_whitelist_standard_pathlib_allowed PASSED [ 76%]
tests/test_real_code_bridge_hardening.py::TestImportWhitelistStandard::test_import_whitelist_standard_os_path_allowed PASSED [ 76%]
tests/test_real_code_bridge_hardening.py::TestImportWhitelistStandard::test_import_whitelist_standard_denies_socket PASSED [ 76%]
tests/test_real_code_bridge_hardening.py::TestImportWhitelistElevatedPrivileged::test_import_whitelist_elevated_http_client PASSED [ 76%]
tests/test_real_code_bridge_hardening.py::TestImportWhitelistElevatedPrivileged::test_import_whitelist_elevated_allows_socket PASSED [ 76%]
tests/test_real_code_bridge_hardening.py::TestImportWhitelistElevatedPrivileged::test_import_whitelist_privileged_threading PASSED [ 76%]
tests/test_real_code_bridge_hardening.py::TestImportWhitelistElevatedPrivileged::test_import_whitelist_privileged_denies_at_basic PASSED [ 76%]
tests/test_real_code_bridge_hardening.py::TestImportWhitelistUnrestricted::test_import_whitelist_unrestricted_allows_anything PASSED [ 76%]
tests/test_real_code_bridge_hardening.py::TestImportWhitelistUnrestricted::test_import_whitelist_unrestricted_allows_everything PASSED [ 76%]
tests/test_real_code_bridge_hardening.py::TestImportWhitelistBatchAndSummary::test_import_whitelist_check_imports_batch PASSED [ 76%]
tests/test_real_code_bridge_hardening.py::TestImportWhitelistBatchAndSummary::test_import_whitelist_tier_summary PASSED [ 76%]
tests/test_real_code_bridge_hardening.py::TestImportWhitelistBatchAndSummary::test_import_whitelist_rule_count PASSED [ 76%]
tests/test_real_code_bridge_hardening.py::TestImportWhitelistCustomRules::test_import_whitelist_add_remove_rule PASSED [ 76%]
tests/test_real_code_bridge_hardening.py::TestImportWhitelistCustomRules::test_import_whitelist_remove_nonexistent PASSED [ 76%]
tests/test_real_code_bridge_hardening.py::TestImportWhitelistCustomRules::test_import_whitelist_audit_imports PASSED [ 76%]
tests/test_real_code_bridge_hardening.py::TestImportWhitelistEdgeCases::test_import_whitelist_longest_prefix_match PASSED [ 76%]
tests/test_real_code_bridge_hardening.py::TestImportWhitelistEdgeCases::test_import_whitelist_import_check_to_dict PASSED [ 76%]
tests/test_real_code_bridge_hardening.py::TestImportWhitelistEdgeCases::test_import_whitelist_default_tier PASSED [ 76%]
tests/test_real_code_bridge_hardening.py::TestGasMeter::test_gas_meter_basic PASSED [ 76%]
tests/test_real_code_bridge_hardening.py::TestGasMeter::test_gas_meter_consumed PASSED [ 76%]
tests/test_real_code_bridge_hardening.py::TestGasMeter::test_gas_meter_exhaustion PASSED [ 76%]
tests/test_real_code_bridge_hardening.py::TestGasMeter::test_gas_meter_reset PASSED [ 76%]
tests/test_real_code_bridge_hardening.py::TestGasMeter::test_gas_meter_unknown_node_type PASSED [ 76%]
tests/test_real_code_bridge_hardening.py::TestGasMeter::test_gas_meter_custom_costs PASSED [ 76%]
tests/test_real_code_bridge_hardening.py::TestSandboxValidation::test_sandbox_validate_safe_code PASSED [ 76%]
tests/test_real_code_bridge_hardening.py::TestSandboxValidation::test_sandbox_validate_restricted_eval PASSED [ 76%]
tests/test_real_code_bridge_hardening.py::TestSandboxValidation::test_sandbox_validate_restricted_exec PASSED [ 76%]
tests/test_real_code_bridge_hardening.py::TestSandboxValidation::test_sandbox_validate_restricted_open PASSED [ 76%]
tests/test_real_code_bridge_hardening.py::TestSandboxValidation::test_sandbox_validate_restricted_import PASSED [ 76%]
tests/test_real_code_bridge_hardening.py::TestSandboxValidation::test_sandbox_validate_syntax_error PASSED [ 76%]
tests/test_real_code_bridge_hardening.py::TestSandboxExecution::test_sandbox_execute_simple PASSED [ 76%]
tests/test_real_code_bridge_hardening.py::TestSandboxExecution::test_sandbox_execute_safe_simple PASSED [ 76%]
tests/test_real_code_bridge_hardening.py::TestSandboxExecution::test_sandbox_execution_to_dict PASSED [ 76%]
tests/test_real_code_bridge_hardening.py::TestSandboxGasEstimation::test_sandbox_estimate_gas PASSED [ 77%]
tests/test_real_code_bridge_hardening.py::TestSandboxGasEstimation::test_sandbox_estimate_gas_syntax_error PASSED [ 77%]
tests/test_real_code_bridge_hardening.py::TestSandboxGasEstimation::test_sandbox_gas_report PASSED [ 77%]
tests/test_real_code_bridge_hardening.py::TestSandboxRestrictedBuiltins::test_sandbox_restricted_builtins_excludes_eval PASSED [ 77%]
tests/test_real_code_bridge_hardening.py::TestSandboxRestrictedBuiltins::test_sandbox_restricted_builtins_includes_safe PASSED [ 77%]
tests/test_real_code_bridge_hardening.py::TestSandboxConfig::test_sandbox_config_defaults PASSED [ 77%]
tests/test_real_code_bridge_hardening.py::TestSandboxConfig::test_sandbox_config_custom PASSED [ 77%]
tests/test_real_code_bridge_hardening.py::TestSandboxConfigure::test_sandbox_configure_updates_config PASSED [ 77%]
tests/test_real_code_bridge_hardening.py::TestErrorTranslationBasic::test_translate_type_error PASSED [ 77%]
tests/test_real_code_bridge_hardening.py::TestErrorTranslationBasic::test_translate_value_error PASSED [ 77%]
tests/test_real_code_bridge_hardening.py::TestErrorTranslationBasic::test_translate_zero_division PASSED [ 77%]
tests/test_real_code_bridge_hardening.py::TestErrorTranslationBasic::test_translate_import_error PASSED [ 77%]
tests/test_real_code_bridge_hardening.py::TestErrorTranslationBasic::test_translate_key_error PASSED [ 77%]
tests/test_real_code_bridge_hardening.py::TestErrorTranslationBasic::test_translate_attribute_error PASSED [ 77%]
tests/test_real_code_bridge_hardening.py::TestErrorTranslationAdvanced::test_translate_memory_error_category PASSED [ 77%]
tests/test_real_code_bridge_hardening.py::TestErrorTranslationAdvanced::test_translate_assertion_error PASSED [ 77%]
tests/test_real_code_bridge_hardening.py::TestErrorTranslationAdvanced::test_translate_unknown_exception PASSED [ 77%]
tests/test_real_code_bridge_hardening.py::TestErrorTranslationBatch::test_translate_batch PASSED [ 77%]
tests/test_real_code_bridge_hardening.py::TestErrorTranslationBatch::test_translate_batch_empty PASSED [ 77%]
tests/test_real_code_bridge_hardening.py::TestErrorTranslationSeverity::test_translate_severity_summary PASSED [ 77%]
tests/test_real_code_bridge_hardening.py::TestErrorTranslationSeverity::test_translate_severity_summary_empty PASSED [ 77%]
tests/test_real_code_bridge_hardening.py::TestErrorTranslationProvenance::test_generate_provenance_report PASSED [ 77%]
tests/test_real_code_bridge_hardening.py::TestErrorTranslationProvenance::test_generate_provenance_report_with_context PASSED [ 77%]
tests/test_real_code_bridge_hardening.py::TestErrorTranslationProvenance::test_translated_violation_to_dict PASSED [ 77%]
tests/test_real_code_bridge_hardening.py::TestErrorTranslationReverse::test_reverse_translate PASSED [ 77%]
tests/test_real_code_bridge_hardening.py::TestErrorTranslationReverse::test_reverse_translate_division PASSED [ 77%]
tests/test_real_code_bridge_hardening.py::TestErrorTranslationCustomMapping::test_register_custom_mapping PASSED [ 77%]
tests/test_real_code_bridge_hardening.py::TestErrorTranslationConvenience::test_translate_exception_convenience PASSED [ 77%]
tests/test_real_code_bridge_hardening.py::TestErrorTranslationConvenience::test_translate_to_hlf_violation PASSED [ 77%]
tests/test_real_code_bridge_hardening.py::TestErrorTranslationConvenience::test_translate_to_hlf_violation_none_exc PASSED [ 77%]
tests/test_real_code_bridge_hardening.py::TestErrorTranslationStackFrames::test_translate_exception_has_stack_frames PASSED [ 77%]
tests/test_real_code_bridge_hardening.py::TestErrorTranslationStackFrames::test_translate_exception_message_formatting PASSED [ 77%]
tests/test_real_code_bridge_hardening.py::TestErrorTranslationStackFrames::test_translated_violation_from_dict PASSED [ 77%]
tests/test_real_workflow_benchmarks.py::test_real_workflow_benchmark_uses_hlf_self_improvement_and_honest_modes FAILED [ 77%]
tests/test_real_workflow_benchmarks.py::test_real_workflow_benchmark_tool_persists_report_resource PASSED [ 77%]
tests/test_resource_monitor.py::TestResourceSnapshot::test_defaults PASSED [ 77%]
tests/test_resource_monitor.py::TestResourceSnapshot::test_to_dict PASSED [ 77%]
tests/test_resource_monitor.py::TestLatentSessionRecord::test_defaults PASSED [ 77%]
tests/test_resource_monitor.py::TestLatentSessionRecord::test_to_dict PASSED [ 77%]
tests/test_resource_monitor.py::TestResourceMonitor::test_register_session_load PASSED [ 77%]
tests/test_resource_monitor.py::TestResourceMonitor::test_register_multiple_sessions PASSED [ 77%]
tests/test_resource_monitor.py::TestResourceMonitor::test_register_session_unload_by_record_id PASSED [ 77%]
tests/test_resource_monitor.py::TestResourceMonitor::test_register_session_unload_by_model_match PASSED [ 77%]
tests/test_resource_monitor.py::TestResourceMonitor::test_unload_nonexistent_does_not_crash PASSED [ 77%]
tests/test_resource_monitor.py::TestResourceMonitor::test_session_history PASSED [ 77%]
tests/test_resource_monitor.py::TestResourceMonitor::test_empty_monitor PASSED [ 77%]
tests/test_resource_monitor.py::TestResourceMonitor::test_resource_report PASSED [ 77%]
tests/test_resource_monitor.py::TestResourceMonitor::test_singleton PASSED [ 77%]
tests/test_resource_monitor.py::TestEstimateModelVRAM::test_known_model PASSED [ 77%]
tests/test_resource_monitor.py::TestEstimateModelVRAM::test_known_model_fp32 PASSED [ 78%]
tests/test_resource_monitor.py::TestEstimateModelVRAM::test_unknown_model_default PASSED [ 78%]
tests/test_resource_monitor.py::TestEstimateModelVRAM::test_parse_size_from_name PASSED [ 78%]
tests/test_resource_monitor.py::TestEstimateModelVRAM::test_llama_model PASSED [ 78%]
tests/test_routing_contracts.py::TestRouteTraceContractShape::test_contract_defaults PASSED [ 78%]
tests/test_routing_contracts.py::TestRouteTraceContractShape::test_contract_can_override_rules PASSED [ 78%]
tests/test_routing_contracts.py::TestValidateRouteTrace::test_valid_trace_passes_with_zero_violations PASSED [ 78%]
tests/test_routing_contracts.py::TestValidateRouteTrace::test_missing_benchmark_evidence_returns_violation PASSED [ 78%]
tests/test_routing_contracts.py::TestValidateRouteTrace::test_missing_policy_basis_returns_violation PASSED [ 78%]
tests/test_routing_contracts.py::TestValidateRouteTrace::test_empty_lane_returns_violation PASSED [ 78%]
tests/test_routing_contracts.py::TestValidateRouteTrace::test_empty_governance_mode_returns_violation PASSED [ 78%]
tests/test_routing_contracts.py::TestValidateRouteTrace::test_same_primary_and_fallback_returns_violation PASSED [ 78%]
tests/test_routing_contracts.py::TestValidateRouteTrace::test_empty_primary_and_fallback_no_violation PASSED [ 78%]
tests/test_routing_contracts.py::TestValidateRouteTrace::test_multiple_violations_returned_together PASSED [ 78%]
tests/test_routing_contracts.py::TestBuildFailClosedVerdict::test_returns_deny_verdict PASSED [ 78%]
tests/test_routing_contracts.py::TestBuildFailClosedVerdict::test_custom_reason_appears_in_rationale PASSED [ 78%]
tests/test_routing_contracts.py::TestBuildFailClosedVerdict::test_governance_mode_is_fail_closed PASSED [ 78%]
tests/test_routing_contracts.py::TestBuildFailClosedVerdict::test_review_required_is_true PASSED [ 78%]
tests/test_routing_contracts.py::TestBuildFailClosedVerdict::test_default_reason_mentions_policy_or_evidence PASSED [ 78%]
tests/test_routing_contracts.py::TestBuildFailClosedVerdict::test_policy_constraints_populated PASSED [ 78%]
tests/test_routing_contracts.py::TestGovernedRouteFailClosed::test_fail_closed_when_evidence_required_but_absent PASSED [ 78%]
tests/test_routing_contracts.py::TestGovernedRouteFailClosed::test_fail_closed_when_evidence_required_and_none PASSED [ 78%]
tests/test_routing_contracts.py::TestGovernedRouteFailClosed::test_fail_closed_when_policy_basis_required_but_absent PASSED [ 78%]
tests/test_routing_contracts.py::TestGovernedRouteFailClosed::test_fail_closed_when_policy_basis_required_and_none PASSED [ 78%]
tests/test_routing_contracts.py::TestGovernedRouteFailClosed::test_evidence_present_succeeds_past_gate PASSED [ 78%]
tests/test_routing_contracts.py::TestGovernedRouteFailClosed::test_policy_basis_present_succeeds_past_gate PASSED [ 78%]
tests/test_routing_contracts.py::TestGovernedRouteBackwardCompat::test_trusted_reasoning_query_routes_normally PASSED [ 78%]
tests/test_routing_contracts.py::TestGovernedRouteBackwardCompat::test_blocked_align_still_denies PASSED [ 78%]
tests/test_routing_contracts.py::TestGovernedRouteBackwardCompat::test_restricted_trust_still_denies PASSED [ 78%]
tests/test_routing_contracts.py::TestGovernedRouteBackwardCompat::test_cpu_only_routes_deterministic_local PASSED [ 78%]
tests/test_routing_contracts.py::TestGovernedRouteBackwardCompat::test_new_params_are_optional PASSED [ 78%]
tests/test_routing_contracts.py::TestBuildFallbackEvidence::test_evidence_includes_policy_basis PASSED [ 78%]
tests/test_routing_contracts.py::TestBuildFallbackEvidence::test_evidence_includes_benchmark_evidence PASSED [ 78%]
tests/test_routing_contracts.py::TestBuildFallbackEvidence::test_evidence_includes_fallback_chain PASSED [ 78%]
tests/test_routing_contracts.py::TestBuildFallbackEvidence::test_evidence_compliant_when_no_violations PASSED [ 78%]
tests/test_routing_contracts.py::TestBuildFallbackEvidence::test_evidence_non_compliant_when_violations PASSED [ 78%]
tests/test_routing_contracts.py::TestBuildFallbackEvidence::test_evidence_sufficient_with_all_data PASSED [ 78%]
tests/test_routing_contracts.py::TestBuildFallbackEvidence::test_evidence_insufficient_when_missing PASSED [ 78%]
tests/test_routing_contracts.py::TestBuildFallbackEvidence::test_evidence_includes_contract_version PASSED [ 78%]
tests/test_routing_contracts.py::TestBuildFallbackEvidence::test_evidence_includes_fail_closed_flag PASSED [ 78%]
tests/test_routing_contracts.py::TestBuildFallbackEvidence::test_evidence_sufficiency_flags_reflect_state PASSED [ 78%]
tests/test_routing_contracts.py::TestBuildRouteRationale::test_rationale_is_non_empty_string PASSED [ 78%]
tests/test_routing_contracts.py::TestBuildRouteRationale::test_rationale_includes_verdict_rationale PASSED [ 78%]
tests/test_routing_contracts.py::TestBuildRouteRationale::test_rationale_includes_policy_constraints PASSED [ 78%]
tests/test_routing_contracts.py::TestBuildRouteRationale::test_rationale_includes_operator_summary PASSED [ 78%]
tests/test_routing_contracts.py::TestBuildRouteRationale::test_rationale_notes_compliance_when_valid PASSED [ 78%]
tests/test_routing_contracts.py::TestBuildRouteRationale::test_rationale_notes_violations_when_present PASSED [ 78%]
tests/test_routing_contracts.py::TestBuildRouteRationale::test_rationale_shows_denied_for_fail_closed PASSED [ 78%]
tests/test_routing_contracts.py::TestRouteTraceFailClosed::test_fail_closed_defaults_to_false PASSED [ 78%]
tests/test_routing_contracts.py::TestRouteTraceFailClosed::test_fail_closed_can_be_set_true PASSED [ 78%]
tests/test_routing_contracts.py::TestRouteTraceFailClosed::test_to_dict_includes_fail_closed_false PASSED [ 79%]
tests/test_routing_contracts.py::TestRouteTraceFailClosed::test_to_dict_includes_fail_closed_true PASSED [ 79%]
tests/test_routing_contracts.py::TestRouteTraceFailClosed::test_fail_closed_survives_round_trip PASSED [ 79%]
tests/test_routing_contracts.py::TestValidateTraceWithVerdict::test_valid_governed_route_produces_valid_trace PASSED [ 79%]
tests/test_routing_contracts.py::TestValidateTraceWithVerdict::test_fail_closed_verdict_trace_shows_violations PASSED [ 79%]
tests/test_routing_contracts.py::TestRouteDecisionRecordCompat::test_to_dict_still_works PASSED [ 79%]
tests/test_routing_contracts.py::TestRouteDecisionRecordCompat::test_operator_summary_still_works PASSED [ 79%]
tests/test_routing_fabric.py::test_route_profile_defaults PASSED         [ 79%]
tests/test_routing_fabric.py::test_route_profile_rationale PASSED        [ 79%]
tests/test_routing_fabric.py::test_route_profile_to_dict PASSED          [ 79%]
tests/test_routing_fabric.py::test_tier_walk_order_completeness PASSED   [ 79%]
tests/test_routing_fabric.py::test_specialization_patterns_exist PASSED  [ 79%]
tests/test_routing_fabric.py::test_complexity_score_empty PASSED         [ 79%]
tests/test_routing_fabric.py::test_complexity_score_simple PASSED        [ 79%]
tests/test_routing_fabric.py::test_complexity_score_reasoning PASSED     [ 79%]
tests/test_routing_fabric.py::test_complexity_score_bounded PASSED       [ 79%]
tests/test_routing_fabric.py::test_legacy_route_intent_visual PASSED     [ 79%]
tests/test_routing_fabric.py::test_legacy_route_intent_coding PASSED     [ 79%]
tests/test_routing_fabric.py::test_legacy_route_intent_reasoning PASSED  [ 79%]
tests/test_routing_fabric.py::test_legacy_route_intent_default PASSED    [ 79%]
tests/test_routing_fabric.py::test_route_request_fallback_no_catalog PASSED [ 79%]
tests/test_routing_fabric.py::test_route_request_complexity_slm_shortcircuit PASSED [ 79%]
tests/test_routing_fabric.py::test_route_request_complexity_frontier_shortcircuit PASSED [ 79%]
tests/test_routing_fabric.py::test_route_request_specialization_coding PASSED [ 79%]
tests/test_routing_fabric.py::test_route_request_specialization_visual PASSED [ 79%]
tests/test_routing_fabric.py::test_route_request_with_tier_walk_catalog PASSED [ 79%]
tests/test_routing_fabric.py::test_route_request_local_fallback PASSED   [ 79%]
tests/test_routing_fabric.py::test_route_request_openrouter_fallback PASSED [ 79%]
tests/test_routing_fabric.py::test_evidence_required_denial_missing_benchmark PASSED [ 79%]
tests/test_routing_fabric.py::test_evidence_required_denial_below_threshold PASSED [ 79%]
tests/test_routing_fabric.py::test_evidence_required_denial_passes_when_sufficient PASSED [ 79%]
tests/test_routing_fabric.py::test_evidence_required_denial_no_requirements_is_noop PASSED [ 79%]
tests/test_routing_fabric.py::test_is_model_allowed_empty_allowlist PASSED [ 79%]
tests/test_routing_fabric.py::test_is_model_allowed_exact_match PASSED   [ 79%]
tests/test_routing_fabric.py::test_is_model_allowed_cloud_suffix_normalized PASSED [ 79%]
tests/test_routing_fabric.py::test_is_model_allowed_case_insensitive PASSED [ 79%]
tests/test_routing_fabric.py::test_select_model_by_tier_first_reachable PASSED [ 79%]
tests/test_routing_fabric.py::test_select_model_by_tier_empty PASSED     [ 79%]
tests/test_routing_fabric.py::test_select_model_by_tier_cloud_preference PASSED [ 79%]
tests/test_routing_fabric.py::test_route_with_fallback_basic PASSED      [ 79%]
tests/test_routing_fabric.py::test_route_with_fallback_evidence_denial PASSED [ 79%]
tests/test_routing_fabric.py::TestNodeRegistry::test_node_registry_register PASSED [ 79%]
tests/test_routing_fabric.py::TestNodeRegistry::test_node_registry_unregister PASSED [ 79%]
tests/test_routing_fabric.py::TestNodeRegistry::test_node_registry_list_by_capability PASSED [ 79%]
tests/test_routing_fabric.py::TestNodeRegistry::test_node_registry_heartbeat PASSED [ 79%]
tests/test_routing_fabric.py::TestNodeRegistry::test_node_registry_mark_unhealthy PASSED [ 79%]
tests/test_routing_fabric.py::TestNodeRegistry::test_node_registry_thread_safety PASSED [ 79%]
tests/test_routing_fabric.py::TestCapabilityRouter::test_capability_router_find_capable_nodes PASSED [ 79%]
tests/test_routing_fabric.py::TestCapabilityRouter::test_capability_router_match_request PASSED [ 79%]
tests/test_routing_fabric.py::TestCapabilityRouter::test_capability_router_exclude_nodes PASSED [ 80%]
tests/test_routing_fabric.py::TestCapabilityRouter::test_capability_router_require_healthy PASSED [ 80%]
tests/test_routing_fabric.py::TestLoadBalancer::test_load_balancer_round_robin PASSED [ 80%]
tests/test_routing_fabric.py::TestLoadBalancer::test_load_balancer_least_loaded PASSED [ 80%]
tests/test_routing_fabric.py::TestLoadBalancer::test_load_balancer_set_strategy PASSED [ 80%]
tests/test_routing_fabric.py::TestFailover::test_failover_handle_failure PASSED [ 80%]
tests/test_routing_fabric.py::TestFailover::test_failover_recover_node PASSED [ 80%]
tests/test_routing_fabric.py::TestFailover::test_failover_max_retries PASSED [ 80%]
tests/test_routing_fabric.py::TestFailover::test_failover_node_failure_event PASSED [ 80%]
tests/test_routing_stress.py::TestRoutingStress::test_concurrent_routing_10_nodes PASSED [ 80%]
tests/test_routing_stress.py::TestRoutingStress::test_concurrent_routing_50_nodes PASSED [ 80%]
tests/test_routing_stress.py::TestRoutingStress::test_concurrent_routing_100_nodes PASSED [ 80%]
tests/test_routing_stress.py::TestRoutingStress::test_latency_distribution_small PASSED [ 80%]
tests/test_routing_stress.py::TestRoutingStress::test_latency_distribution_large PASSED [ 80%]
tests/test_routing_stress.py::TestRoutingStress::test_graceful_degradation_25pct PASSED [ 80%]
tests/test_routing_stress.py::TestRoutingStress::test_graceful_degradation_50pct PASSED [ 80%]
tests/test_routing_stress.py::TestRoutingStress::test_graceful_degradation_75pct PASSED [ 80%]
tests/test_routing_stress.py::TestRoutingStress::test_thundering_herd_recovery PASSED [ 80%]
tests/test_routing_stress.py::TestRoutingStress::test_partition_tolerance_basic PASSED [ 80%]
tests/test_routing_stress.py::TestRoutingStress::test_stress_report_generation PASSED [ 80%]
tests/test_routing_stress.py::TestRoutingEdgeCases::test_empty_registry PASSED [ 80%]
tests/test_routing_stress.py::TestRoutingEdgeCases::test_single_node_failure PASSED [ 80%]
tests/test_routing_stress.py::TestRoutingEdgeCases::test_capability_mismatch PASSED [ 80%]
tests/test_routing_stress.py::TestRoutingEdgeCases::test_race_condition_register_unregister PASSED [ 80%]
tests/test_routing_stress.py::TestRoutingEdgeCases::test_load_balancer_starvation PASSED [ 80%]
tests/test_routing_stress.py::TestRoutingEdgeCases::test_failover_cascade PASSED [ 80%]
tests/test_routing_stress.py::TestRoutingEdgeCases::test_health_check_flapping PASSED [ 80%]
tests/test_routing_stress.py::TestRoutingEdgeCases::test_run_all_edge_cases PASSED [ 80%]
tests/test_routing_stress.py::TestEnhancedLoadBalancer::test_weighted_round_robin PASSED [ 80%]
tests/test_routing_stress.py::TestEnhancedLoadBalancer::test_weighted_round_robin_fairness PASSED [ 80%]
tests/test_routing_stress.py::TestEnhancedLoadBalancer::test_least_connections_strategy PASSED [ 80%]
tests/test_routing_stress.py::TestEnhancedLoadBalancer::test_least_connections_fallback PASSED [ 80%]
tests/test_routing_stress.py::TestEnhancedLoadBalancer::test_resource_aware_routing PASSED [ 80%]
tests/test_routing_stress.py::TestEnhancedLoadBalancer::test_resource_aware_overloaded PASSED [ 80%]
tests/test_routing_stress.py::TestEnhancedFailover::test_circuit_breaker_opens PASSED [ 80%]
tests/test_routing_stress.py::TestEnhancedFailover::test_circuit_breaker_half_open PASSED [ 80%]
tests/test_routing_stress.py::TestEnhancedFailover::test_circuit_breaker_resets PASSED [ 80%]
tests/test_routing_stress.py::TestEnhancedFailover::test_circuit_breaker_half_open_failure_reopens PASSED [ 80%]
tests/test_routing_stress.py::TestEnhancedFailover::test_exponential_backoff_configurable PASSED [ 80%]
tests/test_routing_stress.py::TestEnhancedFailover::test_backoff_jitter PASSED [ 80%]
tests/test_routing_stress.py::TestEnhancedFailover::test_backoff_max_cap PASSED [ 80%]
tests/test_routing_stress.py::TestEnhancedFailover::test_circuit_breaker_integration_with_failover PASSED [ 80%]
tests/test_routing_stress.py::TestEnhancedFailover::test_circuit_breaker_state_reporting PASSED [ 80%]
tests/test_routing_stress.py::TestEnhancedFailover::test_failover_exponential_backoff_integration PASSED [ 80%]
tests/test_routing_stress.py::TestRouteEvidence::test_route_evidence_generated_on_distribute PASSED [ 80%]
tests/test_routing_stress.py::TestRouteEvidence::test_route_evidence_all_fields_populated PASSED [ 80%]
tests/test_routing_stress.py::TestRouteEvidence::test_route_evidence_hash_deterministic PASSED [ 80%]
tests/test_routing_stress.py::TestRouteEvidence::test_route_evidence_hash_changes_with_input PASSED [ 80%]
tests/test_routing_stress.py::TestRouteEvidence::test_route_evidence_verify_hash PASSED [ 80%]
tests/test_routing_stress.py::TestRouteEvidence::test_route_evidence_tamper_detection PASSED [ 81%]
tests/test_routing_stress.py::TestRouteEvidence::test_route_evidence_default_timestamp PASSED [ 81%]
tests/test_routing_stress.py::TestRouteEvidence::test_route_evidence_default_route_id PASSED [ 81%]
tests/test_routing_stress.py::TestRouteEvidence::test_route_evidence_unique_route_ids PASSED [ 81%]
tests/test_routing_stress.py::TestRouteEvidence::test_route_evidence_to_dict PASSED [ 81%]
tests/test_routing_stress.py::TestRouteEvidence::test_route_evidence_on_empty_registry PASSED [ 81%]
tests/test_routing_stress.py::TestRouteEvidence::test_distribute_with_evidence_returns_tuple PASSED [ 81%]
tests/test_routing_stress.py::TestFallbackDecision::test_fallback_decision_created PASSED [ 81%]
tests/test_routing_stress.py::TestFallbackDecision::test_fallback_decision_add_hop PASSED [ 81%]
tests/test_routing_stress.py::TestFallbackDecision::test_fallback_decision_hash_deterministic PASSED [ 81%]
tests/test_routing_stress.py::TestFallbackDecision::test_fallback_decision_verify_hash PASSED [ 81%]
tests/test_routing_stress.py::TestFallbackDecision::test_fallback_decision_tamper_detection PASSED [ 81%]
tests/test_routing_stress.py::TestFallbackDecision::test_fallback_decision_exhausted PASSED [ 81%]
tests/test_routing_stress.py::TestFallbackDecision::test_fallback_decision_to_dict PASSED [ 81%]
tests/test_routing_stress.py::TestFallbackDecision::test_failover_with_evidence_success PASSED [ 81%]
tests/test_routing_stress.py::TestFallbackDecision::test_failover_with_evidence_exhausted PASSED [ 81%]
tests/test_routing_stress.py::TestFallbackDecision::test_handle_failure_with_evidence PASSED [ 81%]
tests/test_routing_stress.py::TestFailClosed::test_threshold_none_accepts_empty PASSED [ 81%]
tests/test_routing_stress.py::TestFailClosed::test_threshold_minimal_rejects_empty_selected PASSED [ 81%]
tests/test_routing_stress.py::TestFailClosed::test_threshold_minimal_accepts_basic PASSED [ 81%]
tests/test_routing_stress.py::TestFailClosed::test_threshold_standard_rejects_missing_reason PASSED [ 81%]
tests/test_routing_stress.py::TestFailClosed::test_threshold_standard_rejects_missing_policy PASSED [ 81%]
tests/test_routing_stress.py::TestFailClosed::test_threshold_standard_accepts_full PASSED [ 81%]
tests/test_routing_stress.py::TestFailClosed::test_threshold_strict_rejects_missing_health PASSED [ 81%]
tests/test_routing_stress.py::TestFailClosed::test_threshold_strict_rejects_missing_capability PASSED [ 81%]
tests/test_routing_stress.py::TestFailClosed::test_threshold_strict_accepts_complete PASSED [ 81%]
tests/test_routing_stress.py::TestFailClosed::test_missing_for_threshold_returns_specific_fields PASSED [ 81%]
tests/test_routing_stress.py::TestFailClosed::test_threshold_from_string PASSED [ 81%]
tests/test_routing_stress.py::TestFailClosed::test_threshold_from_string_invalid PASSED [ 81%]
tests/test_routing_stress.py::TestFailClosed::test_evidence_level_returns_none_for_no_selection PASSED [ 81%]
tests/test_routing_stress.py::TestFailClosed::test_evidence_level_returns_minimal_for_basic PASSED [ 81%]
tests/test_routing_stress.py::TestFailClosed::test_evidence_level_returns_standard_with_reason_policy PASSED [ 81%]
tests/test_routing_stress.py::TestFailClosed::test_evidence_level_returns_strict_with_all PASSED [ 81%]
tests/test_routing_stress.py::TestFailClosed::test_distribute_with_fail_closed_standard PASSED [ 81%]
tests/test_routing_stress.py::TestFailClosed::test_fail_closed_distribute_on_empty_registry PASSED [ 81%]
tests/test_routing_stress.py::TestFailClosed::test_failover_manager_has_threshold PASSED [ 81%]
tests/test_routing_stress.py::TestFailClosed::test_failover_manager_set_threshold PASSED [ 81%]
tests/test_routing_stress.py::TestFailClosed::test_enforce_evidence_passes PASSED [ 81%]
tests/test_routing_stress.py::TestFailClosed::test_enforce_evidence_fails PASSED [ 81%]
tests/test_routing_stress.py::TestRouteTraceLedger::test_ledger_initialisation PASSED [ 81%]
tests/test_routing_stress.py::TestRouteTraceLedger::test_append_evidence PASSED [ 81%]
tests/test_routing_stress.py::TestRouteTraceLedger::test_append_fallback PASSED [ 81%]
tests/test_routing_stress.py::TestRouteTraceLedger::test_ledger_chain_linking PASSED [ 81%]
tests/test_routing_stress.py::TestRouteTraceLedger::test_verify_chain_intact PASSED [ 81%]
tests/test_routing_stress.py::TestRouteTraceLedger::test_verify_chain_detects_tamper PASSED [ 81%]
tests/test_routing_stress.py::TestRouteTraceLedger::test_verify_record PASSED [ 81%]
tests/test_routing_stress.py::TestRouteTraceLedger::test_query_by_route_id PASSED [ 81%]
tests/test_routing_stress.py::TestRouteTraceLedger::test_query_by_node_id PASSED [ 81%]
tests/test_routing_stress.py::TestRouteTraceLedger::test_query_by_policy PASSED [ 81%]
tests/test_routing_stress.py::TestRouteTraceLedger::test_query_by_time PASSED [ 81%]
tests/test_routing_stress.py::TestRouteTraceLedger::test_query_by_record_type PASSED [ 82%]
tests/test_routing_stress.py::TestRouteTraceLedger::test_export_json PASSED [ 82%]
tests/test_routing_stress.py::TestRouteTraceLedger::test_export_json_pretty PASSED [ 82%]
tests/test_routing_stress.py::TestRouteTraceLedger::test_export_file PASSED [ 82%]
tests/test_routing_stress.py::TestRouteTraceLedger::test_stats PASSED    [ 82%]
tests/test_routing_stress.py::TestRouteTraceLedger::test_clear PASSED    [ 82%]
tests/test_routing_stress.py::TestRouteTraceLedger::test_get_record PASSED [ 82%]
tests/test_routing_stress.py::TestRouteTraceLedger::test_sqlite_backend PASSED [ 82%]
tests/test_routing_stress.py::TestRouteTraceLedger::test_file_backend PASSED [ 82%]
tests/test_routing_stress.py::TestRouteTraceLedger::test_ledger_query_empty PASSED [ 82%]
tests/test_routing_stress.py::TestRouteTraceLedger::test_query_by_node_finds_fallback_chain PASSED [ 82%]
tests/test_routing_stress.py::TestRouteTraceLedger::test_hash_determinism_across_instances PASSED [ 82%]
tests/test_routing_stress.py::TestEvidenceEdgeCases::test_empty_candidate_pool_evidence PASSED [ 82%]
tests/test_routing_stress.py::TestEvidenceEdgeCases::test_all_nodes_unhealthy_evidence PASSED [ 82%]
tests/test_routing_stress.py::TestEvidenceEdgeCases::test_rapid_evidence_generation PASSED [ 82%]
tests/test_routing_stress.py::TestEvidenceEdgeCases::test_governance_trust_states_in_evidence PASSED [ 82%]
tests/test_routing_stress.py::TestEvidenceEdgeCases::test_ledger_large_volume PASSED [ 82%]
tests/test_routing_stress.py::TestEvidenceEdgeCases::test_single_node_routing_evidence PASSED [ 82%]
tests/test_routing_stress.py::TestEvidenceEdgeCases::test_weighted_round_robin_evidence PASSED [ 82%]
tests/test_routing_stress.py::TestEvidenceEdgeCases::test_least_connections_evidence PASSED [ 82%]
tests/test_routing_stress.py::TestEvidenceEdgeCases::test_resource_aware_evidence PASSED [ 82%]
tests/test_routing_stress.py::TestEvidenceEdgeCases::test_evidence_survives_strategy_change PASSED [ 82%]
tests/test_routing_stress.py::TestEvidenceEdgeCases::test_edge_case_evidence_threshold_in_run_all PASSED [ 82%]
tests/test_routing_stress.py::TestEvidenceEdgeCases::test_run_all_edge_cases_now_8 PASSED [ 82%]
tests/test_runtime_memory_context.py::test_delegate_includes_memory_context_from_custom_retriever PASSED [ 82%]
tests/test_runtime_memory_context.py::test_route_uses_explicit_context_query_when_present PASSED [ 82%]
tests/test_runtime_memory_context.py::test_delegate_memory_lookup_failure_fails_open PASSED [ 82%]
tests/test_runtime_memory_context.py::test_delegate_can_use_default_rag_memory_when_enabled PASSED [ 82%]
tests/test_runtime_memory_context.py::test_glyph_delegate_host_name_normalizes_to_runtime_delegate PASSED [ 82%]
tests/test_secret_management.py::TestEncryptDecrypt::test_round_trip PASSED [ 82%]
tests/test_secret_management.py::TestEncryptDecrypt::test_different_master_keys_produce_different_ciphertexts PASSED [ 82%]
tests/test_secret_management.py::TestEncryptDecrypt::test_decrypt_with_wrong_key_fails PASSED [ 82%]
tests/test_secret_management.py::TestEncryptDecrypt::test_no_master_key_raises_error PASSED [ 82%]
tests/test_secret_management.py::TestEncryptDecrypt::test_ciphertext_is_different_each_time PASSED [ 82%]
tests/test_secret_management.py::TestSecretCapsule::test_add_and_decrypt PASSED [ 82%]
tests/test_secret_management.py::TestSecretCapsule::test_count_and_names PASSED [ 82%]
tests/test_secret_management.py::TestSecretCapsule::test_contains PASSED [ 82%]
tests/test_secret_management.py::TestSecretCapsule::test_get_hash PASSED [ 82%]
tests/test_secret_management.py::TestSecretCapsule::test_decrypt_nonexistent_raises PASSED [ 82%]
tests/test_secret_management.py::TestSecretCapsule::test_get_hash_nonexistent_raises PASSED [ 82%]
tests/test_secret_management.py::TestAutoRedaction::test_repr_does_not_leak_plaintext PASSED [ 82%]
tests/test_secret_management.py::TestAutoRedaction::test_str_does_not_leak_plaintext PASSED [ 82%]
tests/test_secret_management.py::TestAutoRedaction::test_to_dict_does_not_leak_plaintext PASSED [ 82%]
tests/test_secret_management.py::TestAutoRedaction::test_merkle_metadata_safe PASSED [ 82%]
tests/test_secret_management.py::TestSerialization::test_round_trip PASSED [ 82%]
tests/test_secret_management.py::TestSerialization::test_json_serializable PASSED [ 82%]
tests/test_secret_management.py::TestGlyphParsing::test_parse_with_value PASSED [ 82%]
tests/test_secret_management.py::TestGlyphParsing::test_parse_without_value PASSED [ 82%]
tests/test_secret_management.py::TestGlyphParsing::test_parse_multiple PASSED [ 82%]
tests/test_secret_management.py::TestGlyphParsing::test_parse_empty PASSED [ 83%]
tests/test_secret_management.py::TestGlyphParsing::test_case_insensitive PASSED [ 83%]
tests/test_secret_management.py::TestGlyphParsing::test_spacing_variations PASSED [ 83%]
tests/test_secret_management.py::TestFromGlyphs::test_from_glyphs_with_explicit_values PASSED [ 83%]
tests/test_secret_management.py::TestFromGlyphs::test_from_glyphs_from_env PASSED [ 83%]
tests/test_secret_management.py::TestFromGlyphs::test_from_glyphs_missing_env_raises PASSED [ 83%]
tests/test_secret_management.py::TestFromGlyphs::test_from_glyphs_empty_text PASSED [ 83%]
tests/test_secret_management.py::TestCrossCapsuleSecurity::test_different_capsules_with_same_master_key PASSED [ 83%]
tests/test_secret_management.py::TestCrossCapsuleSecurity::test_different_master_keys PASSED [ 83%]
tests/test_secret_management.py::TestComputeSecretHash::test_same_ciphertext_same_hash PASSED [ 83%]
tests/test_secret_management.py::TestComputeSecretHash::test_different_ciphertext_different_hash PASSED [ 83%]
tests/test_secret_management.py::TestComputeSecretHash::test_hash_is_64_hex_chars PASSED [ 83%]
tests/test_secret_management.py::TestGovernedLatentInferWithSecrets::test_secrets_are_redacted_from_trace_output PASSED [ 83%]
tests/test_security.py::TestHomoglyphBypass::test_cyrillic_c_for_s_bypass_blocked PASSED [ 83%]
tests/test_security.py::TestHomoglyphBypass::test_cyrillic_multi_char_bypass_blocked PASSED [ 83%]
tests/test_security.py::TestHomoglyphBypass::test_cyrillic_full_word_csam_blocked PASSED [ 83%]
tests/test_security.py::TestHomoglyphBypass::test_greek_sigma_for_s_blocked PASSED [ 83%]
tests/test_security.py::TestHomoglyphBypass::test_greek_omicron_in_harm_blocked PASSED [ 83%]
tests/test_security.py::TestHomoglyphBypass::test_clean_source_no_violation PASSED [ 83%]
tests/test_security.py::TestHomoglyphBypass::test_word_sexual_in_research_context_detected PASSED [ 83%]
tests/test_security.py::TestHomoglyphBypass::test_skeleton_function_cyrillic PASSED [ 83%]
tests/test_security.py::TestHomoglyphBypass::test_skeleton_function_greek PASSED [ 83%]
tests/test_security.py::TestHomoglyphBypass::test_skeleton_pure_ascii_unchanged PASSED [ 83%]
tests/test_security.py::TestHomoglyphBypass::test_cyrillic_does_not_bypass_c1_lethal PASSED [ 83%]
tests/test_security.py::TestSSRFProtection::test_aws_imds_blocked PASSED [ 83%]
tests/test_security.py::TestSSRFProtection::test_aws_imds_credentials_blocked PASSED [ 83%]
tests/test_security.py::TestSSRFProtection::test_gcp_metadata_blocked PASSED [ 83%]
tests/test_security.py::TestSSRFProtection::test_loopback_ipv4_blocked PASSED [ 83%]
tests/test_security.py::TestSSRFProtection::test_loopback_localhost_not_allowed_over_http PASSED [ 83%]
tests/test_security.py::TestSSRFProtection::test_private_class_a_blocked PASSED [ 83%]
tests/test_security.py::TestSSRFProtection::test_private_class_b_blocked PASSED [ 83%]
tests/test_security.py::TestSSRFProtection::test_private_class_c_blocked PASSED [ 83%]
tests/test_security.py::TestSSRFProtection::test_file_scheme_blocked PASSED [ 83%]
tests/test_security.py::TestSSRFProtection::test_file_scheme_windows_blocked PASSED [ 83%]
tests/test_security.py::TestSSRFProtection::test_ftp_scheme_blocked PASSED [ 83%]
tests/test_security.py::TestSSRFProtection::test_gopher_scheme_blocked PASSED [ 83%]
tests/test_security.py::TestSSRFProtection::test_data_scheme_blocked PASSED [ 83%]
tests/test_security.py::TestSSRFProtection::test_public_https_allowed PASSED [ 83%]
tests/test_security.py::TestSSRFProtection::test_public_http_allowed PASSED [ 83%]
tests/test_security.py::TestSSRFProtection::test_github_api_allowed PASSED [ 83%]
tests/test_security.py::TestSSRFProtection::test_openai_api_allowed PASSED [ 83%]
tests/test_security.py::TestSSRFProtection::test_weather_api_allowed PASSED [ 83%]
tests/test_security.py::TestSysEnvBlocklist::test_openai_key_blocked PASSED [ 83%]
tests/test_security.py::TestSysEnvBlocklist::test_anthropic_key_blocked PASSED [ 83%]
tests/test_security.py::TestSysEnvBlocklist::test_github_token_blocked PASSED [ 83%]
tests/test_security.py::TestSysEnvBlocklist::test_aws_access_key_blocked PASSED [ 83%]
tests/test_security.py::TestSysEnvBlocklist::test_aws_secret_blocked PASSED [ 83%]
tests/test_security.py::TestSysEnvBlocklist::test_hlf_strict_blocked PASSED [ 83%]
tests/test_security.py::TestSysEnvBlocklist::test_valkey_url_blocked PASSED [ 83%]
tests/test_security.py::TestSysEnvBlocklist::test_database_url_blocked PASSED [ 84%]
tests/test_security.py::TestSysEnvBlocklist::test_non_secret_allowed PASSED [ 84%]
tests/test_security.py::TestSysEnvBlocklist::test_missing_var_returns_empty_string PASSED [ 84%]
tests/test_security.py::TestSysEnvBlocklist::test_permission_error_propagates_not_swallowed PASSED [ 84%]
tests/test_security.py::TestACFSPathTraversal::test_dotdot_escape_blocked PASSED [ 84%]
tests/test_security.py::TestACFSPathTraversal::test_absolute_path_blocked PASSED [ 84%]
tests/test_security.py::TestACFSPathTraversal::test_windows_absolute_blocked PASSED [ 84%]
tests/test_security.py::TestACFSPathTraversal::test_null_byte_injection_blocked PASSED [ 84%]
tests/test_security.py::TestGasDos::test_large_program_compiles_but_gas_estimated PASSED [ 84%]
tests/test_security.py::TestGasDos::test_cache_key_is_content_addressed PASSED [ 84%]
tests/test_security.py::TestGasDos::test_distinct_sources_get_distinct_cache_entries PASSED [ 84%]
tests/test_server_enterprise.py::TestAuth::test_no_token_configured_allows_all PASSED [ 84%]
tests/test_server_enterprise.py::TestAuth::test_valid_token_accepted PASSED [ 84%]
tests/test_server_enterprise.py::TestAuth::test_invalid_token_rejected PASSED [ 84%]
tests/test_server_enterprise.py::TestAuth::test_bearer_prefix_handling PASSED [ 84%]
tests/test_server_enterprise.py::TestAuth::test_empty_token_rejected PASSED [ 84%]
tests/test_server_enterprise.py::TestAuth::test_token_case_sensitive PASSED [ 84%]
tests/test_server_enterprise.py::TestAuthModuleStructure::test_module_exports_verify_token PASSED [ 84%]
tests/test_server_enterprise.py::TestAuthModuleStructure::test_module_exports_auth_middleware PASSED [ 84%]
tests/test_server_enterprise.py::TestAuthModuleStructure::test_module_exports_hlf_api_token PASSED [ 84%]
tests/test_server_enterprise.py::TestAuthMiddlewareCreation::test_middleware_class_is_created PASSED [ 84%]
tests/test_server_enterprise.py::TestAuthMiddlewareCreation::test_middleware_can_be_instantiated PASSED [ 84%]
tests/test_server_enterprise.py::TestAuthMiddlewareCreation::test_auth_middleware_stdio_is_noop PASSED [ 84%]
tests/test_server_enterprise.py::TestEnterpriseToolsRegistered::test_evidence_tools_registered PASSED [ 84%]
tests/test_server_enterprise.py::TestEnterpriseToolsRegistered::test_merkle_tools_registered PASSED [ 84%]
tests/test_server_enterprise.py::TestEnterpriseToolsRegistered::test_secret_tools_registered PASSED [ 84%]
tests/test_server_enterprise.py::TestEnterpriseToolsRegistered::test_ab_test_tools_registered PASSED [ 84%]
tests/test_server_enterprise.py::TestEnterpriseToolsRegistered::test_load_test_tools_registered PASSED [ 84%]
tests/test_server_enterprise.py::TestEnterpriseToolsRegistered::test_hitl_tools_registered PASSED [ 84%]
tests/test_server_enterprise.py::TestEnterpriseToolsRegistered::test_model_version_tools_registered PASSED [ 84%]
tests/test_server_enterprise.py::TestEnterpriseToolsRegistered::test_chaos_tools_registered PASSED [ 84%]
tests/test_server_enterprise.py::TestEnterpriseToolsRegistered::test_all_enterprise_docstrings_non_empty PASSED [ 84%]
tests/test_server_enterprise.py::TestEnterpriseToolsRegistered::test_all_enterprise_tools_are_callable PASSED [ 84%]
tests/test_server_enterprise.py::TestEnterpriseToolsRegistered::test_enterprise_tool_count PASSED [ 84%]
tests/test_server_enterprise.py::TestEnterpriseToolsBehavior::test_evidence_show_nonexistent_returns_not_found PASSED [ 84%]
tests/test_server_enterprise.py::TestEnterpriseToolsBehavior::test_evidence_list_returns_structured PASSED [ 84%]
tests/test_server_enterprise.py::TestEnterpriseToolsBehavior::test_evidence_verify_nonexistent_returns_not_found PASSED [ 84%]
tests/test_server_enterprise.py::TestEnterpriseToolsBehavior::test_chaos_status_returns_ok PASSED [ 84%]
tests/test_server_enterprise.py::TestEnterpriseToolsBehavior::test_load_test_status_returns_ok PASSED [ 84%]
tests/test_server_enterprise.py::TestEnterpriseToolsBehavior::test_ab_test_list_returns_structured PASSED [ 84%]
tests/test_server_enterprise.py::TestEnterpriseToolsBehavior::test_ab_test_define_invalid_domain_returns_error PASSED [ 84%]
tests/test_server_enterprise.py::TestEnterpriseToolsBehavior::test_ab_test_show_nonexistent_returns_error PASSED [ 84%]
tests/test_server_enterprise.py::TestEnterpriseToolsBehavior::test_hitl_list_returns_structured PASSED [ 84%]
tests/test_server_enterprise.py::TestEnterpriseToolsBehavior::test_hitl_approve_nonexistent_returns_not_found PASSED [ 84%]
tests/test_server_enterprise.py::TestEnterpriseToolsBehavior::test_merkle_export_requires_master_key PASSED [ 84%]
tests/test_server_enterprise.py::TestEnterpriseToolsBehavior::test_merkle_chain_status_returns_structured PASSED [ 84%]
tests/test_server_enterprise.py::TestEnterpriseToolsBehavior::test_load_test_run_returns_structured PASSED [ 84%]
tests/test_server_enterprise.py::TestSecretTools::test_secret_store_and_retrieve PASSED [ 84%]
tests/test_server_enterprise.py::TestSecretTools::test_secret_retrieve_nonexistent PASSED [ 84%]
tests/test_server_enterprise.py::TestSecretTools::test_secret_rotate PASSED [ 84%]
tests/test_server_enterprise.py::TestSecretTools::test_secret_rotate_nonexistent PASSED [ 85%]
tests/test_server_enterprise.py::TestAgentOnboarding::test_onboarding_doc_exists PASSED [ 85%]
tests/test_server_enterprise.py::TestAgentOnboarding::test_onboarding_mentions_enterprise_tools PASSED [ 85%]
tests/test_server_enterprise.py::TestAgentOnboarding::test_onboarding_mentions_auth PASSED [ 85%]
tests/test_server_enterprise.py::TestAgentOnboarding::test_onboarding_mentions_hitl PASSED [ 85%]
tests/test_server_enterprise.py::TestAgentOnboarding::test_onboarding_mentions_evidence PASSED [ 85%]
tests/test_server_enterprise.py::TestAgentOnboarding::test_onboarding_mentions_merkle PASSED [ 85%]
tests/test_server_enterprise.py::TestAgentOnboarding::test_onboarding_mentions_secrets PASSED [ 85%]
tests/test_server_enterprise.py::TestAgentOnboarding::test_onboarding_mentions_ab_test PASSED [ 85%]
tests/test_server_enterprise.py::TestAgentOnboarding::test_onboarding_mentions_load_test PASSED [ 85%]
tests/test_server_enterprise.py::TestAgentOnboarding::test_onboarding_mentions_chaos PASSED [ 85%]
tests/test_server_enterprise.py::TestAgentOnboarding::test_onboarding_mentions_274_tests PASSED [ 85%]
tests/test_server_enterprise.py::TestAgentOnboarding::test_onboarding_mentions_transport_auth PASSED [ 85%]
tests/test_server_enterprise.py::TestServerIntegration::test_server_imports_enterprise_module PASSED [ 85%]
tests/test_server_enterprise.py::TestServerIntegration::test_server_imports_auth_module PASSED [ 85%]
tests/test_server_enterprise.py::TestServerIntegration::test_enterprise_tools_in_registered_dict PASSED [ 85%]
tests/test_server_enterprise.py::TestServerIntegration::test_auth_middleware_called_before_stdio PASSED [ 85%]
tests/test_server_enterprise.py::TestServerIntegration::test_enterprise_registration_after_handoff PASSED [ 85%]
tests/test_server_enterprise.py::TestModelVersionTool::test_model_version_check_with_empty_manifest PASSED [ 85%]
tests/test_server_enterprise.py::TestModelVersionTool::test_model_version_check_no_live_data PASSED [ 85%]
tests/test_server_native.py::TestHashTrace::test_hash_trace_is_hex_32 PASSED [ 85%]
tests/test_server_native.py::TestHashTrace::test_hash_trace_changes_with_source PASSED [ 85%]
tests/test_server_native.py::TestHashTrace::test_hash_trace_changes_with_label PASSED [ 85%]
tests/test_server_native.py::TestTranslateFallback::test_translate_uses_ctx_first PASSED [ 85%]
tests/test_server_native.py::TestTranslateFallback::test_translate_fallback_on_error PASSED [ 85%]
tests/test_server_native.py::TestHlfNativeSpeak::test_valid_hlf_returns_ok PASSED [ 85%]
tests/test_server_native.py::TestHlfNativeSpeak::test_invalid_hlf_strict_rejects PASSED [ 85%]
tests/test_server_native.py::TestHlfNativeSpeak::test_invalid_hlf_auto_repair PASSED [ 85%]
tests/test_server_native.py::TestHlfNativeSpeak::test_returns_natural_language PASSED [ 85%]
tests/test_server_native.py::TestHlfNativeSpeak::test_corrections_list_present PASSED [ 85%]
tests/test_server_native.py::TestHlfValidateOutput::test_valid_output_passes PASSED [ 85%]
tests/test_server_native.py::TestHlfValidateOutput::test_missing_tag_fails PASSED [ 85%]
tests/test_server_native.py::TestHlfValidateOutput::test_missing_omega_fails PASSED [ 85%]
tests/test_server_native.py::TestHlfValidateOutput::test_empty_output_fails PASSED [ 85%]
tests/test_server_native.py::TestHlfValidateOutput::test_gas_check_passes PASSED [ 85%]
tests/test_server_native.py::TestHlfCodeExecute::test_compile_error PASSED [ 85%]
tests/test_server_native.py::TestHlfCodeExecute::test_valid_hlf_executes PASSED [ 85%]
tests/test_server_native.py::TestHlfCodeExecute::test_dry_run_does_not_execute PASSED [ 85%]
tests/test_server_native.py::TestHlfCodeExecute::test_gas_limit_enforced PASSED [ 85%]
tests/test_server_native.py::TestHlfCodeExecute::test_trace_present PASSED [ 85%]
tests/test_server_native.py::TestHlfCodeExecute::test_returns_hlf_result_block PASSED [ 85%]
tests/test_session_auth.py::test_valid_token_allows_authorized_effects PASSED [ 85%]
tests/test_session_auth.py::test_expired_token_is_rejected PASSED        [ 85%]
tests/test_session_auth.py::test_revoked_session_is_rejected PASSED      [ 85%]
tests/test_session_auth.py::test_child_session_inherits_parent_tier PASSED [ 85%]
tests/test_session_auth.py::test_child_cannot_escalate_effects PASSED    [ 85%]
tests/test_session_auth.py::test_child_cannot_escalate_tier PASSED       [ 85%]
tests/test_session_auth.py::test_wildcard_parent_allows_any_child_effects PASSED [ 85%]
tests/test_session_auth.py::test_malformed_token_rejected PASSED         [ 85%]
tests/test_session_auth.py::test_tampered_payload_rejected PASSED        [ 86%]
tests/test_session_auth.py::test_revoke_idempotent PASSED                [ 86%]
tests/test_session_auth.py::test_clear_revocations PASSED                [ 86%]
tests/test_spine_proof.py::test_spine_proof_has_all_required_top_level_keys PASSED [ 86%]
tests/test_spine_proof.py::test_spine_proof_phases_contain_all_required_phases PASSED [ 86%]
tests/test_spine_proof.py::test_spine_proof_linkage_matches_phases PASSED [ 86%]
tests/test_spine_proof.py::test_spine_proof_hash_chain_is_verifiable PASSED [ 86%]
tests/test_spine_proof.py::test_trust_chain_summary_has_required_fields PASSED [ 86%]
tests/test_spine_proof.py::test_trust_chain_summary_phases_list_correct PASSED [ 86%]
tests/test_spine_proof.py::test_spine_proof_detects_tampered_intent PASSED [ 86%]
tests/test_spine_proof.py::test_spine_proof_detects_tampered_phase_payload PASSED [ 86%]
tests/test_spine_proof.py::test_spine_proof_detects_tampered_chain_event PASSED [ 86%]
tests/test_spine_proof.py::test_spine_proof_detects_missing_phase PASSED [ 86%]
tests/test_spine_proof.py::test_spine_proof_boundary_declares_no_signature PASSED [ 86%]
tests/test_spine_proof.py::test_operator_summary_does_not_overclaim PASSED [ 86%]
tests/test_spine_proof.py::test_render_spine_markdown_contains_all_sections PASSED [ 86%]
tests/test_spine_proof.py::test_render_spine_markdown_includes_chain_head PASSED [ 86%]
tests/test_spine_proof.py::test_render_spine_markdown_failed_verification PASSED [ 86%]
tests/test_spine_proof.py::test_build_verify_render_roundtrip PASSED     [ 86%]
tests/test_spine_proof.py::test_spine_proof_version_is_declared PASSED   [ 86%]
tests/test_spine_proof.py::test_bridge_lane_is_explicit PASSED           [ 86%]
tests/test_stale_supersession_lifecycle.py::TestStaleDetectionViaFreshUntil::test_future_fresh_until_is_fresh PASSED [ 86%]
tests/test_stale_supersession_lifecycle.py::TestStaleDetectionViaFreshUntil::test_past_fresh_until_is_stale PASSED [ 86%]
tests/test_stale_supersession_lifecycle.py::TestStaleDetectionViaFreshUntil::test_none_fresh_until_is_fresh PASSED [ 86%]
tests/test_stale_supersession_lifecycle.py::TestStaleDetectionViaFreshUntil::test_empty_fresh_until_is_fresh PASSED [ 86%]
tests/test_stale_supersession_lifecycle.py::TestStaleDetectionViaFreshUntil::test_malformed_fresh_until_graceful PASSED [ 86%]
tests/test_stale_supersession_lifecycle.py::TestNormalizeRoundTrip::test_round_trip_clean_contract PASSED [ 86%]
tests/test_stale_supersession_lifecycle.py::TestNormalizeRoundTrip::test_round_trip_rag_style_dict PASSED [ 86%]
tests/test_stale_supersession_lifecycle.py::TestNormalizeRoundTrip::test_normalize_minimal_dict PASSED [ 86%]
tests/test_stale_supersession_lifecycle.py::TestSupersessionChainEndToEnd::test_three_gen_chain FAILED [ 86%]
tests/test_stale_supersession_lifecycle.py::TestSupersessionChainEndToEnd::test_five_gen_chain FAILED [ 86%]
tests/test_stale_supersession_lifecycle.py::TestSupersessionChainEndToEnd::test_mid_chain_start FAILED [ 86%]
tests/test_stale_supersession_lifecycle.py::TestSupersessionChainEndToEnd::test_single_entry_no_supersession FAILED [ 86%]
tests/test_stale_supersession_lifecycle.py::TestSupersessionChainEndToEnd::test_cycle_detection FAILED [ 86%]
tests/test_stale_supersession_lifecycle.py::TestStaleArtifactSupersessionLifecycle::test_fresh_artifact_passes_execution_admission PASSED [ 86%]
tests/test_stale_supersession_lifecycle.py::TestStaleArtifactSupersessionLifecycle::test_stale_artifact_rejected_by_execution_admission PASSED [ 86%]
tests/test_stale_supersession_lifecycle.py::TestStaleArtifactSupersessionLifecycle::test_superseded_artifact_rejected_by_execution_admission PASSED [ 86%]
tests/test_stale_supersession_lifecycle.py::TestStaleArtifactSupersessionLifecycle::test_stale_admitted_for_benchmark PASSED [ 86%]
tests/test_stale_supersession_lifecycle.py::TestStaleArtifactSupersessionLifecycle::test_full_lifecycle_store_supersede_verify FAILED [ 86%]
tests/test_stale_supersession_lifecycle.py::TestStaleArtifactSupersessionLifecycle::test_stale_artifact_excluded_from_default_retrieval_pattern FAILED [ 86%]
tests/test_stale_supersession_lifecycle.py::TestStaleArtifactSupersessionLifecycle::test_content_hash_tampered_always_rejected PASSED [ 86%]
tests/test_stale_supersession_lifecycle.py::TestEvidenceContractNormalizedLifecycle::test_normalize_preserves_supersession_fields FAILED [ 86%]
tests/test_stale_supersession_lifecycle.py::TestEvidenceContractNormalizedLifecycle::test_normalize_handles_stale_freshness_status PASSED [ 86%]
tests/test_stale_supersession_lifecycle.py::TestEvidenceContractNormalizedLifecycle::test_normalize_round_trips_superseded_then_check PASSED [ 86%]
tests/test_stdlib.py::test_stdlib_module_inventory_matches_packaged_surface PASSED [ 86%]
tests/test_stdlib.py::test_stdlib_modules_are_importable[agent] PASSED   [ 86%]
tests/test_stdlib.py::test_stdlib_modules_are_importable[collections_mod] PASSED [ 86%]
tests/test_stdlib.py::test_stdlib_modules_are_importable[crypto_mod] PASSED [ 86%]
tests/test_stdlib.py::test_stdlib_modules_are_importable[io_mod] PASSED  [ 86%]
tests/test_stdlib.py::test_stdlib_modules_are_importable[math_mod] PASSED [ 87%]
tests/test_stdlib.py::test_stdlib_modules_are_importable[net_mod] PASSED [ 87%]
tests/test_stdlib.py::test_stdlib_modules_are_importable[string_mod] PASSED [ 87%]
tests/test_stdlib.py::test_stdlib_modules_are_importable[system_mod] PASSED [ 87%]
tests/test_stdlib.py::test_math_and_string_modules_expose_expected_behavior PASSED [ 87%]
tests/test_stdlib.py::test_crypto_module_supports_hash_sign_and_encrypt_roundtrip PASSED [ 87%]
tests/test_stdlib.py::test_io_module_rejects_paths_outside_acfs_roots PASSED [ 87%]
tests/test_stdlib.py::test_io_path_helpers_are_available PASSED          [ 87%]
tests/test_stdlib.py::test_net_module_blocks_ssrf_targets_and_encodes_queries PASSED [ 87%]
tests/test_stdlib.py::test_system_module_reports_basic_runtime_state PASSED [ 87%]
tests/test_structured_outputs.py::TestSchemaDefinition::test_schema_creation PASSED [ 87%]
tests/test_structured_outputs.py::TestSchemaDefinition::test_schema_to_dict PASSED [ 87%]
tests/test_structured_outputs.py::TestSchemaDefinition::test_schema_examples_default_empty PASSED [ 87%]
tests/test_structured_outputs.py::TestStructuredOutput::test_valid_output PASSED [ 87%]
tests/test_structured_outputs.py::TestStructuredOutput::test_invalid_output PASSED [ 87%]
tests/test_structured_outputs.py::TestStructuredOutput::test_to_dict PASSED [ 87%]
tests/test_structured_outputs.py::TestBatchStructuredOutput::test_batch_basic PASSED [ 87%]
tests/test_structured_outputs.py::TestBatchStructuredOutput::test_batch_all_valid PASSED [ 87%]
tests/test_structured_outputs.py::TestBatchStructuredOutput::test_batch_empty PASSED [ 87%]
tests/test_structured_outputs.py::TestBatchStructuredOutput::test_batch_to_dict PASSED [ 87%]
tests/test_structured_outputs.py::TestStructuredOutputGenerator::test_register_schema PASSED [ 87%]
tests/test_structured_outputs.py::TestStructuredOutputGenerator::test_register_duplicate_raises PASSED [ 87%]
tests/test_structured_outputs.py::TestStructuredOutputGenerator::test_get_schema_exists PASSED [ 87%]
tests/test_structured_outputs.py::TestStructuredOutputGenerator::test_get_schema_missing PASSED [ 87%]
tests/test_structured_outputs.py::TestStructuredOutputGenerator::test_list_schemas_includes_standard PASSED [ 87%]
tests/test_structured_outputs.py::TestStructuredOutputGenerator::test_generate_raises_for_unknown_schema PASSED [ 87%]
tests/test_structured_outputs.py::TestStructuredOutputGenerator::test_validate_missing_required_field PASSED [ 87%]
tests/test_structured_outputs.py::TestStructuredOutputGenerator::test_validate_null_required_field PASSED [ 87%]
tests/test_structured_outputs.py::TestStructuredOutputGenerator::test_validate_wrong_type PASSED [ 87%]
tests/test_structured_outputs.py::TestStructuredOutputGenerator::test_validate_int_as_float_ok PASSED [ 87%]
tests/test_structured_outputs.py::TestStructuredOutputGenerator::test_validate_all_passes PASSED [ 87%]
tests/test_structured_outputs.py::TestStructuredOutputGenerator::test_validate_extra_fields_ok PASSED [ 87%]
tests/test_structured_outputs.py::TestStructuredOutputGenerator::test_extract_json_direct PASSED [ 87%]
tests/test_structured_outputs.py::TestStructuredOutputGenerator::test_extract_json_markdown_block PASSED [ 87%]
tests/test_structured_outputs.py::TestStructuredOutputGenerator::test_extract_json_plain_markdown_block PASSED [ 87%]
tests/test_structured_outputs.py::TestStructuredOutputGenerator::test_extract_json_nested_in_text PASSED [ 87%]
tests/test_structured_outputs.py::TestStructuredOutputGenerator::test_extract_json_nested_braces PASSED [ 87%]
tests/test_structured_outputs.py::TestStructuredOutputGenerator::test_extract_json_array PASSED [ 87%]
tests/test_structured_outputs.py::TestStructuredOutputGenerator::test_extract_json_invalid PASSED [ 87%]
tests/test_structured_outputs.py::TestStandardSchemas::test_security_audit_schema PASSED [ 87%]
tests/test_structured_outputs.py::TestStandardSchemas::test_code_review_schema PASSED [ 87%]
tests/test_structured_outputs.py::TestStandardSchemas::test_classification_schema PASSED [ 87%]
tests/test_structured_outputs.py::TestConvenienceFunctions::test_get_generator_returns_instance PASSED [ 87%]
tests/test_structured_outputs.py::TestConvenienceFunctions::test_get_generator_is_singleton PASSED [ 87%]
tests/test_swarm.py::TestThreeAgentSwarm::test_run_produces_result PASSED [ 87%]
tests/test_swarm.py::TestThreeAgentSwarm::test_phases_in_order FAILED    [ 87%]
tests/test_swarm.py::TestThreeAgentSwarm::test_phases_are_complete PASSED [ 87%]
tests/test_swarm.py::TestThreeAgentSwarm::test_final_hlf_has_terminator PASSED [ 87%]
tests/test_swarm.py::TestThreeAgentSwarm::test_total_tokens_positive PASSED [ 87%]
tests/test_swarm.py::TestThreeAgentSwarm::test_total_time_positive PASSED [ 87%]
tests/test_swarm.py::TestGovernanceIntegration::test_trust_scores_in_metrics PASSED [ 88%]
tests/test_swarm.py::TestGovernanceIntegration::test_trust_scores_tracked_per_agent PASSED [ 88%]
tests/test_swarm.py::TestVerifierIntegration::test_verification_results_nonempty PASSED [ 88%]
tests/test_swarm.py::TestVerifierIntegration::test_verifier_accepts_raw_hlf PASSED [ 88%]
tests/test_swarm.py::TestObserverEvents::test_progress_events_emitted PASSED [ 88%]
tests/test_swarm.py::TestObserverEvents::test_events_have_required_fields PASSED [ 88%]
tests/test_swarm.py::TestObserverEvents::test_events_filtered_by_swarm PASSED [ 88%]
tests/test_swarm.py::TestFiveAgentSwarm::test_run_5_agent_produces_result PASSED [ 88%]
tests/test_swarm.py::TestFiveAgentSwarm::test_5_agent_phases_in_order PASSED [ 88%]
tests/test_swarm.py::TestErrorHandling::test_empty_goal_handles_gracefully PASSED [ 88%]
tests/test_swarm.py::TestErrorHandling::test_very_long_goal PASSED       [ 88%]
tests/test_swarm_consensus.py::test_propose_and_vote PASSED              [ 88%]
tests/test_swarm_consensus.py::test_supermajority PASSED                 [ 88%]
tests/test_swarm_consensus.py::test_unanimous PASSED                     [ 88%]
tests/test_swarm_consensus.py::test_designated_approver PASSED           [ 88%]
tests/test_swarm_consensus.py::test_delegation_lifecycle PASSED          [ 88%]
tests/test_swarm_consensus.py::test_dissent_recording PASSED             [ 88%]
tests/test_swarm_consensus.py::test_ledger_summary PASSED                [ 88%]
tests/test_swarm_consensus.py::test_merkle_chain_integrity PASSED        [ 88%]
tests/test_swarm_consensus.py::test_vote_replacement PASSED              [ 88%]
tests/test_swarm_mechanics.py::test_swarm_mechanics_materializes_first_class_hlf_artifacts PASSED [ 88%]
tests/test_swarm_mechanics.py::test_hlf_swarm_mechanics_tool_accepts_raw_hlf_handoff_and_persists_resource PASSED [ 88%]
tests/test_swarm_mechanics.py::test_swarm_handoff_declares_local_boundary_and_mechanics_compatibility PASSED [ 88%]
tests/test_swarm_vm_execution.py::TestSwarmVMExecution::test_swarm_compiles_without_errors PASSED [ 88%]
tests/test_swarm_vm_execution.py::TestSwarmVMExecution::test_swarm_bytecode_encodes PASSED [ 88%]
tests/test_swarm_vm_execution.py::TestSwarmVMExecution::test_swarm_executes_and_spawns_agents PASSED [ 88%]
tests/test_swarm_vm_execution.py::TestSwarmVMExecution::test_swarm_wait_all_returns_results PASSED [ 88%]
tests/test_symbolic_surfaces.py::test_compile_symbolic_surface_covers_canonical_relation_families[time.before-collect-verify-time-temporal] PASSED [ 88%]
tests/test_symbolic_surfaces.py::test_compile_symbolic_surface_covers_canonical_relation_families[time.after-deploy-verify-time-temporal] PASSED [ 88%]
tests/test_symbolic_surfaces.py::test_compile_symbolic_surface_covers_canonical_relation_families[cause.enables-verify-deploy-cause-causal] PASSED [ 88%]
tests/test_symbolic_surfaces.py::test_compile_symbolic_surface_covers_canonical_relation_families[cause.blocks-policy_gate-deploy-cause-causal] PASSED [ 88%]
tests/test_symbolic_surfaces.py::test_compile_symbolic_surface_covers_canonical_relation_families[agent.owns-operator-release_plan-agent-agent-role] PASSED [ 88%]
tests/test_symbolic_surfaces.py::test_compile_symbolic_surface_covers_canonical_relation_families[agent.delegates-scribe-verify-agent-agent-role] PASSED [ 88%]
tests/test_symbolic_surfaces.py::test_compile_symbolic_surface_covers_canonical_relation_families[scope.within-release_plan-program-scope-scope] PASSED [ 88%]
tests/test_symbolic_surfaces.py::test_compile_symbolic_surface_preserves_multiple_relation_edges_in_order PASSED [ 88%]
tests/test_symbolic_surfaces.py::test_compile_symbolic_surface_extracts_relation_edge PASSED [ 88%]
tests/test_symbolic_surfaces.py::test_project_relation_edges_emits_ascii_and_unicode_forms PASSED [ 88%]
tests/test_symbolic_surfaces.py::test_compile_symbolic_surface_provides_relation_explanations PASSED [ 88%]
tests/test_symbolic_surfaces.py::test_compile_symbolic_surface_builds_side_by_side_relation_artifact PASSED [ 88%]
tests/test_symbolic_surfaces.py::test_unicode_projection_remains_display_only_source PASSED [ 88%]
tests/test_symbolic_surfaces.py::test_audit_symbolic_surface_logs_relation_edge PASSED [ 88%]
tests/test_test_runner.py::test_run_pytest_suite_records_passing_summary PASSED [ 88%]
tests/test_test_runner.py::test_run_pytest_suite_records_failure_details PASSED [ 88%]
tests/test_tool_dispatch.py::test_register_creates_pending_hitl_tool_with_approval_token PASSED [ 88%]
tests/test_tool_dispatch.py::test_approval_requires_matching_token PASSED [ 88%]
tests/test_tool_dispatch.py::test_tool_approval_bypass_can_feed_witness_governance PASSED [ 88%]
tests/test_tool_dispatch.py::test_dispatch_requires_activation_then_returns_simulated_result PASSED [ 88%]
tests/test_tool_dispatch.py::test_dynamic_dispatch_loads_entrypoint_from_install_path PASSED [ 88%]
tests/test_tool_dispatch.py::test_list_tools_omits_install_path_from_public_view PASSED [ 88%]
tests/test_translator.py::test_detect_tone_returns_matching_cue PASSED   [ 89%]
tests/test_translator.py::test_english_to_hlf_emits_header_actions_and_terminator PASSED [ 89%]
tests/test_translator.py::test_english_to_hlf_supports_delegate_memory_and_recall_patterns FAILED [ 89%]
tests/test_translator.py::test_hlf_to_english_uses_human_readable_fields PASSED [ 89%]
tests/test_translator.py::test_hlf_source_to_english_returns_summary_for_valid_source PASSED [ 89%]
tests/test_translator.py::test_hlf_source_to_english_reports_translation_failure_for_bad_source PASSED [ 89%]
tests/test_translator.py::test_language_to_hlf_supports_all_seed_languages PASSED [ 89%]
tests/test_translator.py::test_chinese_to_hlf_matches_primary_action_patterns PASSED [ 89%]
tests/test_translator.py::test_language_to_hlf_rejects_unsupported_language PASSED [ 89%]
tests/test_translator.py::test_detect_system_language_honors_supported_preference PASSED [ 89%]
tests/test_translator.py::test_normalize_cognitive_lane_policy_accepts_supported_values PASSED [ 89%]
tests/test_translator.py::test_detect_input_language_prefers_text_cues PASSED [ 89%]
tests/test_translator.py::test_resolve_language_auto_uses_text_over_default PASSED [ 89%]
tests/test_translator.py::test_resolve_language_with_policy_prefers_english_audit_without_rewriting_language PASSED [ 89%]
tests/test_translator.py::test_resolve_language_with_policy_blocks_chinese_when_disallowed PASSED [ 89%]
tests/test_translator.py::test_language_to_hlf_auto_respects_preferred_language_when_text_is_ambiguous PASSED [ 89%]
tests/test_translator.py::test_hlf_to_language_supports_chinese_summary PASSED [ 89%]
tests/test_translator.py::test_hlf_source_to_language_reports_chinese_failure_prefix PASSED [ 89%]
tests/test_translator.py::test_translation_diagnostics_reports_fidelity_and_fallbacks PASSED [ 89%]
tests/test_translator.py::test_translation_diagnostics_detects_fallback_usage PASSED [ 89%]
tests/test_translator.py::test_canonicalize_translation_text_preserves_analyze_and_read_only PASSED [ 89%]
tests/test_translator.py::test_build_translation_repair_plan_marks_governor_blocks_terminal PASSED [ 89%]
tests/test_translator.py::test_build_translation_repair_plan_returns_retry_request PASSED [ 89%]
tests/test_translator.py::test_build_translation_repair_plan_blocks_invented_target_drift PASSED [ 89%]
tests/test_two_channel_execution.py::TestProvenanceChain::test_creation_with_defaults PASSED [ 89%]
tests/test_two_channel_execution.py::TestProvenanceChain::test_creation_with_explicit_values PASSED [ 89%]
tests/test_two_channel_execution.py::TestProvenanceChain::test_trust_clamped_to_range PASSED [ 89%]
tests/test_two_channel_execution.py::TestProvenanceChain::test_degrade_reduces_trust PASSED [ 89%]
tests/test_two_channel_execution.py::TestProvenanceChain::test_degrade_cascades_trust PASSED [ 89%]
tests/test_two_channel_execution.py::TestProvenanceChain::test_degrade_does_not_mutate_original PASSED [ 89%]
tests/test_two_channel_execution.py::TestProvenanceChain::test_cross_boundary_records_transition PASSED [ 89%]
tests/test_two_channel_execution.py::TestProvenanceChain::test_immutable_proof_hash_is_deterministic PASSED [ 89%]
tests/test_two_channel_execution.py::TestProvenanceChain::test_immutable_proof_changes_on_degradation PASSED [ 89%]
tests/test_two_channel_execution.py::TestProvenanceChain::test_serialization_roundtrip PASSED [ 89%]
tests/test_two_channel_execution.py::TestDataChannel::test_track_creates_provenance PASSED [ 89%]
tests/test_two_channel_execution.py::TestDataChannel::test_track_raises_on_duplicate PASSED [ 89%]
tests/test_two_channel_execution.py::TestDataChannel::test_degrade_reduces_trust_in_place PASSED [ 89%]
tests/test_two_channel_execution.py::TestDataChannel::test_degrade_raises_on_missing PASSED [ 89%]
tests/test_two_channel_execution.py::TestDataChannel::test_cross_boundary_records_transition PASSED [ 89%]
tests/test_two_channel_execution.py::TestDataChannel::test_cross_boundary_raises_on_missing PASSED [ 89%]
tests/test_two_channel_execution.py::TestDataChannel::test_get_provenance PASSED [ 89%]
tests/test_two_channel_execution.py::TestDataChannel::test_get_provenance_raises_on_missing PASSED [ 89%]
tests/test_two_channel_execution.py::TestDataChannel::test_check_trust PASSED [ 89%]
tests/test_two_channel_execution.py::TestDataChannel::test_all_provenance_hashes PASSED [ 89%]
tests/test_two_channel_execution.py::TestDataChannel::test_to_dict_includes_provenance PASSED [ 89%]
tests/test_two_channel_execution.py::TestInstructionChannel::test_creation_and_auto_signature PASSED [ 89%]
tests/test_two_channel_execution.py::TestInstructionChannel::test_is_intact_returns_true_for_valid_channel PASSED [ 89%]
tests/test_two_channel_execution.py::TestInstructionChannel::test_is_intact_detects_tampered_bytecode PASSED [ 89%]
tests/test_two_channel_execution.py::TestInstructionChannel::test_is_intact_detects_tampered_manifest PASSED [ 89%]
tests/test_two_channel_execution.py::TestInstructionChannel::test_is_intact_detects_tampered_tier PASSED [ 90%]
tests/test_two_channel_execution.py::TestInstructionChannel::test_to_dict_produces_expected_structure PASSED [ 90%]
tests/test_two_channel_execution.py::TestBuildFactories::test_build_instruction_channel_with_all_args PASSED [ 90%]
tests/test_two_channel_execution.py::TestBuildFactories::test_build_instruction_channel_auto_derives_program_id PASSED [ 90%]
tests/test_two_channel_execution.py::TestBuildFactories::test_build_data_channel_with_inputs PASSED [ 90%]
tests/test_two_channel_execution.py::TestBuildFactories::test_build_data_channel_empty PASSED [ 90%]
tests/test_two_channel_execution.py::TestTwoChannelExecutor::test_execute_with_valid_channels PASSED [ 90%]
tests/test_two_channel_execution.py::TestTwoChannelExecutor::test_execute_detects_tampered_instruction PASSED [ 90%]
tests/test_two_channel_execution.py::TestTwoChannelExecutor::test_execute_blocks_on_counterexample_at_hearth PASSED [ 90%]
tests/test_two_channel_execution.py::TestTwoChannelExecutor::test_execute_proceeds_on_counterexample_at_sovereign PASSED [ 90%]
tests/test_two_channel_execution.py::TestTwoChannelExecutor::test_execute_blocks_on_missing_capability PASSED [ 90%]
tests/test_two_channel_execution.py::TestTwoChannelExecutor::test_execute_blocks_on_insufficient_trust_tier PASSED [ 90%]
tests/test_two_channel_execution.py::TestTwoChannelExecutor::test_full_cycle_preserves_provenance PASSED [ 90%]
tests/test_two_channel_execution.py::TestTwoChannelExecutor::test_provenance_is_present_in_result_dict PASSED [ 90%]
tests/test_two_channel_execution.py::TestCompilerInstructionChannel::test_compile_to_instruction_channel_basic PASSED [ 90%]
tests/test_two_channel_execution.py::TestCompilerInstructionChannel::test_compile_to_instruction_channel_tier PASSED [ 90%]
tests/test_two_channel_execution.py::TestCompilerInstructionChannel::test_compile_result_contains_channel PASSED [ 90%]
tests/test_two_channel_execution.py::TestTwoChannelCodeExecution::test_basic_execution PASSED [ 90%]
tests/test_two_channel_execution.py::TestTwoChannelCodeExecution::test_dry_run PASSED [ 90%]
tests/test_two_channel_execution.py::TestTwoChannelCodeExecution::test_variables_become_provenance PASSED [ 90%]
tests/test_two_channel_execution.py::TestTwoChannelCodeExecution::test_compile_error_returns_blocked PASSED [ 90%]
tests/test_two_channel_execution.py::TestExecutionResult::test_success_result_to_dict PASSED [ 90%]
tests/test_two_channel_execution.py::TestExecutionResult::test_blocked_result_to_dict PASSED [ 90%]
tests/test_two_channel_execution.py::TestCapabilityManifestIntegration::test_instruction_channel_manifest_integrity PASSED [ 90%]
tests/test_two_channel_execution.py::TestCapabilityManifestIntegration::test_capability_check_flows_to_executor PASSED [ 90%]
tests/test_two_channel_execution.py::TestCapabilityManifestIntegration::test_trust_tier_check_flows_to_executor PASSED [ 90%]
tests/test_two_channel_execution.py::TestVerificationGateIntegration::test_hearth_blocks_counterexample PASSED [ 90%]
tests/test_two_channel_execution.py::TestVerificationGateIntegration::test_sovereign_proceeds_regardless PASSED [ 90%]
tests/test_two_channel_execution.py::TestVerificationGateIntegration::test_empty_verification_report_blocks_at_hearth PASSED [ 90%]
tests/test_two_channel_execution.py::TestDataTrustBoundaries::test_boundary_crossing_produces_new_chain PASSED [ 90%]
tests/test_two_channel_execution.py::TestDataTrustBoundaries::test_multiple_boundary_crossings PASSED [ 90%]
tests/test_two_channel_execution.py::TestDataTrustBoundaries::test_degrade_then_cross_boundary PASSED [ 90%]
tests/test_typed_contracts.py::TestHlfType::test_all_glyphs_defined PASSED [ 90%]
tests/test_typed_contracts.py::TestHlfType::test_string_round_trip PASSED [ 90%]
tests/test_typed_contracts.py::TestHlfType::test_number_round_trip PASSED [ 90%]
tests/test_typed_contracts.py::TestHlfType::test_boolean_round_trip PASSED [ 90%]
tests/test_typed_contracts.py::TestHlfType::test_json_round_trip PASSED  [ 90%]
tests/test_typed_contracts.py::TestHlfType::test_any_round_trip PASSED   [ 90%]
tests/test_typed_contracts.py::TestHlfType::test_unknown_glyph_returns_none PASSED [ 90%]
tests/test_typed_contracts.py::TestHlfType::test_from_json_schema_type PASSED [ 90%]
tests/test_typed_contracts.py::TestEffectClass::test_enum_has_all_34 PASSED [ 90%]
tests/test_typed_contracts.py::TestEffectClass::test_system_boundary_returns_nonempty PASSED [ 90%]
tests/test_typed_contracts.py::TestEffectClass::test_file_read_not_mutating PASSED [ 90%]
tests/test_typed_contracts.py::TestEffectClass::test_file_write_is_mutating PASSED [ 90%]
tests/test_typed_contracts.py::TestEffectClass::test_memory_write_is_mutating PASSED [ 90%]
tests/test_typed_contracts.py::TestEffectClass::test_memory_read_not_mutating PASSED [ 90%]
tests/test_typed_contracts.py::TestEffectClass::test_local_analysis_not_mutating PASSED [ 90%]
tests/test_typed_contracts.py::TestEffectClass::test_derived_side_effects_nonempty_for_write PASSED [ 90%]
tests/test_typed_contracts.py::TestEffectClass::test_local_analysis_no_side_effects PASSED [ 90%]
tests/test_typed_contracts.py::TestFailureMode::test_enum_has_all_10 PASSED [ 90%]
tests/test_typed_contracts.py::TestFailureMode::test_is_recoverable PASSED [ 91%]
tests/test_typed_contracts.py::TestFailureMode::test_is_security_sensitive PASSED [ 91%]
tests/test_typed_contracts.py::TestProofRequirement::test_requires_human PASSED [ 91%]
tests/test_typed_contracts.py::TestProofRequirement::test_requires_formal_proof PASSED [ 91%]
tests/test_typed_contracts.py::TestProofSurface::test_valid_when_all_proven PASSED [ 91%]
tests/test_typed_contracts.py::TestProofSurface::test_invalid_when_not_all_proven PASSED [ 91%]
tests/test_typed_contracts.py::TestProofSurface::test_from_verification_report PASSED [ 91%]
tests/test_typed_contracts.py::TestTypeContract::test_string_valid PASSED [ 91%]
tests/test_typed_contracts.py::TestTypeContract::test_string_invalid_number PASSED [ 91%]
tests/test_typed_contracts.py::TestTypeContract::test_number_valid PASSED [ 91%]
tests/test_typed_contracts.py::TestTypeContract::test_number_invalid PASSED [ 91%]
tests/test_typed_contracts.py::TestTypeContract::test_boolean_valid PASSED [ 91%]
tests/test_typed_contracts.py::TestTypeContract::test_json_valid PASSED  [ 91%]
tests/test_typed_contracts.py::TestTypeContract::test_any_valid PASSED   [ 91%]
tests/test_typed_contracts.py::TestTypeContract::test_optional_allows_none PASSED [ 91%]
tests/test_typed_contracts.py::TestTypeContract::test_required_rejects_none PASSED [ 91%]
tests/test_typed_contracts.py::TestTypeContract::test_min_constraint_stored PASSED [ 91%]
tests/test_typed_contracts.py::TestInputContract::test_empty_contract_passes PASSED [ 91%]
tests/test_typed_contracts.py::TestInputContract::test_simple_contract_valid PASSED [ 91%]
tests/test_typed_contracts.py::TestInputContract::test_missing_required_arg PASSED [ 91%]
tests/test_typed_contracts.py::TestInputContract::test_wrong_type PASSED [ 91%]
tests/test_typed_contracts.py::TestInputContract::test_from_json_schema PASSED [ 91%]
tests/test_typed_contracts.py::TestOutputContract::test_string_output_valid PASSED [ 91%]
tests/test_typed_contracts.py::TestOutputContract::test_number_output_valid PASSED [ 91%]
tests/test_typed_contracts.py::TestOutputContract::test_wrong_type_fails PASSED [ 91%]
tests/test_typed_contracts.py::TestOutputContract::test_from_json_schema PASSED [ 91%]
tests/test_typed_contracts.py::TestTypedEffectDeclaration::test_validate_call_passes PASSED [ 91%]
tests/test_typed_contracts.py::TestTypedEffectDeclaration::test_validate_call_bad_input PASSED [ 91%]
tests/test_typed_contracts.py::TestTypedEffectDeclaration::test_validate_call_critical_needs_proof PASSED [ 91%]
tests/test_typed_contracts.py::TestTypedEffectDeclaration::test_validate_call_with_valid_proof PASSED [ 91%]
tests/test_typed_contracts.py::TestTypedEffectDeclaration::test_from_host_function_dummy PASSED [ 91%]
tests/test_typed_contracts.py::TestEffectContractAssessment::test_admitted_no_reasons PASSED [ 91%]
tests/test_typed_contracts.py::TestEffectContractAssessment::test_denied_with_reasons PASSED [ 91%]
tests/test_typed_contracts.py::TestValidateHostFunctionContract::test_valid_minimal PASSED [ 91%]
tests/test_typed_contracts.py::TestValidateHostFunctionContract::test_invalid_effect_class PASSED [ 91%]
tests/test_typed_contracts.py::TestValidateHostFunctionContract::test_invalid_failure_type PASSED [ 91%]
tests/test_typed_contracts.py::TestVerifierEffectContractIntegration::test_pure_function_admitted PASSED [ 91%]
tests/test_typed_contracts.py::TestVerifierEffectContractIntegration::test_type_mismatch_detected PASSED [ 91%]
tests/test_typed_contracts.py::TestVerifierEffectContractIntegration::test_proof_required_without_surface PASSED [ 91%]
tests/test_typed_contracts.py::TestVerifierEffectContractIntegration::test_mutating_effect_without_review PASSED [ 91%]
tests/test_typed_contracts.py::TestVerifierEffectContractIntegration::test_security_sensitive_failure_without_safety PASSED [ 91%]
tests/test_typed_contracts.py::TestVerifierEffectContractIntegration::test_verify_output_contract PASSED [ 91%]
tests/test_typed_effect_algebra.py::TestCombinatorConstruction::test_no_effect_repr PASSED [ 91%]
tests/test_typed_effect_algebra.py::TestCombinatorConstruction::test_chain_construction PASSED [ 91%]
tests/test_typed_effect_algebra.py::TestCombinatorConstruction::test_parallel_construction PASSED [ 91%]
tests/test_typed_effect_algebra.py::TestCombinatorConstruction::test_conditional_construction PASSED [ 91%]
tests/test_typed_effect_algebra.py::TestCombinatorConstruction::test_iterate_construction PASSED [ 91%]
tests/test_typed_effect_algebra.py::TestCombinatorConstruction::test_iterate_rejects_invalid_max PASSED [ 91%]
tests/test_typed_effect_algebra.py::TestCombinatorConstruction::test_frozen_dataclasses PASSED [ 91%]
tests/test_typed_effect_algebra.py::TestAssociativity::test_three_atomic_effects PASSED [ 92%]
tests/test_typed_effect_algebra.py::TestAssociativity::test_with_no_effect_mixed PASSED [ 92%]
tests/test_typed_effect_algebra.py::TestAssociativity::test_with_nested_chains PASSED [ 92%]
tests/test_typed_effect_algebra.py::TestIdentity::test_right_identity_atomic PASSED [ 92%]
tests/test_typed_effect_algebra.py::TestIdentity::test_right_identity_chain PASSED [ 92%]
tests/test_typed_effect_algebra.py::TestIdentity::test_left_identity_atomic PASSED [ 92%]
tests/test_typed_effect_algebra.py::TestIdentity::test_left_identity_chain PASSED [ 92%]
tests/test_typed_effect_algebra.py::TestIdempotence::test_no_effect_is_idempotent PASSED [ 92%]
tests/test_typed_effect_algebra.py::TestIdempotence::test_decl_without_hint_is_not_idempotent PASSED [ 92%]
tests/test_typed_effect_algebra.py::TestIdempotence::test_decl_with_hint_is_idempotent PASSED [ 92%]
tests/test_typed_effect_algebra.py::TestIdempotence::test_chain_of_idempotent PASSED [ 92%]
tests/test_typed_effect_algebra.py::TestProveEffectChain::test_single_leaf_chain PASSED [ 92%]
tests/test_typed_effect_algebra.py::TestProveEffectChain::test_compatible_two_leaf PASSED [ 92%]
tests/test_typed_effect_algebra.py::TestProveEffectChain::test_mismatched_types PASSED [ 92%]
tests/test_typed_effect_algebra.py::TestProveEffectChain::test_any_input_accepts_anything PASSED [ 92%]
tests/test_typed_effect_algebra.py::TestProveEffectChain::test_any_output_cannot_satisfy_specific_input PASSED [ 92%]
tests/test_typed_effect_algebra.py::TestProveEffectChain::test_json_accepts_primitives PASSED [ 92%]
tests/test_typed_effect_algebra.py::TestProveEffectChain::test_long_chain PASSED [ 92%]
tests/test_typed_effect_algebra.py::TestCheckEffectSoundness::test_atomic_is_sound PASSED [ 92%]
tests/test_typed_effect_algebra.py::TestCheckEffectSoundness::test_no_effect_is_sound PASSED [ 92%]
tests/test_typed_effect_algebra.py::TestCheckEffectSoundness::test_compatible_chain_is_sound PASSED [ 92%]
tests/test_typed_effect_algebra.py::TestCheckEffectSoundness::test_incompatible_chain_is_not_sound PASSED [ 92%]
tests/test_typed_effect_algebra.py::TestCheckEffectSoundness::test_parallel_is_sound_when_both_sides_sound PASSED [ 92%]
tests/test_typed_effect_algebra.py::TestCheckEffectSoundness::test_conditional_branches_must_agree PASSED [ 92%]
tests/test_typed_effect_algebra.py::TestCheckEffectSoundness::test_conditional_branches_agree_is_sound PASSED [ 92%]
tests/test_typed_effect_algebra.py::TestCheckEffectSoundness::test_iterate_requires_fixed_point PASSED [ 92%]
tests/test_typed_effect_algebra.py::TestCheckEffectSoundness::test_iterate_fixed_point_is_sound PASSED [ 92%]
tests/test_typed_effect_algebra.py::TestLeafDeclarations::test_atomic_leaf PASSED [ 92%]
tests/test_typed_effect_algebra.py::TestLeafDeclarations::test_chain_leaves PASSED [ 92%]
tests/test_typed_effect_algebra.py::TestLeafDeclarations::test_nested_chain_leaves PASSED [ 92%]
tests/test_typed_effect_algebra.py::TestLeafDeclarations::test_no_effect_skipped PASSED [ 92%]
tests/test_typed_effect_algebra.py::TestTypedEffectAlias::test_chain_is_typed_effect PASSED [ 92%]
tests/test_typed_effect_algebra.py::TestTypedEffectAlias::test_typed_effect_declaration_is_typed_effect PASSED [ 92%]
tests/test_typed_effect_algebra.py::TestProofSerialization::test_effect_proof_to_dict PASSED [ 92%]
tests/test_typed_effect_algebra.py::TestProofSerialization::test_soundness_verdict_to_dict PASSED [ 92%]
tests/test_typed_effect_algebra.py::TestEffectTypeEnum::test_all_values_present PASSED [ 92%]
tests/test_typed_effect_algebra.py::TestEffectTypeEnum::test_from_effect_class_maps_correctly PASSED [ 92%]
tests/test_typed_effect_algebra.py::TestEffectTypeEnum::test_unknown_effect_class_defaults_to_pure PASSED [ 92%]
tests/test_typed_effect_algebra.py::TestClassifyEffect::test_classify_read_file PASSED [ 92%]
tests/test_typed_effect_algebra.py::TestClassifyEffect::test_classify_write_file PASSED [ 92%]
tests/test_typed_effect_algebra.py::TestClassifyEffect::test_classify_memory_store_gives_write PASSED [ 92%]
tests/test_typed_effect_algebra.py::TestClassifyEffect::test_classify_pure_assertion PASSED [ 92%]
tests/test_typed_effect_algebra.py::TestProveCoercion::test_z_to_r_is_widening_safe PASSED [ 92%]
tests/test_typed_effect_algebra.py::TestProveCoercion::test_r_to_z_is_narrowing_conditional PASSED [ 92%]
tests/test_typed_effect_algebra.py::TestProveCoercion::test_list_q_to_set_q_is_isomorphic_safe PASSED [ 92%]
tests/test_typed_effect_algebra.py::TestProveCoercion::test_set_q_to_list_q_is_isomorphic_conditional PASSED [ 92%]
tests/test_typed_effect_algebra.py::TestProveCoercion::test_identity_coercion_is_safe PASSED [ 92%]
tests/test_typed_effect_algebra.py::TestProveCoercion::test_q_to_r_is_widening_safe PASSED [ 92%]
tests/test_typed_effect_algebra.py::TestProveCoercion::test_list_z_to_list_r_is_element_wise_widening PASSED [ 92%]
tests/test_typed_effect_algebra.py::TestProveCoercion::test_set_z_to_set_r_may_collapse PASSED [ 93%]
tests/test_typed_effect_algebra.py::TestProveComposition::test_pure_compose_pure_is_safe PASSED [ 93%]
tests/test_typed_effect_algebra.py::TestProveComposition::test_read_compose_write_requires_ordering PASSED [ 93%]
tests/test_typed_effect_algebra.py::TestProveComposition::test_delete_compose_anything_requires_audit PASSED [ 93%]
tests/test_typed_effect_algebra.py::TestProveComposition::test_pure_compose_anything_is_safe PASSED [ 93%]
tests/test_typed_effect_algebra.py::TestProveComposition::test_read_compose_read_is_safe PASSED [ 93%]
tests/test_typed_effect_algebra.py::TestBuildCompositionMatrix::test_has_expected_size PASSED [ 93%]
tests/test_typed_effect_algebra.py::TestBuildCompositionMatrix::test_all_cells_are_coercion_proofs PASSED [ 93%]
tests/test_typed_effect_algebra.py::TestBuildCompositionMatrix::test_pure_pure_is_safe PASSED [ 93%]
tests/test_typed_effect_algebra.py::TestBuildCompositionMatrix::test_delete_any_requires_audit PASSED [ 93%]
tests/test_typed_effect_algebra.py::TestBuildCoercionTable::test_covers_z_to_r PASSED [ 93%]
tests/test_typed_effect_algebra.py::TestBuildCoercionTable::test_covers_list_to_set PASSED [ 93%]
tests/test_typed_effect_algebra.py::TestBuildCoercionTable::test_all_49_entries_present PASSED [ 93%]
tests/test_typed_effect_algebra.py::TestValidateHostFunctionContract::test_detects_missing_input_schema PASSED [ 93%]
tests/test_typed_effect_algebra.py::TestValidateHostFunctionContract::test_detects_missing_output_schema PASSED [ 93%]
tests/test_typed_effect_algebra.py::TestValidateHostFunctionContract::test_detects_missing_effect_class PASSED [ 93%]
tests/test_typed_effect_algebra.py::TestValidateHostFunctionContract::test_detects_missing_failure_type PASSED [ 93%]
tests/test_typed_effect_algebra.py::TestValidateHostFunctionContract::test_detects_missing_audit_requirement PASSED [ 93%]
tests/test_typed_effect_algebra.py::TestValidateHostFunctionContract::test_passes_for_complete_contract PASSED [ 93%]
tests/test_typed_effect_algebra.py::TestValidateHostFunctionContract::test_empty_input_schema_detected PASSED [ 93%]
tests/test_typed_effect_algebra.py::TestCoercionProofSerialization::test_to_dict PASSED [ 93%]
tests/test_typed_effect_hardening.py::TestOperandCoverageMatrix::test_build_matrix_all_12_types PASSED [ 93%]
tests/test_typed_effect_hardening.py::TestOperandCoverageMatrix::test_build_matrix_all_operators PASSED [ 93%]
tests/test_typed_effect_hardening.py::TestOperandCoverageMatrix::test_cell_status_returns_valid_string PASSED [ 93%]
tests/test_typed_effect_hardening.py::TestOperandCoverageMatrix::test_no_cell_is_both_covered_and_excluded PASSED [ 93%]
tests/test_typed_effect_hardening.py::TestOperandCoverageMatrix::test_coverage_ratio_between_0_and_1 PASSED [ 93%]
tests/test_typed_effect_hardening.py::TestOperandCoverageMatrix::test_covered_count_positive PASSED [ 93%]
tests/test_typed_effect_hardening.py::TestOperandCoverageMatrix::test_operators_for_type_on_string PASSED [ 93%]
tests/test_typed_effect_hardening.py::TestOperandCoverageMatrix::test_operators_for_type_on_integer PASSED [ 93%]
tests/test_typed_effect_hardening.py::TestOperandCoverageMatrix::test_types_for_operator_eq PASSED [ 93%]
tests/test_typed_effect_hardening.py::TestOperandCoverageMatrix::test_operator_density_boolean_is_focused PASSED [ 93%]
tests/test_typed_effect_hardening.py::TestOperandGapDetection::test_find_operand_gaps_returns_list PASSED [ 93%]
tests/test_typed_effect_hardening.py::TestOperandGapDetection::test_find_operand_gaps_any_has_all_excluded FAILED [ 93%]
tests/test_typed_effect_hardening.py::TestOperandGapDetection::test_convenience_functions_work PASSED [ 93%]
tests/test_typed_effect_hardening.py::TestOperandCompletenessProof::test_prove_operand_completeness_returns_tuple PASSED [ 93%]
tests/test_typed_effect_hardening.py::TestOperandCompletenessProof::test_prove_operand_completeness_on_single_type PASSED [ 93%]
tests/test_typed_effect_hardening.py::TestOperandCompletenessProof::test_generate_coverage_report_contains_key_sections PASSED [ 93%]
tests/test_typed_effect_hardening.py::TestOperandCompletenessProof::test_operator_all_have_names PASSED [ 93%]
tests/test_typed_effect_hardening.py::TestOperandCompletenessProof::test_operator_family_enum PASSED [ 93%]
tests/test_typed_effect_hardening.py::TestParametricProver::test_prove_list_invariance_homogeneous PASSED [ 93%]
tests/test_typed_effect_hardening.py::TestParametricProver::test_prove_list_invariance_nonempty_fails PASSED [ 93%]
tests/test_typed_effect_hardening.py::TestParametricProver::test_prove_list_invariance_immutable_fails PASSED [ 93%]
tests/test_typed_effect_hardening.py::TestParametricProver::test_prove_set_uniqueness_integer PASSED [ 93%]
tests/test_typed_effect_hardening.py::TestParametricProver::test_prove_set_uniqueness_any_fails PASSED [ 93%]
tests/test_typed_effect_hardening.py::TestParametricProver::test_prove_map_key_uniqueness_string_key PASSED [ 93%]
tests/test_typed_effect_hardening.py::TestParametricProver::test_prove_map_key_uniqueness_any_key_fails PASSED [ 93%]
tests/test_typed_effect_hardening.py::TestParametricProver::test_prove_refinement_soundness_positive_int PASSED [ 93%]
tests/test_typed_effect_hardening.py::TestParametricProver::test_prove_refinement_soundness_negative_for_natural PASSED [ 93%]
tests/test_typed_effect_hardening.py::TestParametricProver::test_prove_refinement_soundness_custom_variable PASSED [ 93%]
tests/test_typed_effect_hardening.py::TestManifestIntegrityProofs::test_prove_manifest_integrity_on_valid_manifest PASSED [ 93%]
tests/test_typed_effect_hardening.py::TestManifestIntegrityProofs::test_prove_manifest_integrity_has_witnesses PASSED [ 94%]
tests/test_typed_effect_hardening.py::TestManifestIntegrityProofs::test_prove_manifest_integrity_on_empty_manifest PASSED [ 94%]
tests/test_typed_effect_hardening.py::TestManifestIntegrityProofs::test_manifest_integrity_to_dict PASSED [ 94%]
tests/test_typed_effect_hardening.py::TestCrossManifestConsistency::test_two_identical_manifests_consistent PASSED [ 94%]
tests/test_typed_effect_hardening.py::TestCrossManifestConsistency::test_single_manifest_trivially_consistent PASSED [ 94%]
tests/test_typed_effect_hardening.py::TestCrossManifestConsistency::test_cross_manifest_returns_witnesses PASSED [ 94%]
tests/test_typed_effect_hardening.py::TestCrossManifestConsistency::test_cross_manifest_to_dict PASSED [ 94%]
tests/test_typed_effect_hardening.py::TestEffectCompositionProofs::test_sequential_composition_trivial PASSED [ 94%]
tests/test_typed_effect_hardening.py::TestEffectCompositionProofs::test_sequential_composition_compatible PASSED [ 94%]
tests/test_typed_effect_hardening.py::TestEffectCompositionProofs::test_parallel_composition_no_conflicts PASSED [ 94%]
tests/test_typed_effect_hardening.py::TestEffectCompositionProofs::test_parallel_composition_conflicting_writes PASSED [ 94%]
tests/test_typed_effect_hardening.py::TestEffectCompositionProofs::test_conditional_composition_empty_branches PASSED [ 94%]
tests/test_typed_effect_hardening.py::TestEffectCompositionProofs::test_composition_proof_to_dict PASSED [ 94%]
tests/test_update_governor.py::TestStaging::test_stage_creates_pending_ticket PASSED [ 94%]
tests/test_update_governor.py::TestStaging::test_stage_records_payload_hash PASSED [ 94%]
tests/test_update_governor.py::TestStaging::test_stage_adds_audit_entry PASSED [ 94%]
tests/test_update_governor.py::TestStaging::test_stage_surfaces_align_warnings PASSED [ 94%]
tests/test_update_governor.py::TestStaging::test_stage_sets_expiry PASSED [ 94%]
tests/test_update_governor.py::TestStaging::test_multiple_stages_get_unique_ids PASSED [ 94%]
tests/test_update_governor.py::TestStaging::test_stage_returns_defensive_copy PASSED [ 94%]
tests/test_update_governor.py::TestApproval::test_approve_returns_token_and_changes_status PASSED [ 94%]
tests/test_update_governor.py::TestApproval::test_approve_records_operator_and_timestamp PASSED [ 94%]
tests/test_update_governor.py::TestApproval::test_approve_twice_raises_invalid_transition PASSED [ 94%]
tests/test_update_governor.py::TestApproval::test_approve_unknown_ticket_raises_not_found PASSED [ 94%]
tests/test_update_governor.py::TestApproval::test_approve_expired_ticket_raises PASSED [ 94%]
tests/test_update_governor.py::TestRejection::test_reject_changes_status_and_records_reason PASSED [ 94%]
tests/test_update_governor.py::TestRejection::test_reject_approved_ticket_raises PASSED [ 94%]
tests/test_update_governor.py::TestDistribution::test_distribute_requires_approval_token PASSED [ 94%]
tests/test_update_governor.py::TestDistribution::test_distribute_with_correct_token_succeeds PASSED [ 94%]
tests/test_update_governor.py::TestDistribution::test_distribute_changes_status_to_distributed PASSED [ 94%]
tests/test_update_governor.py::TestDistribution::test_distribute_pending_ticket_raises PASSED [ 94%]
tests/test_update_governor.py::TestDistribution::test_distribute_no_targets_succeeds_with_empty_list PASSED [ 94%]
tests/test_update_governor.py::TestDistribution::test_distribute_all_target_failures_leaves_ticket_approved PASSED [ 94%]
tests/test_update_governor.py::TestRollback::test_rollback_requires_distributed_state PASSED [ 94%]
tests/test_update_governor.py::TestRollback::test_rollback_no_token_needed PASSED [ 94%]
tests/test_update_governor.py::TestRollback::test_rollback_records_reason_in_audit_trail PASSED [ 94%]
tests/test_update_governor.py::TestExpiry::test_expire_stale_marks_expired_tickets PASSED [ 94%]
tests/test_update_governor.py::TestExpiry::test_expire_stale_leaves_approved_tickets_alone PASSED [ 94%]
tests/test_update_governor.py::TestListing::test_list_all_tickets PASSED [ 94%]
tests/test_update_governor.py::TestListing::test_list_filtered_by_status PASSED [ 94%]
tests/test_update_governor.py::TestListing::test_get_ticket_unknown_raises PASSED [ 94%]
tests/test_update_governor.py::TestListing::test_get_ticket_returns_defensive_copy PASSED [ 94%]
tests/test_update_governor.py::TestListing::test_list_tickets_returns_defensive_copies PASSED [ 94%]
tests/test_verification_deepening.py::test_counterexample_dataclass_stores_all_fields PASSED [ 94%]
tests/test_verification_deepening.py::test_counterexample_to_dict_includes_all_keys PASSED [ 94%]
tests/test_verification_deepening.py::test_counterexample_is_actionable_with_inputs_and_path PASSED [ 94%]
tests/test_verification_deepening.py::test_generator_from_range_counterexample_result PASSED [ 94%]
tests/test_verification_deepening.py::test_generator_from_type_counterexample_result PASSED [ 94%]
tests/test_verification_deepening.py::test_generator_from_gas_counterexample_result PASSED [ 94%]
tests/test_verification_deepening.py::test_generator_from_spec_gate_false_counterexample PASSED [ 95%]
tests/test_verification_deepening.py::test_generator_from_error_result PASSED [ 95%]
tests/test_verification_deepening.py::test_generator_from_proven_result_is_info PASSED [ 95%]
tests/test_verification_deepening.py::test_minimal_counterexample_range_violation PASSED [ 95%]
tests/test_verification_deepening.py::test_minimal_counterexample_gas_violation PASSED [ 95%]
tests/test_verification_deepening.py::test_minimal_counterexample_type_violation PASSED [ 95%]
tests/test_verification_deepening.py::test_explain_counterexample_produces_multiline_output PASSED [ 95%]
tests/test_verification_deepening.py::test_explain_counterexample_handles_empty_inputs PASSED [ 95%]
tests/test_verification_deepening.py::test_suggest_fix_below_low_range PASSED [ 95%]
tests/test_verification_deepening.py::test_suggest_fix_above_high_range PASSED [ 95%]
tests/test_verification_deepening.py::test_suggest_fix_type_mismatch PASSED [ 95%]
tests/test_verification_deepening.py::test_suggest_fix_gas_exceeded PASSED [ 95%]
tests/test_verification_deepening.py::test_suggest_fix_spec_gate_false PASSED [ 95%]
tests/test_verification_deepening.py::test_compare_counterexamples_z3_wins_over_fallback PASSED [ 95%]
tests/test_verification_deepening.py::test_compare_counterexamples_detailed_path_wins PASSED [ 95%]
tests/test_verification_deepening.py::test_compare_counterexamples_equal PASSED [ 95%]
tests/test_verification_deepening.py::test_proof_obligation_stores_fields PASSED [ 95%]
tests/test_verification_deepening.py::test_proof_obligation_is_satisfied_when_proven_at_target PASSED [ 95%]
tests/test_verification_deepening.py::test_proof_obligation_is_blocking_when_pending PASSED [ 95%]
tests/test_verification_deepening.py::test_proof_obligation_is_blocking_when_failed PASSED [ 95%]
tests/test_verification_deepening.py::test_proof_obligation_to_dict PASSED [ 95%]
tests/test_verification_deepening.py::test_measure_proof_depth_empty_report PASSED [ 95%]
tests/test_verification_deepening.py::test_measure_proof_depth_all_proven_z3 PASSED [ 95%]
tests/test_verification_deepening.py::test_measure_proof_depth_mixed_statuses PASSED [ 95%]
tests/test_verification_deepening.py::test_measure_proof_depth_runtime_checked_only PASSED [ 95%]
tests/test_verification_deepening.py::test_measure_proof_depth_detailed_returns_breakdown PASSED [ 95%]
tests/test_verification_deepening.py::test_deepen_proof_adds_basic_lemmas PASSED [ 95%]
tests/test_verification_deepening.py::test_deepen_proof_adds_lemma_level_lemmas PASSED [ 95%]
tests/test_verification_deepening.py::test_deepen_proof_does_not_reduce_depth PASSED [ 95%]
tests/test_verification_deepening.py::test_deepen_proof_caps_without_z3 PASSED [ 95%]
tests/test_verification_deepening.py::test_generate_proof_obligations_from_ast PASSED [ 95%]
tests/test_verification_deepening.py::test_generate_proof_obligations_empty_ast PASSED [ 95%]
tests/test_verification_deepening.py::test_generate_proof_obligations_links_dependencies PASSED [ 95%]
tests/test_verification_deepening.py::test_generate_proof_obligations_descriptions_are_readable PASSED [ 95%]
tests/test_verification_deepening.py::test_rank_obligations_blocking_first PASSED [ 95%]
tests/test_verification_deepening.py::test_rank_obligations_dependents_boost_rank PASSED [ 95%]
tests/test_verification_deepening.py::test_rank_obligations_empty_list PASSED [ 95%]
tests/test_verification_deepening.py::test_rank_obligations_all_proven_returns_zero_order PASSED [ 95%]
tests/test_verification_deepening.py::test_tier_escalation_map_includes_all_tiers PASSED [ 95%]
tests/test_verification_deepening.py::test_escalate_tier_sovereign_to_forge PASSED [ 95%]
tests/test_verification_deepening.py::test_escalate_tier_forge_to_hearth PASSED [ 95%]
tests/test_verification_deepening.py::test_escalate_tier_hearth_stays_hearth PASSED [ 95%]
tests/test_verification_deepening.py::test_escalate_tier_alias_untrusted_to_forge PASSED [ 95%]
tests/test_verification_deepening.py::test_escalate_tier_alias_approved_to_hearth PASSED [ 95%]
tests/test_verification_deepening.py::test_evaluate_with_explanation_hearth_block PASSED [ 95%]
tests/test_verification_deepening.py::test_evaluate_with_explanation_hearth_proceed PASSED [ 95%]
tests/test_verification_deepening.py::test_evaluate_with_explanation_forge_warn PASSED [ 95%]
tests/test_verification_deepening.py::test_evaluate_with_explanation_sovereign_always_proceed PASSED [ 95%]
tests/test_verification_deepening.py::test_verify_with_depth_timeout_returns_partial PASSED [ 95%]
tests/test_verification_deepening.py::test_verify_with_depth_returns_depth_info PASSED [ 96%]
tests/test_verification_deepening.py::test_verify_with_depth_escalates_on_insufficient_depth PASSED [ 96%]
tests/test_verification_deepening.py::test_partial_proof_detection PASSED [ 96%]
tests/test_verification_deepening.py::test_end_to_end_depth_gated_verification_provable PASSED [ 96%]
tests/test_verification_deepening.py::test_end_to_end_counterexample_at_forge_blocks PASSED [ 96%]
tests/test_verification_deepening.py::TestZ3OperatorEncoder::test_encoder_supported_families_are_nonempty PASSED [ 96%]
tests/test_verification_deepening.py::TestZ3OperatorEncoder::test_encoder_z3_available_matches_module_flag PASSED [ 96%]
tests/test_verification_deepening.py::TestZ3OperatorEncoder::test_encode_str_concat_returns_description PASSED [ 96%]
tests/test_verification_deepening.py::TestZ3OperatorEncoder::test_encode_str_length_returns_description PASSED [ 96%]
tests/test_verification_deepening.py::TestZ3OperatorEncoder::test_encode_str_substring_returns_description PASSED [ 96%]
tests/test_verification_deepening.py::TestZ3OperatorEncoder::test_encode_str_contains_returns_description PASSED [ 96%]
tests/test_verification_deepening.py::TestZ3OperatorEncoder::test_encode_str_prefix_returns_description PASSED [ 96%]
tests/test_verification_deepening.py::TestZ3OperatorEncoder::test_encode_str_suffix_returns_description PASSED [ 96%]
tests/test_verification_deepening.py::TestZ3OperatorEncoder::test_encode_str_compare_returns_description PASSED [ 96%]
tests/test_verification_deepening.py::TestZ3OperatorEncoder::test_encode_str_replace_returns_description PASSED [ 96%]
tests/test_verification_deepening.py::TestZ3OperatorEncoder::test_encode_str_trim_returns_description PASSED [ 96%]
tests/test_verification_deepening.py::TestZ3OperatorEncoder::test_encode_str_split_returns_description PASSED [ 96%]
tests/test_verification_deepening.py::TestZ3OperatorEncoder::test_encode_str_is_empty_returns_description PASSED [ 96%]
tests/test_verification_deepening.py::TestZ3OperatorEncoder::test_encode_set_member_returns_description PASSED [ 96%]
tests/test_verification_deepening.py::TestZ3OperatorEncoder::test_encode_set_subset_returns_description PASSED [ 96%]
tests/test_verification_deepening.py::TestZ3OperatorEncoder::test_encode_set_union_returns_description PASSED [ 96%]
tests/test_verification_deepening.py::TestZ3OperatorEncoder::test_encode_set_intersection_returns_description PASSED [ 96%]
tests/test_verification_deepening.py::TestZ3OperatorEncoder::test_encode_set_difference_returns_description PASSED [ 96%]
tests/test_verification_deepening.py::TestZ3OperatorEncoder::test_encode_set_cardinality_returns_description PASSED [ 96%]
tests/test_verification_deepening.py::TestZ3OperatorEncoder::test_encode_set_is_empty_returns_description PASSED [ 96%]
tests/test_verification_deepening.py::TestZ3OperatorEncoder::test_encode_set_complement_returns_description PASSED [ 96%]
tests/test_verification_deepening.py::TestZ3OperatorEncoder::test_encode_list_length_returns_description PASSED [ 96%]
tests/test_verification_deepening.py::TestZ3OperatorEncoder::test_encode_list_index_returns_description PASSED [ 96%]
tests/test_verification_deepening.py::TestZ3OperatorEncoder::test_encode_list_slice_returns_description PASSED [ 96%]
tests/test_verification_deepening.py::TestZ3OperatorEncoder::test_encode_list_contains_returns_description PASSED [ 96%]
tests/test_verification_deepening.py::TestZ3OperatorEncoder::test_encode_list_append_returns_description PASSED [ 96%]
tests/test_verification_deepening.py::TestZ3OperatorEncoder::test_encode_map_keys_returns_description PASSED [ 96%]
tests/test_verification_deepening.py::TestZ3OperatorEncoder::test_encode_map_values_returns_description PASSED [ 96%]
tests/test_verification_deepening.py::TestZ3OperatorEncoder::test_encode_map_lookup_returns_description PASSED [ 96%]
tests/test_verification_deepening.py::TestZ3OperatorEncoder::test_encode_map_contains_key_returns_description PASSED [ 96%]
tests/test_verification_deepening.py::TestZ3OperatorEncoder::test_encode_container_is_empty_returns_description PASSED [ 96%]
tests/test_verification_deepening.py::TestZ3OperatorEncoder::test_encode_container_membership_returns_description PASSED [ 96%]
tests/test_verification_deepening.py::TestZ3SolverOperatorDispatch::test_check_string_op_concat SKIPPED [ 96%]
tests/test_verification_deepening.py::TestZ3SolverOperatorDispatch::test_check_string_op_length SKIPPED [ 96%]
tests/test_verification_deepening.py::TestZ3SolverOperatorDispatch::test_check_string_op_contains_true SKIPPED [ 96%]
tests/test_verification_deepening.py::TestZ3SolverOperatorDispatch::test_check_string_op_contains_false SKIPPED [ 96%]
tests/test_verification_deepening.py::TestZ3SolverOperatorDispatch::test_check_string_op_unknown_operation SKIPPED [ 96%]
tests/test_verification_deepening.py::TestZ3SolverOperatorDispatch::test_check_set_op_member SKIPPED [ 96%]
tests/test_verification_deepening.py::TestZ3SolverOperatorDispatch::test_check_set_op_subset SKIPPED [ 96%]
tests/test_verification_deepening.py::TestZ3SolverOperatorDispatch::test_check_set_op_cardinality SKIPPED [ 96%]
tests/test_verification_deepening.py::TestZ3SolverOperatorDispatch::test_check_set_op_unknown_operation SKIPPED [ 96%]
tests/test_verification_deepening.py::TestZ3SolverOperatorDispatch::test_check_container_op_list_length SKIPPED [ 96%]
tests/test_verification_deepening.py::TestZ3SolverOperatorDispatch::test_check_container_op_list_contains SKIPPED [ 96%]
tests/test_verification_deepening.py::TestZ3SolverOperatorDispatch::test_check_container_op_map_keys SKIPPED [ 96%]
tests/test_verification_deepening.py::TestZ3SolverOperatorDispatch::test_check_container_op_unknown_operation SKIPPED [ 96%]
tests/test_verification_deepening.py::TestOperatorFamilyCoverage::test_verification_report_has_coverage_property PASSED [ 97%]
tests/test_verification_deepening.py::TestOperatorFamilyCoverage::test_coverage_includes_all_families PASSED [ 97%]
tests/test_verification_deepening.py::TestOperatorFamilyCoverage::test_coverage_entries_are_structured PASSED [ 97%]
tests/test_verification_deepening.py::TestOperatorFamilyCoverage::test_formal_verifier_get_operator_family_coverage PASSED [ 97%]
tests/test_verification_deepening.py::TestOperatorFamilyCoverage::test_coverage_with_z3_added_constraints PASSED [ 97%]
tests/test_verification_deepening.py::TestProofArtifact::test_artifact_stores_all_fields PASSED [ 97%]
tests/test_verification_deepening.py::TestProofArtifact::test_artifact_to_dict_includes_all_keys PASSED [ 97%]
tests/test_verification_deepening.py::TestProofArtifact::test_artifact_to_json_produces_valid_json PASSED [ 97%]
tests/test_verification_deepening.py::TestProofArtifact::test_generate_proof_artifact_from_result PASSED [ 97%]
tests/test_verification_deepening.py::TestProofArtifact::test_generate_proof_artifact_denied_for_counterexample PASSED [ 97%]
tests/test_verification_deepening.py::TestProofArtifact::test_generate_proof_artifact_has_timestamp PASSED [ 97%]
tests/test_verification_deepening.py::TestProofArtifact::test_artifact_content_hash_is_sha256_hex PASSED [ 97%]
tests/test_verification_deepening.py::TestProofArtifact::test_generate_proof_artifact_different_results_different_hashes PASSED [ 97%]
tests/test_verification_deepening.py::TestProofArtifact::test_artifact_from_verification_result_classmethod PASSED [ 97%]
tests/test_verification_deepening.py::TestProofArtifact::test_artifact_metadata_accepts_extra_context PASSED [ 97%]
tests/test_verification_deepening.py::TestInductiveProverBaseCases::test_prover_is_instantiable PASSED [ 97%]
tests/test_verification_deepening.py::TestInductiveProverBaseCases::test_detect_induction_pattern_none_for_empty_ast PASSED [ 97%]
tests/test_verification_deepening.py::TestInductiveProverBaseCases::test_detect_loop_pattern PASSED [ 97%]
tests/test_verification_deepening.py::TestInductiveProverBaseCases::test_detect_recursion_pattern PASSED [ 97%]
tests/test_verification_deepening.py::TestInductiveProverBaseCases::test_detect_range_pattern PASSED [ 97%]
tests/test_verification_deepening.py::TestInductiveProverBaseCases::test_detect_numeric_pattern PASSED [ 97%]
tests/test_verification_deepening.py::TestInductiveProverBaseCases::test_detect_structural_pattern PASSED [ 97%]
tests/test_verification_deepening.py::TestInductiveProverBaseCases::test_generate_base_cases_for_loop_pattern PASSED [ 97%]
tests/test_verification_deepening.py::TestInductiveProverBaseCases::test_generate_base_cases_for_recursion_pattern PASSED [ 97%]
tests/test_verification_deepening.py::TestInductiveProverBaseCases::test_generate_base_cases_for_range_pattern PASSED [ 97%]
tests/test_verification_deepening.py::TestInductiveProverBaseCases::test_generate_base_cases_for_numeric_induction PASSED [ 97%]
tests/test_verification_deepening.py::TestInductiveProverStepAndTermination::test_generate_step_case_creates_obligation PASSED [ 97%]
tests/test_verification_deepening.py::TestInductiveProverStepAndTermination::test_step_case_depends_on_all_base_cases PASSED [ 97%]
tests/test_verification_deepening.py::TestInductiveProverStepAndTermination::test_step_case_has_hypothesis_lemma PASSED [ 97%]
tests/test_verification_deepening.py::TestInductiveProverStepAndTermination::test_infer_termination_measure_for_loop PASSED [ 97%]
tests/test_verification_deepening.py::TestInductiveProverStepAndTermination::test_infer_termination_measure_for_recursion PASSED [ 97%]
tests/test_verification_deepening.py::TestInductiveProverStepAndTermination::test_infer_termination_measure_for_range PASSED [ 97%]
tests/test_verification_deepening.py::TestInductiveProverStepAndTermination::test_well_founded_check_accepts_decreasing PASSED [ 97%]
tests/test_verification_deepening.py::TestInductiveProverStepAndTermination::test_well_founded_check_accepts_structural_descent PASSED [ 97%]
tests/test_verification_deepening.py::TestInductiveProverStepAndTermination::test_well_founded_check_rejects_empty PASSED [ 97%]
tests/test_verification_deepening.py::TestInductiveProverStepAndTermination::test_well_founded_check_rejects_constant PASSED [ 97%]
tests/test_verification_deepening.py::TestInductiveProofChain::test_assemble_inductive_proof_returns_chain PASSED [ 97%]
tests/test_verification_deepening.py::TestInductiveProofChain::test_assembled_chain_has_base_cases PASSED [ 97%]
tests/test_verification_deepening.py::TestInductiveProofChain::test_assembled_chain_has_step_case PASSED [ 97%]
tests/test_verification_deepening.py::TestInductiveProofChain::test_assembled_chain_has_termination PASSED [ 97%]
tests/test_verification_deepening.py::TestInductiveProofChain::test_assembled_chain_reports_is_complete PASSED [ 97%]
tests/test_verification_deepening.py::TestInductiveProofChain::test_chain_to_dict_includes_all_components PASSED [ 97%]
tests/test_verification_deepening.py::TestInductiveProofChain::test_chain_all_base_cases_proven_initially_false PASSED [ 97%]
tests/test_verification_deepening.py::TestInductiveProofChain::test_chain_proof_ready_initially_false PASSED [ 97%]
tests/test_verification_deepening.py::TestInductiveProofChain::test_chain_total_depth_set_correctly PASSED [ 97%]
tests/test_verification_deepening.py::TestInductiveProofChain::test_assemble_without_ast_pattern_handles_gracefully PASSED [ 97%]
tests/test_verification_deepening.py::TestInductiveProofChain::test_deepen_proof_to_inductive_attaches_chain PASSED [ 97%]
tests/test_verification_deepening.py::TestInductiveCounterexample::test_inductive_counterexample_extends_counterexample PASSED [ 97%]
tests/test_verification_deepening.py::TestInductiveCounterexample::test_inductive_counterexample_to_dict_includes_induction_fields PASSED [ 97%]
tests/test_verification_deepening.py::TestInductiveCounterexample::test_is_base_case_failure PASSED [ 98%]
tests/test_verification_deepening.py::TestInductiveCounterexample::test_is_step_case_failure PASSED [ 98%]
tests/test_verification_deepening.py::TestInductiveCounterexample::test_is_termination_failure PASSED [ 98%]
tests/test_verification_deepening.py::TestInductiveCounterexample::test_is_unwinding_failure PASSED [ 98%]
tests/test_verification_deepening.py::TestInductiveCounterexampleGenerator::test_generator_is_instantiable PASSED [ 98%]
tests/test_verification_deepening.py::TestInductiveCounterexampleGenerator::test_generate_base_case_failure PASSED [ 98%]
tests/test_verification_deepening.py::TestInductiveCounterexampleGenerator::test_generate_step_case_failure PASSED [ 98%]
tests/test_verification_deepening.py::TestInductiveCounterexampleGenerator::test_generate_termination_failure PASSED [ 98%]
tests/test_verification_deepening.py::TestInductiveCounterexampleGenerator::test_generate_unwinding_failure PASSED [ 98%]
tests/test_verification_deepening.py::TestInductiveCounterexampleGenerator::test_suggest_inductive_fix_base_case PASSED [ 98%]
tests/test_verification_deepening.py::TestInductiveCounterexampleGenerator::test_suggest_inductive_fix_step_case PASSED [ 98%]
tests/test_verification_deepening.py::TestInductiveCounterexampleGenerator::test_suggest_inductive_fix_termination PASSED [ 98%]
tests/test_verification_deepening.py::TestInductiveCounterexampleGenerator::test_suggest_inductive_fix_unwinding PASSED [ 98%]
tests/test_verification_deepening.py::TestInductiveCounterexampleGenerator::test_generate_inductive_counterexample_convenience_base PASSED [ 98%]
tests/test_verification_deepening.py::TestInductiveCounterexampleGenerator::test_generate_inductive_counterexample_convenience_step PASSED [ 98%]
tests/test_verification_deepening.py::TestInductiveCounterexampleGenerator::test_generate_inductive_counterexample_convenience_termination PASSED [ 98%]
tests/test_verification_deepening.py::TestInductiveCounterexampleGenerator::test_generate_inductive_counterexample_convenience_unwinding PASSED [ 98%]
tests/test_verification_deepening.py::TestEdgeCasesAndRegression::test_empty_ast_base_case_generation PASSED [ 98%]
tests/test_verification_deepening.py::TestEdgeCasesAndRegression::test_empty_list_container_encoding PASSED [ 98%]
tests/test_verification_deepening.py::TestEdgeCasesAndRegression::test_empty_dict_container_encoding PASSED [ 98%]
tests/test_verification_deepening.py::TestEdgeCasesAndRegression::test_none_ast_pattern_step_case PASSED [ 98%]
tests/test_verification_deepening.py::TestEdgeCasesAndRegression::test_infinite_type_termination_measure PASSED [ 98%]
tests/test_verification_deepening.py::TestEdgeCasesAndRegression::test_deeply_nested_induction_pattern PASSED [ 98%]
tests/test_verification_deepening.py::TestEdgeCasesAndRegression::test_proof_artifact_with_empty_metadata PASSED [ 98%]
tests/test_verification_deepening.py::TestEdgeCasesAndRegression::test_non_terminating_recursion_detection PASSED [ 98%]
tests/test_verification_deepening.py::TestEdgeCasesAndRegression::test_multiple_operator_families_all_covered PASSED [ 98%]
tests/test_verification_deepening.py::TestEdgeCasesAndRegression::test_proof_artifact_json_round_trip PASSED [ 98%]
tests/test_verification_deepening.py::TestEdgeCasesAndRegression::test_inductive_chain_to_dict_is_json_serializable PASSED [ 98%]
tests/test_verification_gating.py::test_tier_normalization[hearth-hearth] PASSED [ 98%]
tests/test_verification_gating.py::test_tier_normalization[trusted-hearth] PASSED [ 98%]
tests/test_verification_gating.py::test_tier_normalization[approved-forge] PASSED [ 98%]
tests/test_verification_gating.py::test_tier_normalization[watched-forge] PASSED [ 98%]
tests/test_verification_gating.py::test_tier_normalization[forge-forge] PASSED [ 98%]
tests/test_verification_gating.py::test_tier_normalization[untrusted-sovereign] PASSED [ 98%]
tests/test_verification_gating.py::test_tier_normalization[advisory-sovereign] PASSED [ 98%]
tests/test_verification_gating.py::test_tier_normalization[sovereign-sovereign] PASSED [ 98%]
tests/test_verification_gating.py::test_tier_normalization[unknown_tier-sovereign] PASSED [ 98%]
tests/test_verification_gating.py::test_tier_normalization[-sovereign] PASSED [ 98%]
tests/test_verification_gating.py::test_gate_decision_constants_are_distinct PASSED [ 98%]
tests/test_verification_gating.py::test_verification_blocked_error_contains_report_and_tier PASSED [ 98%]
tests/test_verification_gating.py::test_hearth_tier_blocks_on_counterexample PASSED [ 98%]
tests/test_verification_gating.py::test_hearth_tier_blocks_on_unknown PASSED [ 98%]
tests/test_verification_gating.py::test_hearth_tier_blocks_on_skipped PASSED [ 98%]
tests/test_verification_gating.py::test_hearth_tier_blocks_on_empty_report PASSED [ 98%]
tests/test_verification_gating.py::test_hearth_tier_proceeds_on_all_proven PASSED [ 98%]
tests/test_verification_gating.py::test_hearth_tier_blocks_on_error PASSED [ 98%]
tests/test_verification_gating.py::test_forge_tier_blocks_on_counterexample PASSED [ 98%]
tests/test_verification_gating.py::test_forge_tier_warns_on_unknown PASSED [ 98%]
tests/test_verification_gating.py::test_forge_tier_warns_on_skipped PASSED [ 98%]
tests/test_verification_gating.py::test_forge_tier_warns_on_empty PASSED [ 99%]
tests/test_verification_gating.py::test_forge_tier_proceeds_on_all_proven PASSED [ 99%]
tests/test_verification_gating.py::test_forge_tier_blocks_on_error PASSED [ 99%]
tests/test_verification_gating.py::test_sovereign_tier_proceeds_on_counterexample PASSED [ 99%]
tests/test_verification_gating.py::test_sovereign_tier_proceeds_on_unknown PASSED [ 99%]
tests/test_verification_gating.py::test_sovereign_tier_proceeds_on_empty PASSED [ 99%]
tests/test_verification_gating.py::test_sovereign_tier_proceeds_on_error PASSED [ 99%]
tests/test_verification_gating.py::test_blocked_count_counts_counterexamples PASSED [ 99%]
tests/test_verification_gating.py::test_blocked_count_counts_unknown_and_skipped PASSED [ 99%]
tests/test_verification_gating.py::test_blocked_count_ignores_proven PASSED [ 99%]
tests/test_verification_gating.py::test_verify_method_returns_proceed_for_provable_program PASSED [ 99%]
tests/test_verification_gating.py::test_verify_method_returns_block_for_counterexample_at_hearth PASSED [ 99%]
tests/test_verification_gating.py::test_verify_method_advisory_tier_always_proceeds PASSED [ 99%]
tests/test_verification_gating.py::test_verify_method_empty_ast_blocks_at_hearth PASSED [ 99%]
tests/test_verification_gating.py::test_trusted_is_same_as_hearth PASSED [ 99%]
tests/test_verification_gating.py::test_approved_is_same_as_forge PASSED [ 99%]
tests/test_verification_gating.py::test_watched_is_same_as_forge PASSED  [ 99%]
tests/test_verify_chain.py::test_verify_chain_accepts_valid_chain PASSED [ 99%]
tests/test_verify_chain.py::test_verify_chain_reports_mismatch PASSED    [ 99%]
tests/test_weekly_artifacts.py::test_collect_governance_manifest_snapshot_reports_clean_manifest PASSED [ 99%]
tests/test_weekly_artifacts.py::test_build_weekly_artifact_uses_latest_suite_summary PASSED [ 99%]
tests/test_weekly_artifacts.py::test_build_weekly_artifact_normalizes_security_findings_from_workflow_payload PASSED [ 99%]
tests/test_weekly_artifacts.py::test_validate_weekly_artifact_accepts_built_payload PASSED [ 99%]
tests/test_weekly_artifacts.py::test_validate_weekly_artifact_rejects_cross_field_mismatch PASSED [ 99%]
tests/test_weekly_artifacts.py::test_append_weekly_artifact_decision_promotes_distribution_eligibility PASSED [ 99%]
tests/test_weekly_artifacts.py::test_record_weekly_artifact_decision_persists_verified_update PASSED [ 99%]
tests/test_weekly_artifacts.py::test_build_hks_exemplar_from_weekly_artifact_returns_validated_entry PASSED [ 99%]
tests/test_weekly_artifacts.py::test_build_hks_exemplar_from_weekly_artifact_skips_failed_suite PASSED [ 99%]
tests/test_weekly_artifacts.py::test_local_scheduler_status_reads_config_and_latest_artifact PASSED [ 99%]
tests/test_witness_governance.py::test_low_confidence_negative_observation_stays_healthy PASSED [ 99%]
tests/test_witness_governance.py::test_repeated_negative_observations_transition_to_probation PASSED [ 99%]
tests/test_witness_governance.py::test_multi_witness_correlated_evidence_can_reach_restricted PASSED [ 99%]
tests/test_witness_governance.py::test_witness_resource_and_tool_contracts_are_operator_legible PASSED [ 99%]
tests/test_workflow_benchmark.py::test_task_corpus_nonempty PASSED       [ 99%]
tests/test_workflow_benchmark.py::test_check_tags_found_and_missing PASSED [ 99%]
tests/test_workflow_benchmark.py::test_check_concepts_found_and_missing PASSED [ 99%]
tests/test_workflow_benchmark.py::test_count_statements PASSED           [ 99%]
tests/test_workflow_benchmark.py::test_hlf_to_nl_basic PASSED            [ 99%]
tests/test_workflow_benchmark.py::test_run_task_produces_metrics PASSED  [ 99%]
tests/test_workflow_benchmark.py::test_run_task_missing_tags_detected PASSED [ 99%]
tests/test_workflow_benchmark.py::test_run_suite_summary PASSED          [ 99%]
tests/test_workflow_benchmark.py::test_register_workflow_benchmark_tools PASSED [ 99%]
tests/test_workflow_benchmark.py::test_full_corpus_run PASSED            [ 99%]
tests/test_workflow_support.py::test_emit_weekly_artifact_writes_normalized_schema PASSED [ 99%]
tests/test_workflow_support.py::test_create_github_issue_skips_when_conflicting_pr_found PASSED [ 99%]
tests/test_workflow_support.py::test_fetch_code_scanning_summary_writes_real_counts PASSED [ 99%]
tests/test_workflow_support.py::test_fetch_code_scanning_summary_falls_back_when_api_unavailable PASSED [ 99%]
tests/test_workflow_support.py::test_monitor_model_drift_normalizes_fenced_json_response PASSED [ 99%]
tests/test_workflow_support.py::test_monitor_model_drift_normalizes_nested_fenced_json_response PASSED [ 99%]
tests/test_workflow_support.py::test_run_drift_probes_disables_search_and_classifies_outcomes PASSED [100%]

=========================== short test summary info ===========================
FAILED tests/test_chaos.py::TestOOMResilience::test_oom_during_recursive_infer_returns_aborted
FAILED tests/test_chaos.py::TestOOMResilience::test_oom_produces_partial_merkle_chain
FAILED tests/test_chaos.py::TestOOMResilience::test_oom_rounds_completed_is_zero
FAILED tests/test_chaos.py::TestOOMResilience::test_oom_session_unload_is_called
FAILED tests/test_chaos.py::TestOOMResilience::test_oom_final_text_contains_aborted_marker
FAILED tests/test_chaos.py::TestOOMResilience::test_oom_details_contain_traceback
FAILED tests/test_chaos.py::TestGenericCUDAResilience::test_runtime_error_with_oom_string_is_aborted
FAILED tests/test_chaos.py::TestGenericCUDAResilience::test_cuda_assertion_error_is_aborted
FAILED tests/test_chaos.py::TestGenericCUDAResilience::test_non_cuda_exception_is_not_marked_oom
FAILED tests/test_chaos.py::TestGenericCUDAResilience::test_session_unload_called_on_generic_error
FAILED tests/test_chaos.py::TestNormalPathRegression::test_normal_inference_still_succeeds
FAILED tests/test_chaos.py::TestNormalPathRegression::test_normal_inference_attestations_present
FAILED tests/test_chaos.py::TestChaosMemoryManagement::test_load_all_not_called_if_oom_before_inference
FAILED tests/test_chaos.py::TestOOMWithHITL::test_oom_with_human_approval_required_returns_aborted_not_awaiting
FAILED tests/test_ecosystem_hardening.py::TestRateLimiterBasic::test_consume_deducts_tokens
FAILED tests/test_ecosystem_hardening.py::TestRateLimiterEdgeCases::test_reset_refills_bucket
FAILED tests/test_gallery_operatorization.py::TestGalleryOperatorPillarScore::test_components_match_weights
FAILED tests/test_github_scripts.py::TestSpecDriftCheck::test_count_mcp_tools
FAILED tests/test_github_scripts.py::TestGenerateStatusOverview::test_collect_status_data_and_render_surfaces
FAILED tests/test_github_scripts.py::TestCodebaseSnapshot::test_snapshot_non_empty
FAILED tests/test_governance_proofs.py::test_code_execute_result_has_first_class_governance_proof
FAILED tests/test_handoff_events.py::test_handoff_hash_chain_continuity_and_resources_report_latest_chain
FAILED tests/test_handoff_events.py::test_orchestration_contract_preserves_plan_order_dependencies_and_merge_gate
FAILED tests/test_handoff_events.py::test_handoff_progress_vote_dissent_templates_and_semantic_drift_resources
FAILED tests/test_handoff_events.py::test_route_handoff_linkage_resource_joins_route_profile_and_handoff_lineage
FAILED tests/test_hitl_integration.py::TestHITLInferenceIntegration::test_inference_without_hitl_returns_ok
FAILED tests/test_hitl_integration.py::TestHITLInferenceIntegration::test_inference_with_hitl_returns_awaiting
FAILED tests/test_hitl_integration.py::TestHITLInferenceIntegration::test_hitl_approval_token_is_valid
FAILED tests/test_hitl_integration.py::TestHITLInferenceIntegration::test_hitl_final_text_still_accessible
FAILED tests/test_hitl_integration.py::TestHITLApproveRejectFlow::test_full_approve_flow
FAILED tests/test_hitl_integration.py::TestHITLApproveRejectFlow::test_full_reject_flow
FAILED tests/test_hitl_integration.py::TestHITLApproveRejectFlow::test_reject_blocks_forever
FAILED tests/test_hitl_integration.py::TestHITLTimeout::test_expired_approval_not_approved
FAILED tests/test_hitl_integration.py::TestHITLTimeout::test_fresh_approval_not_expired
FAILED tests/test_hitl_integration.py::TestHITLMCPTools::test_list_pending_with_items
FAILED tests/test_hitl_integration.py::TestHITLMCPTools::test_mcp_approve_with_token_verification
FAILED tests/test_hlfsh_llm.py::TestModelCommand::test_model_no_arg_shows_current
FAILED tests/test_hlfsh_llm.py::TestModelCommand::test_model_switch_updates_active
FAILED tests/test_hlfsh_llm.py::TestModelCommand::test_model_switch_nulls_bridge
FAILED tests/test_hlfsh_llm.py::TestModelCommand::test_model_switch_new_bridge_uses_new_model
FAILED tests/test_hlfsh_llm.py::TestModelCommand::test_model_via_dispatch - A...
FAILED tests/test_hlfsh_llm.py::TestModelCommand::test_model_via_dispatch_no_arg
FAILED tests/test_hlfsh_llm.py::TestModelCommand::test_model_switch_whitespace_arg
FAILED tests/test_hlfsh_llm.py::TestModelsCommand::test_models_via_dispatch
FAILED tests/test_hlfsh_llm.py::TestModelsCommand::test_models_marks_active
FAILED tests/test_hlfsh_llm.py::TestModelsCommand::test_models_api_error_fallback_ollama_cli
FAILED tests/test_hlfsh_llm.py::TestModelsCommand::test_models_complete_failure
FAILED tests/test_hlfsh_llm.py::TestModelsCommand::test_models_empty_list - A...
FAILED tests/test_hlfsh_llm.py::TestModelsCommand::test_models_sorted_output
FAILED tests/test_hlfsh_llm.py::TestGenCommand::test_gen_valid_hlf_compiles_and_evals
FAILED tests/test_hlfsh_llm.py::TestGenCommand::test_gen_invalid_hlf_shows_error
FAILED tests/test_hlfsh_llm.py::TestGenCommand::test_gen_not_extracted_shows_raw
FAILED tests/test_hlfsh_llm.py::TestGenCommand::test_gen_empty_description - ...
FAILED tests/test_hlfsh_llm.py::TestGenCommand::test_gen_llm_error - Attribut...
FAILED tests/test_hlfsh_llm.py::TestGenCommand::test_gen_uses_active_model - ...
FAILED tests/test_hlfsh_llm.py::TestGenCommand::test_gen_via_dispatch - Attri...
FAILED tests/test_hlfsh_llm.py::TestGenCommand::test_gen_displays_result_details
FAILED tests/test_hlfsh_llm.py::TestGenCommand::test_gen_eval_pipeline_tracks_state
FAILED tests/test_hlfsh_llm.py::TestGenCommand::test_gen_dispatch_entry_mocked
FAILED tests/test_hlfsh_llm.py::TestGenCommand::test_gen_dispatch_returns_true
FAILED tests/test_hlfsh_llm.py::TestCertifyCommand::test_certify_all_pass - A...
FAILED tests/test_hlfsh_llm.py::TestCertifyCommand::test_certify_all_fail - A...
FAILED tests/test_hlfsh_llm.py::TestCertifyCommand::test_certify_partial - At...
FAILED tests/test_hlfsh_llm.py::TestCertifyCommand::test_certify_edge_threshold_80
FAILED tests/test_hlfsh_llm.py::TestCertifyCommand::test_certify_llm_error_in_middle
FAILED tests/test_hlfsh_llm.py::TestCertifyCommand::test_certify_shows_model_name
FAILED tests/test_hlfsh_llm.py::TestCertifyCommand::test_certify_labels_appear
FAILED tests/test_hlfsh_llm.py::TestCertifyCommand::test_certify_via_dispatch
FAILED tests/test_hlfsh_llm.py::TestCertifyCommand::test_certify_dispatch_entry_mocked
FAILED tests/test_hlfsh_llm.py::TestCertifyCommand::test_certify_dispatch_returns_true
FAILED tests/test_hlfsh_llm.py::TestDispatch::test_unknown_cmd_returns_false
FAILED tests/test_hlfsh_llm.py::TestDispatch::test_old_commands_still_work - ...
FAILED tests/test_hlfsh_llm.py::TestDispatch::test_env_still_works - Attribut...
FAILED tests/test_hlfsh_llm.py::TestDispatch::test_quit_still_works - Attribu...
FAILED tests/test_hlfsh_llm.py::TestConstructor::test_default_model_set - Att...
FAILED tests/test_hlfsh_llm.py::TestConstructor::test_custom_model_set - Type...
FAILED tests/test_hlfsh_llm.py::TestConstructor::test_ollama_url_default - At...
FAILED tests/test_hlfsh_llm.py::TestConstructor::test_ollama_url_trailing_slash_stripped
FAILED tests/test_hlfsh_llm.py::TestConstructor::test_custom_ollama_url - Typ...
FAILED tests/test_hlfsh_llm.py::TestConstructor::test_bridge_starts_none - At...
FAILED tests/test_hlfsh_llm.py::TestConstructor::test_backward_compatible_no_new_args
FAILED tests/test_hlfsh_llm.py::TestBridgeProperty::test_bridge_creates_on_first_access
FAILED tests/test_hlfsh_llm.py::TestBridgeProperty::test_bridge_uses_active_model
FAILED tests/test_hlfsh_llm.py::TestBridgeProperty::test_bridge_cached_after_creation
FAILED tests/test_hlfsh_llm.py::test_help_text_includes_new_commands - Assert...
FAILED tests/test_knowledge_substrate_hardening.py::TestCrossWitnessProver::test_proof_verification
FAILED tests/test_knowledge_substrate_hardening.py::TestCrossWitnessProver::test_proof_tampering_detected
FAILED tests/test_math_pipeline.py::TestMathPipeline::test_simple_arithmetic
FAILED tests/test_math_pipeline.py::TestMathPipeline::test_order_of_operations
FAILED tests/test_math_pipeline.py::TestMathPipeline::test_parenthesized_expression
FAILED tests/test_math_pipeline.py::TestMathPipeline::test_variable_average
FAILED tests/test_math_pipeline.py::TestMathPipeline::test_complex_variable_expression
FAILED tests/test_math_pipeline.py::TestMathPipeline::test_math_pow - hlf_mcp...
FAILED tests/test_math_pipeline.py::TestMathPipeline::test_math_pi - hlf_mcp....
FAILED tests/test_math_pipeline.py::TestMathPipeline::test_division_float - h...
FAILED tests/test_math_pipeline.py::TestMathPipeline::test_negation - Asserti...
FAILED tests/test_math_pipeline.py::TestMathPipeline::test_math_sqrt - hlf_mc...
FAILED tests/test_math_pipeline.py::TestMathPipeline::test_math_abs - hlf_mcp...
FAILED tests/test_math_pipeline.py::TestMathPipeline::test_math_nested_sqrt_pow
FAILED tests/test_math_pipeline.py::TestMathPipeline::test_compound_expression_with_math
FAILED tests/test_math_pipeline.py::TestMathPipeline::test_math_max_min - hlf...
FAILED tests/test_math_pipeline.py::TestMathPipeline::test_set_with_previously_set_variable
FAILED tests/test_math_pipeline.py::TestMathPipeline::test_math_floor_ceil_round
FAILED tests/test_memory_evidence.py::TestMemoryStoreEvidence::test_resolve_supersession_two_node_chain
FAILED tests/test_memory_evidence.py::TestMemoryStoreEvidence::test_resolve_supersession_cycle_detection
FAILED tests/test_memory_freshness.py::TestCheckEvidenceFreshnessMandatory::test_fresh_passes[execution_admission]
FAILED tests/test_memory_freshness.py::TestCheckEvidenceFreshnessMandatory::test_fresh_passes[governance_vote]
FAILED tests/test_memory_freshness.py::TestCheckEvidenceFreshnessMandatory::test_fresh_passes[audit_entry]
FAILED tests/test_memory_freshness.py::TestCheckEvidenceFreshnessMandatory::test_stale_rejected[execution_admission]
FAILED tests/test_memory_freshness.py::TestCheckEvidenceFreshnessMandatory::test_stale_rejected[governance_vote]
FAILED tests/test_memory_freshness.py::TestCheckEvidenceFreshnessMandatory::test_stale_rejected[audit_entry]
FAILED tests/test_memory_freshness.py::TestCheckEvidenceFreshnessMandatory::test_revoked_rejected[execution_admission]
FAILED tests/test_memory_freshness.py::TestCheckEvidenceFreshnessMandatory::test_revoked_rejected[governance_vote]
FAILED tests/test_memory_freshness.py::TestCheckEvidenceFreshnessMandatory::test_tombstoned_rejected[execution_admission]
FAILED tests/test_memory_freshness.py::TestCheckEvidenceFreshnessMandatory::test_tombstoned_rejected[audit_entry]
FAILED tests/test_memory_freshness.py::TestCheckEvidenceFreshnessMandatory::test_superseded_rejected_for_execution_admission
FAILED tests/test_memory_freshness.py::TestCheckEvidenceFreshnessOverridable::test_stale_flagged_but_admitted[default]
FAILED tests/test_memory_freshness.py::TestCheckEvidenceFreshnessOverridable::test_stale_flagged_but_admitted[memory_recall]
FAILED tests/test_memory_freshness.py::TestCheckEvidenceFreshnessOverridable::test_stale_flagged_but_admitted[dream_cycle]
FAILED tests/test_memory_freshness.py::TestCheckEvidenceFreshnessOverridable::test_fresh_passes_cleanly[default]
FAILED tests/test_memory_freshness.py::TestCheckEvidenceFreshnessOverridable::test_fresh_passes_cleanly[memory_recall]
FAILED tests/test_memory_freshness.py::TestCheckEvidenceFreshnessUnrestricted::test_stale_still_admitted[benchmark]
FAILED tests/test_memory_freshness.py::TestCheckEvidenceFreshnessUnrestricted::test_stale_still_admitted[dream_proposal]
FAILED tests/test_memory_freshness.py::TestCheckEvidenceFreshnessUnrestricted::test_stale_still_admitted[media_synthesis]
FAILED tests/test_memory_freshness.py::TestCheckEvidenceFreshnessUnrestricted::test_superseded_still_admitted[benchmark]
FAILED tests/test_memory_freshness.py::TestCheckEvidenceFreshnessUnrestricted::test_superseded_still_admitted[media_synthesis]
FAILED tests/test_memory_freshness.py::TestCheckEvidenceFreshnessEdgeCases::test_tampered_content_hash
FAILED tests/test_memory_freshness.py::TestCheckEvidenceFreshnessEdgeCases::test_missing_freshness_status_is_unknown
FAILED tests/test_memory_freshness.py::TestCheckEvidenceFreshnessEdgeCases::test_none_freshness_status_treated_as_unknown
FAILED tests/test_memory_freshness.py::TestCheckEvidenceFreshnessEdgeCases::test_missing_purpose_defaults_to_unrestricted
FAILED tests/test_memory_freshness.py::TestResolveSupersessionChain::test_no_supersession_returns_self
FAILED tests/test_memory_freshness.py::TestResolveSupersessionChain::test_single_link_chain
FAILED tests/test_memory_freshness.py::TestResolveSupersessionChain::test_multi_link_chain
FAILED tests/test_memory_freshness.py::TestResolveSupersessionChain::test_not_found_in_rows
FAILED tests/test_memory_freshness.py::TestResolveSupersessionChain::test_cycle_detection
FAILED tests/test_memory_freshness.py::TestResolveSupersessionChain::test_max_depth_enforced
FAILED tests/test_memory_freshness.py::TestResolveSupersessionChain::test_mid_chain_lookup
FAILED tests/test_memory_freshness.py::TestMissionEvidenceFreshness::test_empty_mission_is_fresh
FAILED tests/test_memory_freshness.py::TestMissionEvidenceFreshness::test_fresh_execution_trace
FAILED tests/test_memory_freshness.py::TestMissionEvidenceFreshness::test_stale_execution_trace
FAILED tests/test_memory_freshness.py::TestMissionEvidenceFreshness::test_superseded_in_trace
FAILED tests/test_memory_freshness.py::TestMissionEvidenceFreshness::test_revoked_in_trace
FAILED tests/test_memory_freshness.py::TestMissionEvidenceFreshness::test_mixed_fresh_stale
FAILED tests/test_memory_freshness.py::TestMissionEvidenceFreshness::test_verification_report_evidence
FAILED tests/test_memory_freshness.py::TestMissionEvidenceFreshness::test_nested_result_evidence
FAILED tests/test_memory_freshness.py::TestMissionEvidenceFreshness::test_orchestration_contract_evidence
FAILED tests/test_memory_freshness.py::TestMissionEvidenceFreshness::test_non_dict_evidence_skipped
FAILED tests/test_msty_memory_bridge.py::TestReverification::test_recent_web_search_no_reverify
FAILED tests/test_multimodal_safety.py::TestExifSanitization::test_jpeg_exif_gps_make_model_stripped
FAILED tests/test_multimodal_safety.py::TestExifSanitization::test_jpeg_exif_stripped_image_preserves_pixel_data
FAILED tests/test_multimodal_safety.py::TestScanMediaPipeline::test_scan_media_all_checks_pass
FAILED tests/test_multimodal_safety.py::TestScanMediaPipeline::test_scan_media_exif_stripped_clean_text_passes_with_warnings
FAILED tests/test_multimodal_safety.py::TestScanMediaPipeline::test_scan_media_disabled_exif
FAILED tests/test_nlp_translation.py::TestNLPTranslation::test_summarize - As...
FAILED tests/test_nlp_translation.py::TestNLPTranslation::test_source_flow - ...
FAILED tests/test_nlp_translation.py::TestNLPTranslation::test_branch - Asser...
FAILED tests/test_nlp_translation.py::TestNLPTranslation::test_spec_lifecycle
FAILED tests/test_oci_client.py::test_push_returns_simulated_digest_and_size
FAILED tests/test_real_workflow_benchmarks.py::test_real_workflow_benchmark_uses_hlf_self_improvement_and_honest_modes
FAILED tests/test_stale_supersession_lifecycle.py::TestSupersessionChainEndToEnd::test_three_gen_chain
FAILED tests/test_stale_supersession_lifecycle.py::TestSupersessionChainEndToEnd::test_five_gen_chain
FAILED tests/test_stale_supersession_lifecycle.py::TestSupersessionChainEndToEnd::test_mid_chain_start
FAILED tests/test_stale_supersession_lifecycle.py::TestSupersessionChainEndToEnd::test_single_entry_no_supersession
FAILED tests/test_stale_supersession_lifecycle.py::TestSupersessionChainEndToEnd::test_cycle_detection
FAILED tests/test_stale_supersession_lifecycle.py::TestStaleArtifactSupersessionLifecycle::test_full_lifecycle_store_supersede_verify
FAILED tests/test_stale_supersession_lifecycle.py::TestStaleArtifactSupersessionLifecycle::test_stale_artifact_excluded_from_default_retrieval_pattern
FAILED tests/test_stale_supersession_lifecycle.py::TestEvidenceContractNormalizedLifecycle::test_normalize_preserves_supersession_fields
FAILED tests/test_swarm.py::TestThreeAgentSwarm::test_phases_in_order - hlf_m...
FAILED tests/test_translator.py::test_english_to_hlf_supports_delegate_memory_and_recall_patterns
FAILED tests/test_typed_effect_hardening.py::TestOperandGapDetection::test_find_operand_gaps_any_has_all_excluded
========== 170 failed, 4745 passed, 18 skipped in 874.46s (0:14:34) ===========
